Criando o Balancete Contábil:
Array
(
    [0] => Array
        (
            [ContaContabil] => 5.2.2.1.1.01.00
            [Valor] => 35000
            [ValorF] => 35.000,00
            [TipoValor] => beginning_balance
            [NaturezaValor] => D
            [PoderOrgao] => 10131
            [FinanceiroPermanente] => 
            [DividaConsolidada] => 
            [FonteRecurso] => 1.211.0000
            [ComplementoFonteRecurso] => 
            [NaturezaReceita] => 
            [NaturezaDespesa] => 3.1.90.04.00
            [FuncaoSubfuncao] => 10.301
            [AnoInscricaoRestosAPagar] => 
            [DespesasMDEeASPS] => 
        )

    [1] => Array
        (
            [ContaContabil] => 5.2.2.1.1.01.00
            [Valor] => 35000
            [ValorF] => 35.000,00
            [TipoValor] => ending_balance
            [NaturezaValor] => D
            [PoderOrgao] => 10131
            [FinanceiroPermanente] => 
            [DividaConsolidada] => 
            [FonteRecurso] => 1.211.0000
            [ComplementoFonteRecurso] => 
            [NaturezaReceita] => 
            [NaturezaDespesa] => 3.1.90.04.00
            [FuncaoSubfuncao] => 10.301
            [AnoInscricaoRestosAPagar] => 
            [DespesasMDEeASPS] => 
        )

    [2] => Array
        (
            [ContaContabil] => 5.2.2.1.1.01.00
            [Valor] => 56000
            [ValorF] => 56.000,00
            [TipoValor] => beginning_balance
            [NaturezaValor] => D
            [PoderOrgao] => 10131
            [FinanceiroPermanente] => 
            [DividaConsolidada] => 
            [FonteRecurso] => 1.211.0000
            [ComplementoFonteRecurso] => 
            [NaturezaReceita] => 
            [NaturezaDespesa] => 3.1.90.04.00
            [FuncaoSubfuncao] => 10.302
            [AnoInscricaoRestosAPagar] => 
            [DespesasMDEeASPS] => 
        )

    [3] => Array
        (
            [ContaContabil] => 5.2.2.1.1.01.00
            [Valor] => 56000
            [ValorF] => 56.000,00
            [TipoValor] => ending_balance
            [NaturezaValor] => D
            [PoderOrgao] => 10131
            [FinanceiroPermanente] => 
            [DividaConsolidada] => 
            [FonteRecurso] => 1.211.0000
            [ComplementoFonteRecurso] => 
            [NaturezaReceita] => 
            [NaturezaDespesa] => 3.1.90.04.00
            [FuncaoSubfuncao] => 10.302
            [AnoInscricaoRestosAPagar] => 
            [DespesasMDEeASPS] => 
        )

    [4] => Array
        (
            [ContaContabil] => 5.2.2.1.1.01.00
            [Valor] => 313000
            [ValorF] => 313.000,00
            [TipoValor] => beginning_balance
            [NaturezaValor] => D
            [PoderOrgao] => 10131
            [FinanceiroPermanente] => 
            [DividaConsolidada] => 
            [FonteRecurso] => 1.211.0000
            [ComplementoFonteRecurso] => 
            [NaturezaReceita] => 
            [NaturezaDespesa] => 3.1.90.11.01
            [FuncaoSubfuncao] => 10.122
            [AnoInscricaoRestosAPagar] => 
            [DespesasMDEeASPS] => 
        )

    [5] => Array
        (
            [ContaContabil] => 5.2.2.1.1.01.00
            [Valor] => 313000
            [ValorF] => 313.000,00
            [TipoValor] => ending_balance
            [NaturezaValor] => D
            [PoderOrgao] => 10131
            [FinanceiroPermanente] => 
            [DividaConsolidada] => 
            [FonteRecurso] => 1.211.0000
            [ComplementoFonteRecurso] => 
            [NaturezaReceita] => 
            [NaturezaDespesa] => 3.1.90.11.01
            [FuncaoSubfuncao] => 10.122
            [AnoInscricaoRestosAPagar] => 
            [DespesasMDEeASPS] => 
        )

    [6] => Array
        (
            [ContaContabil] => 5.2.2.1.1.01.00
            [Valor] => 528000
            [ValorF] => 528.000,00
            [TipoValor] => beginning_balance
            [NaturezaValor] => D
            [PoderOrgao] => 10131
            [FinanceiroPermanente] => 
            [DividaConsolidada] => 
            [FonteRecurso] => 1.211.0000
            [ComplementoFonteRecurso] => 
            [NaturezaReceita] => 
            [NaturezaDespesa] => 3.1.90.11.01
            [FuncaoSubfuncao] => 10.301
            [AnoInscricaoRestosAPagar] => 
            [DespesasMDEeASPS] => 
        )

    [7] => Array
        (
            [ContaContabil] => 5.2.2.1.1.01.00
            [Valor] => 528000
            [ValorF] => 528.000,00
            [TipoValor] => ending_balance
            [NaturezaValor] => D
            [PoderOrgao] => 10131
            [FinanceiroPermanente] => 
            [DividaConsolidada] => 
            [FonteRecurso] => 1.211.0000
            [ComplementoFonteRecurso] => 
            [NaturezaReceita] => 
            [NaturezaDespesa] => 3.1.90.11.01
            [FuncaoSubfuncao] => 10.301
            [AnoInscricaoRestosAPagar] => 
            [DespesasMDEeASPS] => 
        )

    [8] => Array
        (
            [ContaContabil] => 5.2.2.1.1.01.00
            [Valor] => 665000
            [ValorF] => 665.000,00
            [TipoValor] => beginning_balance
            [NaturezaValor] => D
            [PoderOrgao] => 10131
            [FinanceiroPermanente] => 
            [DividaConsolidada] => 
            [FonteRecurso] => 1.211.0000
            [ComplementoFonteRecurso] => 
            [NaturezaReceita] => 
            [NaturezaDespesa] => 3.1.90.11.01
            [FuncaoSubfuncao] => 10.302
            [AnoInscricaoRestosAPagar] => 
            [DespesasMDEeASPS] => 
        )

    [9] => Array
        (
            [ContaContabil] => 5.2.2.1.1.01.00
            [Valor] => 665000
            [ValorF] => 665.000,00
            [TipoValor] => ending_balance
            [NaturezaValor] => D
            [PoderOrgao] => 10131
            [FinanceiroPermanente] => 
            [DividaConsolidada] => 
            [FonteRecurso] => 1.211.0000
            [ComplementoFonteRecurso] => 
            [NaturezaReceita] => 
            [NaturezaDespesa] => 3.1.90.11.01
            [FuncaoSubfuncao] => 10.302
            [AnoInscricaoRestosAPagar] => 
            [DespesasMDEeASPS] => 
        )

    [10] => Array
        (
            [ContaContabil] => 5.2.2.1.1.01.00
            [Valor] => 126000
            [ValorF] => 126.000,00
            [TipoValor] => beginning_balance
            [NaturezaValor] => D
            [PoderOrgao] => 10131
            [FinanceiroPermanente] => 
            [DividaConsolidada] => 
            [FonteRecurso] => 1.211.0000
            [ComplementoFonteRecurso] => 
            [NaturezaReceita] => 
            [NaturezaDespesa] => 3.1.90.11.01
            [FuncaoSubfuncao] => 10.305
            [AnoInscricaoRestosAPagar] => 
            [DespesasMDEeASPS] => 
        )

    [11] => Array
        (
            [ContaContabil] => 5.2.2.1.1.01.00
            [Valor] => 126000
            [ValorF] => 126.000,00
            [TipoValor] => ending_balance
            [NaturezaValor] => D
            [PoderOrgao] => 10131
            [FinanceiroPermanente] => 
            [DividaConsolidada] => 
            [FonteRecurso] => 1.211.0000
            [ComplementoFonteRecurso] => 
            [NaturezaReceita] => 
            [NaturezaDespesa] => 3.1.90.11.01
            [FuncaoSubfuncao] => 10.305
            [AnoInscricaoRestosAPagar] => 
            [DespesasMDEeASPS] => 
        )

    [12] => Array
        (
            [ContaContabil] => 5.2.2.1.1.01.00
            [Valor] => 170000
            [ValorF] => 170.000,00
            [TipoValor] => beginning_balance
            [NaturezaValor] => D
            [PoderOrgao] => 10131
            [FinanceiroPermanente] => 
            [DividaConsolidada] => 
            [FonteRecurso] => 1.211.0000
            [ComplementoFonteRecurso] => 
            [NaturezaReceita] => 
            [NaturezaDespesa] => 3.1.90.11.01
            [FuncaoSubfuncao] => 10.785
            [AnoInscricaoRestosAPagar] => 
            [DespesasMDEeASPS] => 
        )

    [13] => Array
        (
            [ContaContabil] => 5.2.2.1.1.01.00
            [Valor] => 170000
            [ValorF] => 170.000,00
            [TipoValor] => ending_balance
            [NaturezaValor] => D
            [PoderOrgao] => 10131
            [FinanceiroPermanente] => 
            [DividaConsolidada] => 
            [FonteRecurso] => 1.211.0000
            [ComplementoFonteRecurso] => 
            [NaturezaReceita] => 
            [NaturezaDespesa] => 3.1.90.11.01
            [FuncaoSubfuncao] => 10.785
            [AnoInscricaoRestosAPagar] => 
            [DespesasMDEeASPS] => 
        )

    [14] => Array
        (
            [ContaContabil] => 5.2.2.1.1.01.00
            [Valor] => 100000
            [ValorF] => 100.000,00
            [TipoValor] => beginning_balance
            [NaturezaValor] => D
            [PoderOrgao] => 10131
            [FinanceiroPermanente] => 
            [DividaConsolidada] => 
            [FonteRecurso] => 1.213.0000
            [ComplementoFonteRecurso] => 
            [NaturezaReceita] => 
            [NaturezaDespesa] => 3.1.90.11.01
            [FuncaoSubfuncao] => 10.301
            [AnoInscricaoRestosAPagar] => 
            [DespesasMDEeASPS] => 
        )

    [15] => Array
        (
            [ContaContabil] => 5.2.2.1.1.01.00
            [Valor] => 100000
            [ValorF] => 100.000,00
            [TipoValor] => ending_balance
            [NaturezaValor] => D
            [PoderOrgao] => 10131
            [FinanceiroPermanente] => 
            [DividaConsolidada] => 
            [FonteRecurso] => 1.213.0000
            [ComplementoFonteRecurso] => 
            [NaturezaReceita] => 
            [NaturezaDespesa] => 3.1.90.11.01
            [FuncaoSubfuncao] => 10.301
            [AnoInscricaoRestosAPagar] => 
            [DespesasMDEeASPS] => 
        )

    [16] => Array
        (
            [ContaContabil] => 5.2.2.1.1.01.00
            [Valor] => 145000
            [ValorF] => 145.000,00
            [TipoValor] => beginning_balance
            [NaturezaValor] => D
            [PoderOrgao] => 10131
            [FinanceiroPermanente] => 
            [DividaConsolidada] => 
            [FonteRecurso] => 1.213.0000
            [ComplementoFonteRecurso] => 
            [NaturezaReceita] => 
            [NaturezaDespesa] => 3.1.90.11.01
            [FuncaoSubfuncao] => 10.301
            [AnoInscricaoRestosAPagar] => 
            [DespesasMDEeASPS] => 
        )

    [17] => Array
        (
            [ContaContabil] => 5.2.2.1.1.01.00
            [Valor] => 145000
            [ValorF] => 145.000,00
            [TipoValor] => ending_balance
            [NaturezaValor] => D
            [PoderOrgao] => 10131
            [FinanceiroPermanente] => 
            [DividaConsolidada] => 
            [FonteRecurso] => 1.213.0000
            [ComplementoFonteRecurso] => 
            [NaturezaReceita] => 
            [NaturezaDespesa] => 3.1.90.11.01
            [FuncaoSubfuncao] => 10.301
            [AnoInscricaoRestosAPagar] => 
            [DespesasMDEeASPS] => 
        )

    [18] => Array
        (
            [ContaContabil] => 5.2.2.1.1.01.00
            [Valor] => 24000
            [ValorF] => 24.000,00
            [TipoValor] => beginning_balance
            [NaturezaValor] => D
            [PoderOrgao] => 10131
            [FinanceiroPermanente] => 
            [DividaConsolidada] => 
            [FonteRecurso] => 1.213.0000
            [ComplementoFonteRecurso] => 
            [NaturezaReceita] => 
            [NaturezaDespesa] => 3.1.90.11.01
            [FuncaoSubfuncao] => 10.301
            [AnoInscricaoRestosAPagar] => 
            [DespesasMDEeASPS] => 
        )

    [19] => Array
        (
            [ContaContabil] => 5.2.2.1.1.01.00
            [Valor] => 24000
            [ValorF] => 24.000,00
            [TipoValor] => ending_balance
            [NaturezaValor] => D
            [PoderOrgao] => 10131
            [FinanceiroPermanente] => 
            [DividaConsolidada] => 
            [FonteRecurso] => 1.213.0000
            [ComplementoFonteRecurso] => 
            [NaturezaReceita] => 
            [NaturezaDespesa] => 3.1.90.11.01
            [FuncaoSubfuncao] => 10.301
            [AnoInscricaoRestosAPagar] => 
            [DespesasMDEeASPS] => 
        )

    [20] => Array
        (
            [ContaContabil] => 5.2.2.1.1.01.00
            [Valor] => 502862.96
            [ValorF] => 502.862,96
            [TipoValor] => beginning_balance
            [NaturezaValor] => D
            [PoderOrgao] => 10131
            [FinanceiroPermanente] => 
            [DividaConsolidada] => 
            [FonteRecurso] => 1.214.0000
            [ComplementoFonteRecurso] => 
            [NaturezaReceita] => 
            [NaturezaDespesa] => 3.1.90.11.01
            [FuncaoSubfuncao] => 10.301
            [AnoInscricaoRestosAPagar] => 
            [DespesasMDEeASPS] => 
        )

    [21] => Array
        (
            [ContaContabil] => 5.2.2.1.1.01.00
            [Valor] => 502862.96
            [ValorF] => 502.862,96
            [TipoValor] => ending_balance
            [NaturezaValor] => D
            [PoderOrgao] => 10131
            [FinanceiroPermanente] => 
            [DividaConsolidada] => 
            [FonteRecurso] => 1.214.0000
            [ComplementoFonteRecurso] => 
            [NaturezaReceita] => 
            [NaturezaDespesa] => 3.1.90.11.01
            [FuncaoSubfuncao] => 10.301
            [AnoInscricaoRestosAPagar] => 
            [DespesasMDEeASPS] => 
        )

    [22] => Array
        (
            [ContaContabil] => 5.2.2.1.1.01.00
            [Valor] => 50000
            [ValorF] => 50.000,00
            [TipoValor] => beginning_balance
            [NaturezaValor] => D
            [PoderOrgao] => 10131
            [FinanceiroPermanente] => 
            [DividaConsolidada] => 
            [FonteRecurso] => 1.214.0000
            [ComplementoFonteRecurso] => 
            [NaturezaReceita] => 
            [NaturezaDespesa] => 3.1.90.11.01
            [FuncaoSubfuncao] => 10.305
            [AnoInscricaoRestosAPagar] => 
            [DespesasMDEeASPS] => 
        )

    [23] => Array
        (
            [ContaContabil] => 5.2.2.1.1.01.00
            [Valor] => 50000
            [ValorF] => 50.000,00
            [TipoValor] => ending_balance
            [NaturezaValor] => D
            [PoderOrgao] => 10131
            [FinanceiroPermanente] => 
            [DividaConsolidada] => 
            [FonteRecurso] => 1.214.0000
            [ComplementoFonteRecurso] => 
            [NaturezaReceita] => 
            [NaturezaDespesa] => 3.1.90.11.01
            [FuncaoSubfuncao] => 10.305
            [AnoInscricaoRestosAPagar] => 
            [DespesasMDEeASPS] => 
        )

    [24] => Array
        (
            [ContaContabil] => 5.2.2.1.1.01.00
            [Valor] => 42000
            [ValorF] => 42.000,00
            [TipoValor] => beginning_balance
            [NaturezaValor] => D
            [PoderOrgao] => 10131
            [FinanceiroPermanente] => 
            [DividaConsolidada] => 
            [FonteRecurso] => 1.211.0000
            [ComplementoFonteRecurso] => 
            [NaturezaReceita] => 
            [NaturezaDespesa] => 3.1.90.13.01
            [FuncaoSubfuncao] => 10.122
            [AnoInscricaoRestosAPagar] => 
            [DespesasMDEeASPS] => 
        )

    [25] => Array
        (
            [ContaContabil] => 5.2.2.1.1.01.00
            [Valor] => 42000
            [ValorF] => 42.000,00
            [TipoValor] => ending_balance
            [NaturezaValor] => D
            [PoderOrgao] => 10131
            [FinanceiroPermanente] => 
            [DividaConsolidada] => 
            [FonteRecurso] => 1.211.0000
            [ComplementoFonteRecurso] => 
            [NaturezaReceita] => 
            [NaturezaDespesa] => 3.1.90.13.01
            [FuncaoSubfuncao] => 10.122
            [AnoInscricaoRestosAPagar] => 
            [DespesasMDEeASPS] => 
        )

    [26] => Array
        (
            [ContaContabil] => 5.2.2.1.1.01.00
            [Valor] => 161000
            [ValorF] => 161.000,00
            [TipoValor] => beginning_balance
            [NaturezaValor] => D
            [PoderOrgao] => 10131
            [FinanceiroPermanente] => 
            [DividaConsolidada] => 
            [FonteRecurso] => 1.211.0000
            [ComplementoFonteRecurso] => 
            [NaturezaReceita] => 
            [NaturezaDespesa] => 3.1.90.13.01
            [FuncaoSubfuncao] => 10.301
            [AnoInscricaoRestosAPagar] => 
            [DespesasMDEeASPS] => 
        )

    [27] => Array
        (
            [ContaContabil] => 5.2.2.1.1.01.00
            [Valor] => 161000
            [ValorF] => 161.000,00
            [TipoValor] => ending_balance
            [NaturezaValor] => D
            [PoderOrgao] => 10131
            [FinanceiroPermanente] => 
            [DividaConsolidada] => 
            [FonteRecurso] => 1.211.0000
            [ComplementoFonteRecurso] => 
            [NaturezaReceita] => 
            [NaturezaDespesa] => 3.1.90.13.01
            [FuncaoSubfuncao] => 10.301
            [AnoInscricaoRestosAPagar] => 
            [DespesasMDEeASPS] => 
        )

    [28] => Array
        (
            [ContaContabil] => 5.2.2.1.1.01.00
            [Valor] => 4000
            [ValorF] => 4.000,00
            [TipoValor] => beginning_balance
            [NaturezaValor] => D
            [PoderOrgao] => 10131
            [FinanceiroPermanente] => 
            [DividaConsolidada] => 
            [FonteRecurso] => 1.211.0000
            [ComplementoFonteRecurso] => 
            [NaturezaReceita] => 
            [NaturezaDespesa] => 3.1.90.13.01
            [FuncaoSubfuncao] => 10.302
            [AnoInscricaoRestosAPagar] => 
            [DespesasMDEeASPS] => 
        )

    [29] => Array
        (
            [ContaContabil] => 5.2.2.1.1.01.00
            [Valor] => 4000
            [ValorF] => 4.000,00
            [TipoValor] => ending_balance
            [NaturezaValor] => D
            [PoderOrgao] => 10131
            [FinanceiroPermanente] => 
            [DividaConsolidada] => 
            [FonteRecurso] => 1.211.0000
            [ComplementoFonteRecurso] => 
            [NaturezaReceita] => 
            [NaturezaDespesa] => 3.1.90.13.01
            [FuncaoSubfuncao] => 10.302
            [AnoInscricaoRestosAPagar] => 
            [DespesasMDEeASPS] => 
        )

    [30] => Array
        (
            [ContaContabil] => 5.2.2.1.1.01.00
            [Valor] => 20000
            [ValorF] => 20.000,00
            [TipoValor] => beginning_balance
            [NaturezaValor] => D
            [PoderOrgao] => 10131
            [FinanceiroPermanente] => 
            [DividaConsolidada] => 
            [FonteRecurso] => 1.211.0000
            [ComplementoFonteRecurso] => 
            [NaturezaReceita] => 
            [NaturezaDespesa] => 3.1.90.13.01
            [FuncaoSubfuncao] => 10.305
            [AnoInscricaoRestosAPagar] => 
            [DespesasMDEeASPS] => 
        )

    [31] => Array
        (
            [ContaContabil] => 5.2.2.1.1.01.00
            [Valor] => 20000
            [ValorF] => 20.000,00
            [TipoValor] => ending_balance
            [NaturezaValor] => D
            [PoderOrgao] => 10131
            [FinanceiroPermanente] => 
            [DividaConsolidada] => 
            [FonteRecurso] => 1.211.0000
            [ComplementoFonteRecurso] => 
            [NaturezaReceita] => 
            [NaturezaDespesa] => 3.1.90.13.01
            [FuncaoSubfuncao] => 10.305
            [AnoInscricaoRestosAPagar] => 
            [DespesasMDEeASPS] => 
        )

    [32] => Array
        (
            [ContaContabil] => 5.2.2.1.1.01.00
            [Valor] => 500
            [ValorF] => 500,00
            [TipoValor] => beginning_balance
            [NaturezaValor] => D
            [PoderOrgao] => 10131
            [FinanceiroPermanente] => 
            [DividaConsolidada] => 
            [FonteRecurso] => 1.211.0000
            [ComplementoFonteRecurso] => 
            [NaturezaReceita] => 
            [NaturezaDespesa] => 3.1.90.16.01
            [FuncaoSubfuncao] => 10.122
            [AnoInscricaoRestosAPagar] => 
            [DespesasMDEeASPS] => 
        )

    [33] => Array
        (
            [ContaContabil] => 5.2.2.1.1.01.00
            [Valor] => 500
            [ValorF] => 500,00
            [TipoValor] => ending_balance
            [NaturezaValor] => D
            [PoderOrgao] => 10131
            [FinanceiroPermanente] => 
            [DividaConsolidada] => 
            [FonteRecurso] => 1.211.0000
            [ComplementoFonteRecurso] => 
            [NaturezaReceita] => 
            [NaturezaDespesa] => 3.1.90.16.01
            [FuncaoSubfuncao] => 10.122
            [AnoInscricaoRestosAPagar] => 
            [DespesasMDEeASPS] => 
        )

    [34] => Array
        (
            [ContaContabil] => 5.2.2.1.1.01.00
            [Valor] => 2000
            [ValorF] => 2.000,00
            [TipoValor] => beginning_balance
            [NaturezaValor] => D
            [PoderOrgao] => 10131
            [FinanceiroPermanente] => 
            [DividaConsolidada] => 
            [FonteRecurso] => 1.211.0000
            [ComplementoFonteRecurso] => 
            [NaturezaReceita] => 
            [NaturezaDespesa] => 3.1.90.16.01
            [FuncaoSubfuncao] => 10.301
            [AnoInscricaoRestosAPagar] => 
            [DespesasMDEeASPS] => 
        )

    [35] => Array
        (
            [ContaContabil] => 5.2.2.1.1.01.00
            [Valor] => 2000
            [ValorF] => 2.000,00
            [TipoValor] => ending_balance
            [NaturezaValor] => D
            [PoderOrgao] => 10131
            [FinanceiroPermanente] => 
            [DividaConsolidada] => 
            [FonteRecurso] => 1.211.0000
            [ComplementoFonteRecurso] => 
            [NaturezaReceita] => 
            [NaturezaDespesa] => 3.1.90.16.01
            [FuncaoSubfuncao] => 10.301
            [AnoInscricaoRestosAPagar] => 
            [DespesasMDEeASPS] => 
        )

    [36] => Array
        (
            [ContaContabil] => 5.2.2.1.1.01.00
            [Valor] => 4000
            [ValorF] => 4.000,00
            [TipoValor] => beginning_balance
            [NaturezaValor] => D
            [PoderOrgao] => 10131
            [FinanceiroPermanente] => 
            [DividaConsolidada] => 
            [FonteRecurso] => 1.211.0000
            [ComplementoFonteRecurso] => 
            [NaturezaReceita] => 
            [NaturezaDespesa] => 3.1.90.16.01
            [FuncaoSubfuncao] => 10.302
            [AnoInscricaoRestosAPagar] => 
            [DespesasMDEeASPS] => 
        )

    [37] => Array
        (
            [ContaContabil] => 5.2.2.1.1.01.00
            [Valor] => 4000
            [ValorF] => 4.000,00
            [TipoValor] => ending_balance
            [NaturezaValor] => D
            [PoderOrgao] => 10131
            [FinanceiroPermanente] => 
            [DividaConsolidada] => 
            [FonteRecurso] => 1.211.0000
            [ComplementoFonteRecurso] => 
            [NaturezaReceita] => 
            [NaturezaDespesa] => 3.1.90.16.01
            [FuncaoSubfuncao] => 10.302
            [AnoInscricaoRestosAPagar] => 
            [DespesasMDEeASPS] => 
        )

    [38] => Array
        (
            [ContaContabil] => 5.2.2.1.1.01.00
            [Valor] => 2800
            [ValorF] => 2.800,00
            [TipoValor] => beginning_balance
            [NaturezaValor] => D
            [PoderOrgao] => 10131
            [FinanceiroPermanente] => 
            [DividaConsolidada] => 
            [FonteRecurso] => 1.211.0000
            [ComplementoFonteRecurso] => 
            [NaturezaReceita] => 
            [NaturezaDespesa] => 3.1.90.16.01
            [FuncaoSubfuncao] => 10.305
            [AnoInscricaoRestosAPagar] => 
            [DespesasMDEeASPS] => 
        )

    [39] => Array
        (
            [ContaContabil] => 5.2.2.1.1.01.00
            [Valor] => 2800
            [ValorF] => 2.800,00
            [TipoValor] => ending_balance
            [NaturezaValor] => D
            [PoderOrgao] => 10131
            [FinanceiroPermanente] => 
            [DividaConsolidada] => 
            [FonteRecurso] => 1.211.0000
            [ComplementoFonteRecurso] => 
            [NaturezaReceita] => 
            [NaturezaDespesa] => 3.1.90.16.01
            [FuncaoSubfuncao] => 10.305
            [AnoInscricaoRestosAPagar] => 
            [DespesasMDEeASPS] => 
        )

    [40] => Array
        (
            [ContaContabil] => 5.2.2.1.1.01.00
            [Valor] => 72000
            [ValorF] => 72.000,00
            [TipoValor] => beginning_balance
            [NaturezaValor] => D
            [PoderOrgao] => 10131
            [FinanceiroPermanente] => 
            [DividaConsolidada] => 
            [FonteRecurso] => 1.211.0000
            [ComplementoFonteRecurso] => 
            [NaturezaReceita] => 
            [NaturezaDespesa] => 3.1.90.16.01
            [FuncaoSubfuncao] => 10.785
            [AnoInscricaoRestosAPagar] => 
            [DespesasMDEeASPS] => 
        )

    [41] => Array
        (
            [ContaContabil] => 5.2.2.1.1.01.00
            [Valor] => 72000
            [ValorF] => 72.000,00
            [TipoValor] => ending_balance
            [NaturezaValor] => D
            [PoderOrgao] => 10131
            [FinanceiroPermanente] => 
            [DividaConsolidada] => 
            [FonteRecurso] => 1.211.0000
            [ComplementoFonteRecurso] => 
            [NaturezaReceita] => 
            [NaturezaDespesa] => 3.1.90.16.01
            [FuncaoSubfuncao] => 10.785
            [AnoInscricaoRestosAPagar] => 
            [DespesasMDEeASPS] => 
        )

    [42] => Array
        (
            [ContaContabil] => 5.2.2.1.1.01.00
            [Valor] => 500
            [ValorF] => 500,00
            [TipoValor] => beginning_balance
            [NaturezaValor] => D
            [PoderOrgao] => 10131
            [FinanceiroPermanente] => 
            [DividaConsolidada] => 
            [FonteRecurso] => 1.211.0000
            [ComplementoFonteRecurso] => 
            [NaturezaReceita] => 
            [NaturezaDespesa] => 3.1.90.94.09
            [FuncaoSubfuncao] => 10.122
            [AnoInscricaoRestosAPagar] => 
            [DespesasMDEeASPS] => 
        )

    [43] => Array
        (
            [ContaContabil] => 5.2.2.1.1.01.00
            [Valor] => 500
            [ValorF] => 500,00
            [TipoValor] => ending_balance
            [NaturezaValor] => D
            [PoderOrgao] => 10131
            [FinanceiroPermanente] => 
            [DividaConsolidada] => 
            [FonteRecurso] => 1.211.0000
            [ComplementoFonteRecurso] => 
            [NaturezaReceita] => 
            [NaturezaDespesa] => 3.1.90.94.09
            [FuncaoSubfuncao] => 10.122
            [AnoInscricaoRestosAPagar] => 
            [DespesasMDEeASPS] => 
        )

    [44] => Array
        (
            [ContaContabil] => 5.2.2.1.1.01.00
            [Valor] => 2000
            [ValorF] => 2.000,00
            [TipoValor] => beginning_balance
            [NaturezaValor] => D
            [PoderOrgao] => 10131
            [FinanceiroPermanente] => 
            [DividaConsolidada] => 
            [FonteRecurso] => 1.211.0000
            [ComplementoFonteRecurso] => 
            [NaturezaReceita] => 
            [NaturezaDespesa] => 3.1.90.94.09
            [FuncaoSubfuncao] => 10.301
            [AnoInscricaoRestosAPagar] => 
            [DespesasMDEeASPS] => 
        )

    [45] => Array
        (
            [ContaContabil] => 5.2.2.1.1.01.00
            [Valor] => 2000
            [ValorF] => 2.000,00
            [TipoValor] => ending_balance
            [NaturezaValor] => D
            [PoderOrgao] => 10131
            [FinanceiroPermanente] => 
            [DividaConsolidada] => 
            [FonteRecurso] => 1.211.0000
            [ComplementoFonteRecurso] => 
            [NaturezaReceita] => 
            [NaturezaDespesa] => 3.1.90.94.09
            [FuncaoSubfuncao] => 10.301
            [AnoInscricaoRestosAPagar] => 
            [DespesasMDEeASPS] => 
        )

    [46] => Array
        (
            [ContaContabil] => 5.2.2.1.1.01.00
            [Valor] => 500
            [ValorF] => 500,00
            [TipoValor] => beginning_balance
            [NaturezaValor] => D
            [PoderOrgao] => 10131
            [FinanceiroPermanente] => 
            [DividaConsolidada] => 
            [FonteRecurso] => 1.211.0000
            [ComplementoFonteRecurso] => 
            [NaturezaReceita] => 
            [NaturezaDespesa] => 3.1.90.94.09
            [FuncaoSubfuncao] => 10.302
            [AnoInscricaoRestosAPagar] => 
            [DespesasMDEeASPS] => 
        )

    [47] => Array
        (
            [ContaContabil] => 5.2.2.1.1.01.00
            [Valor] => 500
            [ValorF] => 500,00
            [TipoValor] => ending_balance
            [NaturezaValor] => D
            [PoderOrgao] => 10131
            [FinanceiroPermanente] => 
            [DividaConsolidada] => 
            [FonteRecurso] => 1.211.0000
            [ComplementoFonteRecurso] => 
            [NaturezaReceita] => 
            [NaturezaDespesa] => 3.1.90.94.09
            [FuncaoSubfuncao] => 10.302
            [AnoInscricaoRestosAPagar] => 
            [DespesasMDEeASPS] => 
        )

    [48] => Array
        (
            [ContaContabil] => 5.2.2.1.1.01.00
            [Valor] => 500
            [ValorF] => 500,00
            [TipoValor] => beginning_balance
            [NaturezaValor] => D
            [PoderOrgao] => 10131
            [FinanceiroPermanente] => 
            [DividaConsolidada] => 
            [FonteRecurso] => 1.211.0000
            [ComplementoFonteRecurso] => 
            [NaturezaReceita] => 
            [NaturezaDespesa] => 3.1.90.94.09
            [FuncaoSubfuncao] => 10.305
            [AnoInscricaoRestosAPagar] => 
            [DespesasMDEeASPS] => 
        )

    [49] => Array
        (
            [ContaContabil] => 5.2.2.1.1.01.00
            [Valor] => 500
            [ValorF] => 500,00
            [TipoValor] => ending_balance
            [NaturezaValor] => D
            [PoderOrgao] => 10131
            [FinanceiroPermanente] => 
            [DividaConsolidada] => 
            [FonteRecurso] => 1.211.0000
            [ComplementoFonteRecurso] => 
            [NaturezaReceita] => 
            [NaturezaDespesa] => 3.1.90.94.09
            [FuncaoSubfuncao] => 10.305
            [AnoInscricaoRestosAPagar] => 
            [DespesasMDEeASPS] => 
        )

    [50] => Array
        (
            [ContaContabil] => 5.2.2.1.1.01.00
            [Valor] => 500
            [ValorF] => 500,00
            [TipoValor] => beginning_balance
            [NaturezaValor] => D
            [PoderOrgao] => 10131
            [FinanceiroPermanente] => 
            [DividaConsolidada] => 
            [FonteRecurso] => 1.211.0000
            [ComplementoFonteRecurso] => 
            [NaturezaReceita] => 
            [NaturezaDespesa] => 3.1.90.94.09
            [FuncaoSubfuncao] => 10.785
            [AnoInscricaoRestosAPagar] => 
            [DespesasMDEeASPS] => 
        )

    [51] => Array
        (
            [ContaContabil] => 5.2.2.1.1.01.00
            [Valor] => 500
            [ValorF] => 500,00
            [TipoValor] => ending_balance
            [NaturezaValor] => D
            [PoderOrgao] => 10131
            [FinanceiroPermanente] => 
            [DividaConsolidada] => 
            [FonteRecurso] => 1.211.0000
            [ComplementoFonteRecurso] => 
            [NaturezaReceita] => 
            [NaturezaDespesa] => 3.1.90.94.09
            [FuncaoSubfuncao] => 10.785
            [AnoInscricaoRestosAPagar] => 
            [DespesasMDEeASPS] => 
        )

    [52] => Array
        (
            [ContaContabil] => 5.2.2.1.1.01.00
            [Valor] => 19000
            [ValorF] => 19.000,00
            [TipoValor] => beginning_balance
            [NaturezaValor] => D
            [PoderOrgao] => 10131
            [FinanceiroPermanente] => 
            [DividaConsolidada] => 
            [FonteRecurso] => 1.211.0000
            [ComplementoFonteRecurso] => 
            [NaturezaReceita] => 
            [NaturezaDespesa] => 3.1.91.13.01
            [FuncaoSubfuncao] => 10.122
            [AnoInscricaoRestosAPagar] => 
            [DespesasMDEeASPS] => 
        )

    [53] => Array
        (
            [ContaContabil] => 5.2.2.1.1.01.00
            [Valor] => 19000
            [ValorF] => 19.000,00
            [TipoValor] => ending_balance
            [NaturezaValor] => D
            [PoderOrgao] => 10131
            [FinanceiroPermanente] => 
            [DividaConsolidada] => 
            [FonteRecurso] => 1.211.0000
            [ComplementoFonteRecurso] => 
            [NaturezaReceita] => 
            [NaturezaDespesa] => 3.1.91.13.01
            [FuncaoSubfuncao] => 10.122
            [AnoInscricaoRestosAPagar] => 
            [DespesasMDEeASPS] => 
        )

    [54] => Array
        (
            [ContaContabil] => 5.2.2.1.1.01.00
            [Valor] => 105500
            [ValorF] => 105.500,00
            [TipoValor] => beginning_balance
            [NaturezaValor] => D
            [PoderOrgao] => 10131
            [FinanceiroPermanente] => 
            [DividaConsolidada] => 
            [FonteRecurso] => 1.211.0000
            [ComplementoFonteRecurso] => 
            [NaturezaReceita] => 
            [NaturezaDespesa] => 3.1.91.13.01
            [FuncaoSubfuncao] => 10.301
            [AnoInscricaoRestosAPagar] => 
            [DespesasMDEeASPS] => 
        )

    [55] => Array
        (
            [ContaContabil] => 5.2.2.1.1.01.00
            [Valor] => 105500
            [ValorF] => 105.500,00
            [TipoValor] => ending_balance
            [NaturezaValor] => D
            [PoderOrgao] => 10131
            [FinanceiroPermanente] => 
            [DividaConsolidada] => 
            [FonteRecurso] => 1.211.0000
            [ComplementoFonteRecurso] => 
            [NaturezaReceita] => 
            [NaturezaDespesa] => 3.1.91.13.01
            [FuncaoSubfuncao] => 10.301
            [AnoInscricaoRestosAPagar] => 
            [DespesasMDEeASPS] => 
        )

    [56] => Array
        (
            [ContaContabil] => 5.2.2.1.1.01.00
            [Valor] => 93000
            [ValorF] => 93.000,00
            [TipoValor] => beginning_balance
            [NaturezaValor] => D
            [PoderOrgao] => 10131
            [FinanceiroPermanente] => 
            [DividaConsolidada] => 
            [FonteRecurso] => 1.211.0000
            [ComplementoFonteRecurso] => 
            [NaturezaReceita] => 
            [NaturezaDespesa] => 3.1.91.13.01
            [FuncaoSubfuncao] => 10.302
            [AnoInscricaoRestosAPagar] => 
            [DespesasMDEeASPS] => 
        )

    [57] => Array
        (
            [ContaContabil] => 5.2.2.1.1.01.00
            [Valor] => 93000
            [ValorF] => 93.000,00
            [TipoValor] => ending_balance
            [NaturezaValor] => D
            [PoderOrgao] => 10131
            [FinanceiroPermanente] => 
            [DividaConsolidada] => 
            [FonteRecurso] => 1.211.0000
            [ComplementoFonteRecurso] => 
            [NaturezaReceita] => 
            [NaturezaDespesa] => 3.1.91.13.01
            [FuncaoSubfuncao] => 10.302
            [AnoInscricaoRestosAPagar] => 
            [DespesasMDEeASPS] => 
        )

    [58] => Array
        (
            [ContaContabil] => 5.2.2.1.1.01.00
            [Valor] => 13000
            [ValorF] => 13.000,00
            [TipoValor] => beginning_balance
            [NaturezaValor] => D
            [PoderOrgao] => 10131
            [FinanceiroPermanente] => 
            [DividaConsolidada] => 
            [FonteRecurso] => 1.211.0000
            [ComplementoFonteRecurso] => 
            [NaturezaReceita] => 
            [NaturezaDespesa] => 3.1.91.13.01
            [FuncaoSubfuncao] => 10.305
            [AnoInscricaoRestosAPagar] => 
            [DespesasMDEeASPS] => 
        )

    [59] => Array
        (
            [ContaContabil] => 5.2.2.1.1.01.00
            [Valor] => 13000
            [ValorF] => 13.000,00
            [TipoValor] => ending_balance
            [NaturezaValor] => D
            [PoderOrgao] => 10131
            [FinanceiroPermanente] => 
            [DividaConsolidada] => 
            [FonteRecurso] => 1.211.0000
            [ComplementoFonteRecurso] => 
            [NaturezaReceita] => 
            [NaturezaDespesa] => 3.1.91.13.01
            [FuncaoSubfuncao] => 10.305
            [AnoInscricaoRestosAPagar] => 
            [DespesasMDEeASPS] => 
        )

    [60] => Array
        (
            [ContaContabil] => 5.2.2.1.1.01.00
            [Valor] => 30000
            [ValorF] => 30.000,00
            [TipoValor] => beginning_balance
            [NaturezaValor] => D
            [PoderOrgao] => 10131
            [FinanceiroPermanente] => 
            [DividaConsolidada] => 
            [FonteRecurso] => 1.211.0000
            [ComplementoFonteRecurso] => 
            [NaturezaReceita] => 
            [NaturezaDespesa] => 3.1.91.13.01
            [FuncaoSubfuncao] => 10.785
            [AnoInscricaoRestosAPagar] => 
            [DespesasMDEeASPS] => 
        )

    [61] => Array
        (
            [ContaContabil] => 5.2.2.1.1.01.00
            [Valor] => 30000
            [ValorF] => 30.000,00
            [TipoValor] => ending_balance
            [NaturezaValor] => D
            [PoderOrgao] => 10131
            [FinanceiroPermanente] => 
            [DividaConsolidada] => 
            [FonteRecurso] => 1.211.0000
            [ComplementoFonteRecurso] => 
            [NaturezaReceita] => 
            [NaturezaDespesa] => 3.1.91.13.01
            [FuncaoSubfuncao] => 10.785
            [AnoInscricaoRestosAPagar] => 
            [DespesasMDEeASPS] => 
        )

    [62] => Array
        (
            [ContaContabil] => 5.2.2.1.1.01.00
            [Valor] => 10000
            [ValorF] => 10.000,00
            [TipoValor] => beginning_balance
            [NaturezaValor] => D
            [PoderOrgao] => 10131
            [FinanceiroPermanente] => 
            [DividaConsolidada] => 
            [FonteRecurso] => 1.211.0000
            [ComplementoFonteRecurso] => 
            [NaturezaReceita] => 
            [NaturezaDespesa] => 3.3.71.00.00
            [FuncaoSubfuncao] => 10.303
            [AnoInscricaoRestosAPagar] => 
            [DespesasMDEeASPS] => 
        )

    [63] => Array
        (
            [ContaContabil] => 5.2.2.1.1.01.00
            [Valor] => 10000
            [ValorF] => 10.000,00
            [TipoValor] => ending_balance
            [NaturezaValor] => D
            [PoderOrgao] => 10131
            [FinanceiroPermanente] => 
            [DividaConsolidada] => 
            [FonteRecurso] => 1.211.0000
            [ComplementoFonteRecurso] => 
            [NaturezaReceita] => 
            [NaturezaDespesa] => 3.3.71.00.00
            [FuncaoSubfuncao] => 10.303
            [AnoInscricaoRestosAPagar] => 
            [DespesasMDEeASPS] => 
        )

    [64] => Array
        (
            [ContaContabil] => 5.2.2.1.1.01.00
            [Valor] => 1000
            [ValorF] => 1.000,00
            [TipoValor] => beginning_balance
            [NaturezaValor] => D
            [PoderOrgao] => 10131
            [FinanceiroPermanente] => 
            [DividaConsolidada] => 
            [FonteRecurso] => 1.211.0000
            [ComplementoFonteRecurso] => 
            [NaturezaReceita] => 
            [NaturezaDespesa] => 3.3.90.14.01
            [FuncaoSubfuncao] => 10.122
            [AnoInscricaoRestosAPagar] => 
            [DespesasMDEeASPS] => 
        )

    [65] => Array
        (
            [ContaContabil] => 5.2.2.1.1.01.00
            [Valor] => 1000
            [ValorF] => 1.000,00
            [TipoValor] => ending_balance
            [NaturezaValor] => D
            [PoderOrgao] => 10131
            [FinanceiroPermanente] => 
            [DividaConsolidada] => 
            [FonteRecurso] => 1.211.0000
            [ComplementoFonteRecurso] => 
            [NaturezaReceita] => 
            [NaturezaDespesa] => 3.3.90.14.01
            [FuncaoSubfuncao] => 10.122
            [AnoInscricaoRestosAPagar] => 
            [DespesasMDEeASPS] => 
        )

    [66] => Array
        (
            [ContaContabil] => 5.2.2.1.1.01.00
            [Valor] => 3500
            [ValorF] => 3.500,00
            [TipoValor] => beginning_balance
            [NaturezaValor] => D
            [PoderOrgao] => 10131
            [FinanceiroPermanente] => 
            [DividaConsolidada] => 
            [FonteRecurso] => 1.211.0000
            [ComplementoFonteRecurso] => 
            [NaturezaReceita] => 
            [NaturezaDespesa] => 3.3.90.14.01
            [FuncaoSubfuncao] => 10.301
            [AnoInscricaoRestosAPagar] => 
            [DespesasMDEeASPS] => 
        )

    [67] => Array
        (
            [ContaContabil] => 5.2.2.1.1.01.00
            [Valor] => 3500
            [ValorF] => 3.500,00
            [TipoValor] => ending_balance
            [NaturezaValor] => D
            [PoderOrgao] => 10131
            [FinanceiroPermanente] => 
            [DividaConsolidada] => 
            [FonteRecurso] => 1.211.0000
            [ComplementoFonteRecurso] => 
            [NaturezaReceita] => 
            [NaturezaDespesa] => 3.3.90.14.01
            [FuncaoSubfuncao] => 10.301
            [AnoInscricaoRestosAPagar] => 
            [DespesasMDEeASPS] => 
        )

    [68] => Array
        (
            [ContaContabil] => 5.2.2.1.1.01.00
            [Valor] => 1000
            [ValorF] => 1.000,00
            [TipoValor] => beginning_balance
            [NaturezaValor] => D
            [PoderOrgao] => 10131
            [FinanceiroPermanente] => 
            [DividaConsolidada] => 
            [FonteRecurso] => 1.211.0000
            [ComplementoFonteRecurso] => 
            [NaturezaReceita] => 
            [NaturezaDespesa] => 3.3.90.14.01
            [FuncaoSubfuncao] => 10.302
            [AnoInscricaoRestosAPagar] => 
            [DespesasMDEeASPS] => 
        )

    [69] => Array
        (
            [ContaContabil] => 5.2.2.1.1.01.00
            [Valor] => 1000
            [ValorF] => 1.000,00
            [TipoValor] => ending_balance
            [NaturezaValor] => D
            [PoderOrgao] => 10131
            [FinanceiroPermanente] => 
            [DividaConsolidada] => 
            [FonteRecurso] => 1.211.0000
            [ComplementoFonteRecurso] => 
            [NaturezaReceita] => 
            [NaturezaDespesa] => 3.3.90.14.01
            [FuncaoSubfuncao] => 10.302
            [AnoInscricaoRestosAPagar] => 
            [DespesasMDEeASPS] => 
        )

    [70] => Array
        (
            [ContaContabil] => 5.2.2.1.1.01.00
            [Valor] => 2000
            [ValorF] => 2.000,00
            [TipoValor] => beginning_balance
            [NaturezaValor] => D
            [PoderOrgao] => 10131
            [FinanceiroPermanente] => 
            [DividaConsolidada] => 
            [FonteRecurso] => 1.211.0000
            [ComplementoFonteRecurso] => 
            [NaturezaReceita] => 
            [NaturezaDespesa] => 3.3.90.14.01
            [FuncaoSubfuncao] => 10.303
            [AnoInscricaoRestosAPagar] => 
            [DespesasMDEeASPS] => 
        )

    [71] => Array
        (
            [ContaContabil] => 5.2.2.1.1.01.00
            [Valor] => 2000
            [ValorF] => 2.000,00
            [TipoValor] => ending_balance
            [NaturezaValor] => D
            [PoderOrgao] => 10131
            [FinanceiroPermanente] => 
            [DividaConsolidada] => 
            [FonteRecurso] => 1.211.0000
            [ComplementoFonteRecurso] => 
            [NaturezaReceita] => 
            [NaturezaDespesa] => 3.3.90.14.01
            [FuncaoSubfuncao] => 10.303
            [AnoInscricaoRestosAPagar] => 
            [DespesasMDEeASPS] => 
        )

    [72] => Array
        (
            [ContaContabil] => 5.2.2.1.1.01.00
            [Valor] => 1000
            [ValorF] => 1.000,00
            [TipoValor] => beginning_balance
            [NaturezaValor] => D
            [PoderOrgao] => 10131
            [FinanceiroPermanente] => 
            [DividaConsolidada] => 
            [FonteRecurso] => 1.211.0000
            [ComplementoFonteRecurso] => 
            [NaturezaReceita] => 
            [NaturezaDespesa] => 3.3.90.14.01
            [FuncaoSubfuncao] => 10.304
            [AnoInscricaoRestosAPagar] => 
            [DespesasMDEeASPS] => 
        )

    [73] => Array
        (
            [ContaContabil] => 5.2.2.1.1.01.00
            [Valor] => 1000
            [ValorF] => 1.000,00
            [TipoValor] => ending_balance
            [NaturezaValor] => D
            [PoderOrgao] => 10131
            [FinanceiroPermanente] => 
            [DividaConsolidada] => 
            [FonteRecurso] => 1.211.0000
            [ComplementoFonteRecurso] => 
            [NaturezaReceita] => 
            [NaturezaDespesa] => 3.3.90.14.01
            [FuncaoSubfuncao] => 10.304
            [AnoInscricaoRestosAPagar] => 
            [DespesasMDEeASPS] => 
        )

    [74] => Array
        (
            [ContaContabil] => 5.2.2.1.1.01.00
            [Valor] => 1500
            [ValorF] => 1.500,00
            [TipoValor] => beginning_balance
            [NaturezaValor] => D
            [PoderOrgao] => 10131
            [FinanceiroPermanente] => 
            [DividaConsolidada] => 
            [FonteRecurso] => 1.211.0000
            [ComplementoFonteRecurso] => 
            [NaturezaReceita] => 
            [NaturezaDespesa] => 3.3.90.14.01
            [FuncaoSubfuncao] => 10.305
            [AnoInscricaoRestosAPagar] => 
            [DespesasMDEeASPS] => 
        )

    [75] => Array
        (
            [ContaContabil] => 5.2.2.1.1.01.00
            [Valor] => 1500
            [ValorF] => 1.500,00
            [TipoValor] => ending_balance
            [NaturezaValor] => D
            [PoderOrgao] => 10131
            [FinanceiroPermanente] => 
            [DividaConsolidada] => 
            [FonteRecurso] => 1.211.0000
            [ComplementoFonteRecurso] => 
            [NaturezaReceita] => 
            [NaturezaDespesa] => 3.3.90.14.01
            [FuncaoSubfuncao] => 10.305
            [AnoInscricaoRestosAPagar] => 
            [DespesasMDEeASPS] => 
        )

    [76] => Array
        (
            [ContaContabil] => 5.2.2.1.1.01.00
            [Valor] => 30000
            [ValorF] => 30.000,00
            [TipoValor] => beginning_balance
            [NaturezaValor] => D
            [PoderOrgao] => 10131
            [FinanceiroPermanente] => 
            [DividaConsolidada] => 
            [FonteRecurso] => 1.211.0000
            [ComplementoFonteRecurso] => 
            [NaturezaReceita] => 
            [NaturezaDespesa] => 3.3.90.14.01
            [FuncaoSubfuncao] => 10.785
            [AnoInscricaoRestosAPagar] => 
            [DespesasMDEeASPS] => 
        )

    [77] => Array
        (
            [ContaContabil] => 5.2.2.1.1.01.00
            [Valor] => 30000
            [ValorF] => 30.000,00
            [TipoValor] => ending_balance
            [NaturezaValor] => D
            [PoderOrgao] => 10131
            [FinanceiroPermanente] => 
            [DividaConsolidada] => 
            [FonteRecurso] => 1.211.0000
            [ComplementoFonteRecurso] => 
            [NaturezaReceita] => 
            [NaturezaDespesa] => 3.3.90.14.01
            [FuncaoSubfuncao] => 10.785
            [AnoInscricaoRestosAPagar] => 
            [DespesasMDEeASPS] => 
        )

    [78] => Array
        (
            [ContaContabil] => 5.2.2.1.1.01.00
            [Valor] => 10000
            [ValorF] => 10.000,00
            [TipoValor] => beginning_balance
            [NaturezaValor] => D
            [PoderOrgao] => 10131
            [FinanceiroPermanente] => 
            [DividaConsolidada] => 
            [FonteRecurso] => 1.211.0000
            [ComplementoFonteRecurso] => 
            [NaturezaReceita] => 
            [NaturezaDespesa] => 3.3.90.30.03
            [FuncaoSubfuncao] => 10.122
            [AnoInscricaoRestosAPagar] => 
            [DespesasMDEeASPS] => 
        )

    [79] => Array
        (
            [ContaContabil] => 5.2.2.1.1.01.00
            [Valor] => 10000
            [ValorF] => 10.000,00
            [TipoValor] => ending_balance
            [NaturezaValor] => D
            [PoderOrgao] => 10131
            [FinanceiroPermanente] => 
            [DividaConsolidada] => 
            [FonteRecurso] => 1.211.0000
            [ComplementoFonteRecurso] => 
            [NaturezaReceita] => 
            [NaturezaDespesa] => 3.3.90.30.03
            [FuncaoSubfuncao] => 10.122
            [AnoInscricaoRestosAPagar] => 
            [DespesasMDEeASPS] => 
        )

    [80] => Array
        (
            [ContaContabil] => 5.2.2.1.1.01.00
            [Valor] => 39444.44
            [ValorF] => 39.444,44
            [TipoValor] => beginning_balance
            [NaturezaValor] => D
            [PoderOrgao] => 10131
            [FinanceiroPermanente] => 
            [DividaConsolidada] => 
            [FonteRecurso] => 1.211.0000
            [ComplementoFonteRecurso] => 
            [NaturezaReceita] => 
            [NaturezaDespesa] => 3.3.90.30.03
            [FuncaoSubfuncao] => 10.301
            [AnoInscricaoRestosAPagar] => 
            [DespesasMDEeASPS] => 
        )

    [81] => Array
        (
            [ContaContabil] => 5.2.2.1.1.01.00
            [Valor] => 39444.44
            [ValorF] => 39.444,44
            [TipoValor] => ending_balance
            [NaturezaValor] => D
            [PoderOrgao] => 10131
            [FinanceiroPermanente] => 
            [DividaConsolidada] => 
            [FonteRecurso] => 1.211.0000
            [ComplementoFonteRecurso] => 
            [NaturezaReceita] => 
            [NaturezaDespesa] => 3.3.90.30.03
            [FuncaoSubfuncao] => 10.301
            [AnoInscricaoRestosAPagar] => 
            [DespesasMDEeASPS] => 
        )

    [82] => Array
        (
            [ContaContabil] => 5.2.2.1.1.01.00
            [Valor] => 58333.32
            [ValorF] => 58.333,32
            [TipoValor] => beginning_balance
            [NaturezaValor] => D
            [PoderOrgao] => 10131
            [FinanceiroPermanente] => 
            [DividaConsolidada] => 
            [FonteRecurso] => 1.211.0000
            [ComplementoFonteRecurso] => 
            [NaturezaReceita] => 
            [NaturezaDespesa] => 3.3.90.30.03
            [FuncaoSubfuncao] => 10.302
            [AnoInscricaoRestosAPagar] => 
            [DespesasMDEeASPS] => 
        )

    [83] => Array
        (
            [ContaContabil] => 5.2.2.1.1.01.00
            [Valor] => 58333.32
            [ValorF] => 58.333,32
            [TipoValor] => ending_balance
            [NaturezaValor] => D
            [PoderOrgao] => 10131
            [FinanceiroPermanente] => 
            [DividaConsolidada] => 
            [FonteRecurso] => 1.211.0000
            [ComplementoFonteRecurso] => 
            [NaturezaReceita] => 
            [NaturezaDespesa] => 3.3.90.30.03
            [FuncaoSubfuncao] => 10.302
            [AnoInscricaoRestosAPagar] => 
            [DespesasMDEeASPS] => 
        )

    [84] => Array
        (
            [ContaContabil] => 5.2.2.1.1.01.00
            [Valor] => 103000
            [ValorF] => 103.000,00
            [TipoValor] => beginning_balance
            [NaturezaValor] => D
            [PoderOrgao] => 10131
            [FinanceiroPermanente] => 
            [DividaConsolidada] => 
            [FonteRecurso] => 1.211.0000
            [ComplementoFonteRecurso] => 
            [NaturezaReceita] => 
            [NaturezaDespesa] => 3.3.90.30.03
            [FuncaoSubfuncao] => 10.303
            [AnoInscricaoRestosAPagar] => 
            [DespesasMDEeASPS] => 
        )

    [85] => Array
        (
            [ContaContabil] => 5.2.2.1.1.01.00
            [Valor] => 103000
            [ValorF] => 103.000,00
            [TipoValor] => ending_balance
            [NaturezaValor] => D
            [PoderOrgao] => 10131
            [FinanceiroPermanente] => 
            [DividaConsolidada] => 
            [FonteRecurso] => 1.211.0000
            [ComplementoFonteRecurso] => 
            [NaturezaReceita] => 
            [NaturezaDespesa] => 3.3.90.30.03
            [FuncaoSubfuncao] => 10.303
            [AnoInscricaoRestosAPagar] => 
            [DespesasMDEeASPS] => 
        )

    [86] => Array
        (
            [ContaContabil] => 5.2.2.1.1.01.00
            [Valor] => 1000
            [ValorF] => 1.000,00
            [TipoValor] => beginning_balance
            [NaturezaValor] => D
            [PoderOrgao] => 10131
            [FinanceiroPermanente] => 
            [DividaConsolidada] => 
            [FonteRecurso] => 1.211.0000
            [ComplementoFonteRecurso] => 
            [NaturezaReceita] => 
            [NaturezaDespesa] => 3.3.90.30.03
            [FuncaoSubfuncao] => 10.304
            [AnoInscricaoRestosAPagar] => 
            [DespesasMDEeASPS] => 
        )

    [87] => Array
        (
            [ContaContabil] => 5.2.2.1.1.01.00
            [Valor] => 1000
            [ValorF] => 1.000,00
            [TipoValor] => ending_balance
            [NaturezaValor] => D
            [PoderOrgao] => 10131
            [FinanceiroPermanente] => 
            [DividaConsolidada] => 
            [FonteRecurso] => 1.211.0000
            [ComplementoFonteRecurso] => 
            [NaturezaReceita] => 
            [NaturezaDespesa] => 3.3.90.30.03
            [FuncaoSubfuncao] => 10.304
            [AnoInscricaoRestosAPagar] => 
            [DespesasMDEeASPS] => 
        )

    [88] => Array
        (
            [ContaContabil] => 5.2.2.1.1.01.00
            [Valor] => 5000
            [ValorF] => 5.000,00
            [TipoValor] => beginning_balance
            [NaturezaValor] => D
            [PoderOrgao] => 10131
            [FinanceiroPermanente] => 
            [DividaConsolidada] => 
            [FonteRecurso] => 1.211.0000
            [ComplementoFonteRecurso] => 
            [NaturezaReceita] => 
            [NaturezaDespesa] => 3.3.90.30.03
            [FuncaoSubfuncao] => 10.305
            [AnoInscricaoRestosAPagar] => 
            [DespesasMDEeASPS] => 
        )

    [89] => Array
        (
            [ContaContabil] => 5.2.2.1.1.01.00
            [Valor] => 5000
            [ValorF] => 5.000,00
            [TipoValor] => ending_balance
            [NaturezaValor] => D
            [PoderOrgao] => 10131
            [FinanceiroPermanente] => 
            [DividaConsolidada] => 
            [FonteRecurso] => 1.211.0000
            [ComplementoFonteRecurso] => 
            [NaturezaReceita] => 
            [NaturezaDespesa] => 3.3.90.30.03
            [FuncaoSubfuncao] => 10.305
            [AnoInscricaoRestosAPagar] => 
            [DespesasMDEeASPS] => 
        )

    [90] => Array
        (
            [ContaContabil] => 5.2.2.1.1.01.00
            [Valor] => 50000
            [ValorF] => 50.000,00
            [TipoValor] => beginning_balance
            [NaturezaValor] => D
            [PoderOrgao] => 10131
            [FinanceiroPermanente] => 
            [DividaConsolidada] => 
            [FonteRecurso] => 1.211.0000
            [ComplementoFonteRecurso] => 
            [NaturezaReceita] => 
            [NaturezaDespesa] => 3.3.90.30.03
            [FuncaoSubfuncao] => 10.785
            [AnoInscricaoRestosAPagar] => 
            [DespesasMDEeASPS] => 
        )

    [91] => Array
        (
            [ContaContabil] => 5.2.2.1.1.01.00
            [Valor] => 50000
            [ValorF] => 50.000,00
            [TipoValor] => ending_balance
            [NaturezaValor] => D
            [PoderOrgao] => 10131
            [FinanceiroPermanente] => 
            [DividaConsolidada] => 
            [FonteRecurso] => 1.211.0000
            [ComplementoFonteRecurso] => 
            [NaturezaReceita] => 
            [NaturezaDespesa] => 3.3.90.30.03
            [FuncaoSubfuncao] => 10.785
            [AnoInscricaoRestosAPagar] => 
            [DespesasMDEeASPS] => 
        )

    [92] => Array
        (
            [ContaContabil] => 5.2.2.1.1.01.00
            [Valor] => 50000
            [ValorF] => 50.000,00
            [TipoValor] => beginning_balance
            [NaturezaValor] => D
            [PoderOrgao] => 10131
            [FinanceiroPermanente] => 
            [DividaConsolidada] => 
            [FonteRecurso] => 1.213.0000
            [ComplementoFonteRecurso] => 
            [NaturezaReceita] => 
            [NaturezaDespesa] => 3.3.90.30.03
            [FuncaoSubfuncao] => 10.301
            [AnoInscricaoRestosAPagar] => 
            [DespesasMDEeASPS] => 
        )

    [93] => Array
        (
            [ContaContabil] => 5.2.2.1.1.01.00
            [Valor] => 50000
            [ValorF] => 50.000,00
            [TipoValor] => ending_balance
            [NaturezaValor] => D
            [PoderOrgao] => 10131
            [FinanceiroPermanente] => 
            [DividaConsolidada] => 
            [FonteRecurso] => 1.213.0000
            [ComplementoFonteRecurso] => 
            [NaturezaReceita] => 
            [NaturezaDespesa] => 3.3.90.30.03
            [FuncaoSubfuncao] => 10.301
            [AnoInscricaoRestosAPagar] => 
            [DespesasMDEeASPS] => 
        )

    [94] => Array
        (
            [ContaContabil] => 5.2.2.1.1.01.00
            [Valor] => 2086.01
            [ValorF] => 2.086,01
            [TipoValor] => beginning_balance
            [NaturezaValor] => D
            [PoderOrgao] => 10131
            [FinanceiroPermanente] => 
            [DividaConsolidada] => 
            [FonteRecurso] => 1.214.0000
            [ComplementoFonteRecurso] => 
            [NaturezaReceita] => 
            [NaturezaDespesa] => 3.3.90.30.03
            [FuncaoSubfuncao] => 10.305
            [AnoInscricaoRestosAPagar] => 
            [DespesasMDEeASPS] => 
        )

    [95] => Array
        (
            [ContaContabil] => 5.2.2.1.1.01.00
            [Valor] => 2086.01
            [ValorF] => 2.086,01
            [TipoValor] => ending_balance
            [NaturezaValor] => D
            [PoderOrgao] => 10131
            [FinanceiroPermanente] => 
            [DividaConsolidada] => 
            [FonteRecurso] => 1.214.0000
            [ComplementoFonteRecurso] => 
            [NaturezaReceita] => 
            [NaturezaDespesa] => 3.3.90.30.03
            [FuncaoSubfuncao] => 10.305
            [AnoInscricaoRestosAPagar] => 
            [DespesasMDEeASPS] => 
        )

    [96] => Array
        (
            [ContaContabil] => 5.2.2.1.1.01.00
            [Valor] => 1500
            [ValorF] => 1.500,00
            [TipoValor] => beginning_balance
            [NaturezaValor] => D
            [PoderOrgao] => 10131
            [FinanceiroPermanente] => 
            [DividaConsolidada] => 
            [FonteRecurso] => 1.211.0000
            [ComplementoFonteRecurso] => 
            [NaturezaReceita] => 
            [NaturezaDespesa] => 3.3.90.31.03
            [FuncaoSubfuncao] => 10.301
            [AnoInscricaoRestosAPagar] => 
            [DespesasMDEeASPS] => 
        )

    [97] => Array
        (
            [ContaContabil] => 5.2.2.1.1.01.00
            [Valor] => 1500
            [ValorF] => 1.500,00
            [TipoValor] => ending_balance
            [NaturezaValor] => D
            [PoderOrgao] => 10131
            [FinanceiroPermanente] => 
            [DividaConsolidada] => 
            [FonteRecurso] => 1.211.0000
            [ComplementoFonteRecurso] => 
            [NaturezaReceita] => 
            [NaturezaDespesa] => 3.3.90.31.03
            [FuncaoSubfuncao] => 10.301
            [AnoInscricaoRestosAPagar] => 
            [DespesasMDEeASPS] => 
        )

    [98] => Array
        (
            [ContaContabil] => 5.2.2.1.1.01.00
            [Valor] => 9000
            [ValorF] => 9.000,00
            [TipoValor] => beginning_balance
            [NaturezaValor] => D
            [PoderOrgao] => 10131
            [FinanceiroPermanente] => 
            [DividaConsolidada] => 
            [FonteRecurso] => 1.211.0000
            [ComplementoFonteRecurso] => 
            [NaturezaReceita] => 
            [NaturezaDespesa] => 3.3.90.32.03
            [FuncaoSubfuncao] => 10.301
            [AnoInscricaoRestosAPagar] => 
            [DespesasMDEeASPS] => 
        )

    [99] => Array
        (
            [ContaContabil] => 5.2.2.1.1.01.00
            [Valor] => 9000
            [ValorF] => 9.000,00
            [TipoValor] => ending_balance
            [NaturezaValor] => D
            [PoderOrgao] => 10131
            [FinanceiroPermanente] => 
            [DividaConsolidada] => 
            [FonteRecurso] => 1.211.0000
            [ComplementoFonteRecurso] => 
            [NaturezaReceita] => 
            [NaturezaDespesa] => 3.3.90.32.03
            [FuncaoSubfuncao] => 10.301
            [AnoInscricaoRestosAPagar] => 
            [DespesasMDEeASPS] => 
        )

    [100] => Array
        (
            [ContaContabil] => 5.2.2.1.1.01.00
            [Valor] => 25000
            [ValorF] => 25.000,00
            [TipoValor] => beginning_balance
            [NaturezaValor] => D
            [PoderOrgao] => 10131
            [FinanceiroPermanente] => 
            [DividaConsolidada] => 
            [FonteRecurso] => 1.211.0000
            [ComplementoFonteRecurso] => 
            [NaturezaReceita] => 
            [NaturezaDespesa] => 3.3.90.32.03
            [FuncaoSubfuncao] => 10.303
            [AnoInscricaoRestosAPagar] => 
            [DespesasMDEeASPS] => 
        )

    [101] => Array
        (
            [ContaContabil] => 5.2.2.1.1.01.00
            [Valor] => 25000
            [ValorF] => 25.000,00
            [TipoValor] => ending_balance
            [NaturezaValor] => D
            [PoderOrgao] => 10131
            [FinanceiroPermanente] => 
            [DividaConsolidada] => 
            [FonteRecurso] => 1.211.0000
            [ComplementoFonteRecurso] => 
            [NaturezaReceita] => 
            [NaturezaDespesa] => 3.3.90.32.03
            [FuncaoSubfuncao] => 10.303
            [AnoInscricaoRestosAPagar] => 
            [DespesasMDEeASPS] => 
        )

    [102] => Array
        (
            [ContaContabil] => 5.2.2.1.1.01.00
            [Valor] => 78024.48
            [ValorF] => 78.024,48
            [TipoValor] => beginning_balance
            [NaturezaValor] => D
            [PoderOrgao] => 10131
            [FinanceiroPermanente] => 
            [DividaConsolidada] => 
            [FonteRecurso] => 1.213.0000
            [ComplementoFonteRecurso] => 
            [NaturezaReceita] => 
            [NaturezaDespesa] => 3.3.90.32.03
            [FuncaoSubfuncao] => 10.303
            [AnoInscricaoRestosAPagar] => 
            [DespesasMDEeASPS] => 
        )

    [103] => Array
        (
            [ContaContabil] => 5.2.2.1.1.01.00
            [Valor] => 78024.48
            [ValorF] => 78.024,48
            [TipoValor] => ending_balance
            [NaturezaValor] => D
            [PoderOrgao] => 10131
            [FinanceiroPermanente] => 
            [DividaConsolidada] => 
            [FonteRecurso] => 1.213.0000
            [ComplementoFonteRecurso] => 
            [NaturezaReceita] => 
            [NaturezaDespesa] => 3.3.90.32.03
            [FuncaoSubfuncao] => 10.303
            [AnoInscricaoRestosAPagar] => 
            [DespesasMDEeASPS] => 
        )

    [104] => Array
        (
            [ContaContabil] => 5.2.2.1.1.01.00
            [Valor] => 34514.56
            [ValorF] => 34.514,56
            [TipoValor] => beginning_balance
            [NaturezaValor] => D
            [PoderOrgao] => 10131
            [FinanceiroPermanente] => 
            [DividaConsolidada] => 
            [FonteRecurso] => 1.214.0000
            [ComplementoFonteRecurso] => 
            [NaturezaReceita] => 
            [NaturezaDespesa] => 3.3.90.32.03
            [FuncaoSubfuncao] => 10.303
            [AnoInscricaoRestosAPagar] => 
            [DespesasMDEeASPS] => 
        )

    [105] => Array
        (
            [ContaContabil] => 5.2.2.1.1.01.00
            [Valor] => 34514.56
            [ValorF] => 34.514,56
            [TipoValor] => ending_balance
            [NaturezaValor] => D
            [PoderOrgao] => 10131
            [FinanceiroPermanente] => 
            [DividaConsolidada] => 
            [FonteRecurso] => 1.214.0000
            [ComplementoFonteRecurso] => 
            [NaturezaReceita] => 
            [NaturezaDespesa] => 3.3.90.32.03
            [FuncaoSubfuncao] => 10.303
            [AnoInscricaoRestosAPagar] => 
            [DespesasMDEeASPS] => 
        )

    [106] => Array
        (
            [ContaContabil] => 5.2.2.1.1.01.00
            [Valor] => 20000
            [ValorF] => 20.000,00
            [TipoValor] => beginning_balance
            [NaturezaValor] => D
            [PoderOrgao] => 10131
            [FinanceiroPermanente] => 
            [DividaConsolidada] => 
            [FonteRecurso] => 1.211.0000
            [ComplementoFonteRecurso] => 
            [NaturezaReceita] => 
            [NaturezaDespesa] => 3.3.90.33.03
            [FuncaoSubfuncao] => 10.785
            [AnoInscricaoRestosAPagar] => 
            [DespesasMDEeASPS] => 
        )

    [107] => Array
        (
            [ContaContabil] => 5.2.2.1.1.01.00
            [Valor] => 20000
            [ValorF] => 20.000,00
            [TipoValor] => ending_balance
            [NaturezaValor] => D
            [PoderOrgao] => 10131
            [FinanceiroPermanente] => 
            [DividaConsolidada] => 
            [FonteRecurso] => 1.211.0000
            [ComplementoFonteRecurso] => 
            [NaturezaReceita] => 
            [NaturezaDespesa] => 3.3.90.33.03
            [FuncaoSubfuncao] => 10.785
            [AnoInscricaoRestosAPagar] => 
            [DespesasMDEeASPS] => 
        )

    [108] => Array
        (
            [ContaContabil] => 5.2.2.1.1.01.00
            [Valor] => 500
            [ValorF] => 500,00
            [TipoValor] => beginning_balance
            [NaturezaValor] => D
            [PoderOrgao] => 10131
            [FinanceiroPermanente] => 
            [DividaConsolidada] => 
            [FonteRecurso] => 1.211.0000
            [ComplementoFonteRecurso] => 
            [NaturezaReceita] => 
            [NaturezaDespesa] => 3.3.90.36.03
            [FuncaoSubfuncao] => 10.122
            [AnoInscricaoRestosAPagar] => 
            [DespesasMDEeASPS] => 
        )

    [109] => Array
        (
            [ContaContabil] => 5.2.2.1.1.01.00
            [Valor] => 500
            [ValorF] => 500,00
            [TipoValor] => ending_balance
            [NaturezaValor] => D
            [PoderOrgao] => 10131
            [FinanceiroPermanente] => 
            [DividaConsolidada] => 
            [FonteRecurso] => 1.211.0000
            [ComplementoFonteRecurso] => 
            [NaturezaReceita] => 
            [NaturezaDespesa] => 3.3.90.36.03
            [FuncaoSubfuncao] => 10.122
            [AnoInscricaoRestosAPagar] => 
            [DespesasMDEeASPS] => 
        )

    [110] => Array
        (
            [ContaContabil] => 5.2.2.1.1.01.00
            [Valor] => 3000
            [ValorF] => 3.000,00
            [TipoValor] => beginning_balance
            [NaturezaValor] => D
            [PoderOrgao] => 10131
            [FinanceiroPermanente] => 
            [DividaConsolidada] => 
            [FonteRecurso] => 1.211.0000
            [ComplementoFonteRecurso] => 
            [NaturezaReceita] => 
            [NaturezaDespesa] => 3.3.90.36.03
            [FuncaoSubfuncao] => 10.301
            [AnoInscricaoRestosAPagar] => 
            [DespesasMDEeASPS] => 
        )

    [111] => Array
        (
            [ContaContabil] => 5.2.2.1.1.01.00
            [Valor] => 3000
            [ValorF] => 3.000,00
            [TipoValor] => ending_balance
            [NaturezaValor] => D
            [PoderOrgao] => 10131
            [FinanceiroPermanente] => 
            [DividaConsolidada] => 
            [FonteRecurso] => 1.211.0000
            [ComplementoFonteRecurso] => 
            [NaturezaReceita] => 
            [NaturezaDespesa] => 3.3.90.36.03
            [FuncaoSubfuncao] => 10.301
            [AnoInscricaoRestosAPagar] => 
            [DespesasMDEeASPS] => 
        )

    [112] => Array
        (
            [ContaContabil] => 5.2.2.1.1.01.00
            [Valor] => 10500
            [ValorF] => 10.500,00
            [TipoValor] => beginning_balance
            [NaturezaValor] => D
            [PoderOrgao] => 10131
            [FinanceiroPermanente] => 
            [DividaConsolidada] => 
            [FonteRecurso] => 1.211.0000
            [ComplementoFonteRecurso] => 
            [NaturezaReceita] => 
            [NaturezaDespesa] => 3.3.90.36.03
            [FuncaoSubfuncao] => 10.302
            [AnoInscricaoRestosAPagar] => 
            [DespesasMDEeASPS] => 
        )

    [113] => Array
        (
            [ContaContabil] => 5.2.2.1.1.01.00
            [Valor] => 10500
            [ValorF] => 10.500,00
            [TipoValor] => ending_balance
            [NaturezaValor] => D
            [PoderOrgao] => 10131
            [FinanceiroPermanente] => 
            [DividaConsolidada] => 
            [FonteRecurso] => 1.211.0000
            [ComplementoFonteRecurso] => 
            [NaturezaReceita] => 
            [NaturezaDespesa] => 3.3.90.36.03
            [FuncaoSubfuncao] => 10.302
            [AnoInscricaoRestosAPagar] => 
            [DespesasMDEeASPS] => 
        )

    [114] => Array
        (
            [ContaContabil] => 5.2.2.1.1.01.00
            [Valor] => 15500
            [ValorF] => 15.500,00
            [TipoValor] => beginning_balance
            [NaturezaValor] => D
            [PoderOrgao] => 10131
            [FinanceiroPermanente] => 
            [DividaConsolidada] => 
            [FonteRecurso] => 1.211.0000
            [ComplementoFonteRecurso] => 
            [NaturezaReceita] => 
            [NaturezaDespesa] => 3.3.90.36.03
            [FuncaoSubfuncao] => 10.303
            [AnoInscricaoRestosAPagar] => 
            [DespesasMDEeASPS] => 
        )

    [115] => Array
        (
            [ContaContabil] => 5.2.2.1.1.01.00
            [Valor] => 15500
            [ValorF] => 15.500,00
            [TipoValor] => ending_balance
            [NaturezaValor] => D
            [PoderOrgao] => 10131
            [FinanceiroPermanente] => 
            [DividaConsolidada] => 
            [FonteRecurso] => 1.211.0000
            [ComplementoFonteRecurso] => 
            [NaturezaReceita] => 
            [NaturezaDespesa] => 3.3.90.36.03
            [FuncaoSubfuncao] => 10.303
            [AnoInscricaoRestosAPagar] => 
            [DespesasMDEeASPS] => 
        )

    [116] => Array
        (
            [ContaContabil] => 5.2.2.1.1.01.00
            [Valor] => 500
            [ValorF] => 500,00
            [TipoValor] => beginning_balance
            [NaturezaValor] => D
            [PoderOrgao] => 10131
            [FinanceiroPermanente] => 
            [DividaConsolidada] => 
            [FonteRecurso] => 1.211.0000
            [ComplementoFonteRecurso] => 
            [NaturezaReceita] => 
            [NaturezaDespesa] => 3.3.90.36.03
            [FuncaoSubfuncao] => 10.305
            [AnoInscricaoRestosAPagar] => 
            [DespesasMDEeASPS] => 
        )

    [117] => Array
        (
            [ContaContabil] => 5.2.2.1.1.01.00
            [Valor] => 500
            [ValorF] => 500,00
            [TipoValor] => ending_balance
            [NaturezaValor] => D
            [PoderOrgao] => 10131
            [FinanceiroPermanente] => 
            [DividaConsolidada] => 
            [FonteRecurso] => 1.211.0000
            [ComplementoFonteRecurso] => 
            [NaturezaReceita] => 
            [NaturezaDespesa] => 3.3.90.36.03
            [FuncaoSubfuncao] => 10.305
            [AnoInscricaoRestosAPagar] => 
            [DespesasMDEeASPS] => 
        )

    [118] => Array
        (
            [ContaContabil] => 5.2.2.1.1.01.00
            [Valor] => 500
            [ValorF] => 500,00
            [TipoValor] => beginning_balance
            [NaturezaValor] => D
            [PoderOrgao] => 10131
            [FinanceiroPermanente] => 
            [DividaConsolidada] => 
            [FonteRecurso] => 1.211.0000
            [ComplementoFonteRecurso] => 
            [NaturezaReceita] => 
            [NaturezaDespesa] => 3.3.90.36.03
            [FuncaoSubfuncao] => 10.785
            [AnoInscricaoRestosAPagar] => 
            [DespesasMDEeASPS] => 
        )

    [119] => Array
        (
            [ContaContabil] => 5.2.2.1.1.01.00
            [Valor] => 500
            [ValorF] => 500,00
            [TipoValor] => ending_balance
            [NaturezaValor] => D
            [PoderOrgao] => 10131
            [FinanceiroPermanente] => 
            [DividaConsolidada] => 
            [FonteRecurso] => 1.211.0000
            [ComplementoFonteRecurso] => 
            [NaturezaReceita] => 
            [NaturezaDespesa] => 3.3.90.36.03
            [FuncaoSubfuncao] => 10.785
            [AnoInscricaoRestosAPagar] => 
            [DespesasMDEeASPS] => 
        )

    [120] => Array
        (
            [ContaContabil] => 5.2.2.1.1.01.00
            [Valor] => 10000
            [ValorF] => 10.000,00
            [TipoValor] => beginning_balance
            [NaturezaValor] => D
            [PoderOrgao] => 10131
            [FinanceiroPermanente] => 
            [DividaConsolidada] => 
            [FonteRecurso] => 1.211.0000
            [ComplementoFonteRecurso] => 
            [NaturezaReceita] => 
            [NaturezaDespesa] => 3.3.90.39.03
            [FuncaoSubfuncao] => 10.122
            [AnoInscricaoRestosAPagar] => 
            [DespesasMDEeASPS] => 
        )

    [121] => Array
        (
            [ContaContabil] => 5.2.2.1.1.01.00
            [Valor] => 10000
            [ValorF] => 10.000,00
            [TipoValor] => ending_balance
            [NaturezaValor] => D
            [PoderOrgao] => 10131
            [FinanceiroPermanente] => 
            [DividaConsolidada] => 
            [FonteRecurso] => 1.211.0000
            [ComplementoFonteRecurso] => 
            [NaturezaReceita] => 
            [NaturezaDespesa] => 3.3.90.39.03
            [FuncaoSubfuncao] => 10.122
            [AnoInscricaoRestosAPagar] => 
            [DespesasMDEeASPS] => 
        )

    [122] => Array
        (
            [ContaContabil] => 5.2.2.1.1.01.00
            [Valor] => 136722.2
            [ValorF] => 136.722,20
            [TipoValor] => beginning_balance
            [NaturezaValor] => D
            [PoderOrgao] => 10131
            [FinanceiroPermanente] => 
            [DividaConsolidada] => 
            [FonteRecurso] => 1.211.0000
            [ComplementoFonteRecurso] => 
            [NaturezaReceita] => 
            [NaturezaDespesa] => 3.3.90.39.03
            [FuncaoSubfuncao] => 10.301
            [AnoInscricaoRestosAPagar] => 
            [DespesasMDEeASPS] => 
        )

    [123] => Array
        (
            [ContaContabil] => 5.2.2.1.1.01.00
            [Valor] => 136722.2
            [ValorF] => 136.722,20
            [TipoValor] => ending_balance
            [NaturezaValor] => D
            [PoderOrgao] => 10131
            [FinanceiroPermanente] => 
            [DividaConsolidada] => 
            [FonteRecurso] => 1.211.0000
            [ComplementoFonteRecurso] => 
            [NaturezaReceita] => 
            [NaturezaDespesa] => 3.3.90.39.03
            [FuncaoSubfuncao] => 10.301
            [AnoInscricaoRestosAPagar] => 
            [DespesasMDEeASPS] => 
        )

    [124] => Array
        (
            [ContaContabil] => 5.2.2.1.1.01.00
            [Valor] => 298333.32
            [ValorF] => 298.333,32
            [TipoValor] => beginning_balance
            [NaturezaValor] => D
            [PoderOrgao] => 10131
            [FinanceiroPermanente] => 
            [DividaConsolidada] => 
            [FonteRecurso] => 1.211.0000
            [ComplementoFonteRecurso] => 
            [NaturezaReceita] => 
            [NaturezaDespesa] => 3.3.90.39.03
            [FuncaoSubfuncao] => 10.302
            [AnoInscricaoRestosAPagar] => 
            [DespesasMDEeASPS] => 
        )

    [125] => Array
        (
            [ContaContabil] => 5.2.2.1.1.01.00
            [Valor] => 298333.32
            [ValorF] => 298.333,32
            [TipoValor] => ending_balance
            [NaturezaValor] => D
            [PoderOrgao] => 10131
            [FinanceiroPermanente] => 
            [DividaConsolidada] => 
            [FonteRecurso] => 1.211.0000
            [ComplementoFonteRecurso] => 
            [NaturezaReceita] => 
            [NaturezaDespesa] => 3.3.90.39.03
            [FuncaoSubfuncao] => 10.302
            [AnoInscricaoRestosAPagar] => 
            [DespesasMDEeASPS] => 
        )

    [126] => Array
        (
            [ContaContabil] => 5.2.2.1.1.01.00
            [Valor] => 213000
            [ValorF] => 213.000,00
            [TipoValor] => beginning_balance
            [NaturezaValor] => D
            [PoderOrgao] => 10131
            [FinanceiroPermanente] => 
            [DividaConsolidada] => 
            [FonteRecurso] => 1.211.0000
            [ComplementoFonteRecurso] => 
            [NaturezaReceita] => 
            [NaturezaDespesa] => 3.3.90.39.03
            [FuncaoSubfuncao] => 10.303
            [AnoInscricaoRestosAPagar] => 
            [DespesasMDEeASPS] => 
        )

    [127] => Array
        (
            [ContaContabil] => 5.2.2.1.1.01.00
            [Valor] => 213000
            [ValorF] => 213.000,00
            [TipoValor] => ending_balance
            [NaturezaValor] => D
            [PoderOrgao] => 10131
            [FinanceiroPermanente] => 
            [DividaConsolidada] => 
            [FonteRecurso] => 1.211.0000
            [ComplementoFonteRecurso] => 
            [NaturezaReceita] => 
            [NaturezaDespesa] => 3.3.90.39.03
            [FuncaoSubfuncao] => 10.303
            [AnoInscricaoRestosAPagar] => 
            [DespesasMDEeASPS] => 
        )

    [128] => Array
        (
            [ContaContabil] => 5.2.2.1.1.01.00
            [Valor] => 1000
            [ValorF] => 1.000,00
            [TipoValor] => beginning_balance
            [NaturezaValor] => D
            [PoderOrgao] => 10131
            [FinanceiroPermanente] => 
            [DividaConsolidada] => 
            [FonteRecurso] => 1.211.0000
            [ComplementoFonteRecurso] => 
            [NaturezaReceita] => 
            [NaturezaDespesa] => 3.3.90.39.03
            [FuncaoSubfuncao] => 10.304
            [AnoInscricaoRestosAPagar] => 
            [DespesasMDEeASPS] => 
        )

    [129] => Array
        (
            [ContaContabil] => 5.2.2.1.1.01.00
            [Valor] => 1000
            [ValorF] => 1.000,00
            [TipoValor] => ending_balance
            [NaturezaValor] => D
            [PoderOrgao] => 10131
            [FinanceiroPermanente] => 
            [DividaConsolidada] => 
            [FonteRecurso] => 1.211.0000
            [ComplementoFonteRecurso] => 
            [NaturezaReceita] => 
            [NaturezaDespesa] => 3.3.90.39.03
            [FuncaoSubfuncao] => 10.304
            [AnoInscricaoRestosAPagar] => 
            [DespesasMDEeASPS] => 
        )

    [130] => Array
        (
            [ContaContabil] => 5.2.2.1.1.01.00
            [Valor] => 3000
            [ValorF] => 3.000,00
            [TipoValor] => beginning_balance
            [NaturezaValor] => D
            [PoderOrgao] => 10131
            [FinanceiroPermanente] => 
            [DividaConsolidada] => 
            [FonteRecurso] => 1.211.0000
            [ComplementoFonteRecurso] => 
            [NaturezaReceita] => 
            [NaturezaDespesa] => 3.3.90.39.03
            [FuncaoSubfuncao] => 10.305
            [AnoInscricaoRestosAPagar] => 
            [DespesasMDEeASPS] => 
        )

    [131] => Array
        (
            [ContaContabil] => 5.2.2.1.1.01.00
            [Valor] => 3000
            [ValorF] => 3.000,00
            [TipoValor] => ending_balance
            [NaturezaValor] => D
            [PoderOrgao] => 10131
            [FinanceiroPermanente] => 
            [DividaConsolidada] => 
            [FonteRecurso] => 1.211.0000
            [ComplementoFonteRecurso] => 
            [NaturezaReceita] => 
            [NaturezaDespesa] => 3.3.90.39.03
            [FuncaoSubfuncao] => 10.305
            [AnoInscricaoRestosAPagar] => 
            [DespesasMDEeASPS] => 
        )

    [132] => Array
        (
            [ContaContabil] => 5.2.2.1.1.01.00
            [Valor] => 50000
            [ValorF] => 50.000,00
            [TipoValor] => beginning_balance
            [NaturezaValor] => D
            [PoderOrgao] => 10131
            [FinanceiroPermanente] => 
            [DividaConsolidada] => 
            [FonteRecurso] => 1.211.0000
            [ComplementoFonteRecurso] => 
            [NaturezaReceita] => 
            [NaturezaDespesa] => 3.3.90.39.03
            [FuncaoSubfuncao] => 10.785
            [AnoInscricaoRestosAPagar] => 
            [DespesasMDEeASPS] => 
        )

    [133] => Array
        (
            [ContaContabil] => 5.2.2.1.1.01.00
            [Valor] => 50000
            [ValorF] => 50.000,00
            [TipoValor] => ending_balance
            [NaturezaValor] => D
            [PoderOrgao] => 10131
            [FinanceiroPermanente] => 
            [DividaConsolidada] => 
            [FonteRecurso] => 1.211.0000
            [ComplementoFonteRecurso] => 
            [NaturezaReceita] => 
            [NaturezaDespesa] => 3.3.90.39.03
            [FuncaoSubfuncao] => 10.785
            [AnoInscricaoRestosAPagar] => 
            [DespesasMDEeASPS] => 
        )

    [134] => Array
        (
            [ContaContabil] => 5.2.2.1.1.01.00
            [Valor] => 100000
            [ValorF] => 100.000,00
            [TipoValor] => beginning_balance
            [NaturezaValor] => D
            [PoderOrgao] => 10131
            [FinanceiroPermanente] => 
            [DividaConsolidada] => 
            [FonteRecurso] => 1.214.0000
            [ComplementoFonteRecurso] => 
            [NaturezaReceita] => 
            [NaturezaDespesa] => 3.3.90.39.03
            [FuncaoSubfuncao] => 10.301
            [AnoInscricaoRestosAPagar] => 
            [DespesasMDEeASPS] => 
        )

    [135] => Array
        (
            [ContaContabil] => 5.2.2.1.1.01.00
            [Valor] => 100000
            [ValorF] => 100.000,00
            [TipoValor] => ending_balance
            [NaturezaValor] => D
            [PoderOrgao] => 10131
            [FinanceiroPermanente] => 
            [DividaConsolidada] => 
            [FonteRecurso] => 1.214.0000
            [ComplementoFonteRecurso] => 
            [NaturezaReceita] => 
            [NaturezaDespesa] => 3.3.90.39.03
            [FuncaoSubfuncao] => 10.301
            [AnoInscricaoRestosAPagar] => 
            [DespesasMDEeASPS] => 
        )

    [136] => Array
        (
            [ContaContabil] => 5.2.2.1.1.01.00
            [Valor] => 6846.47
            [ValorF] => 6.846,47
            [TipoValor] => beginning_balance
            [NaturezaValor] => D
            [PoderOrgao] => 10131
            [FinanceiroPermanente] => 
            [DividaConsolidada] => 
            [FonteRecurso] => 1.214.0000
            [ComplementoFonteRecurso] => 
            [NaturezaReceita] => 
            [NaturezaDespesa] => 3.3.90.39.03
            [FuncaoSubfuncao] => 10.302
            [AnoInscricaoRestosAPagar] => 
            [DespesasMDEeASPS] => 
        )

    [137] => Array
        (
            [ContaContabil] => 5.2.2.1.1.01.00
            [Valor] => 6846.47
            [ValorF] => 6.846,47
            [TipoValor] => ending_balance
            [NaturezaValor] => D
            [PoderOrgao] => 10131
            [FinanceiroPermanente] => 
            [DividaConsolidada] => 
            [FonteRecurso] => 1.214.0000
            [ComplementoFonteRecurso] => 
            [NaturezaReceita] => 
            [NaturezaDespesa] => 3.3.90.39.03
            [FuncaoSubfuncao] => 10.302
            [AnoInscricaoRestosAPagar] => 
            [DespesasMDEeASPS] => 
        )

    [138] => Array
        (
            [ContaContabil] => 5.2.2.1.1.01.00
            [Valor] => 4000
            [ValorF] => 4.000,00
            [TipoValor] => beginning_balance
            [NaturezaValor] => D
            [PoderOrgao] => 10131
            [FinanceiroPermanente] => 
            [DividaConsolidada] => 
            [FonteRecurso] => 1.211.0000
            [ComplementoFonteRecurso] => 
            [NaturezaReceita] => 
            [NaturezaDespesa] => 3.3.90.40.04
            [FuncaoSubfuncao] => 10.122
            [AnoInscricaoRestosAPagar] => 
            [DespesasMDEeASPS] => 
        )

    [139] => Array
        (
            [ContaContabil] => 5.2.2.1.1.01.00
            [Valor] => 4000
            [ValorF] => 4.000,00
            [TipoValor] => ending_balance
            [NaturezaValor] => D
            [PoderOrgao] => 10131
            [FinanceiroPermanente] => 
            [DividaConsolidada] => 
            [FonteRecurso] => 1.211.0000
            [ComplementoFonteRecurso] => 
            [NaturezaReceita] => 
            [NaturezaDespesa] => 3.3.90.40.04
            [FuncaoSubfuncao] => 10.122
            [AnoInscricaoRestosAPagar] => 
            [DespesasMDEeASPS] => 
        )

    [140] => Array
        (
            [ContaContabil] => 5.2.2.1.1.01.00
            [Valor] => 5500
            [ValorF] => 5.500,00
            [TipoValor] => beginning_balance
            [NaturezaValor] => D
            [PoderOrgao] => 10131
            [FinanceiroPermanente] => 
            [DividaConsolidada] => 
            [FonteRecurso] => 1.211.0000
            [ComplementoFonteRecurso] => 
            [NaturezaReceita] => 
            [NaturezaDespesa] => 3.3.90.40.04
            [FuncaoSubfuncao] => 10.301
            [AnoInscricaoRestosAPagar] => 
            [DespesasMDEeASPS] => 
        )

    [141] => Array
        (
            [ContaContabil] => 5.2.2.1.1.01.00
            [Valor] => 5500
            [ValorF] => 5.500,00
            [TipoValor] => ending_balance
            [NaturezaValor] => D
            [PoderOrgao] => 10131
            [FinanceiroPermanente] => 
            [DividaConsolidada] => 
            [FonteRecurso] => 1.211.0000
            [ComplementoFonteRecurso] => 
            [NaturezaReceita] => 
            [NaturezaDespesa] => 3.3.90.40.04
            [FuncaoSubfuncao] => 10.301
            [AnoInscricaoRestosAPagar] => 
            [DespesasMDEeASPS] => 
        )

    [142] => Array
        (
            [ContaContabil] => 5.2.2.1.1.01.00
            [Valor] => 2000
            [ValorF] => 2.000,00
            [TipoValor] => beginning_balance
            [NaturezaValor] => D
            [PoderOrgao] => 10131
            [FinanceiroPermanente] => 
            [DividaConsolidada] => 
            [FonteRecurso] => 1.211.0000
            [ComplementoFonteRecurso] => 
            [NaturezaReceita] => 
            [NaturezaDespesa] => 3.3.90.40.04
            [FuncaoSubfuncao] => 10.302
            [AnoInscricaoRestosAPagar] => 
            [DespesasMDEeASPS] => 
        )

    [143] => Array
        (
            [ContaContabil] => 5.2.2.1.1.01.00
            [Valor] => 2000
            [ValorF] => 2.000,00
            [TipoValor] => ending_balance
            [NaturezaValor] => D
            [PoderOrgao] => 10131
            [FinanceiroPermanente] => 
            [DividaConsolidada] => 
            [FonteRecurso] => 1.211.0000
            [ComplementoFonteRecurso] => 
            [NaturezaReceita] => 
            [NaturezaDespesa] => 3.3.90.40.04
            [FuncaoSubfuncao] => 10.302
            [AnoInscricaoRestosAPagar] => 
            [DespesasMDEeASPS] => 
        )

    [144] => Array
        (
            [ContaContabil] => 5.2.2.1.1.01.00
            [Valor] => 1000
            [ValorF] => 1.000,00
            [TipoValor] => beginning_balance
            [NaturezaValor] => D
            [PoderOrgao] => 10131
            [FinanceiroPermanente] => 
            [DividaConsolidada] => 
            [FonteRecurso] => 1.211.0000
            [ComplementoFonteRecurso] => 
            [NaturezaReceita] => 
            [NaturezaDespesa] => 3.3.90.40.04
            [FuncaoSubfuncao] => 10.304
            [AnoInscricaoRestosAPagar] => 
            [DespesasMDEeASPS] => 
        )

    [145] => Array
        (
            [ContaContabil] => 5.2.2.1.1.01.00
            [Valor] => 1000
            [ValorF] => 1.000,00
            [TipoValor] => ending_balance
            [NaturezaValor] => D
            [PoderOrgao] => 10131
            [FinanceiroPermanente] => 
            [DividaConsolidada] => 
            [FonteRecurso] => 1.211.0000
            [ComplementoFonteRecurso] => 
            [NaturezaReceita] => 
            [NaturezaDespesa] => 3.3.90.40.04
            [FuncaoSubfuncao] => 10.304
            [AnoInscricaoRestosAPagar] => 
            [DespesasMDEeASPS] => 
        )

    [146] => Array
        (
            [ContaContabil] => 5.2.2.1.1.01.00
            [Valor] => 1000
            [ValorF] => 1.000,00
            [TipoValor] => beginning_balance
            [NaturezaValor] => D
            [PoderOrgao] => 10131
            [FinanceiroPermanente] => 
            [DividaConsolidada] => 
            [FonteRecurso] => 1.211.0000
            [ComplementoFonteRecurso] => 
            [NaturezaReceita] => 
            [NaturezaDespesa] => 3.3.90.40.04
            [FuncaoSubfuncao] => 10.305
            [AnoInscricaoRestosAPagar] => 
            [DespesasMDEeASPS] => 
        )

    [147] => Array
        (
            [ContaContabil] => 5.2.2.1.1.01.00
            [Valor] => 1000
            [ValorF] => 1.000,00
            [TipoValor] => ending_balance
            [NaturezaValor] => D
            [PoderOrgao] => 10131
            [FinanceiroPermanente] => 
            [DividaConsolidada] => 
            [FonteRecurso] => 1.211.0000
            [ComplementoFonteRecurso] => 
            [NaturezaReceita] => 
            [NaturezaDespesa] => 3.3.90.40.04
            [FuncaoSubfuncao] => 10.305
            [AnoInscricaoRestosAPagar] => 
            [DespesasMDEeASPS] => 
        )

    [148] => Array
        (
            [ContaContabil] => 5.2.2.1.1.01.00
            [Valor] => 114000
            [ValorF] => 114.000,00
            [TipoValor] => beginning_balance
            [NaturezaValor] => D
            [PoderOrgao] => 10131
            [FinanceiroPermanente] => 
            [DividaConsolidada] => 
            [FonteRecurso] => 1.211.0000
            [ComplementoFonteRecurso] => 
            [NaturezaReceita] => 
            [NaturezaDespesa] => 3.3.90.46.04
            [FuncaoSubfuncao] => 10.331
            [AnoInscricaoRestosAPagar] => 
            [DespesasMDEeASPS] => 
        )

    [149] => Array
        (
            [ContaContabil] => 5.2.2.1.1.01.00
            [Valor] => 114000
            [ValorF] => 114.000,00
            [TipoValor] => ending_balance
            [NaturezaValor] => D
            [PoderOrgao] => 10131
            [FinanceiroPermanente] => 
            [DividaConsolidada] => 
            [FonteRecurso] => 1.211.0000
            [ComplementoFonteRecurso] => 
            [NaturezaReceita] => 
            [NaturezaDespesa] => 3.3.90.46.04
            [FuncaoSubfuncao] => 10.331
            [AnoInscricaoRestosAPagar] => 
            [DespesasMDEeASPS] => 
        )

    [150] => Array
        (
            [ContaContabil] => 5.2.2.1.1.01.00
            [Valor] => 1000
            [ValorF] => 1.000,00
            [TipoValor] => beginning_balance
            [NaturezaValor] => D
            [PoderOrgao] => 10131
            [FinanceiroPermanente] => 
            [DividaConsolidada] => 
            [FonteRecurso] => 1.211.0000
            [ComplementoFonteRecurso] => 
            [NaturezaReceita] => 
            [NaturezaDespesa] => 3.3.90.93.09
            [FuncaoSubfuncao] => 10.122
            [AnoInscricaoRestosAPagar] => 
            [DespesasMDEeASPS] => 
        )

    [151] => Array
        (
            [ContaContabil] => 5.2.2.1.1.01.00
            [Valor] => 1000
            [ValorF] => 1.000,00
            [TipoValor] => ending_balance
            [NaturezaValor] => D
            [PoderOrgao] => 10131
            [FinanceiroPermanente] => 
            [DividaConsolidada] => 
            [FonteRecurso] => 1.211.0000
            [ComplementoFonteRecurso] => 
            [NaturezaReceita] => 
            [NaturezaDespesa] => 3.3.90.93.09
            [FuncaoSubfuncao] => 10.122
            [AnoInscricaoRestosAPagar] => 
            [DespesasMDEeASPS] => 
        )

    [152] => Array
        (
            [ContaContabil] => 5.2.2.1.1.01.00
            [Valor] => 500
            [ValorF] => 500,00
            [TipoValor] => beginning_balance
            [NaturezaValor] => D
            [PoderOrgao] => 10131
            [FinanceiroPermanente] => 
            [DividaConsolidada] => 
            [FonteRecurso] => 1.211.0000
            [ComplementoFonteRecurso] => 
            [NaturezaReceita] => 
            [NaturezaDespesa] => 3.3.90.93.09
            [FuncaoSubfuncao] => 10.301
            [AnoInscricaoRestosAPagar] => 
            [DespesasMDEeASPS] => 
        )

    [153] => Array
        (
            [ContaContabil] => 5.2.2.1.1.01.00
            [Valor] => 500
            [ValorF] => 500,00
            [TipoValor] => ending_balance
            [NaturezaValor] => D
            [PoderOrgao] => 10131
            [FinanceiroPermanente] => 
            [DividaConsolidada] => 
            [FonteRecurso] => 1.211.0000
            [ComplementoFonteRecurso] => 
            [NaturezaReceita] => 
            [NaturezaDespesa] => 3.3.90.93.09
            [FuncaoSubfuncao] => 10.301
            [AnoInscricaoRestosAPagar] => 
            [DespesasMDEeASPS] => 
        )

    [154] => Array
        (
            [ContaContabil] => 5.2.2.1.1.01.00
            [Valor] => 5500
            [ValorF] => 5.500,00
            [TipoValor] => beginning_balance
            [NaturezaValor] => D
            [PoderOrgao] => 10131
            [FinanceiroPermanente] => 
            [DividaConsolidada] => 
            [FonteRecurso] => 1.211.0000
            [ComplementoFonteRecurso] => 
            [NaturezaReceita] => 
            [NaturezaDespesa] => 3.3.90.93.09
            [FuncaoSubfuncao] => 10.302
            [AnoInscricaoRestosAPagar] => 
            [DespesasMDEeASPS] => 
        )

    [155] => Array
        (
            [ContaContabil] => 5.2.2.1.1.01.00
            [Valor] => 5500
            [ValorF] => 5.500,00
            [TipoValor] => ending_balance
            [NaturezaValor] => D
            [PoderOrgao] => 10131
            [FinanceiroPermanente] => 
            [DividaConsolidada] => 
            [FonteRecurso] => 1.211.0000
            [ComplementoFonteRecurso] => 
            [NaturezaReceita] => 
            [NaturezaDespesa] => 3.3.90.93.09
            [FuncaoSubfuncao] => 10.302
            [AnoInscricaoRestosAPagar] => 
            [DespesasMDEeASPS] => 
        )

    [156] => Array
        (
            [ContaContabil] => 5.2.2.1.1.01.00
            [Valor] => 15000
            [ValorF] => 15.000,00
            [TipoValor] => beginning_balance
            [NaturezaValor] => D
            [PoderOrgao] => 10131
            [FinanceiroPermanente] => 
            [DividaConsolidada] => 
            [FonteRecurso] => 1.211.0000
            [ComplementoFonteRecurso] => 
            [NaturezaReceita] => 
            [NaturezaDespesa] => 3.3.90.93.09
            [FuncaoSubfuncao] => 10.303
            [AnoInscricaoRestosAPagar] => 
            [DespesasMDEeASPS] => 
        )

    [157] => Array
        (
            [ContaContabil] => 5.2.2.1.1.01.00
            [Valor] => 15000
            [ValorF] => 15.000,00
            [TipoValor] => ending_balance
            [NaturezaValor] => D
            [PoderOrgao] => 10131
            [FinanceiroPermanente] => 
            [DividaConsolidada] => 
            [FonteRecurso] => 1.211.0000
            [ComplementoFonteRecurso] => 
            [NaturezaReceita] => 
            [NaturezaDespesa] => 3.3.90.93.09
            [FuncaoSubfuncao] => 10.303
            [AnoInscricaoRestosAPagar] => 
            [DespesasMDEeASPS] => 
        )

    [158] => Array
        (
            [ContaContabil] => 5.2.2.1.1.01.00
            [Valor] => 500
            [ValorF] => 500,00
            [TipoValor] => beginning_balance
            [NaturezaValor] => D
            [PoderOrgao] => 10131
            [FinanceiroPermanente] => 
            [DividaConsolidada] => 
            [FonteRecurso] => 1.211.0000
            [ComplementoFonteRecurso] => 
            [NaturezaReceita] => 
            [NaturezaDespesa] => 3.3.90.93.09
            [FuncaoSubfuncao] => 10.305
            [AnoInscricaoRestosAPagar] => 
            [DespesasMDEeASPS] => 
        )

    [159] => Array
        (
            [ContaContabil] => 5.2.2.1.1.01.00
            [Valor] => 500
            [ValorF] => 500,00
            [TipoValor] => ending_balance
            [NaturezaValor] => D
            [PoderOrgao] => 10131
            [FinanceiroPermanente] => 
            [DividaConsolidada] => 
            [FonteRecurso] => 1.211.0000
            [ComplementoFonteRecurso] => 
            [NaturezaReceita] => 
            [NaturezaDespesa] => 3.3.90.93.09
            [FuncaoSubfuncao] => 10.305
            [AnoInscricaoRestosAPagar] => 
            [DespesasMDEeASPS] => 
        )

    [160] => Array
        (
            [ContaContabil] => 5.2.2.1.1.01.00
            [Valor] => 1000
            [ValorF] => 1.000,00
            [TipoValor] => beginning_balance
            [NaturezaValor] => D
            [PoderOrgao] => 10131
            [FinanceiroPermanente] => 
            [DividaConsolidada] => 
            [FonteRecurso] => 1.211.0000
            [ComplementoFonteRecurso] => 
            [NaturezaReceita] => 
            [NaturezaDespesa] => 3.3.90.93.09
            [FuncaoSubfuncao] => 10.785
            [AnoInscricaoRestosAPagar] => 
            [DespesasMDEeASPS] => 
        )

    [161] => Array
        (
            [ContaContabil] => 5.2.2.1.1.01.00
            [Valor] => 1000
            [ValorF] => 1.000,00
            [TipoValor] => ending_balance
            [NaturezaValor] => D
            [PoderOrgao] => 10131
            [FinanceiroPermanente] => 
            [DividaConsolidada] => 
            [FonteRecurso] => 1.211.0000
            [ComplementoFonteRecurso] => 
            [NaturezaReceita] => 
            [NaturezaDespesa] => 3.3.90.93.09
            [FuncaoSubfuncao] => 10.785
            [AnoInscricaoRestosAPagar] => 
            [DespesasMDEeASPS] => 
        )

    [162] => Array
        (
            [ContaContabil] => 5.2.2.1.1.01.00
            [Valor] => 20777.78
            [ValorF] => 20.777,78
            [TipoValor] => beginning_balance
            [NaturezaValor] => D
            [PoderOrgao] => 10131
            [FinanceiroPermanente] => 
            [DividaConsolidada] => 
            [FonteRecurso] => 1.211.0000
            [ComplementoFonteRecurso] => 
            [NaturezaReceita] => 
            [NaturezaDespesa] => 3.3.93.39.03
            [FuncaoSubfuncao] => 10.301
            [AnoInscricaoRestosAPagar] => 
            [DespesasMDEeASPS] => 
        )

    [163] => Array
        (
            [ContaContabil] => 5.2.2.1.1.01.00
            [Valor] => 20777.78
            [ValorF] => 20.777,78
            [TipoValor] => ending_balance
            [NaturezaValor] => D
            [PoderOrgao] => 10131
            [FinanceiroPermanente] => 
            [DividaConsolidada] => 
            [FonteRecurso] => 1.211.0000
            [ComplementoFonteRecurso] => 
            [NaturezaReceita] => 
            [NaturezaDespesa] => 3.3.93.39.03
            [FuncaoSubfuncao] => 10.301
            [AnoInscricaoRestosAPagar] => 
            [DespesasMDEeASPS] => 
        )

    [164] => Array
        (
            [ContaContabil] => 5.2.2.1.1.01.00
            [Valor] => 500
            [ValorF] => 500,00
            [TipoValor] => beginning_balance
            [NaturezaValor] => D
            [PoderOrgao] => 10131
            [FinanceiroPermanente] => 
            [DividaConsolidada] => 
            [FonteRecurso] => 1.211.0000
            [ComplementoFonteRecurso] => 
            [NaturezaReceita] => 
            [NaturezaDespesa] => 4.4.90.40.04
            [FuncaoSubfuncao] => 10.122
            [AnoInscricaoRestosAPagar] => 
            [DespesasMDEeASPS] => 
        )

    [165] => Array
        (
            [ContaContabil] => 5.2.2.1.1.01.00
            [Valor] => 500
            [ValorF] => 500,00
            [TipoValor] => ending_balance
            [NaturezaValor] => D
            [PoderOrgao] => 10131
            [FinanceiroPermanente] => 
            [DividaConsolidada] => 
            [FonteRecurso] => 1.211.0000
            [ComplementoFonteRecurso] => 
            [NaturezaReceita] => 
            [NaturezaDespesa] => 4.4.90.40.04
            [FuncaoSubfuncao] => 10.122
            [AnoInscricaoRestosAPagar] => 
            [DespesasMDEeASPS] => 
        )

    [166] => Array
        (
            [ContaContabil] => 5.2.2.1.1.01.00
            [Valor] => 2000
            [ValorF] => 2.000,00
            [TipoValor] => beginning_balance
            [NaturezaValor] => D
            [PoderOrgao] => 10131
            [FinanceiroPermanente] => 
            [DividaConsolidada] => 
            [FonteRecurso] => 1.211.0000
            [ComplementoFonteRecurso] => 
            [NaturezaReceita] => 
            [NaturezaDespesa] => 4.4.90.40.04
            [FuncaoSubfuncao] => 10.126
            [AnoInscricaoRestosAPagar] => 
            [DespesasMDEeASPS] => 
        )

    [167] => Array
        (
            [ContaContabil] => 5.2.2.1.1.01.00
            [Valor] => 2000
            [ValorF] => 2.000,00
            [TipoValor] => ending_balance
            [NaturezaValor] => D
            [PoderOrgao] => 10131
            [FinanceiroPermanente] => 
            [DividaConsolidada] => 
            [FonteRecurso] => 1.211.0000
            [ComplementoFonteRecurso] => 
            [NaturezaReceita] => 
            [NaturezaDespesa] => 4.4.90.40.04
            [FuncaoSubfuncao] => 10.126
            [AnoInscricaoRestosAPagar] => 
            [DespesasMDEeASPS] => 
        )

    [168] => Array
        (
            [ContaContabil] => 5.2.2.1.1.01.00
            [Valor] => 2500
            [ValorF] => 2.500,00
            [TipoValor] => beginning_balance
            [NaturezaValor] => D
            [PoderOrgao] => 10131
            [FinanceiroPermanente] => 
            [DividaConsolidada] => 
            [FonteRecurso] => 1.211.0000
            [ComplementoFonteRecurso] => 
            [NaturezaReceita] => 
            [NaturezaDespesa] => 4.4.90.40.04
            [FuncaoSubfuncao] => 10.301
            [AnoInscricaoRestosAPagar] => 
            [DespesasMDEeASPS] => 
        )

    [169] => Array
        (
            [ContaContabil] => 5.2.2.1.1.01.00
            [Valor] => 2500
            [ValorF] => 2.500,00
            [TipoValor] => ending_balance
            [NaturezaValor] => D
            [PoderOrgao] => 10131
            [FinanceiroPermanente] => 
            [DividaConsolidada] => 
            [FonteRecurso] => 1.211.0000
            [ComplementoFonteRecurso] => 
            [NaturezaReceita] => 
            [NaturezaDespesa] => 4.4.90.40.04
            [FuncaoSubfuncao] => 10.301
            [AnoInscricaoRestosAPagar] => 
            [DespesasMDEeASPS] => 
        )

    [170] => Array
        (
            [ContaContabil] => 5.2.2.1.1.01.00
            [Valor] => 500
            [ValorF] => 500,00
            [TipoValor] => beginning_balance
            [NaturezaValor] => D
            [PoderOrgao] => 10131
            [FinanceiroPermanente] => 
            [DividaConsolidada] => 
            [FonteRecurso] => 1.211.0000
            [ComplementoFonteRecurso] => 
            [NaturezaReceita] => 
            [NaturezaDespesa] => 4.4.90.40.04
            [FuncaoSubfuncao] => 10.302
            [AnoInscricaoRestosAPagar] => 
            [DespesasMDEeASPS] => 
        )

    [171] => Array
        (
            [ContaContabil] => 5.2.2.1.1.01.00
            [Valor] => 500
            [ValorF] => 500,00
            [TipoValor] => ending_balance
            [NaturezaValor] => D
            [PoderOrgao] => 10131
            [FinanceiroPermanente] => 
            [DividaConsolidada] => 
            [FonteRecurso] => 1.211.0000
            [ComplementoFonteRecurso] => 
            [NaturezaReceita] => 
            [NaturezaDespesa] => 4.4.90.40.04
            [FuncaoSubfuncao] => 10.302
            [AnoInscricaoRestosAPagar] => 
            [DespesasMDEeASPS] => 
        )

    [172] => Array
        (
            [ContaContabil] => 5.2.2.1.1.01.00
            [Valor] => 500
            [ValorF] => 500,00
            [TipoValor] => beginning_balance
            [NaturezaValor] => D
            [PoderOrgao] => 10131
            [FinanceiroPermanente] => 
            [DividaConsolidada] => 
            [FonteRecurso] => 1.211.0000
            [ComplementoFonteRecurso] => 
            [NaturezaReceita] => 
            [NaturezaDespesa] => 4.4.90.40.04
            [FuncaoSubfuncao] => 10.303
            [AnoInscricaoRestosAPagar] => 
            [DespesasMDEeASPS] => 
        )

    [173] => Array
        (
            [ContaContabil] => 5.2.2.1.1.01.00
            [Valor] => 500
            [ValorF] => 500,00
            [TipoValor] => ending_balance
            [NaturezaValor] => D
            [PoderOrgao] => 10131
            [FinanceiroPermanente] => 
            [DividaConsolidada] => 
            [FonteRecurso] => 1.211.0000
            [ComplementoFonteRecurso] => 
            [NaturezaReceita] => 
            [NaturezaDespesa] => 4.4.90.40.04
            [FuncaoSubfuncao] => 10.303
            [AnoInscricaoRestosAPagar] => 
            [DespesasMDEeASPS] => 
        )

    [174] => Array
        (
            [ContaContabil] => 5.2.2.1.1.01.00
            [Valor] => 500
            [ValorF] => 500,00
            [TipoValor] => beginning_balance
            [NaturezaValor] => D
            [PoderOrgao] => 10131
            [FinanceiroPermanente] => 
            [DividaConsolidada] => 
            [FonteRecurso] => 1.211.0000
            [ComplementoFonteRecurso] => 
            [NaturezaReceita] => 
            [NaturezaDespesa] => 4.4.90.40.04
            [FuncaoSubfuncao] => 10.304
            [AnoInscricaoRestosAPagar] => 
            [DespesasMDEeASPS] => 
        )

    [175] => Array
        (
            [ContaContabil] => 5.2.2.1.1.01.00
            [Valor] => 500
            [ValorF] => 500,00
            [TipoValor] => ending_balance
            [NaturezaValor] => D
            [PoderOrgao] => 10131
            [FinanceiroPermanente] => 
            [DividaConsolidada] => 
            [FonteRecurso] => 1.211.0000
            [ComplementoFonteRecurso] => 
            [NaturezaReceita] => 
            [NaturezaDespesa] => 4.4.90.40.04
            [FuncaoSubfuncao] => 10.304
            [AnoInscricaoRestosAPagar] => 
            [DespesasMDEeASPS] => 
        )

    [176] => Array
        (
            [ContaContabil] => 5.2.2.1.1.01.00
            [Valor] => 500
            [ValorF] => 500,00
            [TipoValor] => beginning_balance
            [NaturezaValor] => D
            [PoderOrgao] => 10131
            [FinanceiroPermanente] => 
            [DividaConsolidada] => 
            [FonteRecurso] => 1.211.0000
            [ComplementoFonteRecurso] => 
            [NaturezaReceita] => 
            [NaturezaDespesa] => 4.4.90.40.04
            [FuncaoSubfuncao] => 10.305
            [AnoInscricaoRestosAPagar] => 
            [DespesasMDEeASPS] => 
        )

    [177] => Array
        (
            [ContaContabil] => 5.2.2.1.1.01.00
            [Valor] => 500
            [ValorF] => 500,00
            [TipoValor] => ending_balance
            [NaturezaValor] => D
            [PoderOrgao] => 10131
            [FinanceiroPermanente] => 
            [DividaConsolidada] => 
            [FonteRecurso] => 1.211.0000
            [ComplementoFonteRecurso] => 
            [NaturezaReceita] => 
            [NaturezaDespesa] => 4.4.90.40.04
            [FuncaoSubfuncao] => 10.305
            [AnoInscricaoRestosAPagar] => 
            [DespesasMDEeASPS] => 
        )

    [178] => Array
        (
            [ContaContabil] => 5.2.2.1.1.01.00
            [Valor] => 47000
            [ValorF] => 47.000,00
            [TipoValor] => beginning_balance
            [NaturezaValor] => D
            [PoderOrgao] => 10131
            [FinanceiroPermanente] => 
            [DividaConsolidada] => 
            [FonteRecurso] => 1.211.0000
            [ComplementoFonteRecurso] => 
            [NaturezaReceita] => 
            [NaturezaDespesa] => 4.4.90.51.05
            [FuncaoSubfuncao] => 10.301
            [AnoInscricaoRestosAPagar] => 
            [DespesasMDEeASPS] => 
        )

    [179] => Array
        (
            [ContaContabil] => 5.2.2.1.1.01.00
            [Valor] => 47000
            [ValorF] => 47.000,00
            [TipoValor] => ending_balance
            [NaturezaValor] => D
            [PoderOrgao] => 10131
            [FinanceiroPermanente] => 
            [DividaConsolidada] => 
            [FonteRecurso] => 1.211.0000
            [ComplementoFonteRecurso] => 
            [NaturezaReceita] => 
            [NaturezaDespesa] => 4.4.90.51.05
            [FuncaoSubfuncao] => 10.301
            [AnoInscricaoRestosAPagar] => 
            [DespesasMDEeASPS] => 
        )

    [180] => Array
        (
            [ContaContabil] => 5.2.2.1.1.01.00
            [Valor] => 37777.76
            [ValorF] => 37.777,76
            [TipoValor] => beginning_balance
            [NaturezaValor] => D
            [PoderOrgao] => 10131
            [FinanceiroPermanente] => 
            [DividaConsolidada] => 
            [FonteRecurso] => 1.211.0000
            [ComplementoFonteRecurso] => 
            [NaturezaReceita] => 
            [NaturezaDespesa] => 4.4.90.51.05
            [FuncaoSubfuncao] => 10.304
            [AnoInscricaoRestosAPagar] => 
            [DespesasMDEeASPS] => 
        )

    [181] => Array
        (
            [ContaContabil] => 5.2.2.1.1.01.00
            [Valor] => 37777.76
            [ValorF] => 37.777,76
            [TipoValor] => ending_balance
            [NaturezaValor] => D
            [PoderOrgao] => 10131
            [FinanceiroPermanente] => 
            [DividaConsolidada] => 
            [FonteRecurso] => 1.211.0000
            [ComplementoFonteRecurso] => 
            [NaturezaReceita] => 
            [NaturezaDespesa] => 4.4.90.51.05
            [FuncaoSubfuncao] => 10.304
            [AnoInscricaoRestosAPagar] => 
            [DespesasMDEeASPS] => 
        )

    [182] => Array
        (
            [ContaContabil] => 5.2.2.1.1.01.00
            [Valor] => 1000
            [ValorF] => 1.000,00
            [TipoValor] => beginning_balance
            [NaturezaValor] => D
            [PoderOrgao] => 10131
            [FinanceiroPermanente] => 
            [DividaConsolidada] => 
            [FonteRecurso] => 1.211.0000
            [ComplementoFonteRecurso] => 
            [NaturezaReceita] => 
            [NaturezaDespesa] => 4.4.90.52.05
            [FuncaoSubfuncao] => 10.122
            [AnoInscricaoRestosAPagar] => 
            [DespesasMDEeASPS] => 
        )

    [183] => Array
        (
            [ContaContabil] => 5.2.2.1.1.01.00
            [Valor] => 1000
            [ValorF] => 1.000,00
            [TipoValor] => ending_balance
            [NaturezaValor] => D
            [PoderOrgao] => 10131
            [FinanceiroPermanente] => 
            [DividaConsolidada] => 
            [FonteRecurso] => 1.211.0000
            [ComplementoFonteRecurso] => 
            [NaturezaReceita] => 
            [NaturezaDespesa] => 4.4.90.52.05
            [FuncaoSubfuncao] => 10.122
            [AnoInscricaoRestosAPagar] => 
            [DespesasMDEeASPS] => 
        )

    [184] => Array
        (
            [ContaContabil] => 5.2.2.1.1.01.00
            [Valor] => 24388.88
            [ValorF] => 24.388,88
            [TipoValor] => beginning_balance
            [NaturezaValor] => D
            [PoderOrgao] => 10131
            [FinanceiroPermanente] => 
            [DividaConsolidada] => 
            [FonteRecurso] => 1.211.0000
            [ComplementoFonteRecurso] => 
            [NaturezaReceita] => 
            [NaturezaDespesa] => 4.4.90.52.05
            [FuncaoSubfuncao] => 10.301
            [AnoInscricaoRestosAPagar] => 
            [DespesasMDEeASPS] => 
        )

    [185] => Array
        (
            [ContaContabil] => 5.2.2.1.1.01.00
            [Valor] => 24388.88
            [ValorF] => 24.388,88
            [TipoValor] => ending_balance
            [NaturezaValor] => D
            [PoderOrgao] => 10131
            [FinanceiroPermanente] => 
            [DividaConsolidada] => 
            [FonteRecurso] => 1.211.0000
            [ComplementoFonteRecurso] => 
            [NaturezaReceita] => 
            [NaturezaDespesa] => 4.4.90.52.05
            [FuncaoSubfuncao] => 10.301
            [AnoInscricaoRestosAPagar] => 
            [DespesasMDEeASPS] => 
        )

    [186] => Array
        (
            [ContaContabil] => 5.2.2.1.1.01.00
            [Valor] => 2000
            [ValorF] => 2.000,00
            [TipoValor] => beginning_balance
            [NaturezaValor] => D
            [PoderOrgao] => 10131
            [FinanceiroPermanente] => 
            [DividaConsolidada] => 
            [FonteRecurso] => 1.211.0000
            [ComplementoFonteRecurso] => 
            [NaturezaReceita] => 
            [NaturezaDespesa] => 4.4.90.52.05
            [FuncaoSubfuncao] => 10.302
            [AnoInscricaoRestosAPagar] => 
            [DespesasMDEeASPS] => 
        )

    [187] => Array
        (
            [ContaContabil] => 5.2.2.1.1.01.00
            [Valor] => 2000
            [ValorF] => 2.000,00
            [TipoValor] => ending_balance
            [NaturezaValor] => D
            [PoderOrgao] => 10131
            [FinanceiroPermanente] => 
            [DividaConsolidada] => 
            [FonteRecurso] => 1.211.0000
            [ComplementoFonteRecurso] => 
            [NaturezaReceita] => 
            [NaturezaDespesa] => 4.4.90.52.05
            [FuncaoSubfuncao] => 10.302
            [AnoInscricaoRestosAPagar] => 
            [DespesasMDEeASPS] => 
        )

    [188] => Array
        (
            [ContaContabil] => 5.2.2.1.1.01.00
            [Valor] => 1000
            [ValorF] => 1.000,00
            [TipoValor] => beginning_balance
            [NaturezaValor] => D
            [PoderOrgao] => 10131
            [FinanceiroPermanente] => 
            [DividaConsolidada] => 
            [FonteRecurso] => 1.211.0000
            [ComplementoFonteRecurso] => 
            [NaturezaReceita] => 
            [NaturezaDespesa] => 4.4.90.52.05
            [FuncaoSubfuncao] => 10.303
            [AnoInscricaoRestosAPagar] => 
            [DespesasMDEeASPS] => 
        )

    [189] => Array
        (
            [ContaContabil] => 5.2.2.1.1.01.00
            [Valor] => 1000
            [ValorF] => 1.000,00
            [TipoValor] => ending_balance
            [NaturezaValor] => D
            [PoderOrgao] => 10131
            [FinanceiroPermanente] => 
            [DividaConsolidada] => 
            [FonteRecurso] => 1.211.0000
            [ComplementoFonteRecurso] => 
            [NaturezaReceita] => 
            [NaturezaDespesa] => 4.4.90.52.05
            [FuncaoSubfuncao] => 10.303
            [AnoInscricaoRestosAPagar] => 
            [DespesasMDEeASPS] => 
        )

    [190] => Array
        (
            [ContaContabil] => 5.2.2.1.1.01.00
            [Valor] => 1000
            [ValorF] => 1.000,00
            [TipoValor] => beginning_balance
            [NaturezaValor] => D
            [PoderOrgao] => 10131
            [FinanceiroPermanente] => 
            [DividaConsolidada] => 
            [FonteRecurso] => 1.211.0000
            [ComplementoFonteRecurso] => 
            [NaturezaReceita] => 
            [NaturezaDespesa] => 4.4.90.52.05
            [FuncaoSubfuncao] => 10.304
            [AnoInscricaoRestosAPagar] => 
            [DespesasMDEeASPS] => 
        )

    [191] => Array
        (
            [ContaContabil] => 5.2.2.1.1.01.00
            [Valor] => 1000
            [ValorF] => 1.000,00
            [TipoValor] => ending_balance
            [NaturezaValor] => D
            [PoderOrgao] => 10131
            [FinanceiroPermanente] => 
            [DividaConsolidada] => 
            [FonteRecurso] => 1.211.0000
            [ComplementoFonteRecurso] => 
            [NaturezaReceita] => 
            [NaturezaDespesa] => 4.4.90.52.05
            [FuncaoSubfuncao] => 10.304
            [AnoInscricaoRestosAPagar] => 
            [DespesasMDEeASPS] => 
        )

    [192] => Array
        (
            [ContaContabil] => 5.2.2.1.1.01.00
            [Valor] => 1000
            [ValorF] => 1.000,00
            [TipoValor] => beginning_balance
            [NaturezaValor] => D
            [PoderOrgao] => 10131
            [FinanceiroPermanente] => 
            [DividaConsolidada] => 
            [FonteRecurso] => 1.211.0000
            [ComplementoFonteRecurso] => 
            [NaturezaReceita] => 
            [NaturezaDespesa] => 4.4.90.52.05
            [FuncaoSubfuncao] => 10.305
            [AnoInscricaoRestosAPagar] => 
            [DespesasMDEeASPS] => 
        )

    [193] => Array
        (
            [ContaContabil] => 5.2.2.1.1.01.00
            [Valor] => 1000
            [ValorF] => 1.000,00
            [TipoValor] => ending_balance
            [NaturezaValor] => D
            [PoderOrgao] => 10131
            [FinanceiroPermanente] => 
            [DividaConsolidada] => 
            [FonteRecurso] => 1.211.0000
            [ComplementoFonteRecurso] => 
            [NaturezaReceita] => 
            [NaturezaDespesa] => 4.4.90.52.05
            [FuncaoSubfuncao] => 10.305
            [AnoInscricaoRestosAPagar] => 
            [DespesasMDEeASPS] => 
        )

    [194] => Array
        (
            [ContaContabil] => 5.2.2.1.2.01.00
            [Valor] => 15800
            [ValorF] => 15.800,00
            [TipoValor] => beginning_balance
            [NaturezaValor] => D
            [PoderOrgao] => 10131
            [FinanceiroPermanente] => 
            [DividaConsolidada] => 
            [FonteRecurso] => 1.211.0000
            [ComplementoFonteRecurso] => 
            [NaturezaReceita] => 
            [NaturezaDespesa] => 3.1.90.04.00
            [FuncaoSubfuncao] => 10.301
            [AnoInscricaoRestosAPagar] => 
            [DespesasMDEeASPS] => 
        )

    [195] => Array
        (
            [ContaContabil] => 5.2.2.1.2.01.00
            [Valor] => 16800
            [ValorF] => 16.800,00
            [TipoValor] => ending_balance
            [NaturezaValor] => D
            [PoderOrgao] => 10131
            [FinanceiroPermanente] => 
            [DividaConsolidada] => 
            [FonteRecurso] => 1.211.0000
            [ComplementoFonteRecurso] => 
            [NaturezaReceita] => 
            [NaturezaDespesa] => 3.1.90.04.00
            [FuncaoSubfuncao] => 10.301
            [AnoInscricaoRestosAPagar] => 
            [DespesasMDEeASPS] => 
        )

    [196] => Array
        (
            [ContaContabil] => 5.2.2.1.2.01.00
            [Valor] => 1000
            [ValorF] => 1.000,00
            [TipoValor] => period_change
            [NaturezaValor] => D
            [PoderOrgao] => 10131
            [FinanceiroPermanente] => 
            [DividaConsolidada] => 
            [FonteRecurso] => 1.211.0000
            [ComplementoFonteRecurso] => 
            [NaturezaReceita] => 
            [NaturezaDespesa] => 3.1.90.04.00
            [FuncaoSubfuncao] => 10.301
            [AnoInscricaoRestosAPagar] => 
            [DespesasMDEeASPS] => 
        )

    [197] => Array
        (
            [ContaContabil] => 5.2.2.1.2.01.00
            [Valor] => 95000
            [ValorF] => 95.000,00
            [TipoValor] => beginning_balance
            [NaturezaValor] => D
            [PoderOrgao] => 10131
            [FinanceiroPermanente] => 
            [DividaConsolidada] => 
            [FonteRecurso] => 1.211.0000
            [ComplementoFonteRecurso] => 
            [NaturezaReceita] => 
            [NaturezaDespesa] => 3.1.90.04.00
            [FuncaoSubfuncao] => 10.302
            [AnoInscricaoRestosAPagar] => 
            [DespesasMDEeASPS] => 
        )

    [198] => Array
        (
            [ContaContabil] => 5.2.2.1.2.01.00
            [Valor] => 95000
            [ValorF] => 95.000,00
            [TipoValor] => ending_balance
            [NaturezaValor] => D
            [PoderOrgao] => 10131
            [FinanceiroPermanente] => 
            [DividaConsolidada] => 
            [FonteRecurso] => 1.211.0000
            [ComplementoFonteRecurso] => 
            [NaturezaReceita] => 
            [NaturezaDespesa] => 3.1.90.04.00
            [FuncaoSubfuncao] => 10.302
            [AnoInscricaoRestosAPagar] => 
            [DespesasMDEeASPS] => 
        )

    [199] => Array
        (
            [ContaContabil] => 5.2.2.1.2.01.00
            [Valor] => 90000
            [ValorF] => 90.000,00
            [TipoValor] => beginning_balance
            [NaturezaValor] => D
            [PoderOrgao] => 10131
            [FinanceiroPermanente] => 
            [DividaConsolidada] => 
            [FonteRecurso] => 1.211.0000
            [ComplementoFonteRecurso] => 
            [NaturezaReceita] => 
            [NaturezaDespesa] => 3.1.90.11.01
            [FuncaoSubfuncao] => 10.272
            [AnoInscricaoRestosAPagar] => 
            [DespesasMDEeASPS] => 
        )

    [200] => Array
        (
            [ContaContabil] => 5.2.2.1.2.01.00
            [Valor] => 98000
            [ValorF] => 98.000,00
            [TipoValor] => ending_balance
            [NaturezaValor] => D
            [PoderOrgao] => 10131
            [FinanceiroPermanente] => 
            [DividaConsolidada] => 
            [FonteRecurso] => 1.211.0000
            [ComplementoFonteRecurso] => 
            [NaturezaReceita] => 
            [NaturezaDespesa] => 3.1.90.11.01
            [FuncaoSubfuncao] => 10.272
            [AnoInscricaoRestosAPagar] => 
            [DespesasMDEeASPS] => 
        )

    [201] => Array
        (
            [ContaContabil] => 5.2.2.1.2.01.00
            [Valor] => 8000
            [ValorF] => 8.000,00
            [TipoValor] => period_change
            [NaturezaValor] => D
            [PoderOrgao] => 10131
            [FinanceiroPermanente] => 
            [DividaConsolidada] => 
            [FonteRecurso] => 1.211.0000
            [ComplementoFonteRecurso] => 
            [NaturezaReceita] => 
            [NaturezaDespesa] => 3.1.90.11.01
            [FuncaoSubfuncao] => 10.272
            [AnoInscricaoRestosAPagar] => 
            [DespesasMDEeASPS] => 
        )

    [202] => Array
        (
            [ContaContabil] => 5.2.2.1.2.01.00
            [Valor] => 8500
            [ValorF] => 8.500,00
            [TipoValor] => beginning_balance
            [NaturezaValor] => D
            [PoderOrgao] => 10131
            [FinanceiroPermanente] => 
            [DividaConsolidada] => 
            [FonteRecurso] => 1.211.0000
            [ComplementoFonteRecurso] => 
            [NaturezaReceita] => 
            [NaturezaDespesa] => 3.1.90.11.01
            [FuncaoSubfuncao] => 10.301
            [AnoInscricaoRestosAPagar] => 
            [DespesasMDEeASPS] => 
        )

    [203] => Array
        (
            [ContaContabil] => 5.2.2.1.2.01.00
            [Valor] => 8500
            [ValorF] => 8.500,00
            [TipoValor] => ending_balance
            [NaturezaValor] => D
            [PoderOrgao] => 10131
            [FinanceiroPermanente] => 
            [DividaConsolidada] => 
            [FonteRecurso] => 1.211.0000
            [ComplementoFonteRecurso] => 
            [NaturezaReceita] => 
            [NaturezaDespesa] => 3.1.90.11.01
            [FuncaoSubfuncao] => 10.301
            [AnoInscricaoRestosAPagar] => 
            [DespesasMDEeASPS] => 
        )

    [204] => Array
        (
            [ContaContabil] => 5.2.2.1.2.01.00
            [Valor] => 67664.78
            [ValorF] => 67.664,78
            [TipoValor] => beginning_balance
            [NaturezaValor] => D
            [PoderOrgao] => 10131
            [FinanceiroPermanente] => 
            [DividaConsolidada] => 
            [FonteRecurso] => 1.290.0000
            [ComplementoFonteRecurso] => 
            [NaturezaReceita] => 
            [NaturezaDespesa] => 3.1.90.11.01
            [FuncaoSubfuncao] => 10.302
            [AnoInscricaoRestosAPagar] => 
            [DespesasMDEeASPS] => 
        )

    [205] => Array
        (
            [ContaContabil] => 5.2.2.1.2.01.00
            [Valor] => 89664.78
            [ValorF] => 89.664,78
            [TipoValor] => ending_balance
            [NaturezaValor] => D
            [PoderOrgao] => 10131
            [FinanceiroPermanente] => 
            [DividaConsolidada] => 
            [FonteRecurso] => 1.290.0000
            [ComplementoFonteRecurso] => 
            [NaturezaReceita] => 
            [NaturezaDespesa] => 3.1.90.11.01
            [FuncaoSubfuncao] => 10.302
            [AnoInscricaoRestosAPagar] => 
            [DespesasMDEeASPS] => 
        )

    [206] => Array
        (
            [ContaContabil] => 5.2.2.1.2.01.00
            [Valor] => 22000
            [ValorF] => 22.000,00
            [TipoValor] => period_change
            [NaturezaValor] => D
            [PoderOrgao] => 10131
            [FinanceiroPermanente] => 
            [DividaConsolidada] => 
            [FonteRecurso] => 1.290.0000
            [ComplementoFonteRecurso] => 
            [NaturezaReceita] => 
            [NaturezaDespesa] => 3.1.90.11.01
            [FuncaoSubfuncao] => 10.302
            [AnoInscricaoRestosAPagar] => 
            [DespesasMDEeASPS] => 
        )

    [207] => Array
        (
            [ContaContabil] => 5.2.2.1.2.01.00
            [Valor] => 99000
            [ValorF] => 99.000,00
            [TipoValor] => beginning_balance
            [NaturezaValor] => D
            [PoderOrgao] => 10131
            [FinanceiroPermanente] => 
            [DividaConsolidada] => 
            [FonteRecurso] => 1.214.0000
            [ComplementoFonteRecurso] => 
            [NaturezaReceita] => 
            [NaturezaDespesa] => 3.1.90.11.01
            [FuncaoSubfuncao] => 10.301
            [AnoInscricaoRestosAPagar] => 
            [DespesasMDEeASPS] => 
        )

    [208] => Array
        (
            [ContaContabil] => 5.2.2.1.2.01.00
            [Valor] => 136000
            [ValorF] => 136.000,00
            [TipoValor] => ending_balance
            [NaturezaValor] => D
            [PoderOrgao] => 10131
            [FinanceiroPermanente] => 
            [DividaConsolidada] => 
            [FonteRecurso] => 1.214.0000
            [ComplementoFonteRecurso] => 
            [NaturezaReceita] => 
            [NaturezaDespesa] => 3.1.90.11.01
            [FuncaoSubfuncao] => 10.301
            [AnoInscricaoRestosAPagar] => 
            [DespesasMDEeASPS] => 
        )

    [209] => Array
        (
            [ContaContabil] => 5.2.2.1.2.01.00
            [Valor] => 37000
            [ValorF] => 37.000,00
            [TipoValor] => period_change
            [NaturezaValor] => D
            [PoderOrgao] => 10131
            [FinanceiroPermanente] => 
            [DividaConsolidada] => 
            [FonteRecurso] => 1.214.0000
            [ComplementoFonteRecurso] => 
            [NaturezaReceita] => 
            [NaturezaDespesa] => 3.1.90.11.01
            [FuncaoSubfuncao] => 10.301
            [AnoInscricaoRestosAPagar] => 
            [DespesasMDEeASPS] => 
        )

    [210] => Array
        (
            [ContaContabil] => 5.2.2.1.2.01.00
            [Valor] => 8000
            [ValorF] => 8.000,00
            [TipoValor] => ending_balance
            [NaturezaValor] => D
            [PoderOrgao] => 10131
            [FinanceiroPermanente] => 
            [DividaConsolidada] => 
            [FonteRecurso] => 1.214.0000
            [ComplementoFonteRecurso] => 
            [NaturezaReceita] => 
            [NaturezaDespesa] => 3.1.90.11.01
            [FuncaoSubfuncao] => 10.305
            [AnoInscricaoRestosAPagar] => 
            [DespesasMDEeASPS] => 
        )

    [211] => Array
        (
            [ContaContabil] => 5.2.2.1.2.01.00
            [Valor] => 8000
            [ValorF] => 8.000,00
            [TipoValor] => period_change
            [NaturezaValor] => D
            [PoderOrgao] => 10131
            [FinanceiroPermanente] => 
            [DividaConsolidada] => 
            [FonteRecurso] => 1.214.0000
            [ComplementoFonteRecurso] => 
            [NaturezaReceita] => 
            [NaturezaDespesa] => 3.1.90.11.01
            [FuncaoSubfuncao] => 10.305
            [AnoInscricaoRestosAPagar] => 
            [DespesasMDEeASPS] => 
        )

    [212] => Array
        (
            [ContaContabil] => 5.2.2.1.2.01.00
            [Valor] => 90000
            [ValorF] => 90.000,00
            [TipoValor] => beginning_balance
            [NaturezaValor] => D
            [PoderOrgao] => 10131
            [FinanceiroPermanente] => 
            [DividaConsolidada] => 
            [FonteRecurso] => 1.214.0000
            [ComplementoFonteRecurso] => 
            [NaturezaReceita] => 
            [NaturezaDespesa] => 3.1.90.11.01
            [FuncaoSubfuncao] => 10.301
            [AnoInscricaoRestosAPagar] => 
            [DespesasMDEeASPS] => 
        )

    [213] => Array
        (
            [ContaContabil] => 5.2.2.1.2.01.00
            [Valor] => 90000
            [ValorF] => 90.000,00
            [TipoValor] => ending_balance
            [NaturezaValor] => D
            [PoderOrgao] => 10131
            [FinanceiroPermanente] => 
            [DividaConsolidada] => 
            [FonteRecurso] => 1.214.0000
            [ComplementoFonteRecurso] => 
            [NaturezaReceita] => 
            [NaturezaDespesa] => 3.1.90.11.01
            [FuncaoSubfuncao] => 10.301
            [AnoInscricaoRestosAPagar] => 
            [DespesasMDEeASPS] => 
        )

    [214] => Array
        (
            [ContaContabil] => 5.2.2.1.2.01.00
            [Valor] => 60000
            [ValorF] => 60.000,00
            [TipoValor] => beginning_balance
            [NaturezaValor] => D
            [PoderOrgao] => 10131
            [FinanceiroPermanente] => 
            [DividaConsolidada] => 
            [FonteRecurso] => 1.214.0000
            [ComplementoFonteRecurso] => 
            [NaturezaReceita] => 
            [NaturezaDespesa] => 3.1.90.11.01
            [FuncaoSubfuncao] => 10.305
            [AnoInscricaoRestosAPagar] => 
            [DespesasMDEeASPS] => 
        )

    [215] => Array
        (
            [ContaContabil] => 5.2.2.1.2.01.00
            [Valor] => 60000
            [ValorF] => 60.000,00
            [TipoValor] => ending_balance
            [NaturezaValor] => D
            [PoderOrgao] => 10131
            [FinanceiroPermanente] => 
            [DividaConsolidada] => 
            [FonteRecurso] => 1.214.0000
            [ComplementoFonteRecurso] => 
            [NaturezaReceita] => 
            [NaturezaDespesa] => 3.1.90.11.01
            [FuncaoSubfuncao] => 10.305
            [AnoInscricaoRestosAPagar] => 
            [DespesasMDEeASPS] => 
        )

    [216] => Array
        (
            [ContaContabil] => 5.2.2.1.2.01.00
            [Valor] => 20000
            [ValorF] => 20.000,00
            [TipoValor] => beginning_balance
            [NaturezaValor] => D
            [PoderOrgao] => 10131
            [FinanceiroPermanente] => 
            [DividaConsolidada] => 
            [FonteRecurso] => 1.211.0000
            [ComplementoFonteRecurso] => 
            [NaturezaReceita] => 
            [NaturezaDespesa] => 3.1.90.16.01
            [FuncaoSubfuncao] => 10.301
            [AnoInscricaoRestosAPagar] => 
            [DespesasMDEeASPS] => 
        )

    [217] => Array
        (
            [ContaContabil] => 5.2.2.1.2.01.00
            [Valor] => 20000
            [ValorF] => 20.000,00
            [TipoValor] => ending_balance
            [NaturezaValor] => D
            [PoderOrgao] => 10131
            [FinanceiroPermanente] => 
            [DividaConsolidada] => 
            [FonteRecurso] => 1.211.0000
            [ComplementoFonteRecurso] => 
            [NaturezaReceita] => 
            [NaturezaDespesa] => 3.1.90.16.01
            [FuncaoSubfuncao] => 10.301
            [AnoInscricaoRestosAPagar] => 
            [DespesasMDEeASPS] => 
        )

    [218] => Array
        (
            [ContaContabil] => 5.2.2.1.2.01.00
            [Valor] => 10000
            [ValorF] => 10.000,00
            [TipoValor] => beginning_balance
            [NaturezaValor] => D
            [PoderOrgao] => 10131
            [FinanceiroPermanente] => 
            [DividaConsolidada] => 
            [FonteRecurso] => 1.214.0000
            [ComplementoFonteRecurso] => 
            [NaturezaReceita] => 
            [NaturezaDespesa] => 3.1.90.16.01
            [FuncaoSubfuncao] => 10.301
            [AnoInscricaoRestosAPagar] => 
            [DespesasMDEeASPS] => 
        )

    [219] => Array
        (
            [ContaContabil] => 5.2.2.1.2.01.00
            [Valor] => 10000
            [ValorF] => 10.000,00
            [TipoValor] => ending_balance
            [NaturezaValor] => D
            [PoderOrgao] => 10131
            [FinanceiroPermanente] => 
            [DividaConsolidada] => 
            [FonteRecurso] => 1.214.0000
            [ComplementoFonteRecurso] => 
            [NaturezaReceita] => 
            [NaturezaDespesa] => 3.1.90.16.01
            [FuncaoSubfuncao] => 10.301
            [AnoInscricaoRestosAPagar] => 
            [DespesasMDEeASPS] => 
        )

    [220] => Array
        (
            [ContaContabil] => 5.2.2.1.2.01.00
            [Valor] => 8000
            [ValorF] => 8.000,00
            [TipoValor] => beginning_balance
            [NaturezaValor] => D
            [PoderOrgao] => 10131
            [FinanceiroPermanente] => 
            [DividaConsolidada] => 
            [FonteRecurso] => 1.211.0000
            [ComplementoFonteRecurso] => 
            [NaturezaReceita] => 
            [NaturezaDespesa] => 3.1.90.94.09
            [FuncaoSubfuncao] => 10.122
            [AnoInscricaoRestosAPagar] => 
            [DespesasMDEeASPS] => 
        )

    [221] => Array
        (
            [ContaContabil] => 5.2.2.1.2.01.00
            [Valor] => 8000
            [ValorF] => 8.000,00
            [TipoValor] => ending_balance
            [NaturezaValor] => D
            [PoderOrgao] => 10131
            [FinanceiroPermanente] => 
            [DividaConsolidada] => 
            [FonteRecurso] => 1.211.0000
            [ComplementoFonteRecurso] => 
            [NaturezaReceita] => 
            [NaturezaDespesa] => 3.1.90.94.09
            [FuncaoSubfuncao] => 10.122
            [AnoInscricaoRestosAPagar] => 
            [DespesasMDEeASPS] => 
        )

    [222] => Array
        (
            [ContaContabil] => 5.2.2.1.2.01.00
            [Valor] => 4500
            [ValorF] => 4.500,00
            [TipoValor] => beginning_balance
            [NaturezaValor] => D
            [PoderOrgao] => 10131
            [FinanceiroPermanente] => 
            [DividaConsolidada] => 
            [FonteRecurso] => 1.211.0000
            [ComplementoFonteRecurso] => 
            [NaturezaReceita] => 
            [NaturezaDespesa] => 3.1.90.94.09
            [FuncaoSubfuncao] => 10.301
            [AnoInscricaoRestosAPagar] => 
            [DespesasMDEeASPS] => 
        )

    [223] => Array
        (
            [ContaContabil] => 5.2.2.1.2.01.00
            [Valor] => 4500
            [ValorF] => 4.500,00
            [TipoValor] => ending_balance
            [NaturezaValor] => D
            [PoderOrgao] => 10131
            [FinanceiroPermanente] => 
            [DividaConsolidada] => 
            [FonteRecurso] => 1.211.0000
            [ComplementoFonteRecurso] => 
            [NaturezaReceita] => 
            [NaturezaDespesa] => 3.1.90.94.09
            [FuncaoSubfuncao] => 10.301
            [AnoInscricaoRestosAPagar] => 
            [DespesasMDEeASPS] => 
        )

    [224] => Array
        (
            [ContaContabil] => 5.2.2.1.2.01.00
            [Valor] => 13100
            [ValorF] => 13.100,00
            [TipoValor] => beginning_balance
            [NaturezaValor] => D
            [PoderOrgao] => 10131
            [FinanceiroPermanente] => 
            [DividaConsolidada] => 
            [FonteRecurso] => 1.211.0000
            [ComplementoFonteRecurso] => 
            [NaturezaReceita] => 
            [NaturezaDespesa] => 3.1.90.94.09
            [FuncaoSubfuncao] => 10.302
            [AnoInscricaoRestosAPagar] => 
            [DespesasMDEeASPS] => 
        )

    [225] => Array
        (
            [ContaContabil] => 5.2.2.1.2.01.00
            [Valor] => 13100
            [ValorF] => 13.100,00
            [TipoValor] => ending_balance
            [NaturezaValor] => D
            [PoderOrgao] => 10131
            [FinanceiroPermanente] => 
            [DividaConsolidada] => 
            [FonteRecurso] => 1.211.0000
            [ComplementoFonteRecurso] => 
            [NaturezaReceita] => 
            [NaturezaDespesa] => 3.1.90.94.09
            [FuncaoSubfuncao] => 10.302
            [AnoInscricaoRestosAPagar] => 
            [DespesasMDEeASPS] => 
        )

    [226] => Array
        (
            [ContaContabil] => 5.2.2.1.2.01.00
            [Valor] => 27938.07
            [ValorF] => 27.938,07
            [TipoValor] => ending_balance
            [NaturezaValor] => D
            [PoderOrgao] => 10131
            [FinanceiroPermanente] => 
            [DividaConsolidada] => 
            [FonteRecurso] => 1.214.0000
            [ComplementoFonteRecurso] => 
            [NaturezaReceita] => 
            [NaturezaDespesa] => 3.3.71.00.00
            [FuncaoSubfuncao] => 10.302
            [AnoInscricaoRestosAPagar] => 
            [DespesasMDEeASPS] => 
        )

    [227] => Array
        (
            [ContaContabil] => 5.2.2.1.2.01.00
            [Valor] => 27938.07
            [ValorF] => 27.938,07
            [TipoValor] => period_change
            [NaturezaValor] => D
            [PoderOrgao] => 10131
            [FinanceiroPermanente] => 
            [DividaConsolidada] => 
            [FonteRecurso] => 1.214.0000
            [ComplementoFonteRecurso] => 
            [NaturezaReceita] => 
            [NaturezaDespesa] => 3.3.71.00.00
            [FuncaoSubfuncao] => 10.302
            [AnoInscricaoRestosAPagar] => 
            [DespesasMDEeASPS] => 
        )

    [228] => Array
        (
            [ContaContabil] => 5.2.2.1.2.01.00
            [Valor] => 9000
            [ValorF] => 9.000,00
            [TipoValor] => beginning_balance
            [NaturezaValor] => D
            [PoderOrgao] => 10131
            [FinanceiroPermanente] => 
            [DividaConsolidada] => 
            [FonteRecurso] => 1.211.0000
            [ComplementoFonteRecurso] => 
            [NaturezaReceita] => 
            [NaturezaDespesa] => 3.3.90.14.01
            [FuncaoSubfuncao] => 10.785
            [AnoInscricaoRestosAPagar] => 
            [DespesasMDEeASPS] => 
        )

    [229] => Array
        (
            [ContaContabil] => 5.2.2.1.2.01.00
            [Valor] => 13800
            [ValorF] => 13.800,00
            [TipoValor] => ending_balance
            [NaturezaValor] => D
            [PoderOrgao] => 10131
            [FinanceiroPermanente] => 
            [DividaConsolidada] => 
            [FonteRecurso] => 1.211.0000
            [ComplementoFonteRecurso] => 
            [NaturezaReceita] => 
            [NaturezaDespesa] => 3.3.90.14.01
            [FuncaoSubfuncao] => 10.785
            [AnoInscricaoRestosAPagar] => 
            [DespesasMDEeASPS] => 
        )

    [230] => Array
        (
            [ContaContabil] => 5.2.2.1.2.01.00
            [Valor] => 4800
            [ValorF] => 4.800,00
            [TipoValor] => period_change
            [NaturezaValor] => D
            [PoderOrgao] => 10131
            [FinanceiroPermanente] => 
            [DividaConsolidada] => 
            [FonteRecurso] => 1.211.0000
            [ComplementoFonteRecurso] => 
            [NaturezaReceita] => 
            [NaturezaDespesa] => 3.3.90.14.01
            [FuncaoSubfuncao] => 10.785
            [AnoInscricaoRestosAPagar] => 
            [DespesasMDEeASPS] => 
        )

    [231] => Array
        (
            [ContaContabil] => 5.2.2.1.2.01.00
            [Valor] => 2000
            [ValorF] => 2.000,00
            [TipoValor] => beginning_balance
            [NaturezaValor] => D
            [PoderOrgao] => 10131
            [FinanceiroPermanente] => 
            [DividaConsolidada] => 
            [FonteRecurso] => 1.214.0000
            [ComplementoFonteRecurso] => 
            [NaturezaReceita] => 
            [NaturezaDespesa] => 3.3.90.14.01
            [FuncaoSubfuncao] => 10.303
            [AnoInscricaoRestosAPagar] => 
            [DespesasMDEeASPS] => 
        )

    [232] => Array
        (
            [ContaContabil] => 5.2.2.1.2.01.00
            [Valor] => 2000
            [ValorF] => 2.000,00
            [TipoValor] => ending_balance
            [NaturezaValor] => D
            [PoderOrgao] => 10131
            [FinanceiroPermanente] => 
            [DividaConsolidada] => 
            [FonteRecurso] => 1.214.0000
            [ComplementoFonteRecurso] => 
            [NaturezaReceita] => 
            [NaturezaDespesa] => 3.3.90.14.01
            [FuncaoSubfuncao] => 10.303
            [AnoInscricaoRestosAPagar] => 
            [DespesasMDEeASPS] => 
        )

    [233] => Array
        (
            [ContaContabil] => 5.2.2.1.2.01.00
            [Valor] => 4000
            [ValorF] => 4.000,00
            [TipoValor] => beginning_balance
            [NaturezaValor] => D
            [PoderOrgao] => 10131
            [FinanceiroPermanente] => 
            [DividaConsolidada] => 
            [FonteRecurso] => 1.211.0000
            [ComplementoFonteRecurso] => 
            [NaturezaReceita] => 
            [NaturezaDespesa] => 3.3.90.30.03
            [FuncaoSubfuncao] => 10.122
            [AnoInscricaoRestosAPagar] => 
            [DespesasMDEeASPS] => 
        )

    [234] => Array
        (
            [ContaContabil] => 5.2.2.1.2.01.00
            [Valor] => 4000
            [ValorF] => 4.000,00
            [TipoValor] => ending_balance
            [NaturezaValor] => D
            [PoderOrgao] => 10131
            [FinanceiroPermanente] => 
            [DividaConsolidada] => 
            [FonteRecurso] => 1.211.0000
            [ComplementoFonteRecurso] => 
            [NaturezaReceita] => 
            [NaturezaDespesa] => 3.3.90.30.03
            [FuncaoSubfuncao] => 10.122
            [AnoInscricaoRestosAPagar] => 
            [DespesasMDEeASPS] => 
        )

    [235] => Array
        (
            [ContaContabil] => 5.2.2.1.2.01.00
            [Valor] => 9500
            [ValorF] => 9.500,00
            [TipoValor] => beginning_balance
            [NaturezaValor] => D
            [PoderOrgao] => 10131
            [FinanceiroPermanente] => 
            [DividaConsolidada] => 
            [FonteRecurso] => 1.211.0000
            [ComplementoFonteRecurso] => 
            [NaturezaReceita] => 
            [NaturezaDespesa] => 3.3.90.30.03
            [FuncaoSubfuncao] => 10.301
            [AnoInscricaoRestosAPagar] => 
            [DespesasMDEeASPS] => 
        )

    [236] => Array
        (
            [ContaContabil] => 5.2.2.1.2.01.00
            [Valor] => 12910
            [ValorF] => 12.910,00
            [TipoValor] => ending_balance
            [NaturezaValor] => D
            [PoderOrgao] => 10131
            [FinanceiroPermanente] => 
            [DividaConsolidada] => 
            [FonteRecurso] => 1.211.0000
            [ComplementoFonteRecurso] => 
            [NaturezaReceita] => 
            [NaturezaDespesa] => 3.3.90.30.03
            [FuncaoSubfuncao] => 10.301
            [AnoInscricaoRestosAPagar] => 
            [DespesasMDEeASPS] => 
        )

    [237] => Array
        (
            [ContaContabil] => 5.2.2.1.2.01.00
            [Valor] => 3410
            [ValorF] => 3.410,00
            [TipoValor] => period_change
            [NaturezaValor] => D
            [PoderOrgao] => 10131
            [FinanceiroPermanente] => 
            [DividaConsolidada] => 
            [FonteRecurso] => 1.211.0000
            [ComplementoFonteRecurso] => 
            [NaturezaReceita] => 
            [NaturezaDespesa] => 3.3.90.30.03
            [FuncaoSubfuncao] => 10.301
            [AnoInscricaoRestosAPagar] => 
            [DespesasMDEeASPS] => 
        )

    [238] => Array
        (
            [ContaContabil] => 5.2.2.1.2.01.00
            [Valor] => 10000
            [ValorF] => 10.000,00
            [TipoValor] => beginning_balance
            [NaturezaValor] => D
            [PoderOrgao] => 10131
            [FinanceiroPermanente] => 
            [DividaConsolidada] => 
            [FonteRecurso] => 1.211.0000
            [ComplementoFonteRecurso] => 
            [NaturezaReceita] => 
            [NaturezaDespesa] => 3.3.90.30.03
            [FuncaoSubfuncao] => 10.302
            [AnoInscricaoRestosAPagar] => 
            [DespesasMDEeASPS] => 
        )

    [239] => Array
        (
            [ContaContabil] => 5.2.2.1.2.01.00
            [Valor] => 11500
            [ValorF] => 11.500,00
            [TipoValor] => ending_balance
            [NaturezaValor] => D
            [PoderOrgao] => 10131
            [FinanceiroPermanente] => 
            [DividaConsolidada] => 
            [FonteRecurso] => 1.211.0000
            [ComplementoFonteRecurso] => 
            [NaturezaReceita] => 
            [NaturezaDespesa] => 3.3.90.30.03
            [FuncaoSubfuncao] => 10.302
            [AnoInscricaoRestosAPagar] => 
            [DespesasMDEeASPS] => 
        )

    [240] => Array
        (
            [ContaContabil] => 5.2.2.1.2.01.00
            [Valor] => 1500
            [ValorF] => 1.500,00
            [TipoValor] => period_change
            [NaturezaValor] => D
            [PoderOrgao] => 10131
            [FinanceiroPermanente] => 
            [DividaConsolidada] => 
            [FonteRecurso] => 1.211.0000
            [ComplementoFonteRecurso] => 
            [NaturezaReceita] => 
            [NaturezaDespesa] => 3.3.90.30.03
            [FuncaoSubfuncao] => 10.302
            [AnoInscricaoRestosAPagar] => 
            [DespesasMDEeASPS] => 
        )

    [241] => Array
        (
            [ContaContabil] => 5.2.2.1.2.01.00
            [Valor] => 109000
            [ValorF] => 109.000,00
            [TipoValor] => beginning_balance
            [NaturezaValor] => D
            [PoderOrgao] => 10131
            [FinanceiroPermanente] => 
            [DividaConsolidada] => 
            [FonteRecurso] => 1.211.0000
            [ComplementoFonteRecurso] => 
            [NaturezaReceita] => 
            [NaturezaDespesa] => 3.3.90.30.03
            [FuncaoSubfuncao] => 10.303
            [AnoInscricaoRestosAPagar] => 
            [DespesasMDEeASPS] => 
        )

    [242] => Array
        (
            [ContaContabil] => 5.2.2.1.2.01.00
            [Valor] => 109000
            [ValorF] => 109.000,00
            [TipoValor] => ending_balance
            [NaturezaValor] => D
            [PoderOrgao] => 10131
            [FinanceiroPermanente] => 
            [DividaConsolidada] => 
            [FonteRecurso] => 1.211.0000
            [ComplementoFonteRecurso] => 
            [NaturezaReceita] => 
            [NaturezaDespesa] => 3.3.90.30.03
            [FuncaoSubfuncao] => 10.303
            [AnoInscricaoRestosAPagar] => 
            [DespesasMDEeASPS] => 
        )

    [243] => Array
        (
            [ContaContabil] => 5.2.2.1.2.01.00
            [Valor] => 23600
            [ValorF] => 23.600,00
            [TipoValor] => beginning_balance
            [NaturezaValor] => D
            [PoderOrgao] => 10131
            [FinanceiroPermanente] => 
            [DividaConsolidada] => 
            [FonteRecurso] => 1.211.0000
            [ComplementoFonteRecurso] => 
            [NaturezaReceita] => 
            [NaturezaDespesa] => 3.3.90.30.03
            [FuncaoSubfuncao] => 10.305
            [AnoInscricaoRestosAPagar] => 
            [DespesasMDEeASPS] => 
        )

    [244] => Array
        (
            [ContaContabil] => 5.2.2.1.2.01.00
            [Valor] => 23600
            [ValorF] => 23.600,00
            [TipoValor] => ending_balance
            [NaturezaValor] => D
            [PoderOrgao] => 10131
            [FinanceiroPermanente] => 
            [DividaConsolidada] => 
            [FonteRecurso] => 1.211.0000
            [ComplementoFonteRecurso] => 
            [NaturezaReceita] => 
            [NaturezaDespesa] => 3.3.90.30.03
            [FuncaoSubfuncao] => 10.305
            [AnoInscricaoRestosAPagar] => 
            [DespesasMDEeASPS] => 
        )

    [245] => Array
        (
            [ContaContabil] => 5.2.2.1.2.01.00
            [Valor] => 48000
            [ValorF] => 48.000,00
            [TipoValor] => beginning_balance
            [NaturezaValor] => D
            [PoderOrgao] => 10131
            [FinanceiroPermanente] => 
            [DividaConsolidada] => 
            [FonteRecurso] => 1.211.0000
            [ComplementoFonteRecurso] => 
            [NaturezaReceita] => 
            [NaturezaDespesa] => 3.3.90.30.03
            [FuncaoSubfuncao] => 10.785
            [AnoInscricaoRestosAPagar] => 
            [DespesasMDEeASPS] => 
        )

    [246] => Array
        (
            [ContaContabil] => 5.2.2.1.2.01.00
            [Valor] => 63000
            [ValorF] => 63.000,00
            [TipoValor] => ending_balance
            [NaturezaValor] => D
            [PoderOrgao] => 10131
            [FinanceiroPermanente] => 
            [DividaConsolidada] => 
            [FonteRecurso] => 1.211.0000
            [ComplementoFonteRecurso] => 
            [NaturezaReceita] => 
            [NaturezaDespesa] => 3.3.90.30.03
            [FuncaoSubfuncao] => 10.785
            [AnoInscricaoRestosAPagar] => 
            [DespesasMDEeASPS] => 
        )

    [247] => Array
        (
            [ContaContabil] => 5.2.2.1.2.01.00
            [Valor] => 15000
            [ValorF] => 15.000,00
            [TipoValor] => period_change
            [NaturezaValor] => D
            [PoderOrgao] => 10131
            [FinanceiroPermanente] => 
            [DividaConsolidada] => 
            [FonteRecurso] => 1.211.0000
            [ComplementoFonteRecurso] => 
            [NaturezaReceita] => 
            [NaturezaDespesa] => 3.3.90.30.03
            [FuncaoSubfuncao] => 10.785
            [AnoInscricaoRestosAPagar] => 
            [DespesasMDEeASPS] => 
        )

    [248] => Array
        (
            [ContaContabil] => 5.2.2.1.2.01.00
            [Valor] => 2720
            [ValorF] => 2.720,00
            [TipoValor] => beginning_balance
            [NaturezaValor] => D
            [PoderOrgao] => 10131
            [FinanceiroPermanente] => 
            [DividaConsolidada] => 
            [FonteRecurso] => 1.290.0000
            [ComplementoFonteRecurso] => 
            [NaturezaReceita] => 
            [NaturezaDespesa] => 3.3.90.30.03
            [FuncaoSubfuncao] => 10.305
            [AnoInscricaoRestosAPagar] => 
            [DespesasMDEeASPS] => 
        )

    [249] => Array
        (
            [ContaContabil] => 5.2.2.1.2.01.00
            [Valor] => 2720
            [ValorF] => 2.720,00
            [TipoValor] => ending_balance
            [NaturezaValor] => D
            [PoderOrgao] => 10131
            [FinanceiroPermanente] => 
            [DividaConsolidada] => 
            [FonteRecurso] => 1.290.0000
            [ComplementoFonteRecurso] => 
            [NaturezaReceita] => 
            [NaturezaDespesa] => 3.3.90.30.03
            [FuncaoSubfuncao] => 10.305
            [AnoInscricaoRestosAPagar] => 
            [DespesasMDEeASPS] => 
        )

    [250] => Array
        (
            [ContaContabil] => 5.2.2.1.2.01.00
            [Valor] => 10000
            [ValorF] => 10.000,00
            [TipoValor] => beginning_balance
            [NaturezaValor] => D
            [PoderOrgao] => 10131
            [FinanceiroPermanente] => 
            [DividaConsolidada] => 
            [FonteRecurso] => 1.214.0000
            [ComplementoFonteRecurso] => 
            [NaturezaReceita] => 
            [NaturezaDespesa] => 3.3.90.30.03
            [FuncaoSubfuncao] => 10.301
            [AnoInscricaoRestosAPagar] => 
            [DespesasMDEeASPS] => 
        )

    [251] => Array
        (
            [ContaContabil] => 5.2.2.1.2.01.00
            [Valor] => 10000
            [ValorF] => 10.000,00
            [TipoValor] => ending_balance
            [NaturezaValor] => D
            [PoderOrgao] => 10131
            [FinanceiroPermanente] => 
            [DividaConsolidada] => 
            [FonteRecurso] => 1.214.0000
            [ComplementoFonteRecurso] => 
            [NaturezaReceita] => 
            [NaturezaDespesa] => 3.3.90.30.03
            [FuncaoSubfuncao] => 10.301
            [AnoInscricaoRestosAPagar] => 
            [DespesasMDEeASPS] => 
        )

    [252] => Array
        (
            [ContaContabil] => 5.2.2.1.2.01.00
            [Valor] => 3000
            [ValorF] => 3.000,00
            [TipoValor] => beginning_balance
            [NaturezaValor] => D
            [PoderOrgao] => 10131
            [FinanceiroPermanente] => 
            [DividaConsolidada] => 
            [FonteRecurso] => 1.214.0000
            [ComplementoFonteRecurso] => 
            [NaturezaReceita] => 
            [NaturezaDespesa] => 3.3.90.30.03
            [FuncaoSubfuncao] => 10.303
            [AnoInscricaoRestosAPagar] => 
            [DespesasMDEeASPS] => 
        )

    [253] => Array
        (
            [ContaContabil] => 5.2.2.1.2.01.00
            [Valor] => 3000
            [ValorF] => 3.000,00
            [TipoValor] => ending_balance
            [NaturezaValor] => D
            [PoderOrgao] => 10131
            [FinanceiroPermanente] => 
            [DividaConsolidada] => 
            [FonteRecurso] => 1.214.0000
            [ComplementoFonteRecurso] => 
            [NaturezaReceita] => 
            [NaturezaDespesa] => 3.3.90.30.03
            [FuncaoSubfuncao] => 10.303
            [AnoInscricaoRestosAPagar] => 
            [DespesasMDEeASPS] => 
        )

    [254] => Array
        (
            [ContaContabil] => 5.2.2.1.2.01.00
            [Valor] => 17734
            [ValorF] => 17.734,00
            [TipoValor] => beginning_balance
            [NaturezaValor] => D
            [PoderOrgao] => 10131
            [FinanceiroPermanente] => 
            [DividaConsolidada] => 
            [FonteRecurso] => 1.215.0000
            [ComplementoFonteRecurso] => 
            [NaturezaReceita] => 
            [NaturezaDespesa] => 3.3.90.30.03
            [FuncaoSubfuncao] => 10.303
            [AnoInscricaoRestosAPagar] => 
            [DespesasMDEeASPS] => 
        )

    [255] => Array
        (
            [ContaContabil] => 5.2.2.1.2.01.00
            [Valor] => 17734
            [ValorF] => 17.734,00
            [TipoValor] => ending_balance
            [NaturezaValor] => D
            [PoderOrgao] => 10131
            [FinanceiroPermanente] => 
            [DividaConsolidada] => 
            [FonteRecurso] => 1.215.0000
            [ComplementoFonteRecurso] => 
            [NaturezaReceita] => 
            [NaturezaDespesa] => 3.3.90.30.03
            [FuncaoSubfuncao] => 10.303
            [AnoInscricaoRestosAPagar] => 
            [DespesasMDEeASPS] => 
        )

    [256] => Array
        (
            [ContaContabil] => 5.2.2.1.2.01.00
            [Valor] => 22544
            [ValorF] => 22.544,00
            [TipoValor] => beginning_balance
            [NaturezaValor] => D
            [PoderOrgao] => 10131
            [FinanceiroPermanente] => 
            [DividaConsolidada] => 
            [FonteRecurso] => 1.214.0000
            [ComplementoFonteRecurso] => 
            [NaturezaReceita] => 
            [NaturezaDespesa] => 3.3.90.30.03
            [FuncaoSubfuncao] => 10.305
            [AnoInscricaoRestosAPagar] => 
            [DespesasMDEeASPS] => 
        )

    [257] => Array
        (
            [ContaContabil] => 5.2.2.1.2.01.00
            [Valor] => 42544
            [ValorF] => 42.544,00
            [TipoValor] => ending_balance
            [NaturezaValor] => D
            [PoderOrgao] => 10131
            [FinanceiroPermanente] => 
            [DividaConsolidada] => 
            [FonteRecurso] => 1.214.0000
            [ComplementoFonteRecurso] => 
            [NaturezaReceita] => 
            [NaturezaDespesa] => 3.3.90.30.03
            [FuncaoSubfuncao] => 10.305
            [AnoInscricaoRestosAPagar] => 
            [DespesasMDEeASPS] => 
        )

    [258] => Array
        (
            [ContaContabil] => 5.2.2.1.2.01.00
            [Valor] => 20000
            [ValorF] => 20.000,00
            [TipoValor] => period_change
            [NaturezaValor] => D
            [PoderOrgao] => 10131
            [FinanceiroPermanente] => 
            [DividaConsolidada] => 
            [FonteRecurso] => 1.214.0000
            [ComplementoFonteRecurso] => 
            [NaturezaReceita] => 
            [NaturezaDespesa] => 3.3.90.30.03
            [FuncaoSubfuncao] => 10.305
            [AnoInscricaoRestosAPagar] => 
            [DespesasMDEeASPS] => 
        )

    [259] => Array
        (
            [ContaContabil] => 5.2.2.1.2.01.00
            [Valor] => 2184.06
            [ValorF] => 2.184,06
            [TipoValor] => beginning_balance
            [NaturezaValor] => D
            [PoderOrgao] => 10131
            [FinanceiroPermanente] => 
            [DividaConsolidada] => 
            [FonteRecurso] => 1.214.0000
            [ComplementoFonteRecurso] => 
            [NaturezaReceita] => 
            [NaturezaDespesa] => 3.3.90.30.03
            [FuncaoSubfuncao] => 10.301
            [AnoInscricaoRestosAPagar] => 
            [DespesasMDEeASPS] => 
        )

    [260] => Array
        (
            [ContaContabil] => 5.2.2.1.2.01.00
            [Valor] => 2184.06
            [ValorF] => 2.184,06
            [TipoValor] => ending_balance
            [NaturezaValor] => D
            [PoderOrgao] => 10131
            [FinanceiroPermanente] => 
            [DividaConsolidada] => 
            [FonteRecurso] => 1.214.0000
            [ComplementoFonteRecurso] => 
            [NaturezaReceita] => 
            [NaturezaDespesa] => 3.3.90.30.03
            [FuncaoSubfuncao] => 10.301
            [AnoInscricaoRestosAPagar] => 
            [DespesasMDEeASPS] => 
        )

    [261] => Array
        (
            [ContaContabil] => 5.2.2.1.2.01.00
            [Valor] => 10000
            [ValorF] => 10.000,00
            [TipoValor] => ending_balance
            [NaturezaValor] => D
            [PoderOrgao] => 10131
            [FinanceiroPermanente] => 
            [DividaConsolidada] => 
            [FonteRecurso] => 1.211.0000
            [ComplementoFonteRecurso] => 
            [NaturezaReceita] => 
            [NaturezaDespesa] => 3.3.90.32.03
            [FuncaoSubfuncao] => 10.303
            [AnoInscricaoRestosAPagar] => 
            [DespesasMDEeASPS] => 
        )

    [262] => Array
        (
            [ContaContabil] => 5.2.2.1.2.01.00
            [Valor] => 10000
            [ValorF] => 10.000,00
            [TipoValor] => period_change
            [NaturezaValor] => D
            [PoderOrgao] => 10131
            [FinanceiroPermanente] => 
            [DividaConsolidada] => 
            [FonteRecurso] => 1.211.0000
            [ComplementoFonteRecurso] => 
            [NaturezaReceita] => 
            [NaturezaDespesa] => 3.3.90.32.03
            [FuncaoSubfuncao] => 10.303
            [AnoInscricaoRestosAPagar] => 
            [DespesasMDEeASPS] => 
        )

    [263] => Array
        (
            [ContaContabil] => 5.2.2.1.2.01.00
            [Valor] => 2000
            [ValorF] => 2.000,00
            [TipoValor] => beginning_balance
            [NaturezaValor] => D
            [PoderOrgao] => 10131
            [FinanceiroPermanente] => 
            [DividaConsolidada] => 
            [FonteRecurso] => 1.211.0000
            [ComplementoFonteRecurso] => 
            [NaturezaReceita] => 
            [NaturezaDespesa] => 3.3.90.32.03
            [FuncaoSubfuncao] => 10.305
            [AnoInscricaoRestosAPagar] => 
            [DespesasMDEeASPS] => 
        )

    [264] => Array
        (
            [ContaContabil] => 5.2.2.1.2.01.00
            [Valor] => 2000
            [ValorF] => 2.000,00
            [TipoValor] => ending_balance
            [NaturezaValor] => D
            [PoderOrgao] => 10131
            [FinanceiroPermanente] => 
            [DividaConsolidada] => 
            [FonteRecurso] => 1.211.0000
            [ComplementoFonteRecurso] => 
            [NaturezaReceita] => 
            [NaturezaDespesa] => 3.3.90.32.03
            [FuncaoSubfuncao] => 10.305
            [AnoInscricaoRestosAPagar] => 
            [DespesasMDEeASPS] => 
        )

    [265] => Array
        (
            [ContaContabil] => 5.2.2.1.2.01.00
            [Valor] => 22000
            [ValorF] => 22.000,00
            [TipoValor] => beginning_balance
            [NaturezaValor] => D
            [PoderOrgao] => 10131
            [FinanceiroPermanente] => 
            [DividaConsolidada] => 
            [FonteRecurso] => 1.213.0000
            [ComplementoFonteRecurso] => 
            [NaturezaReceita] => 
            [NaturezaDespesa] => 3.3.90.32.03
            [FuncaoSubfuncao] => 10.303
            [AnoInscricaoRestosAPagar] => 
            [DespesasMDEeASPS] => 
        )

    [266] => Array
        (
            [ContaContabil] => 5.2.2.1.2.01.00
            [Valor] => 48598.45
            [ValorF] => 48.598,45
            [TipoValor] => ending_balance
            [NaturezaValor] => D
            [PoderOrgao] => 10131
            [FinanceiroPermanente] => 
            [DividaConsolidada] => 
            [FonteRecurso] => 1.213.0000
            [ComplementoFonteRecurso] => 
            [NaturezaReceita] => 
            [NaturezaDespesa] => 3.3.90.32.03
            [FuncaoSubfuncao] => 10.303
            [AnoInscricaoRestosAPagar] => 
            [DespesasMDEeASPS] => 
        )

    [267] => Array
        (
            [ContaContabil] => 5.2.2.1.2.01.00
            [Valor] => 26598.45
            [ValorF] => 26.598,45
            [TipoValor] => period_change
            [NaturezaValor] => D
            [PoderOrgao] => 10131
            [FinanceiroPermanente] => 
            [DividaConsolidada] => 
            [FonteRecurso] => 1.213.0000
            [ComplementoFonteRecurso] => 
            [NaturezaReceita] => 
            [NaturezaDespesa] => 3.3.90.32.03
            [FuncaoSubfuncao] => 10.303
            [AnoInscricaoRestosAPagar] => 
            [DespesasMDEeASPS] => 
        )

    [268] => Array
        (
            [ContaContabil] => 5.2.2.1.2.01.00
            [Valor] => 14316.6
            [ValorF] => 14.316,60
            [TipoValor] => beginning_balance
            [NaturezaValor] => D
            [PoderOrgao] => 10131
            [FinanceiroPermanente] => 
            [DividaConsolidada] => 
            [FonteRecurso] => 1.214.0000
            [ComplementoFonteRecurso] => 
            [NaturezaReceita] => 
            [NaturezaDespesa] => 3.3.90.32.03
            [FuncaoSubfuncao] => 10.303
            [AnoInscricaoRestosAPagar] => 
            [DespesasMDEeASPS] => 
        )

    [269] => Array
        (
            [ContaContabil] => 5.2.2.1.2.01.00
            [Valor] => 14316.6
            [ValorF] => 14.316,60
            [TipoValor] => ending_balance
            [NaturezaValor] => D
            [PoderOrgao] => 10131
            [FinanceiroPermanente] => 
            [DividaConsolidada] => 
            [FonteRecurso] => 1.214.0000
            [ComplementoFonteRecurso] => 
            [NaturezaReceita] => 
            [NaturezaDespesa] => 3.3.90.32.03
            [FuncaoSubfuncao] => 10.303
            [AnoInscricaoRestosAPagar] => 
            [DespesasMDEeASPS] => 
        )

    [270] => Array
        (
            [ContaContabil] => 5.2.2.1.2.01.00
            [Valor] => 3000
            [ValorF] => 3.000,00
            [TipoValor] => beginning_balance
            [NaturezaValor] => D
            [PoderOrgao] => 10131
            [FinanceiroPermanente] => 
            [DividaConsolidada] => 
            [FonteRecurso] => 1.214.0000
            [ComplementoFonteRecurso] => 
            [NaturezaReceita] => 
            [NaturezaDespesa] => 3.3.90.32.03
            [FuncaoSubfuncao] => 10.305
            [AnoInscricaoRestosAPagar] => 
            [DespesasMDEeASPS] => 
        )

    [271] => Array
        (
            [ContaContabil] => 5.2.2.1.2.01.00
            [Valor] => 3000
            [ValorF] => 3.000,00
            [TipoValor] => ending_balance
            [NaturezaValor] => D
            [PoderOrgao] => 10131
            [FinanceiroPermanente] => 
            [DividaConsolidada] => 
            [FonteRecurso] => 1.214.0000
            [ComplementoFonteRecurso] => 
            [NaturezaReceita] => 
            [NaturezaDespesa] => 3.3.90.32.03
            [FuncaoSubfuncao] => 10.305
            [AnoInscricaoRestosAPagar] => 
            [DespesasMDEeASPS] => 
        )

    [272] => Array
        (
            [ContaContabil] => 5.2.2.1.2.01.00
            [Valor] => 11000
            [ValorF] => 11.000,00
            [TipoValor] => beginning_balance
            [NaturezaValor] => D
            [PoderOrgao] => 10131
            [FinanceiroPermanente] => 
            [DividaConsolidada] => 
            [FonteRecurso] => 1.211.0000
            [ComplementoFonteRecurso] => 
            [NaturezaReceita] => 
            [NaturezaDespesa] => 3.3.90.33.03
            [FuncaoSubfuncao] => 10.785
            [AnoInscricaoRestosAPagar] => 
            [DespesasMDEeASPS] => 
        )

    [273] => Array
        (
            [ContaContabil] => 5.2.2.1.2.01.00
            [Valor] => 11000
            [ValorF] => 11.000,00
            [TipoValor] => ending_balance
            [NaturezaValor] => D
            [PoderOrgao] => 10131
            [FinanceiroPermanente] => 
            [DividaConsolidada] => 
            [FonteRecurso] => 1.211.0000
            [ComplementoFonteRecurso] => 
            [NaturezaReceita] => 
            [NaturezaDespesa] => 3.3.90.33.03
            [FuncaoSubfuncao] => 10.785
            [AnoInscricaoRestosAPagar] => 
            [DespesasMDEeASPS] => 
        )

    [274] => Array
        (
            [ContaContabil] => 5.2.2.1.2.01.00
            [Valor] => 3300
            [ValorF] => 3.300,00
            [TipoValor] => beginning_balance
            [NaturezaValor] => D
            [PoderOrgao] => 10131
            [FinanceiroPermanente] => 
            [DividaConsolidada] => 
            [FonteRecurso] => 1.211.0000
            [ComplementoFonteRecurso] => 
            [NaturezaReceita] => 
            [NaturezaDespesa] => 3.3.90.36.03
            [FuncaoSubfuncao] => 10.303
            [AnoInscricaoRestosAPagar] => 
            [DespesasMDEeASPS] => 
        )

    [275] => Array
        (
            [ContaContabil] => 5.2.2.1.2.01.00
            [Valor] => 3300
            [ValorF] => 3.300,00
            [TipoValor] => ending_balance
            [NaturezaValor] => D
            [PoderOrgao] => 10131
            [FinanceiroPermanente] => 
            [DividaConsolidada] => 
            [FonteRecurso] => 1.211.0000
            [ComplementoFonteRecurso] => 
            [NaturezaReceita] => 
            [NaturezaDespesa] => 3.3.90.36.03
            [FuncaoSubfuncao] => 10.303
            [AnoInscricaoRestosAPagar] => 
            [DespesasMDEeASPS] => 
        )

    [276] => Array
        (
            [ContaContabil] => 5.2.2.1.2.01.00
            [Valor] => 7600
            [ValorF] => 7.600,00
            [TipoValor] => beginning_balance
            [NaturezaValor] => D
            [PoderOrgao] => 10131
            [FinanceiroPermanente] => 
            [DividaConsolidada] => 
            [FonteRecurso] => 1.211.0000
            [ComplementoFonteRecurso] => 
            [NaturezaReceita] => 
            [NaturezaDespesa] => 3.3.90.39.03
            [FuncaoSubfuncao] => 10.122
            [AnoInscricaoRestosAPagar] => 
            [DespesasMDEeASPS] => 
        )

    [277] => Array
        (
            [ContaContabil] => 5.2.2.1.2.01.00
            [Valor] => 8600
            [ValorF] => 8.600,00
            [TipoValor] => ending_balance
            [NaturezaValor] => D
            [PoderOrgao] => 10131
            [FinanceiroPermanente] => 
            [DividaConsolidada] => 
            [FonteRecurso] => 1.211.0000
            [ComplementoFonteRecurso] => 
            [NaturezaReceita] => 
            [NaturezaDespesa] => 3.3.90.39.03
            [FuncaoSubfuncao] => 10.122
            [AnoInscricaoRestosAPagar] => 
            [DespesasMDEeASPS] => 
        )

    [278] => Array
        (
            [ContaContabil] => 5.2.2.1.2.01.00
            [Valor] => 1000
            [ValorF] => 1.000,00
            [TipoValor] => period_change
            [NaturezaValor] => D
            [PoderOrgao] => 10131
            [FinanceiroPermanente] => 
            [DividaConsolidada] => 
            [FonteRecurso] => 1.211.0000
            [ComplementoFonteRecurso] => 
            [NaturezaReceita] => 
            [NaturezaDespesa] => 3.3.90.39.03
            [FuncaoSubfuncao] => 10.122
            [AnoInscricaoRestosAPagar] => 
            [DespesasMDEeASPS] => 
        )

    [279] => Array
        (
            [ContaContabil] => 5.2.2.1.2.01.00
            [Valor] => 377000
            [ValorF] => 377.000,00
            [TipoValor] => beginning_balance
            [NaturezaValor] => D
            [PoderOrgao] => 10131
            [FinanceiroPermanente] => 
            [DividaConsolidada] => 
            [FonteRecurso] => 1.211.0000
            [ComplementoFonteRecurso] => 
            [NaturezaReceita] => 
            [NaturezaDespesa] => 3.3.90.39.03
            [FuncaoSubfuncao] => 10.301
            [AnoInscricaoRestosAPagar] => 
            [DespesasMDEeASPS] => 
        )

    [280] => Array
        (
            [ContaContabil] => 5.2.2.1.2.01.00
            [Valor] => 379350
            [ValorF] => 379.350,00
            [TipoValor] => ending_balance
            [NaturezaValor] => D
            [PoderOrgao] => 10131
            [FinanceiroPermanente] => 
            [DividaConsolidada] => 
            [FonteRecurso] => 1.211.0000
            [ComplementoFonteRecurso] => 
            [NaturezaReceita] => 
            [NaturezaDespesa] => 3.3.90.39.03
            [FuncaoSubfuncao] => 10.301
            [AnoInscricaoRestosAPagar] => 
            [DespesasMDEeASPS] => 
        )

    [281] => Array
        (
            [ContaContabil] => 5.2.2.1.2.01.00
            [Valor] => 2350
            [ValorF] => 2.350,00
            [TipoValor] => period_change
            [NaturezaValor] => D
            [PoderOrgao] => 10131
            [FinanceiroPermanente] => 
            [DividaConsolidada] => 
            [FonteRecurso] => 1.211.0000
            [ComplementoFonteRecurso] => 
            [NaturezaReceita] => 
            [NaturezaDespesa] => 3.3.90.39.03
            [FuncaoSubfuncao] => 10.301
            [AnoInscricaoRestosAPagar] => 
            [DespesasMDEeASPS] => 
        )

    [282] => Array
        (
            [ContaContabil] => 5.2.2.1.2.01.00
            [Valor] => 208500
            [ValorF] => 208.500,00
            [TipoValor] => beginning_balance
            [NaturezaValor] => D
            [PoderOrgao] => 10131
            [FinanceiroPermanente] => 
            [DividaConsolidada] => 
            [FonteRecurso] => 1.211.0000
            [ComplementoFonteRecurso] => 
            [NaturezaReceita] => 
            [NaturezaDespesa] => 3.3.90.39.03
            [FuncaoSubfuncao] => 10.302
            [AnoInscricaoRestosAPagar] => 
            [DespesasMDEeASPS] => 
        )

    [283] => Array
        (
            [ContaContabil] => 5.2.2.1.2.01.00
            [Valor] => 208500
            [ValorF] => 208.500,00
            [TipoValor] => ending_balance
            [NaturezaValor] => D
            [PoderOrgao] => 10131
            [FinanceiroPermanente] => 
            [DividaConsolidada] => 
            [FonteRecurso] => 1.211.0000
            [ComplementoFonteRecurso] => 
            [NaturezaReceita] => 
            [NaturezaDespesa] => 3.3.90.39.03
            [FuncaoSubfuncao] => 10.302
            [AnoInscricaoRestosAPagar] => 
            [DespesasMDEeASPS] => 
        )

    [284] => Array
        (
            [ContaContabil] => 5.2.2.1.2.01.00
            [Valor] => 89130
            [ValorF] => 89.130,00
            [TipoValor] => beginning_balance
            [NaturezaValor] => D
            [PoderOrgao] => 10131
            [FinanceiroPermanente] => 
            [DividaConsolidada] => 
            [FonteRecurso] => 1.211.0000
            [ComplementoFonteRecurso] => 
            [NaturezaReceita] => 
            [NaturezaDespesa] => 3.3.90.39.03
            [FuncaoSubfuncao] => 10.303
            [AnoInscricaoRestosAPagar] => 
            [DespesasMDEeASPS] => 
        )

    [285] => Array
        (
            [ContaContabil] => 5.2.2.1.2.01.00
            [Valor] => 89130
            [ValorF] => 89.130,00
            [TipoValor] => ending_balance
            [NaturezaValor] => D
            [PoderOrgao] => 10131
            [FinanceiroPermanente] => 
            [DividaConsolidada] => 
            [FonteRecurso] => 1.211.0000
            [ComplementoFonteRecurso] => 
            [NaturezaReceita] => 
            [NaturezaDespesa] => 3.3.90.39.03
            [FuncaoSubfuncao] => 10.303
            [AnoInscricaoRestosAPagar] => 
            [DespesasMDEeASPS] => 
        )

    [286] => Array
        (
            [ContaContabil] => 5.2.2.1.2.01.00
            [Valor] => 24000
            [ValorF] => 24.000,00
            [TipoValor] => beginning_balance
            [NaturezaValor] => D
            [PoderOrgao] => 10131
            [FinanceiroPermanente] => 
            [DividaConsolidada] => 
            [FonteRecurso] => 1.211.0000
            [ComplementoFonteRecurso] => 
            [NaturezaReceita] => 
            [NaturezaDespesa] => 3.3.90.39.03
            [FuncaoSubfuncao] => 10.305
            [AnoInscricaoRestosAPagar] => 
            [DespesasMDEeASPS] => 
        )

    [287] => Array
        (
            [ContaContabil] => 5.2.2.1.2.01.00
            [Valor] => 24000
            [ValorF] => 24.000,00
            [TipoValor] => ending_balance
            [NaturezaValor] => D
            [PoderOrgao] => 10131
            [FinanceiroPermanente] => 
            [DividaConsolidada] => 
            [FonteRecurso] => 1.211.0000
            [ComplementoFonteRecurso] => 
            [NaturezaReceita] => 
            [NaturezaDespesa] => 3.3.90.39.03
            [FuncaoSubfuncao] => 10.305
            [AnoInscricaoRestosAPagar] => 
            [DespesasMDEeASPS] => 
        )

    [288] => Array
        (
            [ContaContabil] => 5.2.2.1.2.01.00
            [Valor] => 65000
            [ValorF] => 65.000,00
            [TipoValor] => beginning_balance
            [NaturezaValor] => D
            [PoderOrgao] => 10131
            [FinanceiroPermanente] => 
            [DividaConsolidada] => 
            [FonteRecurso] => 1.214.0000
            [ComplementoFonteRecurso] => 
            [NaturezaReceita] => 
            [NaturezaDespesa] => 3.3.90.39.03
            [FuncaoSubfuncao] => 10.301
            [AnoInscricaoRestosAPagar] => 
            [DespesasMDEeASPS] => 
        )

    [289] => Array
        (
            [ContaContabil] => 5.2.2.1.2.01.00
            [Valor] => 65000
            [ValorF] => 65.000,00
            [TipoValor] => ending_balance
            [NaturezaValor] => D
            [PoderOrgao] => 10131
            [FinanceiroPermanente] => 
            [DividaConsolidada] => 
            [FonteRecurso] => 1.214.0000
            [ComplementoFonteRecurso] => 
            [NaturezaReceita] => 
            [NaturezaDespesa] => 3.3.90.39.03
            [FuncaoSubfuncao] => 10.301
            [AnoInscricaoRestosAPagar] => 
            [DespesasMDEeASPS] => 
        )

    [290] => Array
        (
            [ContaContabil] => 5.2.2.1.2.01.00
            [Valor] => 4150.12
            [ValorF] => 4.150,12
            [TipoValor] => beginning_balance
            [NaturezaValor] => D
            [PoderOrgao] => 10131
            [FinanceiroPermanente] => 
            [DividaConsolidada] => 
            [FonteRecurso] => 1.214.0000
            [ComplementoFonteRecurso] => 
            [NaturezaReceita] => 
            [NaturezaDespesa] => 3.3.90.39.03
            [FuncaoSubfuncao] => 10.303
            [AnoInscricaoRestosAPagar] => 
            [DespesasMDEeASPS] => 
        )

    [291] => Array
        (
            [ContaContabil] => 5.2.2.1.2.01.00
            [Valor] => 4150.12
            [ValorF] => 4.150,12
            [TipoValor] => ending_balance
            [NaturezaValor] => D
            [PoderOrgao] => 10131
            [FinanceiroPermanente] => 
            [DividaConsolidada] => 
            [FonteRecurso] => 1.214.0000
            [ComplementoFonteRecurso] => 
            [NaturezaReceita] => 
            [NaturezaDespesa] => 3.3.90.39.03
            [FuncaoSubfuncao] => 10.303
            [AnoInscricaoRestosAPagar] => 
            [DespesasMDEeASPS] => 
        )

    [292] => Array
        (
            [ContaContabil] => 5.2.2.1.2.01.00
            [Valor] => 8274.06
            [ValorF] => 8.274,06
            [TipoValor] => beginning_balance
            [NaturezaValor] => D
            [PoderOrgao] => 10131
            [FinanceiroPermanente] => 
            [DividaConsolidada] => 
            [FonteRecurso] => 1.215.0000
            [ComplementoFonteRecurso] => 
            [NaturezaReceita] => 
            [NaturezaDespesa] => 3.3.90.39.03
            [FuncaoSubfuncao] => 10.303
            [AnoInscricaoRestosAPagar] => 
            [DespesasMDEeASPS] => 
        )

    [293] => Array
        (
            [ContaContabil] => 5.2.2.1.2.01.00
            [Valor] => 8274.06
            [ValorF] => 8.274,06
            [TipoValor] => ending_balance
            [NaturezaValor] => D
            [PoderOrgao] => 10131
            [FinanceiroPermanente] => 
            [DividaConsolidada] => 
            [FonteRecurso] => 1.215.0000
            [ComplementoFonteRecurso] => 
            [NaturezaReceita] => 
            [NaturezaDespesa] => 3.3.90.39.03
            [FuncaoSubfuncao] => 10.303
            [AnoInscricaoRestosAPagar] => 
            [DespesasMDEeASPS] => 
        )

    [294] => Array
        (
            [ContaContabil] => 5.2.2.1.2.01.00
            [Valor] => 120000
            [ValorF] => 120.000,00
            [TipoValor] => beginning_balance
            [NaturezaValor] => D
            [PoderOrgao] => 10131
            [FinanceiroPermanente] => 
            [DividaConsolidada] => 
            [FonteRecurso] => 1.214.0000
            [ComplementoFonteRecurso] => 
            [NaturezaReceita] => 
            [NaturezaDespesa] => 3.3.90.39.03
            [FuncaoSubfuncao] => 10.301
            [AnoInscricaoRestosAPagar] => 
            [DespesasMDEeASPS] => 
        )

    [295] => Array
        (
            [ContaContabil] => 5.2.2.1.2.01.00
            [Valor] => 120000
            [ValorF] => 120.000,00
            [TipoValor] => ending_balance
            [NaturezaValor] => D
            [PoderOrgao] => 10131
            [FinanceiroPermanente] => 
            [DividaConsolidada] => 
            [FonteRecurso] => 1.214.0000
            [ComplementoFonteRecurso] => 
            [NaturezaReceita] => 
            [NaturezaDespesa] => 3.3.90.39.03
            [FuncaoSubfuncao] => 10.301
            [AnoInscricaoRestosAPagar] => 
            [DespesasMDEeASPS] => 
        )

    [296] => Array
        (
            [ContaContabil] => 5.2.2.1.2.01.00
            [Valor] => 11028
            [ValorF] => 11.028,00
            [TipoValor] => beginning_balance
            [NaturezaValor] => D
            [PoderOrgao] => 10131
            [FinanceiroPermanente] => 
            [DividaConsolidada] => 
            [FonteRecurso] => 1.214.0000
            [ComplementoFonteRecurso] => 
            [NaturezaReceita] => 
            [NaturezaDespesa] => 3.3.90.39.03
            [FuncaoSubfuncao] => 10.305
            [AnoInscricaoRestosAPagar] => 
            [DespesasMDEeASPS] => 
        )

    [297] => Array
        (
            [ContaContabil] => 5.2.2.1.2.01.00
            [Valor] => 21028
            [ValorF] => 21.028,00
            [TipoValor] => ending_balance
            [NaturezaValor] => D
            [PoderOrgao] => 10131
            [FinanceiroPermanente] => 
            [DividaConsolidada] => 
            [FonteRecurso] => 1.214.0000
            [ComplementoFonteRecurso] => 
            [NaturezaReceita] => 
            [NaturezaDespesa] => 3.3.90.39.03
            [FuncaoSubfuncao] => 10.305
            [AnoInscricaoRestosAPagar] => 
            [DespesasMDEeASPS] => 
        )

    [298] => Array
        (
            [ContaContabil] => 5.2.2.1.2.01.00
            [Valor] => 10000
            [ValorF] => 10.000,00
            [TipoValor] => period_change
            [NaturezaValor] => D
            [PoderOrgao] => 10131
            [FinanceiroPermanente] => 
            [DividaConsolidada] => 
            [FonteRecurso] => 1.214.0000
            [ComplementoFonteRecurso] => 
            [NaturezaReceita] => 
            [NaturezaDespesa] => 3.3.90.39.03
            [FuncaoSubfuncao] => 10.305
            [AnoInscricaoRestosAPagar] => 
            [DespesasMDEeASPS] => 
        )

    [299] => Array
        (
            [ContaContabil] => 5.2.2.1.2.01.00
            [Valor] => 3625
            [ValorF] => 3.625,00
            [TipoValor] => beginning_balance
            [NaturezaValor] => D
            [PoderOrgao] => 10131
            [FinanceiroPermanente] => 
            [DividaConsolidada] => 
            [FonteRecurso] => 1.211.0000
            [ComplementoFonteRecurso] => 
            [NaturezaReceita] => 
            [NaturezaDespesa] => 3.3.90.40.04
            [FuncaoSubfuncao] => 10.122
            [AnoInscricaoRestosAPagar] => 
            [DespesasMDEeASPS] => 
        )

    [300] => Array
        (
            [ContaContabil] => 5.2.2.1.2.01.00
            [Valor] => 4045
            [ValorF] => 4.045,00
            [TipoValor] => ending_balance
            [NaturezaValor] => D
            [PoderOrgao] => 10131
            [FinanceiroPermanente] => 
            [DividaConsolidada] => 
            [FonteRecurso] => 1.211.0000
            [ComplementoFonteRecurso] => 
            [NaturezaReceita] => 
            [NaturezaDespesa] => 3.3.90.40.04
            [FuncaoSubfuncao] => 10.122
            [AnoInscricaoRestosAPagar] => 
            [DespesasMDEeASPS] => 
        )

    [301] => Array
        (
            [ContaContabil] => 5.2.2.1.2.01.00
            [Valor] => 420
            [ValorF] => 420,00
            [TipoValor] => period_change
            [NaturezaValor] => D
            [PoderOrgao] => 10131
            [FinanceiroPermanente] => 
            [DividaConsolidada] => 
            [FonteRecurso] => 1.211.0000
            [ComplementoFonteRecurso] => 
            [NaturezaReceita] => 
            [NaturezaDespesa] => 3.3.90.40.04
            [FuncaoSubfuncao] => 10.122
            [AnoInscricaoRestosAPagar] => 
            [DespesasMDEeASPS] => 
        )

    [302] => Array
        (
            [ContaContabil] => 5.2.2.1.2.01.00
            [Valor] => 11820
            [ValorF] => 11.820,00
            [TipoValor] => beginning_balance
            [NaturezaValor] => D
            [PoderOrgao] => 10131
            [FinanceiroPermanente] => 
            [DividaConsolidada] => 
            [FonteRecurso] => 1.211.0000
            [ComplementoFonteRecurso] => 
            [NaturezaReceita] => 
            [NaturezaDespesa] => 3.3.90.40.04
            [FuncaoSubfuncao] => 10.301
            [AnoInscricaoRestosAPagar] => 
            [DespesasMDEeASPS] => 
        )

    [303] => Array
        (
            [ContaContabil] => 5.2.2.1.2.01.00
            [Valor] => 11820
            [ValorF] => 11.820,00
            [TipoValor] => ending_balance
            [NaturezaValor] => D
            [PoderOrgao] => 10131
            [FinanceiroPermanente] => 
            [DividaConsolidada] => 
            [FonteRecurso] => 1.211.0000
            [ComplementoFonteRecurso] => 
            [NaturezaReceita] => 
            [NaturezaDespesa] => 3.3.90.40.04
            [FuncaoSubfuncao] => 10.301
            [AnoInscricaoRestosAPagar] => 
            [DespesasMDEeASPS] => 
        )

    [304] => Array
        (
            [ContaContabil] => 5.2.2.1.2.01.00
            [Valor] => 160000
            [ValorF] => 160.000,00
            [TipoValor] => beginning_balance
            [NaturezaValor] => D
            [PoderOrgao] => 10131
            [FinanceiroPermanente] => 
            [DividaConsolidada] => 
            [FonteRecurso] => 1.211.0000
            [ComplementoFonteRecurso] => 
            [NaturezaReceita] => 
            [NaturezaDespesa] => 3.3.90.46.04
            [FuncaoSubfuncao] => 10.331
            [AnoInscricaoRestosAPagar] => 
            [DespesasMDEeASPS] => 
        )

    [305] => Array
        (
            [ContaContabil] => 5.2.2.1.2.01.00
            [Valor] => 160000
            [ValorF] => 160.000,00
            [TipoValor] => ending_balance
            [NaturezaValor] => D
            [PoderOrgao] => 10131
            [FinanceiroPermanente] => 
            [DividaConsolidada] => 
            [FonteRecurso] => 1.211.0000
            [ComplementoFonteRecurso] => 
            [NaturezaReceita] => 
            [NaturezaDespesa] => 3.3.90.46.04
            [FuncaoSubfuncao] => 10.331
            [AnoInscricaoRestosAPagar] => 
            [DespesasMDEeASPS] => 
        )

    [306] => Array
        (
            [ContaContabil] => 5.2.2.1.2.01.00
            [Valor] => 4000
            [ValorF] => 4.000,00
            [TipoValor] => beginning_balance
            [NaturezaValor] => D
            [PoderOrgao] => 10131
            [FinanceiroPermanente] => 
            [DividaConsolidada] => 
            [FonteRecurso] => 1.211.0000
            [ComplementoFonteRecurso] => 
            [NaturezaReceita] => 
            [NaturezaDespesa] => 3.3.90.93.09
            [FuncaoSubfuncao] => 10.302
            [AnoInscricaoRestosAPagar] => 
            [DespesasMDEeASPS] => 
        )

    [307] => Array
        (
            [ContaContabil] => 5.2.2.1.2.01.00
            [Valor] => 9000
            [ValorF] => 9.000,00
            [TipoValor] => ending_balance
            [NaturezaValor] => D
            [PoderOrgao] => 10131
            [FinanceiroPermanente] => 
            [DividaConsolidada] => 
            [FonteRecurso] => 1.211.0000
            [ComplementoFonteRecurso] => 
            [NaturezaReceita] => 
            [NaturezaDespesa] => 3.3.90.93.09
            [FuncaoSubfuncao] => 10.302
            [AnoInscricaoRestosAPagar] => 
            [DespesasMDEeASPS] => 
        )

    [308] => Array
        (
            [ContaContabil] => 5.2.2.1.2.01.00
            [Valor] => 5000
            [ValorF] => 5.000,00
            [TipoValor] => period_change
            [NaturezaValor] => D
            [PoderOrgao] => 10131
            [FinanceiroPermanente] => 
            [DividaConsolidada] => 
            [FonteRecurso] => 1.211.0000
            [ComplementoFonteRecurso] => 
            [NaturezaReceita] => 
            [NaturezaDespesa] => 3.3.90.93.09
            [FuncaoSubfuncao] => 10.302
            [AnoInscricaoRestosAPagar] => 
            [DespesasMDEeASPS] => 
        )

    [309] => Array
        (
            [ContaContabil] => 5.2.2.1.2.01.00
            [Valor] => 3000
            [ValorF] => 3.000,00
            [TipoValor] => beginning_balance
            [NaturezaValor] => D
            [PoderOrgao] => 10131
            [FinanceiroPermanente] => 
            [DividaConsolidada] => 
            [FonteRecurso] => 1.211.0000
            [ComplementoFonteRecurso] => 
            [NaturezaReceita] => 
            [NaturezaDespesa] => 3.3.90.93.09
            [FuncaoSubfuncao] => 10.303
            [AnoInscricaoRestosAPagar] => 
            [DespesasMDEeASPS] => 
        )

    [310] => Array
        (
            [ContaContabil] => 5.2.2.1.2.01.00
            [Valor] => 3000
            [ValorF] => 3.000,00
            [TipoValor] => ending_balance
            [NaturezaValor] => D
            [PoderOrgao] => 10131
            [FinanceiroPermanente] => 
            [DividaConsolidada] => 
            [FonteRecurso] => 1.211.0000
            [ComplementoFonteRecurso] => 
            [NaturezaReceita] => 
            [NaturezaDespesa] => 3.3.90.93.09
            [FuncaoSubfuncao] => 10.303
            [AnoInscricaoRestosAPagar] => 
            [DespesasMDEeASPS] => 
        )

    [311] => Array
        (
            [ContaContabil] => 5.2.2.1.2.01.00
            [Valor] => 25000
            [ValorF] => 25.000,00
            [TipoValor] => beginning_balance
            [NaturezaValor] => D
            [PoderOrgao] => 10131
            [FinanceiroPermanente] => 
            [DividaConsolidada] => 
            [FonteRecurso] => 1.211.0000
            [ComplementoFonteRecurso] => 
            [NaturezaReceita] => 
            [NaturezaDespesa] => 3.3.93.39.03
            [FuncaoSubfuncao] => 10.301
            [AnoInscricaoRestosAPagar] => 
            [DespesasMDEeASPS] => 
        )

    [312] => Array
        (
            [ContaContabil] => 5.2.2.1.2.01.00
            [Valor] => 25000
            [ValorF] => 25.000,00
            [TipoValor] => ending_balance
            [NaturezaValor] => D
            [PoderOrgao] => 10131
            [FinanceiroPermanente] => 
            [DividaConsolidada] => 
            [FonteRecurso] => 1.211.0000
            [ComplementoFonteRecurso] => 
            [NaturezaReceita] => 
            [NaturezaDespesa] => 3.3.93.39.03
            [FuncaoSubfuncao] => 10.301
            [AnoInscricaoRestosAPagar] => 
            [DespesasMDEeASPS] => 
        )

    [313] => Array
        (
            [ContaContabil] => 5.2.2.1.2.01.00
            [Valor] => 120000
            [ValorF] => 120.000,00
            [TipoValor] => beginning_balance
            [NaturezaValor] => D
            [PoderOrgao] => 10131
            [FinanceiroPermanente] => 
            [DividaConsolidada] => 
            [FonteRecurso] => 1.211.0000
            [ComplementoFonteRecurso] => 
            [NaturezaReceita] => 
            [NaturezaDespesa] => 3.3.93.39.03
            [FuncaoSubfuncao] => 10.302
            [AnoInscricaoRestosAPagar] => 
            [DespesasMDEeASPS] => 
        )

    [314] => Array
        (
            [ContaContabil] => 5.2.2.1.2.01.00
            [Valor] => 120000
            [ValorF] => 120.000,00
            [TipoValor] => ending_balance
            [NaturezaValor] => D
            [PoderOrgao] => 10131
            [FinanceiroPermanente] => 
            [DividaConsolidada] => 
            [FonteRecurso] => 1.211.0000
            [ComplementoFonteRecurso] => 
            [NaturezaReceita] => 
            [NaturezaDespesa] => 3.3.93.39.03
            [FuncaoSubfuncao] => 10.302
            [AnoInscricaoRestosAPagar] => 
            [DespesasMDEeASPS] => 
        )

    [315] => Array
        (
            [ContaContabil] => 5.2.2.1.2.01.00
            [Valor] => 1300
            [ValorF] => 1.300,00
            [TipoValor] => beginning_balance
            [NaturezaValor] => D
            [PoderOrgao] => 10131
            [FinanceiroPermanente] => 
            [DividaConsolidada] => 
            [FonteRecurso] => 1.211.0000
            [ComplementoFonteRecurso] => 
            [NaturezaReceita] => 
            [NaturezaDespesa] => 4.4.90.52.05
            [FuncaoSubfuncao] => 10.122
            [AnoInscricaoRestosAPagar] => 
            [DespesasMDEeASPS] => 
        )

    [316] => Array
        (
            [ContaContabil] => 5.2.2.1.2.01.00
            [Valor] => 1300
            [ValorF] => 1.300,00
            [TipoValor] => ending_balance
            [NaturezaValor] => D
            [PoderOrgao] => 10131
            [FinanceiroPermanente] => 
            [DividaConsolidada] => 
            [FonteRecurso] => 1.211.0000
            [ComplementoFonteRecurso] => 
            [NaturezaReceita] => 
            [NaturezaDespesa] => 4.4.90.52.05
            [FuncaoSubfuncao] => 10.122
            [AnoInscricaoRestosAPagar] => 
            [DespesasMDEeASPS] => 
        )

    [317] => Array
        (
            [ContaContabil] => 5.2.2.1.2.01.00
            [Valor] => 5000
            [ValorF] => 5.000,00
            [TipoValor] => beginning_balance
            [NaturezaValor] => D
            [PoderOrgao] => 10131
            [FinanceiroPermanente] => 
            [DividaConsolidada] => 
            [FonteRecurso] => 1.211.0000
            [ComplementoFonteRecurso] => 
            [NaturezaReceita] => 
            [NaturezaDespesa] => 4.4.90.52.05
            [FuncaoSubfuncao] => 10.301
            [AnoInscricaoRestosAPagar] => 
            [DespesasMDEeASPS] => 
        )

    [318] => Array
        (
            [ContaContabil] => 5.2.2.1.2.01.00
            [Valor] => 5000
            [ValorF] => 5.000,00
            [TipoValor] => ending_balance
            [NaturezaValor] => D
            [PoderOrgao] => 10131
            [FinanceiroPermanente] => 
            [DividaConsolidada] => 
            [FonteRecurso] => 1.211.0000
            [ComplementoFonteRecurso] => 
            [NaturezaReceita] => 
            [NaturezaDespesa] => 4.4.90.52.05
            [FuncaoSubfuncao] => 10.301
            [AnoInscricaoRestosAPagar] => 
            [DespesasMDEeASPS] => 
        )

    [319] => Array
        (
            [ContaContabil] => 5.2.2.1.2.01.00
            [Valor] => 4490
            [ValorF] => 4.490,00
            [TipoValor] => beginning_balance
            [NaturezaValor] => D
            [PoderOrgao] => 10131
            [FinanceiroPermanente] => 
            [DividaConsolidada] => 
            [FonteRecurso] => 1.211.0000
            [ComplementoFonteRecurso] => 
            [NaturezaReceita] => 
            [NaturezaDespesa] => 4.4.90.52.05
            [FuncaoSubfuncao] => 10.302
            [AnoInscricaoRestosAPagar] => 
            [DespesasMDEeASPS] => 
        )

    [320] => Array
        (
            [ContaContabil] => 5.2.2.1.2.01.00
            [Valor] => 4490
            [ValorF] => 4.490,00
            [TipoValor] => ending_balance
            [NaturezaValor] => D
            [PoderOrgao] => 10131
            [FinanceiroPermanente] => 
            [DividaConsolidada] => 
            [FonteRecurso] => 1.211.0000
            [ComplementoFonteRecurso] => 
            [NaturezaReceita] => 
            [NaturezaDespesa] => 4.4.90.52.05
            [FuncaoSubfuncao] => 10.302
            [AnoInscricaoRestosAPagar] => 
            [DespesasMDEeASPS] => 
        )

    [321] => Array
        (
            [ContaContabil] => 5.2.2.1.2.01.00
            [Valor] => 8000
            [ValorF] => 8.000,00
            [TipoValor] => beginning_balance
            [NaturezaValor] => D
            [PoderOrgao] => 10131
            [FinanceiroPermanente] => 
            [DividaConsolidada] => 
            [FonteRecurso] => 1.211.0000
            [ComplementoFonteRecurso] => 
            [NaturezaReceita] => 
            [NaturezaDespesa] => 4.4.90.52.05
            [FuncaoSubfuncao] => 10.782
            [AnoInscricaoRestosAPagar] => 
            [DespesasMDEeASPS] => 
        )

    [322] => Array
        (
            [ContaContabil] => 5.2.2.1.2.01.00
            [Valor] => 8000
            [ValorF] => 8.000,00
            [TipoValor] => ending_balance
            [NaturezaValor] => D
            [PoderOrgao] => 10131
            [FinanceiroPermanente] => 
            [DividaConsolidada] => 
            [FonteRecurso] => 1.211.0000
            [ComplementoFonteRecurso] => 
            [NaturezaReceita] => 
            [NaturezaDespesa] => 4.4.90.52.05
            [FuncaoSubfuncao] => 10.782
            [AnoInscricaoRestosAPagar] => 
            [DespesasMDEeASPS] => 
        )

    [323] => Array
        (
            [ContaContabil] => 5.2.2.1.2.01.00
            [Valor] => 19280
            [ValorF] => 19.280,00
            [TipoValor] => beginning_balance
            [NaturezaValor] => D
            [PoderOrgao] => 10131
            [FinanceiroPermanente] => 
            [DividaConsolidada] => 
            [FonteRecurso] => 1.290.0000
            [ComplementoFonteRecurso] => 
            [NaturezaReceita] => 
            [NaturezaDespesa] => 4.4.90.52.05
            [FuncaoSubfuncao] => 10.305
            [AnoInscricaoRestosAPagar] => 
            [DespesasMDEeASPS] => 
        )

    [324] => Array
        (
            [ContaContabil] => 5.2.2.1.2.01.00
            [Valor] => 19420.85
            [ValorF] => 19.420,85
            [TipoValor] => ending_balance
            [NaturezaValor] => D
            [PoderOrgao] => 10131
            [FinanceiroPermanente] => 
            [DividaConsolidada] => 
            [FonteRecurso] => 1.290.0000
            [ComplementoFonteRecurso] => 
            [NaturezaReceita] => 
            [NaturezaDespesa] => 4.4.90.52.05
            [FuncaoSubfuncao] => 10.305
            [AnoInscricaoRestosAPagar] => 
            [DespesasMDEeASPS] => 
        )

    [325] => Array
        (
            [ContaContabil] => 5.2.2.1.2.01.00
            [Valor] => 140.85
            [ValorF] => 140,85
            [TipoValor] => period_change
            [NaturezaValor] => D
            [PoderOrgao] => 10131
            [FinanceiroPermanente] => 
            [DividaConsolidada] => 
            [FonteRecurso] => 1.290.0000
            [ComplementoFonteRecurso] => 
            [NaturezaReceita] => 
            [NaturezaDespesa] => 4.4.90.52.05
            [FuncaoSubfuncao] => 10.305
            [AnoInscricaoRestosAPagar] => 
            [DespesasMDEeASPS] => 
        )

    [326] => Array
        (
            [ContaContabil] => 5.2.2.1.2.01.00
            [Valor] => 21300
            [ValorF] => 21.300,00
            [TipoValor] => beginning_balance
            [NaturezaValor] => D
            [PoderOrgao] => 10131
            [FinanceiroPermanente] => 
            [DividaConsolidada] => 
            [FonteRecurso] => 1.930.0000
            [ComplementoFonteRecurso] => 
            [NaturezaReceita] => 
            [NaturezaDespesa] => 4.4.90.52.05
            [FuncaoSubfuncao] => 10.301
            [AnoInscricaoRestosAPagar] => 
            [DespesasMDEeASPS] => 
        )

    [327] => Array
        (
            [ContaContabil] => 5.2.2.1.2.01.00
            [Valor] => 21300
            [ValorF] => 21.300,00
            [TipoValor] => ending_balance
            [NaturezaValor] => D
            [PoderOrgao] => 10131
            [FinanceiroPermanente] => 
            [DividaConsolidada] => 
            [FonteRecurso] => 1.930.0000
            [ComplementoFonteRecurso] => 
            [NaturezaReceita] => 
            [NaturezaDespesa] => 4.4.90.52.05
            [FuncaoSubfuncao] => 10.301
            [AnoInscricaoRestosAPagar] => 
            [DespesasMDEeASPS] => 
        )

    [328] => Array
        (
            [ContaContabil] => 5.2.2.1.2.01.00
            [Valor] => 18750
            [ValorF] => 18.750,00
            [TipoValor] => beginning_balance
            [NaturezaValor] => D
            [PoderOrgao] => 10131
            [FinanceiroPermanente] => 
            [DividaConsolidada] => 
            [FonteRecurso] => 1.930.0000
            [ComplementoFonteRecurso] => 
            [NaturezaReceita] => 
            [NaturezaDespesa] => 4.4.90.52.05
            [FuncaoSubfuncao] => 10.782
            [AnoInscricaoRestosAPagar] => 
            [DespesasMDEeASPS] => 
        )

    [329] => Array
        (
            [ContaContabil] => 5.2.2.1.2.01.00
            [Valor] => 18750
            [ValorF] => 18.750,00
            [TipoValor] => ending_balance
            [NaturezaValor] => D
            [PoderOrgao] => 10131
            [FinanceiroPermanente] => 
            [DividaConsolidada] => 
            [FonteRecurso] => 1.930.0000
            [ComplementoFonteRecurso] => 
            [NaturezaReceita] => 
            [NaturezaDespesa] => 4.4.90.52.05
            [FuncaoSubfuncao] => 10.782
            [AnoInscricaoRestosAPagar] => 
            [DespesasMDEeASPS] => 
        )

    [330] => Array
        (
            [ContaContabil] => 5.2.2.1.2.01.00
            [Valor] => 2889.52
            [ValorF] => 2.889,52
            [TipoValor] => beginning_balance
            [NaturezaValor] => D
            [PoderOrgao] => 10131
            [FinanceiroPermanente] => 
            [DividaConsolidada] => 
            [FonteRecurso] => 1.213.0000
            [ComplementoFonteRecurso] => 
            [NaturezaReceita] => 
            [NaturezaDespesa] => 4.4.90.52.05
            [FuncaoSubfuncao] => 10.301
            [AnoInscricaoRestosAPagar] => 
            [DespesasMDEeASPS] => 
        )

    [331] => Array
        (
            [ContaContabil] => 5.2.2.1.2.01.00
            [Valor] => 2889.52
            [ValorF] => 2.889,52
            [TipoValor] => ending_balance
            [NaturezaValor] => D
            [PoderOrgao] => 10131
            [FinanceiroPermanente] => 
            [DividaConsolidada] => 
            [FonteRecurso] => 1.213.0000
            [ComplementoFonteRecurso] => 
            [NaturezaReceita] => 
            [NaturezaDespesa] => 4.4.90.52.05
            [FuncaoSubfuncao] => 10.301
            [AnoInscricaoRestosAPagar] => 
            [DespesasMDEeASPS] => 
        )

    [332] => Array
        (
            [ContaContabil] => 5.2.2.1.2.01.00
            [Valor] => 10000
            [ValorF] => 10.000,00
            [TipoValor] => beginning_balance
            [NaturezaValor] => D
            [PoderOrgao] => 10131
            [FinanceiroPermanente] => 
            [DividaConsolidada] => 
            [FonteRecurso] => 1.215.0000
            [ComplementoFonteRecurso] => 
            [NaturezaReceita] => 
            [NaturezaDespesa] => 4.4.90.52.05
            [FuncaoSubfuncao] => 10.303
            [AnoInscricaoRestosAPagar] => 
            [DespesasMDEeASPS] => 
        )

    [333] => Array
        (
            [ContaContabil] => 5.2.2.1.2.01.00
            [Valor] => 10000
            [ValorF] => 10.000,00
            [TipoValor] => ending_balance
            [NaturezaValor] => D
            [PoderOrgao] => 10131
            [FinanceiroPermanente] => 
            [DividaConsolidada] => 
            [FonteRecurso] => 1.215.0000
            [ComplementoFonteRecurso] => 
            [NaturezaReceita] => 
            [NaturezaDespesa] => 4.4.90.52.05
            [FuncaoSubfuncao] => 10.303
            [AnoInscricaoRestosAPagar] => 
            [DespesasMDEeASPS] => 
        )

    [334] => Array
        (
            [ContaContabil] => 5.2.2.1.2.01.00
            [Valor] => 3000
            [ValorF] => 3.000,00
            [TipoValor] => beginning_balance
            [NaturezaValor] => D
            [PoderOrgao] => 10131
            [FinanceiroPermanente] => 
            [DividaConsolidada] => 
            [FonteRecurso] => 1.214.0000
            [ComplementoFonteRecurso] => 
            [NaturezaReceita] => 
            [NaturezaDespesa] => 4.4.90.52.05
            [FuncaoSubfuncao] => 10.305
            [AnoInscricaoRestosAPagar] => 
            [DespesasMDEeASPS] => 
        )

    [335] => Array
        (
            [ContaContabil] => 5.2.2.1.2.01.00
            [Valor] => 13000
            [ValorF] => 13.000,00
            [TipoValor] => ending_balance
            [NaturezaValor] => D
            [PoderOrgao] => 10131
            [FinanceiroPermanente] => 
            [DividaConsolidada] => 
            [FonteRecurso] => 1.214.0000
            [ComplementoFonteRecurso] => 
            [NaturezaReceita] => 
            [NaturezaDespesa] => 4.4.90.52.05
            [FuncaoSubfuncao] => 10.305
            [AnoInscricaoRestosAPagar] => 
            [DespesasMDEeASPS] => 
        )

    [336] => Array
        (
            [ContaContabil] => 5.2.2.1.2.01.00
            [Valor] => 10000
            [ValorF] => 10.000,00
            [TipoValor] => period_change
            [NaturezaValor] => D
            [PoderOrgao] => 10131
            [FinanceiroPermanente] => 
            [DividaConsolidada] => 
            [FonteRecurso] => 1.214.0000
            [ComplementoFonteRecurso] => 
            [NaturezaReceita] => 
            [NaturezaDespesa] => 4.4.90.52.05
            [FuncaoSubfuncao] => 10.305
            [AnoInscricaoRestosAPagar] => 
            [DespesasMDEeASPS] => 
        )

    [337] => Array
        (
            [ContaContabil] => 5.2.2.1.2.01.00
            [Valor] => 3054.84
            [ValorF] => 3.054,84
            [TipoValor] => beginning_balance
            [NaturezaValor] => D
            [PoderOrgao] => 10131
            [FinanceiroPermanente] => 
            [DividaConsolidada] => 
            [FonteRecurso] => 1.215.0000
            [ComplementoFonteRecurso] => 
            [NaturezaReceita] => 
            [NaturezaDespesa] => 4.4.90.52.05
            [FuncaoSubfuncao] => 10.301
            [AnoInscricaoRestosAPagar] => 
            [DespesasMDEeASPS] => 
        )

    [338] => Array
        (
            [ContaContabil] => 5.2.2.1.2.01.00
            [Valor] => 3054.84
            [ValorF] => 3.054,84
            [TipoValor] => ending_balance
            [NaturezaValor] => D
            [PoderOrgao] => 10131
            [FinanceiroPermanente] => 
            [DividaConsolidada] => 
            [FonteRecurso] => 1.215.0000
            [ComplementoFonteRecurso] => 
            [NaturezaReceita] => 
            [NaturezaDespesa] => 4.4.90.52.05
            [FuncaoSubfuncao] => 10.301
            [AnoInscricaoRestosAPagar] => 
            [DespesasMDEeASPS] => 
        )

    [339] => Array
        (
            [ContaContabil] => 5.2.2.1.2.02.01
            [Valor] => 153000
            [ValorF] => 153.000,00
            [TipoValor] => beginning_balance
            [NaturezaValor] => D
            [PoderOrgao] => 10131
            [FinanceiroPermanente] => 
            [DividaConsolidada] => 
            [FonteRecurso] => 1.211.0000
            [ComplementoFonteRecurso] => 
            [NaturezaReceita] => 
            [NaturezaDespesa] => 3.1.90.04.00
            [FuncaoSubfuncao] => 10.301
            [AnoInscricaoRestosAPagar] => 
            [DespesasMDEeASPS] => 
        )

    [340] => Array
        (
            [ContaContabil] => 5.2.2.1.2.02.01
            [Valor] => 153000
            [ValorF] => 153.000,00
            [TipoValor] => ending_balance
            [NaturezaValor] => D
            [PoderOrgao] => 10131
            [FinanceiroPermanente] => 
            [DividaConsolidada] => 
            [FonteRecurso] => 1.211.0000
            [ComplementoFonteRecurso] => 
            [NaturezaReceita] => 
            [NaturezaDespesa] => 3.1.90.04.00
            [FuncaoSubfuncao] => 10.301
            [AnoInscricaoRestosAPagar] => 
            [DespesasMDEeASPS] => 
        )

    [341] => Array
        (
            [ContaContabil] => 5.2.2.1.2.02.01
            [Valor] => 43000
            [ValorF] => 43.000,00
            [TipoValor] => beginning_balance
            [NaturezaValor] => D
            [PoderOrgao] => 10131
            [FinanceiroPermanente] => 
            [DividaConsolidada] => 
            [FonteRecurso] => 1.214.0000
            [ComplementoFonteRecurso] => 
            [NaturezaReceita] => 
            [NaturezaDespesa] => 3.1.90.04.00
            [FuncaoSubfuncao] => 10.301
            [AnoInscricaoRestosAPagar] => 
            [DespesasMDEeASPS] => 
        )

    [342] => Array
        (
            [ContaContabil] => 5.2.2.1.2.02.01
            [Valor] => 43000
            [ValorF] => 43.000,00
            [TipoValor] => ending_balance
            [NaturezaValor] => D
            [PoderOrgao] => 10131
            [FinanceiroPermanente] => 
            [DividaConsolidada] => 
            [FonteRecurso] => 1.214.0000
            [ComplementoFonteRecurso] => 
            [NaturezaReceita] => 
            [NaturezaDespesa] => 3.1.90.04.00
            [FuncaoSubfuncao] => 10.301
            [AnoInscricaoRestosAPagar] => 
            [DespesasMDEeASPS] => 
        )

    [343] => Array
        (
            [ContaContabil] => 5.2.2.1.2.02.01
            [Valor] => 10000
            [ValorF] => 10.000,00
            [TipoValor] => beginning_balance
            [NaturezaValor] => D
            [PoderOrgao] => 10131
            [FinanceiroPermanente] => 
            [DividaConsolidada] => 
            [FonteRecurso] => 1.211.0000
            [ComplementoFonteRecurso] => 
            [NaturezaReceita] => 
            [NaturezaDespesa] => 3.1.90.11.01
            [FuncaoSubfuncao] => 10.272
            [AnoInscricaoRestosAPagar] => 
            [DespesasMDEeASPS] => 
        )

    [344] => Array
        (
            [ContaContabil] => 5.2.2.1.2.02.01
            [Valor] => 10000
            [ValorF] => 10.000,00
            [TipoValor] => ending_balance
            [NaturezaValor] => D
            [PoderOrgao] => 10131
            [FinanceiroPermanente] => 
            [DividaConsolidada] => 
            [FonteRecurso] => 1.211.0000
            [ComplementoFonteRecurso] => 
            [NaturezaReceita] => 
            [NaturezaDespesa] => 3.1.90.11.01
            [FuncaoSubfuncao] => 10.272
            [AnoInscricaoRestosAPagar] => 
            [DespesasMDEeASPS] => 
        )

    [345] => Array
        (
            [ContaContabil] => 5.2.2.1.2.02.01
            [Valor] => 54000
            [ValorF] => 54.000,00
            [TipoValor] => beginning_balance
            [NaturezaValor] => D
            [PoderOrgao] => 10131
            [FinanceiroPermanente] => 
            [DividaConsolidada] => 
            [FonteRecurso] => 1.211.0000
            [ComplementoFonteRecurso] => 
            [NaturezaReceita] => 
            [NaturezaDespesa] => 3.3.71.00.00
            [FuncaoSubfuncao] => 10.302
            [AnoInscricaoRestosAPagar] => 
            [DespesasMDEeASPS] => 
        )

    [346] => Array
        (
            [ContaContabil] => 5.2.2.1.2.02.01
            [Valor] => 54000
            [ValorF] => 54.000,00
            [TipoValor] => ending_balance
            [NaturezaValor] => D
            [PoderOrgao] => 10131
            [FinanceiroPermanente] => 
            [DividaConsolidada] => 
            [FonteRecurso] => 1.211.0000
            [ComplementoFonteRecurso] => 
            [NaturezaReceita] => 
            [NaturezaDespesa] => 3.3.71.00.00
            [FuncaoSubfuncao] => 10.302
            [AnoInscricaoRestosAPagar] => 
            [DespesasMDEeASPS] => 
        )

    [347] => Array
        (
            [ContaContabil] => 5.2.2.1.2.02.01
            [Valor] => 12309.45
            [ValorF] => 12.309,45
            [TipoValor] => beginning_balance
            [NaturezaValor] => D
            [PoderOrgao] => 10131
            [FinanceiroPermanente] => 
            [DividaConsolidada] => 
            [FonteRecurso] => 1.214.0000
            [ComplementoFonteRecurso] => 
            [NaturezaReceita] => 
            [NaturezaDespesa] => 3.3.71.00.00
            [FuncaoSubfuncao] => 10.302
            [AnoInscricaoRestosAPagar] => 
            [DespesasMDEeASPS] => 
        )

    [348] => Array
        (
            [ContaContabil] => 5.2.2.1.2.02.01
            [Valor] => 12309.45
            [ValorF] => 12.309,45
            [TipoValor] => ending_balance
            [NaturezaValor] => D
            [PoderOrgao] => 10131
            [FinanceiroPermanente] => 
            [DividaConsolidada] => 
            [FonteRecurso] => 1.214.0000
            [ComplementoFonteRecurso] => 
            [NaturezaReceita] => 
            [NaturezaDespesa] => 3.3.71.00.00
            [FuncaoSubfuncao] => 10.302
            [AnoInscricaoRestosAPagar] => 
            [DespesasMDEeASPS] => 
        )

    [349] => Array
        (
            [ContaContabil] => 5.2.2.1.2.02.01
            [Valor] => 10000
            [ValorF] => 10.000,00
            [TipoValor] => beginning_balance
            [NaturezaValor] => D
            [PoderOrgao] => 10131
            [FinanceiroPermanente] => 
            [DividaConsolidada] => 
            [FonteRecurso] => 1.211.0000
            [ComplementoFonteRecurso] => 
            [NaturezaReceita] => 
            [NaturezaDespesa] => 3.3.90.08.00
            [FuncaoSubfuncao] => 10.272
            [AnoInscricaoRestosAPagar] => 
            [DespesasMDEeASPS] => 
        )

    [350] => Array
        (
            [ContaContabil] => 5.2.2.1.2.02.01
            [Valor] => 10000
            [ValorF] => 10.000,00
            [TipoValor] => ending_balance
            [NaturezaValor] => D
            [PoderOrgao] => 10131
            [FinanceiroPermanente] => 
            [DividaConsolidada] => 
            [FonteRecurso] => 1.211.0000
            [ComplementoFonteRecurso] => 
            [NaturezaReceita] => 
            [NaturezaDespesa] => 3.3.90.08.00
            [FuncaoSubfuncao] => 10.272
            [AnoInscricaoRestosAPagar] => 
            [DespesasMDEeASPS] => 
        )

    [351] => Array
        (
            [ContaContabil] => 5.2.2.1.2.02.01
            [Valor] => 18528.88
            [ValorF] => 18.528,88
            [TipoValor] => beginning_balance
            [NaturezaValor] => D
            [PoderOrgao] => 10131
            [FinanceiroPermanente] => 
            [DividaConsolidada] => 
            [FonteRecurso] => 1.211.0000
            [ComplementoFonteRecurso] => 
            [NaturezaReceita] => 
            [NaturezaDespesa] => 3.3.90.39.03
            [FuncaoSubfuncao] => 10.301
            [AnoInscricaoRestosAPagar] => 
            [DespesasMDEeASPS] => 
        )

    [352] => Array
        (
            [ContaContabil] => 5.2.2.1.2.02.01
            [Valor] => 18528.88
            [ValorF] => 18.528,88
            [TipoValor] => ending_balance
            [NaturezaValor] => D
            [PoderOrgao] => 10131
            [FinanceiroPermanente] => 
            [DividaConsolidada] => 
            [FonteRecurso] => 1.211.0000
            [ComplementoFonteRecurso] => 
            [NaturezaReceita] => 
            [NaturezaDespesa] => 3.3.90.39.03
            [FuncaoSubfuncao] => 10.301
            [AnoInscricaoRestosAPagar] => 
            [DespesasMDEeASPS] => 
        )

    [353] => Array
        (
            [ContaContabil] => 5.2.2.1.2.02.01
            [Valor] => 851.67
            [ValorF] => 851,67
            [TipoValor] => beginning_balance
            [NaturezaValor] => D
            [PoderOrgao] => 10131
            [FinanceiroPermanente] => 
            [DividaConsolidada] => 
            [FonteRecurso] => 1.211.0000
            [ComplementoFonteRecurso] => 
            [NaturezaReceita] => 
            [NaturezaDespesa] => 4.4.90.51.05
            [FuncaoSubfuncao] => 10.785
            [AnoInscricaoRestosAPagar] => 
            [DespesasMDEeASPS] => 
        )

    [354] => Array
        (
            [ContaContabil] => 5.2.2.1.2.02.01
            [Valor] => 851.67
            [ValorF] => 851,67
            [TipoValor] => ending_balance
            [NaturezaValor] => D
            [PoderOrgao] => 10131
            [FinanceiroPermanente] => 
            [DividaConsolidada] => 
            [FonteRecurso] => 1.211.0000
            [ComplementoFonteRecurso] => 
            [NaturezaReceita] => 
            [NaturezaDespesa] => 4.4.90.51.05
            [FuncaoSubfuncao] => 10.785
            [AnoInscricaoRestosAPagar] => 
            [DespesasMDEeASPS] => 
        )

    [355] => Array
        (
            [ContaContabil] => 5.2.2.1.2.02.01
            [Valor] => 65000
            [ValorF] => 65.000,00
            [TipoValor] => beginning_balance
            [NaturezaValor] => D
            [PoderOrgao] => 10131
            [FinanceiroPermanente] => 
            [DividaConsolidada] => 
            [FonteRecurso] => 1.211.0000
            [ComplementoFonteRecurso] => 
            [NaturezaReceita] => 
            [NaturezaDespesa] => 4.4.90.52.05
            [FuncaoSubfuncao] => 10.782
            [AnoInscricaoRestosAPagar] => 
            [DespesasMDEeASPS] => 
        )

    [356] => Array
        (
            [ContaContabil] => 5.2.2.1.2.02.01
            [Valor] => 65000
            [ValorF] => 65.000,00
            [TipoValor] => ending_balance
            [NaturezaValor] => D
            [PoderOrgao] => 10131
            [FinanceiroPermanente] => 
            [DividaConsolidada] => 
            [FonteRecurso] => 1.211.0000
            [ComplementoFonteRecurso] => 
            [NaturezaReceita] => 
            [NaturezaDespesa] => 4.4.90.52.05
            [FuncaoSubfuncao] => 10.782
            [AnoInscricaoRestosAPagar] => 
            [DespesasMDEeASPS] => 
        )

    [357] => Array
        (
            [ContaContabil] => 5.2.2.1.2.02.01
            [Valor] => 100000
            [ValorF] => 100.000,00
            [TipoValor] => beginning_balance
            [NaturezaValor] => D
            [PoderOrgao] => 10131
            [FinanceiroPermanente] => 
            [DividaConsolidada] => 
            [FonteRecurso] => 1.213.0000
            [ComplementoFonteRecurso] => 
            [NaturezaReceita] => 
            [NaturezaDespesa] => 4.4.90.52.05
            [FuncaoSubfuncao] => 10.782
            [AnoInscricaoRestosAPagar] => 
            [DespesasMDEeASPS] => 
        )

    [358] => Array
        (
            [ContaContabil] => 5.2.2.1.2.02.01
            [Valor] => 100000
            [ValorF] => 100.000,00
            [TipoValor] => ending_balance
            [NaturezaValor] => D
            [PoderOrgao] => 10131
            [FinanceiroPermanente] => 
            [DividaConsolidada] => 
            [FonteRecurso] => 1.213.0000
            [ComplementoFonteRecurso] => 
            [NaturezaReceita] => 
            [NaturezaDespesa] => 4.4.90.52.05
            [FuncaoSubfuncao] => 10.782
            [AnoInscricaoRestosAPagar] => 
            [DespesasMDEeASPS] => 
        )

    [359] => Array
        (
            [ContaContabil] => 5.2.2.1.2.02.02
            [Valor] => 4774.9
            [ValorF] => 4.774,90
            [TipoValor] => beginning_balance
            [NaturezaValor] => D
            [PoderOrgao] => 10131
            [FinanceiroPermanente] => 
            [DividaConsolidada] => 
            [FonteRecurso] => 1.211.0000
            [ComplementoFonteRecurso] => 
            [NaturezaReceita] => 
            [NaturezaDespesa] => 3.1.90.04.00
            [FuncaoSubfuncao] => 10.301
            [AnoInscricaoRestosAPagar] => 
            [DespesasMDEeASPS] => 
        )

    [360] => Array
        (
            [ContaContabil] => 5.2.2.1.2.02.02
            [Valor] => 4774.9
            [ValorF] => 4.774,90
            [TipoValor] => ending_balance
            [NaturezaValor] => D
            [PoderOrgao] => 10131
            [FinanceiroPermanente] => 
            [DividaConsolidada] => 
            [FonteRecurso] => 1.211.0000
            [ComplementoFonteRecurso] => 
            [NaturezaReceita] => 
            [NaturezaDespesa] => 3.1.90.04.00
            [FuncaoSubfuncao] => 10.301
            [AnoInscricaoRestosAPagar] => 
            [DespesasMDEeASPS] => 
        )

    [361] => Array
        (
            [ContaContabil] => 5.2.2.1.2.03.01
            [Valor] => 4000
            [ValorF] => 4.000,00
            [TipoValor] => beginning_balance
            [NaturezaValor] => D
            [PoderOrgao] => 10131
            [FinanceiroPermanente] => 
            [DividaConsolidada] => 
            [FonteRecurso] => 1.211.0000
            [ComplementoFonteRecurso] => 
            [NaturezaReceita] => 
            [NaturezaDespesa] => 3.3.90.30.03
            [FuncaoSubfuncao] => 10.305
            [AnoInscricaoRestosAPagar] => 
            [DespesasMDEeASPS] => 
        )

    [362] => Array
        (
            [ContaContabil] => 5.2.2.1.2.03.01
            [Valor] => 4000
            [ValorF] => 4.000,00
            [TipoValor] => ending_balance
            [NaturezaValor] => D
            [PoderOrgao] => 10131
            [FinanceiroPermanente] => 
            [DividaConsolidada] => 
            [FonteRecurso] => 1.211.0000
            [ComplementoFonteRecurso] => 
            [NaturezaReceita] => 
            [NaturezaDespesa] => 3.3.90.30.03
            [FuncaoSubfuncao] => 10.305
            [AnoInscricaoRestosAPagar] => 
            [DespesasMDEeASPS] => 
        )

    [363] => Array
        (
            [ContaContabil] => 5.2.2.1.2.03.01
            [Valor] => 3000
            [ValorF] => 3.000,00
            [TipoValor] => beginning_balance
            [NaturezaValor] => D
            [PoderOrgao] => 10131
            [FinanceiroPermanente] => 
            [DividaConsolidada] => 
            [FonteRecurso] => 1.211.0000
            [ComplementoFonteRecurso] => 
            [NaturezaReceita] => 
            [NaturezaDespesa] => 3.3.90.32.03
            [FuncaoSubfuncao] => 10.305
            [AnoInscricaoRestosAPagar] => 
            [DespesasMDEeASPS] => 
        )

    [364] => Array
        (
            [ContaContabil] => 5.2.2.1.2.03.01
            [Valor] => 3000
            [ValorF] => 3.000,00
            [TipoValor] => ending_balance
            [NaturezaValor] => D
            [PoderOrgao] => 10131
            [FinanceiroPermanente] => 
            [DividaConsolidada] => 
            [FonteRecurso] => 1.211.0000
            [ComplementoFonteRecurso] => 
            [NaturezaReceita] => 
            [NaturezaDespesa] => 3.3.90.32.03
            [FuncaoSubfuncao] => 10.305
            [AnoInscricaoRestosAPagar] => 
            [DespesasMDEeASPS] => 
        )

    [365] => Array
        (
            [ContaContabil] => 5.2.2.1.2.03.01
            [Valor] => 1000
            [ValorF] => 1.000,00
            [TipoValor] => beginning_balance
            [NaturezaValor] => D
            [PoderOrgao] => 10131
            [FinanceiroPermanente] => 
            [DividaConsolidada] => 
            [FonteRecurso] => 1.211.0000
            [ComplementoFonteRecurso] => 
            [NaturezaReceita] => 
            [NaturezaDespesa] => 3.3.90.36.03
            [FuncaoSubfuncao] => 10.305
            [AnoInscricaoRestosAPagar] => 
            [DespesasMDEeASPS] => 
        )

    [366] => Array
        (
            [ContaContabil] => 5.2.2.1.2.03.01
            [Valor] => 1000
            [ValorF] => 1.000,00
            [TipoValor] => ending_balance
            [NaturezaValor] => D
            [PoderOrgao] => 10131
            [FinanceiroPermanente] => 
            [DividaConsolidada] => 
            [FonteRecurso] => 1.211.0000
            [ComplementoFonteRecurso] => 
            [NaturezaReceita] => 
            [NaturezaDespesa] => 3.3.90.36.03
            [FuncaoSubfuncao] => 10.305
            [AnoInscricaoRestosAPagar] => 
            [DespesasMDEeASPS] => 
        )

    [367] => Array
        (
            [ContaContabil] => 5.2.2.1.2.03.01
            [Valor] => 3000
            [ValorF] => 3.000,00
            [TipoValor] => beginning_balance
            [NaturezaValor] => D
            [PoderOrgao] => 10131
            [FinanceiroPermanente] => 
            [DividaConsolidada] => 
            [FonteRecurso] => 1.211.0000
            [ComplementoFonteRecurso] => 
            [NaturezaReceita] => 
            [NaturezaDespesa] => 3.3.90.39.03
            [FuncaoSubfuncao] => 10.305
            [AnoInscricaoRestosAPagar] => 
            [DespesasMDEeASPS] => 
        )

    [368] => Array
        (
            [ContaContabil] => 5.2.2.1.2.03.01
            [Valor] => 3000
            [ValorF] => 3.000,00
            [TipoValor] => ending_balance
            [NaturezaValor] => D
            [PoderOrgao] => 10131
            [FinanceiroPermanente] => 
            [DividaConsolidada] => 
            [FonteRecurso] => 1.211.0000
            [ComplementoFonteRecurso] => 
            [NaturezaReceita] => 
            [NaturezaDespesa] => 3.3.90.39.03
            [FuncaoSubfuncao] => 10.305
            [AnoInscricaoRestosAPagar] => 
            [DespesasMDEeASPS] => 
        )

    [369] => Array
        (
            [ContaContabil] => 5.2.2.1.2.03.01
            [Valor] => 5000
            [ValorF] => 5.000,00
            [TipoValor] => beginning_balance
            [NaturezaValor] => D
            [PoderOrgao] => 10131
            [FinanceiroPermanente] => 
            [DividaConsolidada] => 
            [FonteRecurso] => 1.211.0000
            [ComplementoFonteRecurso] => 
            [NaturezaReceita] => 
            [NaturezaDespesa] => 4.4.90.52.05
            [FuncaoSubfuncao] => 10.305
            [AnoInscricaoRestosAPagar] => 
            [DespesasMDEeASPS] => 
        )

    [370] => Array
        (
            [ContaContabil] => 5.2.2.1.2.03.01
            [Valor] => 5000
            [ValorF] => 5.000,00
            [TipoValor] => ending_balance
            [NaturezaValor] => D
            [PoderOrgao] => 10131
            [FinanceiroPermanente] => 
            [DividaConsolidada] => 
            [FonteRecurso] => 1.211.0000
            [ComplementoFonteRecurso] => 
            [NaturezaReceita] => 
            [NaturezaDespesa] => 4.4.90.52.05
            [FuncaoSubfuncao] => 10.305
            [AnoInscricaoRestosAPagar] => 
            [DespesasMDEeASPS] => 
        )

    [371] => Array
        (
            [ContaContabil] => 5.2.2.1.3.01.00
            [Valor] => 2000
            [ValorF] => 2.000,00
            [TipoValor] => beginning_balance
            [NaturezaValor] => D
            [PoderOrgao] => 10131
            [FinanceiroPermanente] => 
            [DividaConsolidada] => 
            [FonteRecurso] => 1.214.0000
            [ComplementoFonteRecurso] => 
            [NaturezaReceita] => 
            [NaturezaDespesa] => 3.3.90.14.01
            [FuncaoSubfuncao] => 10.303
            [AnoInscricaoRestosAPagar] => 
            [DespesasMDEeASPS] => 
        )

    [372] => Array
        (
            [ContaContabil] => 5.2.2.1.3.01.00
            [Valor] => 2000
            [ValorF] => 2.000,00
            [TipoValor] => ending_balance
            [NaturezaValor] => D
            [PoderOrgao] => 10131
            [FinanceiroPermanente] => 
            [DividaConsolidada] => 
            [FonteRecurso] => 1.214.0000
            [ComplementoFonteRecurso] => 
            [NaturezaReceita] => 
            [NaturezaDespesa] => 3.3.90.14.01
            [FuncaoSubfuncao] => 10.303
            [AnoInscricaoRestosAPagar] => 
            [DespesasMDEeASPS] => 
        )

    [373] => Array
        (
            [ContaContabil] => 5.2.2.1.3.01.00
            [Valor] => 3000
            [ValorF] => 3.000,00
            [TipoValor] => beginning_balance
            [NaturezaValor] => D
            [PoderOrgao] => 10131
            [FinanceiroPermanente] => 
            [DividaConsolidada] => 
            [FonteRecurso] => 1.214.0000
            [ComplementoFonteRecurso] => 
            [NaturezaReceita] => 
            [NaturezaDespesa] => 3.3.90.30.03
            [FuncaoSubfuncao] => 10.303
            [AnoInscricaoRestosAPagar] => 
            [DespesasMDEeASPS] => 
        )

    [374] => Array
        (
            [ContaContabil] => 5.2.2.1.3.01.00
            [Valor] => 3000
            [ValorF] => 3.000,00
            [TipoValor] => ending_balance
            [NaturezaValor] => D
            [PoderOrgao] => 10131
            [FinanceiroPermanente] => 
            [DividaConsolidada] => 
            [FonteRecurso] => 1.214.0000
            [ComplementoFonteRecurso] => 
            [NaturezaReceita] => 
            [NaturezaDespesa] => 3.3.90.30.03
            [FuncaoSubfuncao] => 10.303
            [AnoInscricaoRestosAPagar] => 
            [DespesasMDEeASPS] => 
        )

    [375] => Array
        (
            [ContaContabil] => 5.2.2.1.3.01.00
            [Valor] => 8000
            [ValorF] => 8.000,00
            [TipoValor] => beginning_balance
            [NaturezaValor] => D
            [PoderOrgao] => 10131
            [FinanceiroPermanente] => 
            [DividaConsolidada] => 
            [FonteRecurso] => 1.215.0000
            [ComplementoFonteRecurso] => 
            [NaturezaReceita] => 
            [NaturezaDespesa] => 3.3.90.30.03
            [FuncaoSubfuncao] => 10.303
            [AnoInscricaoRestosAPagar] => 
            [DespesasMDEeASPS] => 
        )

    [376] => Array
        (
            [ContaContabil] => 5.2.2.1.3.01.00
            [Valor] => 8000
            [ValorF] => 8.000,00
            [TipoValor] => ending_balance
            [NaturezaValor] => D
            [PoderOrgao] => 10131
            [FinanceiroPermanente] => 
            [DividaConsolidada] => 
            [FonteRecurso] => 1.215.0000
            [ComplementoFonteRecurso] => 
            [NaturezaReceita] => 
            [NaturezaDespesa] => 3.3.90.30.03
            [FuncaoSubfuncao] => 10.303
            [AnoInscricaoRestosAPagar] => 
            [DespesasMDEeASPS] => 
        )

    [377] => Array
        (
            [ContaContabil] => 5.2.2.1.3.01.00
            [Valor] => 2163.9
            [ValorF] => 2.163,90
            [TipoValor] => beginning_balance
            [NaturezaValor] => D
            [PoderOrgao] => 10131
            [FinanceiroPermanente] => 
            [DividaConsolidada] => 
            [FonteRecurso] => 1.214.0000
            [ComplementoFonteRecurso] => 
            [NaturezaReceita] => 
            [NaturezaDespesa] => 3.3.90.30.03
            [FuncaoSubfuncao] => 10.301
            [AnoInscricaoRestosAPagar] => 
            [DespesasMDEeASPS] => 
        )

    [378] => Array
        (
            [ContaContabil] => 5.2.2.1.3.01.00
            [Valor] => 2163.9
            [ValorF] => 2.163,90
            [TipoValor] => ending_balance
            [NaturezaValor] => D
            [PoderOrgao] => 10131
            [FinanceiroPermanente] => 
            [DividaConsolidada] => 
            [FonteRecurso] => 1.214.0000
            [ComplementoFonteRecurso] => 
            [NaturezaReceita] => 
            [NaturezaDespesa] => 3.3.90.30.03
            [FuncaoSubfuncao] => 10.301
            [AnoInscricaoRestosAPagar] => 
            [DespesasMDEeASPS] => 
        )

    [379] => Array
        (
            [ContaContabil] => 5.2.2.1.3.01.00
            [Valor] => 26598.45
            [ValorF] => 26.598,45
            [TipoValor] => ending_balance
            [NaturezaValor] => D
            [PoderOrgao] => 10131
            [FinanceiroPermanente] => 
            [DividaConsolidada] => 
            [FonteRecurso] => 1.213.0000
            [ComplementoFonteRecurso] => 
            [NaturezaReceita] => 
            [NaturezaDespesa] => 3.3.90.32.03
            [FuncaoSubfuncao] => 10.303
            [AnoInscricaoRestosAPagar] => 
            [DespesasMDEeASPS] => 
        )

    [380] => Array
        (
            [ContaContabil] => 5.2.2.1.3.01.00
            [Valor] => 26598.45
            [ValorF] => 26.598,45
            [TipoValor] => period_change
            [NaturezaValor] => D
            [PoderOrgao] => 10131
            [FinanceiroPermanente] => 
            [DividaConsolidada] => 
            [FonteRecurso] => 1.213.0000
            [ComplementoFonteRecurso] => 
            [NaturezaReceita] => 
            [NaturezaDespesa] => 3.3.90.32.03
            [FuncaoSubfuncao] => 10.303
            [AnoInscricaoRestosAPagar] => 
            [DespesasMDEeASPS] => 
        )

    [381] => Array
        (
            [ContaContabil] => 5.2.2.1.3.01.00
            [Valor] => 14316.6
            [ValorF] => 14.316,60
            [TipoValor] => beginning_balance
            [NaturezaValor] => D
            [PoderOrgao] => 10131
            [FinanceiroPermanente] => 
            [DividaConsolidada] => 
            [FonteRecurso] => 1.214.0000
            [ComplementoFonteRecurso] => 
            [NaturezaReceita] => 
            [NaturezaDespesa] => 3.3.90.32.03
            [FuncaoSubfuncao] => 10.303
            [AnoInscricaoRestosAPagar] => 
            [DespesasMDEeASPS] => 
        )

    [382] => Array
        (
            [ContaContabil] => 5.2.2.1.3.01.00
            [Valor] => 14316.6
            [ValorF] => 14.316,60
            [TipoValor] => ending_balance
            [NaturezaValor] => D
            [PoderOrgao] => 10131
            [FinanceiroPermanente] => 
            [DividaConsolidada] => 
            [FonteRecurso] => 1.214.0000
            [ComplementoFonteRecurso] => 
            [NaturezaReceita] => 
            [NaturezaDespesa] => 3.3.90.32.03
            [FuncaoSubfuncao] => 10.303
            [AnoInscricaoRestosAPagar] => 
            [DespesasMDEeASPS] => 
        )

    [383] => Array
        (
            [ContaContabil] => 5.2.2.1.3.01.00
            [Valor] => 4150.12
            [ValorF] => 4.150,12
            [TipoValor] => beginning_balance
            [NaturezaValor] => D
            [PoderOrgao] => 10131
            [FinanceiroPermanente] => 
            [DividaConsolidada] => 
            [FonteRecurso] => 1.214.0000
            [ComplementoFonteRecurso] => 
            [NaturezaReceita] => 
            [NaturezaDespesa] => 3.3.90.39.03
            [FuncaoSubfuncao] => 10.303
            [AnoInscricaoRestosAPagar] => 
            [DespesasMDEeASPS] => 
        )

    [384] => Array
        (
            [ContaContabil] => 5.2.2.1.3.01.00
            [Valor] => 4150.12
            [ValorF] => 4.150,12
            [TipoValor] => ending_balance
            [NaturezaValor] => D
            [PoderOrgao] => 10131
            [FinanceiroPermanente] => 
            [DividaConsolidada] => 
            [FonteRecurso] => 1.214.0000
            [ComplementoFonteRecurso] => 
            [NaturezaReceita] => 
            [NaturezaDespesa] => 3.3.90.39.03
            [FuncaoSubfuncao] => 10.303
            [AnoInscricaoRestosAPagar] => 
            [DespesasMDEeASPS] => 
        )

    [385] => Array
        (
            [ContaContabil] => 5.2.2.1.3.01.00
            [Valor] => 8274.06
            [ValorF] => 8.274,06
            [TipoValor] => beginning_balance
            [NaturezaValor] => D
            [PoderOrgao] => 10131
            [FinanceiroPermanente] => 
            [DividaConsolidada] => 
            [FonteRecurso] => 1.215.0000
            [ComplementoFonteRecurso] => 
            [NaturezaReceita] => 
            [NaturezaDespesa] => 3.3.90.39.03
            [FuncaoSubfuncao] => 10.303
            [AnoInscricaoRestosAPagar] => 
            [DespesasMDEeASPS] => 
        )

    [386] => Array
        (
            [ContaContabil] => 5.2.2.1.3.01.00
            [Valor] => 8274.06
            [ValorF] => 8.274,06
            [TipoValor] => ending_balance
            [NaturezaValor] => D
            [PoderOrgao] => 10131
            [FinanceiroPermanente] => 
            [DividaConsolidada] => 
            [FonteRecurso] => 1.215.0000
            [ComplementoFonteRecurso] => 
            [NaturezaReceita] => 
            [NaturezaDespesa] => 3.3.90.39.03
            [FuncaoSubfuncao] => 10.303
            [AnoInscricaoRestosAPagar] => 
            [DespesasMDEeASPS] => 
        )

    [387] => Array
        (
            [ContaContabil] => 5.2.2.1.3.01.00
            [Valor] => 2869.7
            [ValorF] => 2.869,70
            [TipoValor] => beginning_balance
            [NaturezaValor] => D
            [PoderOrgao] => 10131
            [FinanceiroPermanente] => 
            [DividaConsolidada] => 
            [FonteRecurso] => 1.213.0000
            [ComplementoFonteRecurso] => 
            [NaturezaReceita] => 
            [NaturezaDespesa] => 4.4.90.52.05
            [FuncaoSubfuncao] => 10.301
            [AnoInscricaoRestosAPagar] => 
            [DespesasMDEeASPS] => 
        )

    [388] => Array
        (
            [ContaContabil] => 5.2.2.1.3.01.00
            [Valor] => 2869.7
            [ValorF] => 2.869,70
            [TipoValor] => ending_balance
            [NaturezaValor] => D
            [PoderOrgao] => 10131
            [FinanceiroPermanente] => 
            [DividaConsolidada] => 
            [FonteRecurso] => 1.213.0000
            [ComplementoFonteRecurso] => 
            [NaturezaReceita] => 
            [NaturezaDespesa] => 4.4.90.52.05
            [FuncaoSubfuncao] => 10.301
            [AnoInscricaoRestosAPagar] => 
            [DespesasMDEeASPS] => 
        )

    [389] => Array
        (
            [ContaContabil] => 5.2.2.1.3.01.00
            [Valor] => 10000
            [ValorF] => 10.000,00
            [TipoValor] => beginning_balance
            [NaturezaValor] => D
            [PoderOrgao] => 10131
            [FinanceiroPermanente] => 
            [DividaConsolidada] => 
            [FonteRecurso] => 1.215.0000
            [ComplementoFonteRecurso] => 
            [NaturezaReceita] => 
            [NaturezaDespesa] => 4.4.90.52.05
            [FuncaoSubfuncao] => 10.303
            [AnoInscricaoRestosAPagar] => 
            [DespesasMDEeASPS] => 
        )

    [390] => Array
        (
            [ContaContabil] => 5.2.2.1.3.01.00
            [Valor] => 10000
            [ValorF] => 10.000,00
            [TipoValor] => ending_balance
            [NaturezaValor] => D
            [PoderOrgao] => 10131
            [FinanceiroPermanente] => 
            [DividaConsolidada] => 
            [FonteRecurso] => 1.215.0000
            [ComplementoFonteRecurso] => 
            [NaturezaReceita] => 
            [NaturezaDespesa] => 4.4.90.52.05
            [FuncaoSubfuncao] => 10.303
            [AnoInscricaoRestosAPagar] => 
            [DespesasMDEeASPS] => 
        )

    [391] => Array
        (
            [ContaContabil] => 5.2.2.1.3.01.00
            [Valor] => 3051.3
            [ValorF] => 3.051,30
            [TipoValor] => beginning_balance
            [NaturezaValor] => D
            [PoderOrgao] => 10131
            [FinanceiroPermanente] => 
            [DividaConsolidada] => 
            [FonteRecurso] => 1.215.0000
            [ComplementoFonteRecurso] => 
            [NaturezaReceita] => 
            [NaturezaDespesa] => 4.4.90.52.05
            [FuncaoSubfuncao] => 10.301
            [AnoInscricaoRestosAPagar] => 
            [DespesasMDEeASPS] => 
        )

    [392] => Array
        (
            [ContaContabil] => 5.2.2.1.3.01.00
            [Valor] => 3051.3
            [ValorF] => 3.051,30
            [TipoValor] => ending_balance
            [NaturezaValor] => D
            [PoderOrgao] => 10131
            [FinanceiroPermanente] => 
            [DividaConsolidada] => 
            [FonteRecurso] => 1.215.0000
            [ComplementoFonteRecurso] => 
            [NaturezaReceita] => 
            [NaturezaDespesa] => 4.4.90.52.05
            [FuncaoSubfuncao] => 10.301
            [AnoInscricaoRestosAPagar] => 
            [DespesasMDEeASPS] => 
        )

    [393] => Array
        (
            [ContaContabil] => 5.2.2.1.3.02.00
            [Valor] => 22334.8
            [ValorF] => 22.334,80
            [TipoValor] => beginning_balance
            [NaturezaValor] => D
            [PoderOrgao] => 10131
            [FinanceiroPermanente] => 
            [DividaConsolidada] => 
            [FonteRecurso] => 1.290.0000
            [ComplementoFonteRecurso] => 
            [NaturezaReceita] => 
            [NaturezaDespesa] => 3.1.90.11.01
            [FuncaoSubfuncao] => 10.302
            [AnoInscricaoRestosAPagar] => 
            [DespesasMDEeASPS] => 
        )

    [394] => Array
        (
            [ContaContabil] => 5.2.2.1.3.02.00
            [Valor] => 22334.8
            [ValorF] => 22.334,80
            [TipoValor] => ending_balance
            [NaturezaValor] => D
            [PoderOrgao] => 10131
            [FinanceiroPermanente] => 
            [DividaConsolidada] => 
            [FonteRecurso] => 1.290.0000
            [ComplementoFonteRecurso] => 
            [NaturezaReceita] => 
            [NaturezaDespesa] => 3.1.90.11.01
            [FuncaoSubfuncao] => 10.302
            [AnoInscricaoRestosAPagar] => 
            [DespesasMDEeASPS] => 
        )

    [395] => Array
        (
            [ContaContabil] => 5.2.2.1.3.02.00
            [Valor] => 90000
            [ValorF] => 90.000,00
            [TipoValor] => beginning_balance
            [NaturezaValor] => D
            [PoderOrgao] => 10131
            [FinanceiroPermanente] => 
            [DividaConsolidada] => 
            [FonteRecurso] => 1.214.0000
            [ComplementoFonteRecurso] => 
            [NaturezaReceita] => 
            [NaturezaDespesa] => 3.1.90.11.01
            [FuncaoSubfuncao] => 10.301
            [AnoInscricaoRestosAPagar] => 
            [DespesasMDEeASPS] => 
        )

    [396] => Array
        (
            [ContaContabil] => 5.2.2.1.3.02.00
            [Valor] => 90000
            [ValorF] => 90.000,00
            [TipoValor] => ending_balance
            [NaturezaValor] => D
            [PoderOrgao] => 10131
            [FinanceiroPermanente] => 
            [DividaConsolidada] => 
            [FonteRecurso] => 1.214.0000
            [ComplementoFonteRecurso] => 
            [NaturezaReceita] => 
            [NaturezaDespesa] => 3.1.90.11.01
            [FuncaoSubfuncao] => 10.301
            [AnoInscricaoRestosAPagar] => 
            [DespesasMDEeASPS] => 
        )

    [397] => Array
        (
            [ContaContabil] => 5.2.2.1.3.02.00
            [Valor] => 60000
            [ValorF] => 60.000,00
            [TipoValor] => beginning_balance
            [NaturezaValor] => D
            [PoderOrgao] => 10131
            [FinanceiroPermanente] => 
            [DividaConsolidada] => 
            [FonteRecurso] => 1.214.0000
            [ComplementoFonteRecurso] => 
            [NaturezaReceita] => 
            [NaturezaDespesa] => 3.1.90.11.01
            [FuncaoSubfuncao] => 10.305
            [AnoInscricaoRestosAPagar] => 
            [DespesasMDEeASPS] => 
        )

    [398] => Array
        (
            [ContaContabil] => 5.2.2.1.3.02.00
            [Valor] => 60000
            [ValorF] => 60.000,00
            [TipoValor] => ending_balance
            [NaturezaValor] => D
            [PoderOrgao] => 10131
            [FinanceiroPermanente] => 
            [DividaConsolidada] => 
            [FonteRecurso] => 1.214.0000
            [ComplementoFonteRecurso] => 
            [NaturezaReceita] => 
            [NaturezaDespesa] => 3.1.90.11.01
            [FuncaoSubfuncao] => 10.305
            [AnoInscricaoRestosAPagar] => 
            [DespesasMDEeASPS] => 
        )

    [399] => Array
        (
            [ContaContabil] => 5.2.2.1.3.02.00
            [Valor] => 10000
            [ValorF] => 10.000,00
            [TipoValor] => beginning_balance
            [NaturezaValor] => D
            [PoderOrgao] => 10131
            [FinanceiroPermanente] => 
            [DividaConsolidada] => 
            [FonteRecurso] => 1.214.0000
            [ComplementoFonteRecurso] => 
            [NaturezaReceita] => 
            [NaturezaDespesa] => 3.1.90.16.01
            [FuncaoSubfuncao] => 10.301
            [AnoInscricaoRestosAPagar] => 
            [DespesasMDEeASPS] => 
        )

    [400] => Array
        (
            [ContaContabil] => 5.2.2.1.3.02.00
            [Valor] => 10000
            [ValorF] => 10.000,00
            [TipoValor] => ending_balance
            [NaturezaValor] => D
            [PoderOrgao] => 10131
            [FinanceiroPermanente] => 
            [DividaConsolidada] => 
            [FonteRecurso] => 1.214.0000
            [ComplementoFonteRecurso] => 
            [NaturezaReceita] => 
            [NaturezaDespesa] => 3.1.90.16.01
            [FuncaoSubfuncao] => 10.301
            [AnoInscricaoRestosAPagar] => 
            [DespesasMDEeASPS] => 
        )

    [401] => Array
        (
            [ContaContabil] => 5.2.2.1.3.02.00
            [Valor] => 12309.45
            [ValorF] => 12.309,45
            [TipoValor] => beginning_balance
            [NaturezaValor] => D
            [PoderOrgao] => 10131
            [FinanceiroPermanente] => 
            [DividaConsolidada] => 
            [FonteRecurso] => 1.214.0000
            [ComplementoFonteRecurso] => 
            [NaturezaReceita] => 
            [NaturezaDespesa] => 3.3.71.00.00
            [FuncaoSubfuncao] => 10.302
            [AnoInscricaoRestosAPagar] => 
            [DespesasMDEeASPS] => 
        )

    [402] => Array
        (
            [ContaContabil] => 5.2.2.1.3.02.00
            [Valor] => 40247.52
            [ValorF] => 40.247,52
            [TipoValor] => ending_balance
            [NaturezaValor] => D
            [PoderOrgao] => 10131
            [FinanceiroPermanente] => 
            [DividaConsolidada] => 
            [FonteRecurso] => 1.214.0000
            [ComplementoFonteRecurso] => 
            [NaturezaReceita] => 
            [NaturezaDespesa] => 3.3.71.00.00
            [FuncaoSubfuncao] => 10.302
            [AnoInscricaoRestosAPagar] => 
            [DespesasMDEeASPS] => 
        )

    [403] => Array
        (
            [ContaContabil] => 5.2.2.1.3.02.00
            [Valor] => 27938.07
            [ValorF] => 27.938,07
            [TipoValor] => period_change
            [NaturezaValor] => D
            [PoderOrgao] => 10131
            [FinanceiroPermanente] => 
            [DividaConsolidada] => 
            [FonteRecurso] => 1.214.0000
            [ComplementoFonteRecurso] => 
            [NaturezaReceita] => 
            [NaturezaDespesa] => 3.3.71.00.00
            [FuncaoSubfuncao] => 10.302
            [AnoInscricaoRestosAPagar] => 
            [DespesasMDEeASPS] => 
        )

    [404] => Array
        (
            [ContaContabil] => 5.2.2.1.3.02.00
            [Valor] => 2720
            [ValorF] => 2.720,00
            [TipoValor] => beginning_balance
            [NaturezaValor] => D
            [PoderOrgao] => 10131
            [FinanceiroPermanente] => 
            [DividaConsolidada] => 
            [FonteRecurso] => 1.290.0000
            [ComplementoFonteRecurso] => 
            [NaturezaReceita] => 
            [NaturezaDespesa] => 3.3.90.30.03
            [FuncaoSubfuncao] => 10.305
            [AnoInscricaoRestosAPagar] => 
            [DespesasMDEeASPS] => 
        )

    [405] => Array
        (
            [ContaContabil] => 5.2.2.1.3.02.00
            [Valor] => 2720
            [ValorF] => 2.720,00
            [TipoValor] => ending_balance
            [NaturezaValor] => D
            [PoderOrgao] => 10131
            [FinanceiroPermanente] => 
            [DividaConsolidada] => 
            [FonteRecurso] => 1.290.0000
            [ComplementoFonteRecurso] => 
            [NaturezaReceita] => 
            [NaturezaDespesa] => 3.3.90.30.03
            [FuncaoSubfuncao] => 10.305
            [AnoInscricaoRestosAPagar] => 
            [DespesasMDEeASPS] => 
        )

    [406] => Array
        (
            [ContaContabil] => 5.2.2.1.3.02.00
            [Valor] => 10000
            [ValorF] => 10.000,00
            [TipoValor] => beginning_balance
            [NaturezaValor] => D
            [PoderOrgao] => 10131
            [FinanceiroPermanente] => 
            [DividaConsolidada] => 
            [FonteRecurso] => 1.214.0000
            [ComplementoFonteRecurso] => 
            [NaturezaReceita] => 
            [NaturezaDespesa] => 3.3.90.30.03
            [FuncaoSubfuncao] => 10.301
            [AnoInscricaoRestosAPagar] => 
            [DespesasMDEeASPS] => 
        )

    [407] => Array
        (
            [ContaContabil] => 5.2.2.1.3.02.00
            [Valor] => 10000
            [ValorF] => 10.000,00
            [TipoValor] => ending_balance
            [NaturezaValor] => D
            [PoderOrgao] => 10131
            [FinanceiroPermanente] => 
            [DividaConsolidada] => 
            [FonteRecurso] => 1.214.0000
            [ComplementoFonteRecurso] => 
            [NaturezaReceita] => 
            [NaturezaDespesa] => 3.3.90.30.03
            [FuncaoSubfuncao] => 10.301
            [AnoInscricaoRestosAPagar] => 
            [DespesasMDEeASPS] => 
        )

    [408] => Array
        (
            [ContaContabil] => 5.2.2.1.3.02.00
            [Valor] => 21544
            [ValorF] => 21.544,00
            [TipoValor] => beginning_balance
            [NaturezaValor] => D
            [PoderOrgao] => 10131
            [FinanceiroPermanente] => 
            [DividaConsolidada] => 
            [FonteRecurso] => 1.214.0000
            [ComplementoFonteRecurso] => 
            [NaturezaReceita] => 
            [NaturezaDespesa] => 3.3.90.30.03
            [FuncaoSubfuncao] => 10.305
            [AnoInscricaoRestosAPagar] => 
            [DespesasMDEeASPS] => 
        )

    [409] => Array
        (
            [ContaContabil] => 5.2.2.1.3.02.00
            [Valor] => 41544
            [ValorF] => 41.544,00
            [TipoValor] => ending_balance
            [NaturezaValor] => D
            [PoderOrgao] => 10131
            [FinanceiroPermanente] => 
            [DividaConsolidada] => 
            [FonteRecurso] => 1.214.0000
            [ComplementoFonteRecurso] => 
            [NaturezaReceita] => 
            [NaturezaDespesa] => 3.3.90.30.03
            [FuncaoSubfuncao] => 10.305
            [AnoInscricaoRestosAPagar] => 
            [DespesasMDEeASPS] => 
        )

    [410] => Array
        (
            [ContaContabil] => 5.2.2.1.3.02.00
            [Valor] => 20000
            [ValorF] => 20.000,00
            [TipoValor] => period_change
            [NaturezaValor] => D
            [PoderOrgao] => 10131
            [FinanceiroPermanente] => 
            [DividaConsolidada] => 
            [FonteRecurso] => 1.214.0000
            [ComplementoFonteRecurso] => 
            [NaturezaReceita] => 
            [NaturezaDespesa] => 3.3.90.30.03
            [FuncaoSubfuncao] => 10.305
            [AnoInscricaoRestosAPagar] => 
            [DespesasMDEeASPS] => 
        )

    [411] => Array
        (
            [ContaContabil] => 5.2.2.1.3.02.00
            [Valor] => 20.16
            [ValorF] => 20,16
            [TipoValor] => beginning_balance
            [NaturezaValor] => D
            [PoderOrgao] => 10131
            [FinanceiroPermanente] => 
            [DividaConsolidada] => 
            [FonteRecurso] => 1.214.0000
            [ComplementoFonteRecurso] => 
            [NaturezaReceita] => 
            [NaturezaDespesa] => 3.3.90.30.03
            [FuncaoSubfuncao] => 10.301
            [AnoInscricaoRestosAPagar] => 
            [DespesasMDEeASPS] => 
        )

    [412] => Array
        (
            [ContaContabil] => 5.2.2.1.3.02.00
            [Valor] => 20.16
            [ValorF] => 20,16
            [TipoValor] => ending_balance
            [NaturezaValor] => D
            [PoderOrgao] => 10131
            [FinanceiroPermanente] => 
            [DividaConsolidada] => 
            [FonteRecurso] => 1.214.0000
            [ComplementoFonteRecurso] => 
            [NaturezaReceita] => 
            [NaturezaDespesa] => 3.3.90.30.03
            [FuncaoSubfuncao] => 10.301
            [AnoInscricaoRestosAPagar] => 
            [DespesasMDEeASPS] => 
        )

    [413] => Array
        (
            [ContaContabil] => 5.2.2.1.3.02.00
            [Valor] => 3000
            [ValorF] => 3.000,00
            [TipoValor] => beginning_balance
            [NaturezaValor] => D
            [PoderOrgao] => 10131
            [FinanceiroPermanente] => 
            [DividaConsolidada] => 
            [FonteRecurso] => 1.214.0000
            [ComplementoFonteRecurso] => 
            [NaturezaReceita] => 
            [NaturezaDespesa] => 3.3.90.32.03
            [FuncaoSubfuncao] => 10.305
            [AnoInscricaoRestosAPagar] => 
            [DespesasMDEeASPS] => 
        )

    [414] => Array
        (
            [ContaContabil] => 5.2.2.1.3.02.00
            [Valor] => 3000
            [ValorF] => 3.000,00
            [TipoValor] => ending_balance
            [NaturezaValor] => D
            [PoderOrgao] => 10131
            [FinanceiroPermanente] => 
            [DividaConsolidada] => 
            [FonteRecurso] => 1.214.0000
            [ComplementoFonteRecurso] => 
            [NaturezaReceita] => 
            [NaturezaDespesa] => 3.3.90.32.03
            [FuncaoSubfuncao] => 10.305
            [AnoInscricaoRestosAPagar] => 
            [DespesasMDEeASPS] => 
        )

    [415] => Array
        (
            [ContaContabil] => 5.2.2.1.3.02.00
            [Valor] => 65000
            [ValorF] => 65.000,00
            [TipoValor] => beginning_balance
            [NaturezaValor] => D
            [PoderOrgao] => 10131
            [FinanceiroPermanente] => 
            [DividaConsolidada] => 
            [FonteRecurso] => 1.214.0000
            [ComplementoFonteRecurso] => 
            [NaturezaReceita] => 
            [NaturezaDespesa] => 3.3.90.39.03
            [FuncaoSubfuncao] => 10.301
            [AnoInscricaoRestosAPagar] => 
            [DespesasMDEeASPS] => 
        )

    [416] => Array
        (
            [ContaContabil] => 5.2.2.1.3.02.00
            [Valor] => 65000
            [ValorF] => 65.000,00
            [TipoValor] => ending_balance
            [NaturezaValor] => D
            [PoderOrgao] => 10131
            [FinanceiroPermanente] => 
            [DividaConsolidada] => 
            [FonteRecurso] => 1.214.0000
            [ComplementoFonteRecurso] => 
            [NaturezaReceita] => 
            [NaturezaDespesa] => 3.3.90.39.03
            [FuncaoSubfuncao] => 10.301
            [AnoInscricaoRestosAPagar] => 
            [DespesasMDEeASPS] => 
        )

    [417] => Array
        (
            [ContaContabil] => 5.2.2.1.3.02.00
            [Valor] => 120000
            [ValorF] => 120.000,00
            [TipoValor] => beginning_balance
            [NaturezaValor] => D
            [PoderOrgao] => 10131
            [FinanceiroPermanente] => 
            [DividaConsolidada] => 
            [FonteRecurso] => 1.214.0000
            [ComplementoFonteRecurso] => 
            [NaturezaReceita] => 
            [NaturezaDespesa] => 3.3.90.39.03
            [FuncaoSubfuncao] => 10.301
            [AnoInscricaoRestosAPagar] => 
            [DespesasMDEeASPS] => 
        )

    [418] => Array
        (
            [ContaContabil] => 5.2.2.1.3.02.00
            [Valor] => 120000
            [ValorF] => 120.000,00
            [TipoValor] => ending_balance
            [NaturezaValor] => D
            [PoderOrgao] => 10131
            [FinanceiroPermanente] => 
            [DividaConsolidada] => 
            [FonteRecurso] => 1.214.0000
            [ComplementoFonteRecurso] => 
            [NaturezaReceita] => 
            [NaturezaDespesa] => 3.3.90.39.03
            [FuncaoSubfuncao] => 10.301
            [AnoInscricaoRestosAPagar] => 
            [DespesasMDEeASPS] => 
        )

    [419] => Array
        (
            [ContaContabil] => 5.2.2.1.3.02.00
            [Valor] => 8028
            [ValorF] => 8.028,00
            [TipoValor] => beginning_balance
            [NaturezaValor] => D
            [PoderOrgao] => 10131
            [FinanceiroPermanente] => 
            [DividaConsolidada] => 
            [FonteRecurso] => 1.214.0000
            [ComplementoFonteRecurso] => 
            [NaturezaReceita] => 
            [NaturezaDespesa] => 3.3.90.39.03
            [FuncaoSubfuncao] => 10.305
            [AnoInscricaoRestosAPagar] => 
            [DespesasMDEeASPS] => 
        )

    [420] => Array
        (
            [ContaContabil] => 5.2.2.1.3.02.00
            [Valor] => 18028
            [ValorF] => 18.028,00
            [TipoValor] => ending_balance
            [NaturezaValor] => D
            [PoderOrgao] => 10131
            [FinanceiroPermanente] => 
            [DividaConsolidada] => 
            [FonteRecurso] => 1.214.0000
            [ComplementoFonteRecurso] => 
            [NaturezaReceita] => 
            [NaturezaDespesa] => 3.3.90.39.03
            [FuncaoSubfuncao] => 10.305
            [AnoInscricaoRestosAPagar] => 
            [DespesasMDEeASPS] => 
        )

    [421] => Array
        (
            [ContaContabil] => 5.2.2.1.3.02.00
            [Valor] => 10000
            [ValorF] => 10.000,00
            [TipoValor] => period_change
            [NaturezaValor] => D
            [PoderOrgao] => 10131
            [FinanceiroPermanente] => 
            [DividaConsolidada] => 
            [FonteRecurso] => 1.214.0000
            [ComplementoFonteRecurso] => 
            [NaturezaReceita] => 
            [NaturezaDespesa] => 3.3.90.39.03
            [FuncaoSubfuncao] => 10.305
            [AnoInscricaoRestosAPagar] => 
            [DespesasMDEeASPS] => 
        )

    [422] => Array
        (
            [ContaContabil] => 5.2.2.1.3.02.00
            [Valor] => 19280
            [ValorF] => 19.280,00
            [TipoValor] => beginning_balance
            [NaturezaValor] => D
            [PoderOrgao] => 10131
            [FinanceiroPermanente] => 
            [DividaConsolidada] => 
            [FonteRecurso] => 1.290.0000
            [ComplementoFonteRecurso] => 
            [NaturezaReceita] => 
            [NaturezaDespesa] => 4.4.90.52.05
            [FuncaoSubfuncao] => 10.305
            [AnoInscricaoRestosAPagar] => 
            [DespesasMDEeASPS] => 
        )

    [423] => Array
        (
            [ContaContabil] => 5.2.2.1.3.02.00
            [Valor] => 19419.65
            [ValorF] => 19.419,65
            [TipoValor] => ending_balance
            [NaturezaValor] => D
            [PoderOrgao] => 10131
            [FinanceiroPermanente] => 
            [DividaConsolidada] => 
            [FonteRecurso] => 1.290.0000
            [ComplementoFonteRecurso] => 
            [NaturezaReceita] => 
            [NaturezaDespesa] => 4.4.90.52.05
            [FuncaoSubfuncao] => 10.305
            [AnoInscricaoRestosAPagar] => 
            [DespesasMDEeASPS] => 
        )

    [424] => Array
        (
            [ContaContabil] => 5.2.2.1.3.02.00
            [Valor] => 139.65
            [ValorF] => 139,65
            [TipoValor] => period_change
            [NaturezaValor] => D
            [PoderOrgao] => 10131
            [FinanceiroPermanente] => 
            [DividaConsolidada] => 
            [FonteRecurso] => 1.290.0000
            [ComplementoFonteRecurso] => 
            [NaturezaReceita] => 
            [NaturezaDespesa] => 4.4.90.52.05
            [FuncaoSubfuncao] => 10.305
            [AnoInscricaoRestosAPagar] => 
            [DespesasMDEeASPS] => 
        )

    [425] => Array
        (
            [ContaContabil] => 5.2.2.1.3.02.00
            [Valor] => 21300
            [ValorF] => 21.300,00
            [TipoValor] => beginning_balance
            [NaturezaValor] => D
            [PoderOrgao] => 10131
            [FinanceiroPermanente] => 
            [DividaConsolidada] => 
            [FonteRecurso] => 1.930.0000
            [ComplementoFonteRecurso] => 
            [NaturezaReceita] => 
            [NaturezaDespesa] => 4.4.90.52.05
            [FuncaoSubfuncao] => 10.301
            [AnoInscricaoRestosAPagar] => 
            [DespesasMDEeASPS] => 
        )

    [426] => Array
        (
            [ContaContabil] => 5.2.2.1.3.02.00
            [Valor] => 21300
            [ValorF] => 21.300,00
            [TipoValor] => ending_balance
            [NaturezaValor] => D
            [PoderOrgao] => 10131
            [FinanceiroPermanente] => 
            [DividaConsolidada] => 
            [FonteRecurso] => 1.930.0000
            [ComplementoFonteRecurso] => 
            [NaturezaReceita] => 
            [NaturezaDespesa] => 4.4.90.52.05
            [FuncaoSubfuncao] => 10.301
            [AnoInscricaoRestosAPagar] => 
            [DespesasMDEeASPS] => 
        )

    [427] => Array
        (
            [ContaContabil] => 5.2.2.1.3.02.00
            [Valor] => 100000
            [ValorF] => 100.000,00
            [TipoValor] => beginning_balance
            [NaturezaValor] => D
            [PoderOrgao] => 10131
            [FinanceiroPermanente] => 
            [DividaConsolidada] => 
            [FonteRecurso] => 1.213.0000
            [ComplementoFonteRecurso] => 
            [NaturezaReceita] => 
            [NaturezaDespesa] => 4.4.90.52.05
            [FuncaoSubfuncao] => 10.782
            [AnoInscricaoRestosAPagar] => 
            [DespesasMDEeASPS] => 
        )

    [428] => Array
        (
            [ContaContabil] => 5.2.2.1.3.02.00
            [Valor] => 100000
            [ValorF] => 100.000,00
            [TipoValor] => ending_balance
            [NaturezaValor] => D
            [PoderOrgao] => 10131
            [FinanceiroPermanente] => 
            [DividaConsolidada] => 
            [FonteRecurso] => 1.213.0000
            [ComplementoFonteRecurso] => 
            [NaturezaReceita] => 
            [NaturezaDespesa] => 4.4.90.52.05
            [FuncaoSubfuncao] => 10.782
            [AnoInscricaoRestosAPagar] => 
            [DespesasMDEeASPS] => 
        )

    [429] => Array
        (
            [ContaContabil] => 5.2.2.1.3.02.00
            [Valor] => 19.82
            [ValorF] => 19,82
            [TipoValor] => beginning_balance
            [NaturezaValor] => D
            [PoderOrgao] => 10131
            [FinanceiroPermanente] => 
            [DividaConsolidada] => 
            [FonteRecurso] => 1.213.0000
            [ComplementoFonteRecurso] => 
            [NaturezaReceita] => 
            [NaturezaDespesa] => 4.4.90.52.05
            [FuncaoSubfuncao] => 10.301
            [AnoInscricaoRestosAPagar] => 
            [DespesasMDEeASPS] => 
        )

    [430] => Array
        (
            [ContaContabil] => 5.2.2.1.3.02.00
            [Valor] => 19.82
            [ValorF] => 19,82
            [TipoValor] => ending_balance
            [NaturezaValor] => D
            [PoderOrgao] => 10131
            [FinanceiroPermanente] => 
            [DividaConsolidada] => 
            [FonteRecurso] => 1.213.0000
            [ComplementoFonteRecurso] => 
            [NaturezaReceita] => 
            [NaturezaDespesa] => 4.4.90.52.05
            [FuncaoSubfuncao] => 10.301
            [AnoInscricaoRestosAPagar] => 
            [DespesasMDEeASPS] => 
        )

    [431] => Array
        (
            [ContaContabil] => 5.2.2.1.3.02.00
            [Valor] => 3000
            [ValorF] => 3.000,00
            [TipoValor] => beginning_balance
            [NaturezaValor] => D
            [PoderOrgao] => 10131
            [FinanceiroPermanente] => 
            [DividaConsolidada] => 
            [FonteRecurso] => 1.214.0000
            [ComplementoFonteRecurso] => 
            [NaturezaReceita] => 
            [NaturezaDespesa] => 4.4.90.52.05
            [FuncaoSubfuncao] => 10.305
            [AnoInscricaoRestosAPagar] => 
            [DespesasMDEeASPS] => 
        )

    [432] => Array
        (
            [ContaContabil] => 5.2.2.1.3.02.00
            [Valor] => 13000
            [ValorF] => 13.000,00
            [TipoValor] => ending_balance
            [NaturezaValor] => D
            [PoderOrgao] => 10131
            [FinanceiroPermanente] => 
            [DividaConsolidada] => 
            [FonteRecurso] => 1.214.0000
            [ComplementoFonteRecurso] => 
            [NaturezaReceita] => 
            [NaturezaDespesa] => 4.4.90.52.05
            [FuncaoSubfuncao] => 10.305
            [AnoInscricaoRestosAPagar] => 
            [DespesasMDEeASPS] => 
        )

    [433] => Array
        (
            [ContaContabil] => 5.2.2.1.3.02.00
            [Valor] => 10000
            [ValorF] => 10.000,00
            [TipoValor] => period_change
            [NaturezaValor] => D
            [PoderOrgao] => 10131
            [FinanceiroPermanente] => 
            [DividaConsolidada] => 
            [FonteRecurso] => 1.214.0000
            [ComplementoFonteRecurso] => 
            [NaturezaReceita] => 
            [NaturezaDespesa] => 4.4.90.52.05
            [FuncaoSubfuncao] => 10.305
            [AnoInscricaoRestosAPagar] => 
            [DespesasMDEeASPS] => 
        )

    [434] => Array
        (
            [ContaContabil] => 5.2.2.1.3.03.00
            [Valor] => 168800
            [ValorF] => 168.800,00
            [TipoValor] => beginning_balance
            [NaturezaValor] => D
            [PoderOrgao] => 10131
            [FinanceiroPermanente] => 
            [DividaConsolidada] => 
            [FonteRecurso] => 1.211.0000
            [ComplementoFonteRecurso] => 
            [NaturezaReceita] => 
            [NaturezaDespesa] => 3.1.90.04.00
            [FuncaoSubfuncao] => 10.301
            [AnoInscricaoRestosAPagar] => 
            [DespesasMDEeASPS] => 
        )

    [435] => Array
        (
            [ContaContabil] => 5.2.2.1.3.03.00
            [Valor] => 169800
            [ValorF] => 169.800,00
            [TipoValor] => ending_balance
            [NaturezaValor] => D
            [PoderOrgao] => 10131
            [FinanceiroPermanente] => 
            [DividaConsolidada] => 
            [FonteRecurso] => 1.211.0000
            [ComplementoFonteRecurso] => 
            [NaturezaReceita] => 
            [NaturezaDespesa] => 3.1.90.04.00
            [FuncaoSubfuncao] => 10.301
            [AnoInscricaoRestosAPagar] => 
            [DespesasMDEeASPS] => 
        )

    [436] => Array
        (
            [ContaContabil] => 5.2.2.1.3.03.00
            [Valor] => 1000
            [ValorF] => 1.000,00
            [TipoValor] => period_change
            [NaturezaValor] => D
            [PoderOrgao] => 10131
            [FinanceiroPermanente] => 
            [DividaConsolidada] => 
            [FonteRecurso] => 1.211.0000
            [ComplementoFonteRecurso] => 
            [NaturezaReceita] => 
            [NaturezaDespesa] => 3.1.90.04.00
            [FuncaoSubfuncao] => 10.301
            [AnoInscricaoRestosAPagar] => 
            [DespesasMDEeASPS] => 
        )

    [437] => Array
        (
            [ContaContabil] => 5.2.2.1.3.03.00
            [Valor] => 95000
            [ValorF] => 95.000,00
            [TipoValor] => beginning_balance
            [NaturezaValor] => D
            [PoderOrgao] => 10131
            [FinanceiroPermanente] => 
            [DividaConsolidada] => 
            [FonteRecurso] => 1.211.0000
            [ComplementoFonteRecurso] => 
            [NaturezaReceita] => 
            [NaturezaDespesa] => 3.1.90.04.00
            [FuncaoSubfuncao] => 10.302
            [AnoInscricaoRestosAPagar] => 
            [DespesasMDEeASPS] => 
        )

    [438] => Array
        (
            [ContaContabil] => 5.2.2.1.3.03.00
            [Valor] => 95000
            [ValorF] => 95.000,00
            [TipoValor] => ending_balance
            [NaturezaValor] => D
            [PoderOrgao] => 10131
            [FinanceiroPermanente] => 
            [DividaConsolidada] => 
            [FonteRecurso] => 1.211.0000
            [ComplementoFonteRecurso] => 
            [NaturezaReceita] => 
            [NaturezaDespesa] => 3.1.90.04.00
            [FuncaoSubfuncao] => 10.302
            [AnoInscricaoRestosAPagar] => 
            [DespesasMDEeASPS] => 
        )

    [439] => Array
        (
            [ContaContabil] => 5.2.2.1.3.03.00
            [Valor] => 43000
            [ValorF] => 43.000,00
            [TipoValor] => beginning_balance
            [NaturezaValor] => D
            [PoderOrgao] => 10131
            [FinanceiroPermanente] => 
            [DividaConsolidada] => 
            [FonteRecurso] => 1.214.0000
            [ComplementoFonteRecurso] => 
            [NaturezaReceita] => 
            [NaturezaDespesa] => 3.1.90.04.00
            [FuncaoSubfuncao] => 10.301
            [AnoInscricaoRestosAPagar] => 
            [DespesasMDEeASPS] => 
        )

    [440] => Array
        (
            [ContaContabil] => 5.2.2.1.3.03.00
            [Valor] => 43000
            [ValorF] => 43.000,00
            [TipoValor] => ending_balance
            [NaturezaValor] => D
            [PoderOrgao] => 10131
            [FinanceiroPermanente] => 
            [DividaConsolidada] => 
            [FonteRecurso] => 1.214.0000
            [ComplementoFonteRecurso] => 
            [NaturezaReceita] => 
            [NaturezaDespesa] => 3.1.90.04.00
            [FuncaoSubfuncao] => 10.301
            [AnoInscricaoRestosAPagar] => 
            [DespesasMDEeASPS] => 
        )

    [441] => Array
        (
            [ContaContabil] => 5.2.2.1.3.03.00
            [Valor] => 90000
            [ValorF] => 90.000,00
            [TipoValor] => beginning_balance
            [NaturezaValor] => D
            [PoderOrgao] => 10131
            [FinanceiroPermanente] => 
            [DividaConsolidada] => 
            [FonteRecurso] => 1.211.0000
            [ComplementoFonteRecurso] => 
            [NaturezaReceita] => 
            [NaturezaDespesa] => 3.1.90.11.01
            [FuncaoSubfuncao] => 10.272
            [AnoInscricaoRestosAPagar] => 
            [DespesasMDEeASPS] => 
        )

    [442] => Array
        (
            [ContaContabil] => 5.2.2.1.3.03.00
            [Valor] => 98000
            [ValorF] => 98.000,00
            [TipoValor] => ending_balance
            [NaturezaValor] => D
            [PoderOrgao] => 10131
            [FinanceiroPermanente] => 
            [DividaConsolidada] => 
            [FonteRecurso] => 1.211.0000
            [ComplementoFonteRecurso] => 
            [NaturezaReceita] => 
            [NaturezaDespesa] => 3.1.90.11.01
            [FuncaoSubfuncao] => 10.272
            [AnoInscricaoRestosAPagar] => 
            [DespesasMDEeASPS] => 
        )

    [443] => Array
        (
            [ContaContabil] => 5.2.2.1.3.03.00
            [Valor] => 8000
            [ValorF] => 8.000,00
            [TipoValor] => period_change
            [NaturezaValor] => D
            [PoderOrgao] => 10131
            [FinanceiroPermanente] => 
            [DividaConsolidada] => 
            [FonteRecurso] => 1.211.0000
            [ComplementoFonteRecurso] => 
            [NaturezaReceita] => 
            [NaturezaDespesa] => 3.1.90.11.01
            [FuncaoSubfuncao] => 10.272
            [AnoInscricaoRestosAPagar] => 
            [DespesasMDEeASPS] => 
        )

    [444] => Array
        (
            [ContaContabil] => 5.2.2.1.3.03.00
            [Valor] => 8500
            [ValorF] => 8.500,00
            [TipoValor] => beginning_balance
            [NaturezaValor] => D
            [PoderOrgao] => 10131
            [FinanceiroPermanente] => 
            [DividaConsolidada] => 
            [FonteRecurso] => 1.211.0000
            [ComplementoFonteRecurso] => 
            [NaturezaReceita] => 
            [NaturezaDespesa] => 3.1.90.11.01
            [FuncaoSubfuncao] => 10.301
            [AnoInscricaoRestosAPagar] => 
            [DespesasMDEeASPS] => 
        )

    [445] => Array
        (
            [ContaContabil] => 5.2.2.1.3.03.00
            [Valor] => 8500
            [ValorF] => 8.500,00
            [TipoValor] => ending_balance
            [NaturezaValor] => D
            [PoderOrgao] => 10131
            [FinanceiroPermanente] => 
            [DividaConsolidada] => 
            [FonteRecurso] => 1.211.0000
            [ComplementoFonteRecurso] => 
            [NaturezaReceita] => 
            [NaturezaDespesa] => 3.1.90.11.01
            [FuncaoSubfuncao] => 10.301
            [AnoInscricaoRestosAPagar] => 
            [DespesasMDEeASPS] => 
        )

    [446] => Array
        (
            [ContaContabil] => 5.2.2.1.3.03.00
            [Valor] => 45329.98
            [ValorF] => 45.329,98
            [TipoValor] => beginning_balance
            [NaturezaValor] => D
            [PoderOrgao] => 10131
            [FinanceiroPermanente] => 
            [DividaConsolidada] => 
            [FonteRecurso] => 1.290.0000
            [ComplementoFonteRecurso] => 
            [NaturezaReceita] => 
            [NaturezaDespesa] => 3.1.90.11.01
            [FuncaoSubfuncao] => 10.302
            [AnoInscricaoRestosAPagar] => 
            [DespesasMDEeASPS] => 
        )

    [447] => Array
        (
            [ContaContabil] => 5.2.2.1.3.03.00
            [Valor] => 67329.98
            [ValorF] => 67.329,98
            [TipoValor] => ending_balance
            [NaturezaValor] => D
            [PoderOrgao] => 10131
            [FinanceiroPermanente] => 
            [DividaConsolidada] => 
            [FonteRecurso] => 1.290.0000
            [ComplementoFonteRecurso] => 
            [NaturezaReceita] => 
            [NaturezaDespesa] => 3.1.90.11.01
            [FuncaoSubfuncao] => 10.302
            [AnoInscricaoRestosAPagar] => 
            [DespesasMDEeASPS] => 
        )

    [448] => Array
        (
            [ContaContabil] => 5.2.2.1.3.03.00
            [Valor] => 22000
            [ValorF] => 22.000,00
            [TipoValor] => period_change
            [NaturezaValor] => D
            [PoderOrgao] => 10131
            [FinanceiroPermanente] => 
            [DividaConsolidada] => 
            [FonteRecurso] => 1.290.0000
            [ComplementoFonteRecurso] => 
            [NaturezaReceita] => 
            [NaturezaDespesa] => 3.1.90.11.01
            [FuncaoSubfuncao] => 10.302
            [AnoInscricaoRestosAPagar] => 
            [DespesasMDEeASPS] => 
        )

    [449] => Array
        (
            [ContaContabil] => 5.2.2.1.3.03.00
            [Valor] => 99000
            [ValorF] => 99.000,00
            [TipoValor] => beginning_balance
            [NaturezaValor] => D
            [PoderOrgao] => 10131
            [FinanceiroPermanente] => 
            [DividaConsolidada] => 
            [FonteRecurso] => 1.214.0000
            [ComplementoFonteRecurso] => 
            [NaturezaReceita] => 
            [NaturezaDespesa] => 3.1.90.11.01
            [FuncaoSubfuncao] => 10.301
            [AnoInscricaoRestosAPagar] => 
            [DespesasMDEeASPS] => 
        )

    [450] => Array
        (
            [ContaContabil] => 5.2.2.1.3.03.00
            [Valor] => 136000
            [ValorF] => 136.000,00
            [TipoValor] => ending_balance
            [NaturezaValor] => D
            [PoderOrgao] => 10131
            [FinanceiroPermanente] => 
            [DividaConsolidada] => 
            [FonteRecurso] => 1.214.0000
            [ComplementoFonteRecurso] => 
            [NaturezaReceita] => 
            [NaturezaDespesa] => 3.1.90.11.01
            [FuncaoSubfuncao] => 10.301
            [AnoInscricaoRestosAPagar] => 
            [DespesasMDEeASPS] => 
        )

    [451] => Array
        (
            [ContaContabil] => 5.2.2.1.3.03.00
            [Valor] => 37000
            [ValorF] => 37.000,00
            [TipoValor] => period_change
            [NaturezaValor] => D
            [PoderOrgao] => 10131
            [FinanceiroPermanente] => 
            [DividaConsolidada] => 
            [FonteRecurso] => 1.214.0000
            [ComplementoFonteRecurso] => 
            [NaturezaReceita] => 
            [NaturezaDespesa] => 3.1.90.11.01
            [FuncaoSubfuncao] => 10.301
            [AnoInscricaoRestosAPagar] => 
            [DespesasMDEeASPS] => 
        )

    [452] => Array
        (
            [ContaContabil] => 5.2.2.1.3.03.00
            [Valor] => 8000
            [ValorF] => 8.000,00
            [TipoValor] => ending_balance
            [NaturezaValor] => D
            [PoderOrgao] => 10131
            [FinanceiroPermanente] => 
            [DividaConsolidada] => 
            [FonteRecurso] => 1.214.0000
            [ComplementoFonteRecurso] => 
            [NaturezaReceita] => 
            [NaturezaDespesa] => 3.1.90.11.01
            [FuncaoSubfuncao] => 10.305
            [AnoInscricaoRestosAPagar] => 
            [DespesasMDEeASPS] => 
        )

    [453] => Array
        (
            [ContaContabil] => 5.2.2.1.3.03.00
            [Valor] => 8000
            [ValorF] => 8.000,00
            [TipoValor] => period_change
            [NaturezaValor] => D
            [PoderOrgao] => 10131
            [FinanceiroPermanente] => 
            [DividaConsolidada] => 
            [FonteRecurso] => 1.214.0000
            [ComplementoFonteRecurso] => 
            [NaturezaReceita] => 
            [NaturezaDespesa] => 3.1.90.11.01
            [FuncaoSubfuncao] => 10.305
            [AnoInscricaoRestosAPagar] => 
            [DespesasMDEeASPS] => 
        )

    [454] => Array
        (
            [ContaContabil] => 5.2.2.1.3.03.00
            [Valor] => 20000
            [ValorF] => 20.000,00
            [TipoValor] => beginning_balance
            [NaturezaValor] => D
            [PoderOrgao] => 10131
            [FinanceiroPermanente] => 
            [DividaConsolidada] => 
            [FonteRecurso] => 1.211.0000
            [ComplementoFonteRecurso] => 
            [NaturezaReceita] => 
            [NaturezaDespesa] => 3.1.90.16.01
            [FuncaoSubfuncao] => 10.301
            [AnoInscricaoRestosAPagar] => 
            [DespesasMDEeASPS] => 
        )

    [455] => Array
        (
            [ContaContabil] => 5.2.2.1.3.03.00
            [Valor] => 20000
            [ValorF] => 20.000,00
            [TipoValor] => ending_balance
            [NaturezaValor] => D
            [PoderOrgao] => 10131
            [FinanceiroPermanente] => 
            [DividaConsolidada] => 
            [FonteRecurso] => 1.211.0000
            [ComplementoFonteRecurso] => 
            [NaturezaReceita] => 
            [NaturezaDespesa] => 3.1.90.16.01
            [FuncaoSubfuncao] => 10.301
            [AnoInscricaoRestosAPagar] => 
            [DespesasMDEeASPS] => 
        )

    [456] => Array
        (
            [ContaContabil] => 5.2.2.1.3.03.00
            [Valor] => 8000
            [ValorF] => 8.000,00
            [TipoValor] => beginning_balance
            [NaturezaValor] => D
            [PoderOrgao] => 10131
            [FinanceiroPermanente] => 
            [DividaConsolidada] => 
            [FonteRecurso] => 1.211.0000
            [ComplementoFonteRecurso] => 
            [NaturezaReceita] => 
            [NaturezaDespesa] => 3.1.90.94.09
            [FuncaoSubfuncao] => 10.122
            [AnoInscricaoRestosAPagar] => 
            [DespesasMDEeASPS] => 
        )

    [457] => Array
        (
            [ContaContabil] => 5.2.2.1.3.03.00
            [Valor] => 8000
            [ValorF] => 8.000,00
            [TipoValor] => ending_balance
            [NaturezaValor] => D
            [PoderOrgao] => 10131
            [FinanceiroPermanente] => 
            [DividaConsolidada] => 
            [FonteRecurso] => 1.211.0000
            [ComplementoFonteRecurso] => 
            [NaturezaReceita] => 
            [NaturezaDespesa] => 3.1.90.94.09
            [FuncaoSubfuncao] => 10.122
            [AnoInscricaoRestosAPagar] => 
            [DespesasMDEeASPS] => 
        )

    [458] => Array
        (
            [ContaContabil] => 5.2.2.1.3.03.00
            [Valor] => 4500
            [ValorF] => 4.500,00
            [TipoValor] => beginning_balance
            [NaturezaValor] => D
            [PoderOrgao] => 10131
            [FinanceiroPermanente] => 
            [DividaConsolidada] => 
            [FonteRecurso] => 1.211.0000
            [ComplementoFonteRecurso] => 
            [NaturezaReceita] => 
            [NaturezaDespesa] => 3.1.90.94.09
            [FuncaoSubfuncao] => 10.301
            [AnoInscricaoRestosAPagar] => 
            [DespesasMDEeASPS] => 
        )

    [459] => Array
        (
            [ContaContabil] => 5.2.2.1.3.03.00
            [Valor] => 4500
            [ValorF] => 4.500,00
            [TipoValor] => ending_balance
            [NaturezaValor] => D
            [PoderOrgao] => 10131
            [FinanceiroPermanente] => 
            [DividaConsolidada] => 
            [FonteRecurso] => 1.211.0000
            [ComplementoFonteRecurso] => 
            [NaturezaReceita] => 
            [NaturezaDespesa] => 3.1.90.94.09
            [FuncaoSubfuncao] => 10.301
            [AnoInscricaoRestosAPagar] => 
            [DespesasMDEeASPS] => 
        )

    [460] => Array
        (
            [ContaContabil] => 5.2.2.1.3.03.00
            [Valor] => 13100
            [ValorF] => 13.100,00
            [TipoValor] => beginning_balance
            [NaturezaValor] => D
            [PoderOrgao] => 10131
            [FinanceiroPermanente] => 
            [DividaConsolidada] => 
            [FonteRecurso] => 1.211.0000
            [ComplementoFonteRecurso] => 
            [NaturezaReceita] => 
            [NaturezaDespesa] => 3.1.90.94.09
            [FuncaoSubfuncao] => 10.302
            [AnoInscricaoRestosAPagar] => 
            [DespesasMDEeASPS] => 
        )

    [461] => Array
        (
            [ContaContabil] => 5.2.2.1.3.03.00
            [Valor] => 13100
            [ValorF] => 13.100,00
            [TipoValor] => ending_balance
            [NaturezaValor] => D
            [PoderOrgao] => 10131
            [FinanceiroPermanente] => 
            [DividaConsolidada] => 
            [FonteRecurso] => 1.211.0000
            [ComplementoFonteRecurso] => 
            [NaturezaReceita] => 
            [NaturezaDespesa] => 3.1.90.94.09
            [FuncaoSubfuncao] => 10.302
            [AnoInscricaoRestosAPagar] => 
            [DespesasMDEeASPS] => 
        )

    [462] => Array
        (
            [ContaContabil] => 5.2.2.1.3.03.00
            [Valor] => 54000
            [ValorF] => 54.000,00
            [TipoValor] => beginning_balance
            [NaturezaValor] => D
            [PoderOrgao] => 10131
            [FinanceiroPermanente] => 
            [DividaConsolidada] => 
            [FonteRecurso] => 1.211.0000
            [ComplementoFonteRecurso] => 
            [NaturezaReceita] => 
            [NaturezaDespesa] => 3.3.71.00.00
            [FuncaoSubfuncao] => 10.302
            [AnoInscricaoRestosAPagar] => 
            [DespesasMDEeASPS] => 
        )

    [463] => Array
        (
            [ContaContabil] => 5.2.2.1.3.03.00
            [Valor] => 54000
            [ValorF] => 54.000,00
            [TipoValor] => ending_balance
            [NaturezaValor] => D
            [PoderOrgao] => 10131
            [FinanceiroPermanente] => 
            [DividaConsolidada] => 
            [FonteRecurso] => 1.211.0000
            [ComplementoFonteRecurso] => 
            [NaturezaReceita] => 
            [NaturezaDespesa] => 3.3.71.00.00
            [FuncaoSubfuncao] => 10.302
            [AnoInscricaoRestosAPagar] => 
            [DespesasMDEeASPS] => 
        )

    [464] => Array
        (
            [ContaContabil] => 5.2.2.1.3.03.00
            [Valor] => 9000
            [ValorF] => 9.000,00
            [TipoValor] => beginning_balance
            [NaturezaValor] => D
            [PoderOrgao] => 10131
            [FinanceiroPermanente] => 
            [DividaConsolidada] => 
            [FonteRecurso] => 1.211.0000
            [ComplementoFonteRecurso] => 
            [NaturezaReceita] => 
            [NaturezaDespesa] => 3.3.90.14.01
            [FuncaoSubfuncao] => 10.785
            [AnoInscricaoRestosAPagar] => 
            [DespesasMDEeASPS] => 
        )

    [465] => Array
        (
            [ContaContabil] => 5.2.2.1.3.03.00
            [Valor] => 13800
            [ValorF] => 13.800,00
            [TipoValor] => ending_balance
            [NaturezaValor] => D
            [PoderOrgao] => 10131
            [FinanceiroPermanente] => 
            [DividaConsolidada] => 
            [FonteRecurso] => 1.211.0000
            [ComplementoFonteRecurso] => 
            [NaturezaReceita] => 
            [NaturezaDespesa] => 3.3.90.14.01
            [FuncaoSubfuncao] => 10.785
            [AnoInscricaoRestosAPagar] => 
            [DespesasMDEeASPS] => 
        )

    [466] => Array
        (
            [ContaContabil] => 5.2.2.1.3.03.00
            [Valor] => 4800
            [ValorF] => 4.800,00
            [TipoValor] => period_change
            [NaturezaValor] => D
            [PoderOrgao] => 10131
            [FinanceiroPermanente] => 
            [DividaConsolidada] => 
            [FonteRecurso] => 1.211.0000
            [ComplementoFonteRecurso] => 
            [NaturezaReceita] => 
            [NaturezaDespesa] => 3.3.90.14.01
            [FuncaoSubfuncao] => 10.785
            [AnoInscricaoRestosAPagar] => 
            [DespesasMDEeASPS] => 
        )

    [467] => Array
        (
            [ContaContabil] => 5.2.2.1.3.03.00
            [Valor] => 4000
            [ValorF] => 4.000,00
            [TipoValor] => beginning_balance
            [NaturezaValor] => D
            [PoderOrgao] => 10131
            [FinanceiroPermanente] => 
            [DividaConsolidada] => 
            [FonteRecurso] => 1.211.0000
            [ComplementoFonteRecurso] => 
            [NaturezaReceita] => 
            [NaturezaDespesa] => 3.3.90.30.03
            [FuncaoSubfuncao] => 10.122
            [AnoInscricaoRestosAPagar] => 
            [DespesasMDEeASPS] => 
        )

    [468] => Array
        (
            [ContaContabil] => 5.2.2.1.3.03.00
            [Valor] => 4000
            [ValorF] => 4.000,00
            [TipoValor] => ending_balance
            [NaturezaValor] => D
            [PoderOrgao] => 10131
            [FinanceiroPermanente] => 
            [DividaConsolidada] => 
            [FonteRecurso] => 1.211.0000
            [ComplementoFonteRecurso] => 
            [NaturezaReceita] => 
            [NaturezaDespesa] => 3.3.90.30.03
            [FuncaoSubfuncao] => 10.122
            [AnoInscricaoRestosAPagar] => 
            [DespesasMDEeASPS] => 
        )

    [469] => Array
        (
            [ContaContabil] => 5.2.2.1.3.03.00
            [Valor] => 9500
            [ValorF] => 9.500,00
            [TipoValor] => beginning_balance
            [NaturezaValor] => D
            [PoderOrgao] => 10131
            [FinanceiroPermanente] => 
            [DividaConsolidada] => 
            [FonteRecurso] => 1.211.0000
            [ComplementoFonteRecurso] => 
            [NaturezaReceita] => 
            [NaturezaDespesa] => 3.3.90.30.03
            [FuncaoSubfuncao] => 10.301
            [AnoInscricaoRestosAPagar] => 
            [DespesasMDEeASPS] => 
        )

    [470] => Array
        (
            [ContaContabil] => 5.2.2.1.3.03.00
            [Valor] => 12910
            [ValorF] => 12.910,00
            [TipoValor] => ending_balance
            [NaturezaValor] => D
            [PoderOrgao] => 10131
            [FinanceiroPermanente] => 
            [DividaConsolidada] => 
            [FonteRecurso] => 1.211.0000
            [ComplementoFonteRecurso] => 
            [NaturezaReceita] => 
            [NaturezaDespesa] => 3.3.90.30.03
            [FuncaoSubfuncao] => 10.301
            [AnoInscricaoRestosAPagar] => 
            [DespesasMDEeASPS] => 
        )

    [471] => Array
        (
            [ContaContabil] => 5.2.2.1.3.03.00
            [Valor] => 3410
            [ValorF] => 3.410,00
            [TipoValor] => period_change
            [NaturezaValor] => D
            [PoderOrgao] => 10131
            [FinanceiroPermanente] => 
            [DividaConsolidada] => 
            [FonteRecurso] => 1.211.0000
            [ComplementoFonteRecurso] => 
            [NaturezaReceita] => 
            [NaturezaDespesa] => 3.3.90.30.03
            [FuncaoSubfuncao] => 10.301
            [AnoInscricaoRestosAPagar] => 
            [DespesasMDEeASPS] => 
        )

    [472] => Array
        (
            [ContaContabil] => 5.2.2.1.3.03.00
            [Valor] => 10000
            [ValorF] => 10.000,00
            [TipoValor] => beginning_balance
            [NaturezaValor] => D
            [PoderOrgao] => 10131
            [FinanceiroPermanente] => 
            [DividaConsolidada] => 
            [FonteRecurso] => 1.211.0000
            [ComplementoFonteRecurso] => 
            [NaturezaReceita] => 
            [NaturezaDespesa] => 3.3.90.30.03
            [FuncaoSubfuncao] => 10.302
            [AnoInscricaoRestosAPagar] => 
            [DespesasMDEeASPS] => 
        )

    [473] => Array
        (
            [ContaContabil] => 5.2.2.1.3.03.00
            [Valor] => 11500
            [ValorF] => 11.500,00
            [TipoValor] => ending_balance
            [NaturezaValor] => D
            [PoderOrgao] => 10131
            [FinanceiroPermanente] => 
            [DividaConsolidada] => 
            [FonteRecurso] => 1.211.0000
            [ComplementoFonteRecurso] => 
            [NaturezaReceita] => 
            [NaturezaDespesa] => 3.3.90.30.03
            [FuncaoSubfuncao] => 10.302
            [AnoInscricaoRestosAPagar] => 
            [DespesasMDEeASPS] => 
        )

    [474] => Array
        (
            [ContaContabil] => 5.2.2.1.3.03.00
            [Valor] => 1500
            [ValorF] => 1.500,00
            [TipoValor] => period_change
            [NaturezaValor] => D
            [PoderOrgao] => 10131
            [FinanceiroPermanente] => 
            [DividaConsolidada] => 
            [FonteRecurso] => 1.211.0000
            [ComplementoFonteRecurso] => 
            [NaturezaReceita] => 
            [NaturezaDespesa] => 3.3.90.30.03
            [FuncaoSubfuncao] => 10.302
            [AnoInscricaoRestosAPagar] => 
            [DespesasMDEeASPS] => 
        )

    [475] => Array
        (
            [ContaContabil] => 5.2.2.1.3.03.00
            [Valor] => 109000
            [ValorF] => 109.000,00
            [TipoValor] => beginning_balance
            [NaturezaValor] => D
            [PoderOrgao] => 10131
            [FinanceiroPermanente] => 
            [DividaConsolidada] => 
            [FonteRecurso] => 1.211.0000
            [ComplementoFonteRecurso] => 
            [NaturezaReceita] => 
            [NaturezaDespesa] => 3.3.90.30.03
            [FuncaoSubfuncao] => 10.303
            [AnoInscricaoRestosAPagar] => 
            [DespesasMDEeASPS] => 
        )

    [476] => Array
        (
            [ContaContabil] => 5.2.2.1.3.03.00
            [Valor] => 109000
            [ValorF] => 109.000,00
            [TipoValor] => ending_balance
            [NaturezaValor] => D
            [PoderOrgao] => 10131
            [FinanceiroPermanente] => 
            [DividaConsolidada] => 
            [FonteRecurso] => 1.211.0000
            [ComplementoFonteRecurso] => 
            [NaturezaReceita] => 
            [NaturezaDespesa] => 3.3.90.30.03
            [FuncaoSubfuncao] => 10.303
            [AnoInscricaoRestosAPagar] => 
            [DespesasMDEeASPS] => 
        )

    [477] => Array
        (
            [ContaContabil] => 5.2.2.1.3.03.00
            [Valor] => 27600
            [ValorF] => 27.600,00
            [TipoValor] => beginning_balance
            [NaturezaValor] => D
            [PoderOrgao] => 10131
            [FinanceiroPermanente] => 
            [DividaConsolidada] => 
            [FonteRecurso] => 1.211.0000
            [ComplementoFonteRecurso] => 
            [NaturezaReceita] => 
            [NaturezaDespesa] => 3.3.90.30.03
            [FuncaoSubfuncao] => 10.305
            [AnoInscricaoRestosAPagar] => 
            [DespesasMDEeASPS] => 
        )

    [478] => Array
        (
            [ContaContabil] => 5.2.2.1.3.03.00
            [Valor] => 27600
            [ValorF] => 27.600,00
            [TipoValor] => ending_balance
            [NaturezaValor] => D
            [PoderOrgao] => 10131
            [FinanceiroPermanente] => 
            [DividaConsolidada] => 
            [FonteRecurso] => 1.211.0000
            [ComplementoFonteRecurso] => 
            [NaturezaReceita] => 
            [NaturezaDespesa] => 3.3.90.30.03
            [FuncaoSubfuncao] => 10.305
            [AnoInscricaoRestosAPagar] => 
            [DespesasMDEeASPS] => 
        )

    [479] => Array
        (
            [ContaContabil] => 5.2.2.1.3.03.00
            [Valor] => 48000
            [ValorF] => 48.000,00
            [TipoValor] => beginning_balance
            [NaturezaValor] => D
            [PoderOrgao] => 10131
            [FinanceiroPermanente] => 
            [DividaConsolidada] => 
            [FonteRecurso] => 1.211.0000
            [ComplementoFonteRecurso] => 
            [NaturezaReceita] => 
            [NaturezaDespesa] => 3.3.90.30.03
            [FuncaoSubfuncao] => 10.785
            [AnoInscricaoRestosAPagar] => 
            [DespesasMDEeASPS] => 
        )

    [480] => Array
        (
            [ContaContabil] => 5.2.2.1.3.03.00
            [Valor] => 63000
            [ValorF] => 63.000,00
            [TipoValor] => ending_balance
            [NaturezaValor] => D
            [PoderOrgao] => 10131
            [FinanceiroPermanente] => 
            [DividaConsolidada] => 
            [FonteRecurso] => 1.211.0000
            [ComplementoFonteRecurso] => 
            [NaturezaReceita] => 
            [NaturezaDespesa] => 3.3.90.30.03
            [FuncaoSubfuncao] => 10.785
            [AnoInscricaoRestosAPagar] => 
            [DespesasMDEeASPS] => 
        )

    [481] => Array
        (
            [ContaContabil] => 5.2.2.1.3.03.00
            [Valor] => 15000
            [ValorF] => 15.000,00
            [TipoValor] => period_change
            [NaturezaValor] => D
            [PoderOrgao] => 10131
            [FinanceiroPermanente] => 
            [DividaConsolidada] => 
            [FonteRecurso] => 1.211.0000
            [ComplementoFonteRecurso] => 
            [NaturezaReceita] => 
            [NaturezaDespesa] => 3.3.90.30.03
            [FuncaoSubfuncao] => 10.785
            [AnoInscricaoRestosAPagar] => 
            [DespesasMDEeASPS] => 
        )

    [482] => Array
        (
            [ContaContabil] => 5.2.2.1.3.03.00
            [Valor] => 9734
            [ValorF] => 9.734,00
            [TipoValor] => beginning_balance
            [NaturezaValor] => D
            [PoderOrgao] => 10131
            [FinanceiroPermanente] => 
            [DividaConsolidada] => 
            [FonteRecurso] => 1.215.0000
            [ComplementoFonteRecurso] => 
            [NaturezaReceita] => 
            [NaturezaDespesa] => 3.3.90.30.03
            [FuncaoSubfuncao] => 10.303
            [AnoInscricaoRestosAPagar] => 
            [DespesasMDEeASPS] => 
        )

    [483] => Array
        (
            [ContaContabil] => 5.2.2.1.3.03.00
            [Valor] => 9734
            [ValorF] => 9.734,00
            [TipoValor] => ending_balance
            [NaturezaValor] => D
            [PoderOrgao] => 10131
            [FinanceiroPermanente] => 
            [DividaConsolidada] => 
            [FonteRecurso] => 1.215.0000
            [ComplementoFonteRecurso] => 
            [NaturezaReceita] => 
            [NaturezaDespesa] => 3.3.90.30.03
            [FuncaoSubfuncao] => 10.303
            [AnoInscricaoRestosAPagar] => 
            [DespesasMDEeASPS] => 
        )

    [484] => Array
        (
            [ContaContabil] => 5.2.2.1.3.03.00
            [Valor] => 1000
            [ValorF] => 1.000,00
            [TipoValor] => beginning_balance
            [NaturezaValor] => D
            [PoderOrgao] => 10131
            [FinanceiroPermanente] => 
            [DividaConsolidada] => 
            [FonteRecurso] => 1.214.0000
            [ComplementoFonteRecurso] => 
            [NaturezaReceita] => 
            [NaturezaDespesa] => 3.3.90.30.03
            [FuncaoSubfuncao] => 10.305
            [AnoInscricaoRestosAPagar] => 
            [DespesasMDEeASPS] => 
        )

    [485] => Array
        (
            [ContaContabil] => 5.2.2.1.3.03.00
            [Valor] => 1000
            [ValorF] => 1.000,00
            [TipoValor] => ending_balance
            [NaturezaValor] => D
            [PoderOrgao] => 10131
            [FinanceiroPermanente] => 
            [DividaConsolidada] => 
            [FonteRecurso] => 1.214.0000
            [ComplementoFonteRecurso] => 
            [NaturezaReceita] => 
            [NaturezaDespesa] => 3.3.90.30.03
            [FuncaoSubfuncao] => 10.305
            [AnoInscricaoRestosAPagar] => 
            [DespesasMDEeASPS] => 
        )

    [486] => Array
        (
            [ContaContabil] => 5.2.2.1.3.03.00
            [Valor] => 10000
            [ValorF] => 10.000,00
            [TipoValor] => ending_balance
            [NaturezaValor] => D
            [PoderOrgao] => 10131
            [FinanceiroPermanente] => 
            [DividaConsolidada] => 
            [FonteRecurso] => 1.211.0000
            [ComplementoFonteRecurso] => 
            [NaturezaReceita] => 
            [NaturezaDespesa] => 3.3.90.32.03
            [FuncaoSubfuncao] => 10.303
            [AnoInscricaoRestosAPagar] => 
            [DespesasMDEeASPS] => 
        )

    [487] => Array
        (
            [ContaContabil] => 5.2.2.1.3.03.00
            [Valor] => 10000
            [ValorF] => 10.000,00
            [TipoValor] => period_change
            [NaturezaValor] => D
            [PoderOrgao] => 10131
            [FinanceiroPermanente] => 
            [DividaConsolidada] => 
            [FonteRecurso] => 1.211.0000
            [ComplementoFonteRecurso] => 
            [NaturezaReceita] => 
            [NaturezaDespesa] => 3.3.90.32.03
            [FuncaoSubfuncao] => 10.303
            [AnoInscricaoRestosAPagar] => 
            [DespesasMDEeASPS] => 
        )

    [488] => Array
        (
            [ContaContabil] => 5.2.2.1.3.03.00
            [Valor] => 5000
            [ValorF] => 5.000,00
            [TipoValor] => beginning_balance
            [NaturezaValor] => D
            [PoderOrgao] => 10131
            [FinanceiroPermanente] => 
            [DividaConsolidada] => 
            [FonteRecurso] => 1.211.0000
            [ComplementoFonteRecurso] => 
            [NaturezaReceita] => 
            [NaturezaDespesa] => 3.3.90.32.03
            [FuncaoSubfuncao] => 10.305
            [AnoInscricaoRestosAPagar] => 
            [DespesasMDEeASPS] => 
        )

    [489] => Array
        (
            [ContaContabil] => 5.2.2.1.3.03.00
            [Valor] => 5000
            [ValorF] => 5.000,00
            [TipoValor] => ending_balance
            [NaturezaValor] => D
            [PoderOrgao] => 10131
            [FinanceiroPermanente] => 
            [DividaConsolidada] => 
            [FonteRecurso] => 1.211.0000
            [ComplementoFonteRecurso] => 
            [NaturezaReceita] => 
            [NaturezaDespesa] => 3.3.90.32.03
            [FuncaoSubfuncao] => 10.305
            [AnoInscricaoRestosAPagar] => 
            [DespesasMDEeASPS] => 
        )

    [490] => Array
        (
            [ContaContabil] => 5.2.2.1.3.03.00
            [Valor] => 22000
            [ValorF] => 22.000,00
            [TipoValor] => beginning_balance
            [NaturezaValor] => D
            [PoderOrgao] => 10131
            [FinanceiroPermanente] => 
            [DividaConsolidada] => 
            [FonteRecurso] => 1.213.0000
            [ComplementoFonteRecurso] => 
            [NaturezaReceita] => 
            [NaturezaDespesa] => 3.3.90.32.03
            [FuncaoSubfuncao] => 10.303
            [AnoInscricaoRestosAPagar] => 
            [DespesasMDEeASPS] => 
        )

    [491] => Array
        (
            [ContaContabil] => 5.2.2.1.3.03.00
            [Valor] => 22000
            [ValorF] => 22.000,00
            [TipoValor] => ending_balance
            [NaturezaValor] => D
            [PoderOrgao] => 10131
            [FinanceiroPermanente] => 
            [DividaConsolidada] => 
            [FonteRecurso] => 1.213.0000
            [ComplementoFonteRecurso] => 
            [NaturezaReceita] => 
            [NaturezaDespesa] => 3.3.90.32.03
            [FuncaoSubfuncao] => 10.303
            [AnoInscricaoRestosAPagar] => 
            [DespesasMDEeASPS] => 
        )

    [492] => Array
        (
            [ContaContabil] => 5.2.2.1.3.03.00
            [Valor] => 11000
            [ValorF] => 11.000,00
            [TipoValor] => beginning_balance
            [NaturezaValor] => D
            [PoderOrgao] => 10131
            [FinanceiroPermanente] => 
            [DividaConsolidada] => 
            [FonteRecurso] => 1.211.0000
            [ComplementoFonteRecurso] => 
            [NaturezaReceita] => 
            [NaturezaDespesa] => 3.3.90.33.03
            [FuncaoSubfuncao] => 10.785
            [AnoInscricaoRestosAPagar] => 
            [DespesasMDEeASPS] => 
        )

    [493] => Array
        (
            [ContaContabil] => 5.2.2.1.3.03.00
            [Valor] => 11000
            [ValorF] => 11.000,00
            [TipoValor] => ending_balance
            [NaturezaValor] => D
            [PoderOrgao] => 10131
            [FinanceiroPermanente] => 
            [DividaConsolidada] => 
            [FonteRecurso] => 1.211.0000
            [ComplementoFonteRecurso] => 
            [NaturezaReceita] => 
            [NaturezaDespesa] => 3.3.90.33.03
            [FuncaoSubfuncao] => 10.785
            [AnoInscricaoRestosAPagar] => 
            [DespesasMDEeASPS] => 
        )

    [494] => Array
        (
            [ContaContabil] => 5.2.2.1.3.03.00
            [Valor] => 3300
            [ValorF] => 3.300,00
            [TipoValor] => beginning_balance
            [NaturezaValor] => D
            [PoderOrgao] => 10131
            [FinanceiroPermanente] => 
            [DividaConsolidada] => 
            [FonteRecurso] => 1.211.0000
            [ComplementoFonteRecurso] => 
            [NaturezaReceita] => 
            [NaturezaDespesa] => 3.3.90.36.03
            [FuncaoSubfuncao] => 10.303
            [AnoInscricaoRestosAPagar] => 
            [DespesasMDEeASPS] => 
        )

    [495] => Array
        (
            [ContaContabil] => 5.2.2.1.3.03.00
            [Valor] => 3300
            [ValorF] => 3.300,00
            [TipoValor] => ending_balance
            [NaturezaValor] => D
            [PoderOrgao] => 10131
            [FinanceiroPermanente] => 
            [DividaConsolidada] => 
            [FonteRecurso] => 1.211.0000
            [ComplementoFonteRecurso] => 
            [NaturezaReceita] => 
            [NaturezaDespesa] => 3.3.90.36.03
            [FuncaoSubfuncao] => 10.303
            [AnoInscricaoRestosAPagar] => 
            [DespesasMDEeASPS] => 
        )

    [496] => Array
        (
            [ContaContabil] => 5.2.2.1.3.03.00
            [Valor] => 1000
            [ValorF] => 1.000,00
            [TipoValor] => beginning_balance
            [NaturezaValor] => D
            [PoderOrgao] => 10131
            [FinanceiroPermanente] => 
            [DividaConsolidada] => 
            [FonteRecurso] => 1.211.0000
            [ComplementoFonteRecurso] => 
            [NaturezaReceita] => 
            [NaturezaDespesa] => 3.3.90.36.03
            [FuncaoSubfuncao] => 10.305
            [AnoInscricaoRestosAPagar] => 
            [DespesasMDEeASPS] => 
        )

    [497] => Array
        (
            [ContaContabil] => 5.2.2.1.3.03.00
            [Valor] => 1000
            [ValorF] => 1.000,00
            [TipoValor] => ending_balance
            [NaturezaValor] => D
            [PoderOrgao] => 10131
            [FinanceiroPermanente] => 
            [DividaConsolidada] => 
            [FonteRecurso] => 1.211.0000
            [ComplementoFonteRecurso] => 
            [NaturezaReceita] => 
            [NaturezaDespesa] => 3.3.90.36.03
            [FuncaoSubfuncao] => 10.305
            [AnoInscricaoRestosAPagar] => 
            [DespesasMDEeASPS] => 
        )

    [498] => Array
        (
            [ContaContabil] => 5.2.2.1.3.03.00
            [Valor] => 7600
            [ValorF] => 7.600,00
            [TipoValor] => beginning_balance
            [NaturezaValor] => D
            [PoderOrgao] => 10131
            [FinanceiroPermanente] => 
            [DividaConsolidada] => 
            [FonteRecurso] => 1.211.0000
            [ComplementoFonteRecurso] => 
            [NaturezaReceita] => 
            [NaturezaDespesa] => 3.3.90.39.03
            [FuncaoSubfuncao] => 10.122
            [AnoInscricaoRestosAPagar] => 
            [DespesasMDEeASPS] => 
        )

    [499] => Array
        (
            [ContaContabil] => 5.2.2.1.3.03.00
            [Valor] => 8600
            [ValorF] => 8.600,00
            [TipoValor] => ending_balance
            [NaturezaValor] => D
            [PoderOrgao] => 10131
            [FinanceiroPermanente] => 
            [DividaConsolidada] => 
            [FonteRecurso] => 1.211.0000
            [ComplementoFonteRecurso] => 
            [NaturezaReceita] => 
            [NaturezaDespesa] => 3.3.90.39.03
            [FuncaoSubfuncao] => 10.122
            [AnoInscricaoRestosAPagar] => 
            [DespesasMDEeASPS] => 
        )

    [500] => Array
        (
            [ContaContabil] => 5.2.2.1.3.03.00
            [Valor] => 1000
            [ValorF] => 1.000,00
            [TipoValor] => period_change
            [NaturezaValor] => D
            [PoderOrgao] => 10131
            [FinanceiroPermanente] => 
            [DividaConsolidada] => 
            [FonteRecurso] => 1.211.0000
            [ComplementoFonteRecurso] => 
            [NaturezaReceita] => 
            [NaturezaDespesa] => 3.3.90.39.03
            [FuncaoSubfuncao] => 10.122
            [AnoInscricaoRestosAPagar] => 
            [DespesasMDEeASPS] => 
        )

    [501] => Array
        (
            [ContaContabil] => 5.2.2.1.3.03.00
            [Valor] => 395528.88
            [ValorF] => 395.528,88
            [TipoValor] => beginning_balance
            [NaturezaValor] => D
            [PoderOrgao] => 10131
            [FinanceiroPermanente] => 
            [DividaConsolidada] => 
            [FonteRecurso] => 1.211.0000
            [ComplementoFonteRecurso] => 
            [NaturezaReceita] => 
            [NaturezaDespesa] => 3.3.90.39.03
            [FuncaoSubfuncao] => 10.301
            [AnoInscricaoRestosAPagar] => 
            [DespesasMDEeASPS] => 
        )

    [502] => Array
        (
            [ContaContabil] => 5.2.2.1.3.03.00
            [Valor] => 397878.88
            [ValorF] => 397.878,88
            [TipoValor] => ending_balance
            [NaturezaValor] => D
            [PoderOrgao] => 10131
            [FinanceiroPermanente] => 
            [DividaConsolidada] => 
            [FonteRecurso] => 1.211.0000
            [ComplementoFonteRecurso] => 
            [NaturezaReceita] => 
            [NaturezaDespesa] => 3.3.90.39.03
            [FuncaoSubfuncao] => 10.301
            [AnoInscricaoRestosAPagar] => 
            [DespesasMDEeASPS] => 
        )

    [503] => Array
        (
            [ContaContabil] => 5.2.2.1.3.03.00
            [Valor] => 2350
            [ValorF] => 2.350,00
            [TipoValor] => period_change
            [NaturezaValor] => D
            [PoderOrgao] => 10131
            [FinanceiroPermanente] => 
            [DividaConsolidada] => 
            [FonteRecurso] => 1.211.0000
            [ComplementoFonteRecurso] => 
            [NaturezaReceita] => 
            [NaturezaDespesa] => 3.3.90.39.03
            [FuncaoSubfuncao] => 10.301
            [AnoInscricaoRestosAPagar] => 
            [DespesasMDEeASPS] => 
        )

    [504] => Array
        (
            [ContaContabil] => 5.2.2.1.3.03.00
            [Valor] => 208500
            [ValorF] => 208.500,00
            [TipoValor] => beginning_balance
            [NaturezaValor] => D
            [PoderOrgao] => 10131
            [FinanceiroPermanente] => 
            [DividaConsolidada] => 
            [FonteRecurso] => 1.211.0000
            [ComplementoFonteRecurso] => 
            [NaturezaReceita] => 
            [NaturezaDespesa] => 3.3.90.39.03
            [FuncaoSubfuncao] => 10.302
            [AnoInscricaoRestosAPagar] => 
            [DespesasMDEeASPS] => 
        )

    [505] => Array
        (
            [ContaContabil] => 5.2.2.1.3.03.00
            [Valor] => 208500
            [ValorF] => 208.500,00
            [TipoValor] => ending_balance
            [NaturezaValor] => D
            [PoderOrgao] => 10131
            [FinanceiroPermanente] => 
            [DividaConsolidada] => 
            [FonteRecurso] => 1.211.0000
            [ComplementoFonteRecurso] => 
            [NaturezaReceita] => 
            [NaturezaDespesa] => 3.3.90.39.03
            [FuncaoSubfuncao] => 10.302
            [AnoInscricaoRestosAPagar] => 
            [DespesasMDEeASPS] => 
        )

    [506] => Array
        (
            [ContaContabil] => 5.2.2.1.3.03.00
            [Valor] => 89130
            [ValorF] => 89.130,00
            [TipoValor] => beginning_balance
            [NaturezaValor] => D
            [PoderOrgao] => 10131
            [FinanceiroPermanente] => 
            [DividaConsolidada] => 
            [FonteRecurso] => 1.211.0000
            [ComplementoFonteRecurso] => 
            [NaturezaReceita] => 
            [NaturezaDespesa] => 3.3.90.39.03
            [FuncaoSubfuncao] => 10.303
            [AnoInscricaoRestosAPagar] => 
            [DespesasMDEeASPS] => 
        )

    [507] => Array
        (
            [ContaContabil] => 5.2.2.1.3.03.00
            [Valor] => 89130
            [ValorF] => 89.130,00
            [TipoValor] => ending_balance
            [NaturezaValor] => D
            [PoderOrgao] => 10131
            [FinanceiroPermanente] => 
            [DividaConsolidada] => 
            [FonteRecurso] => 1.211.0000
            [ComplementoFonteRecurso] => 
            [NaturezaReceita] => 
            [NaturezaDespesa] => 3.3.90.39.03
            [FuncaoSubfuncao] => 10.303
            [AnoInscricaoRestosAPagar] => 
            [DespesasMDEeASPS] => 
        )

    [508] => Array
        (
            [ContaContabil] => 5.2.2.1.3.03.00
            [Valor] => 27000
            [ValorF] => 27.000,00
            [TipoValor] => beginning_balance
            [NaturezaValor] => D
            [PoderOrgao] => 10131
            [FinanceiroPermanente] => 
            [DividaConsolidada] => 
            [FonteRecurso] => 1.211.0000
            [ComplementoFonteRecurso] => 
            [NaturezaReceita] => 
            [NaturezaDespesa] => 3.3.90.39.03
            [FuncaoSubfuncao] => 10.305
            [AnoInscricaoRestosAPagar] => 
            [DespesasMDEeASPS] => 
        )

    [509] => Array
        (
            [ContaContabil] => 5.2.2.1.3.03.00
            [Valor] => 27000
            [ValorF] => 27.000,00
            [TipoValor] => ending_balance
            [NaturezaValor] => D
            [PoderOrgao] => 10131
            [FinanceiroPermanente] => 
            [DividaConsolidada] => 
            [FonteRecurso] => 1.211.0000
            [ComplementoFonteRecurso] => 
            [NaturezaReceita] => 
            [NaturezaDespesa] => 3.3.90.39.03
            [FuncaoSubfuncao] => 10.305
            [AnoInscricaoRestosAPagar] => 
            [DespesasMDEeASPS] => 
        )

    [510] => Array
        (
            [ContaContabil] => 5.2.2.1.3.03.00
            [Valor] => 3000
            [ValorF] => 3.000,00
            [TipoValor] => beginning_balance
            [NaturezaValor] => D
            [PoderOrgao] => 10131
            [FinanceiroPermanente] => 
            [DividaConsolidada] => 
            [FonteRecurso] => 1.214.0000
            [ComplementoFonteRecurso] => 
            [NaturezaReceita] => 
            [NaturezaDespesa] => 3.3.90.39.03
            [FuncaoSubfuncao] => 10.305
            [AnoInscricaoRestosAPagar] => 
            [DespesasMDEeASPS] => 
        )

    [511] => Array
        (
            [ContaContabil] => 5.2.2.1.3.03.00
            [Valor] => 3000
            [ValorF] => 3.000,00
            [TipoValor] => ending_balance
            [NaturezaValor] => D
            [PoderOrgao] => 10131
            [FinanceiroPermanente] => 
            [DividaConsolidada] => 
            [FonteRecurso] => 1.214.0000
            [ComplementoFonteRecurso] => 
            [NaturezaReceita] => 
            [NaturezaDespesa] => 3.3.90.39.03
            [FuncaoSubfuncao] => 10.305
            [AnoInscricaoRestosAPagar] => 
            [DespesasMDEeASPS] => 
        )

    [512] => Array
        (
            [ContaContabil] => 5.2.2.1.3.03.00
            [Valor] => 3625
            [ValorF] => 3.625,00
            [TipoValor] => beginning_balance
            [NaturezaValor] => D
            [PoderOrgao] => 10131
            [FinanceiroPermanente] => 
            [DividaConsolidada] => 
            [FonteRecurso] => 1.211.0000
            [ComplementoFonteRecurso] => 
            [NaturezaReceita] => 
            [NaturezaDespesa] => 3.3.90.40.04
            [FuncaoSubfuncao] => 10.122
            [AnoInscricaoRestosAPagar] => 
            [DespesasMDEeASPS] => 
        )

    [513] => Array
        (
            [ContaContabil] => 5.2.2.1.3.03.00
            [Valor] => 4045
            [ValorF] => 4.045,00
            [TipoValor] => ending_balance
            [NaturezaValor] => D
            [PoderOrgao] => 10131
            [FinanceiroPermanente] => 
            [DividaConsolidada] => 
            [FonteRecurso] => 1.211.0000
            [ComplementoFonteRecurso] => 
            [NaturezaReceita] => 
            [NaturezaDespesa] => 3.3.90.40.04
            [FuncaoSubfuncao] => 10.122
            [AnoInscricaoRestosAPagar] => 
            [DespesasMDEeASPS] => 
        )

    [514] => Array
        (
            [ContaContabil] => 5.2.2.1.3.03.00
            [Valor] => 420
            [ValorF] => 420,00
            [TipoValor] => period_change
            [NaturezaValor] => D
            [PoderOrgao] => 10131
            [FinanceiroPermanente] => 
            [DividaConsolidada] => 
            [FonteRecurso] => 1.211.0000
            [ComplementoFonteRecurso] => 
            [NaturezaReceita] => 
            [NaturezaDespesa] => 3.3.90.40.04
            [FuncaoSubfuncao] => 10.122
            [AnoInscricaoRestosAPagar] => 
            [DespesasMDEeASPS] => 
        )

    [515] => Array
        (
            [ContaContabil] => 5.2.2.1.3.03.00
            [Valor] => 11820
            [ValorF] => 11.820,00
            [TipoValor] => beginning_balance
            [NaturezaValor] => D
            [PoderOrgao] => 10131
            [FinanceiroPermanente] => 
            [DividaConsolidada] => 
            [FonteRecurso] => 1.211.0000
            [ComplementoFonteRecurso] => 
            [NaturezaReceita] => 
            [NaturezaDespesa] => 3.3.90.40.04
            [FuncaoSubfuncao] => 10.301
            [AnoInscricaoRestosAPagar] => 
            [DespesasMDEeASPS] => 
        )

    [516] => Array
        (
            [ContaContabil] => 5.2.2.1.3.03.00
            [Valor] => 11820
            [ValorF] => 11.820,00
            [TipoValor] => ending_balance
            [NaturezaValor] => D
            [PoderOrgao] => 10131
            [FinanceiroPermanente] => 
            [DividaConsolidada] => 
            [FonteRecurso] => 1.211.0000
            [ComplementoFonteRecurso] => 
            [NaturezaReceita] => 
            [NaturezaDespesa] => 3.3.90.40.04
            [FuncaoSubfuncao] => 10.301
            [AnoInscricaoRestosAPagar] => 
            [DespesasMDEeASPS] => 
        )

    [517] => Array
        (
            [ContaContabil] => 5.2.2.1.3.03.00
            [Valor] => 160000
            [ValorF] => 160.000,00
            [TipoValor] => beginning_balance
            [NaturezaValor] => D
            [PoderOrgao] => 10131
            [FinanceiroPermanente] => 
            [DividaConsolidada] => 
            [FonteRecurso] => 1.211.0000
            [ComplementoFonteRecurso] => 
            [NaturezaReceita] => 
            [NaturezaDespesa] => 3.3.90.46.04
            [FuncaoSubfuncao] => 10.331
            [AnoInscricaoRestosAPagar] => 
            [DespesasMDEeASPS] => 
        )

    [518] => Array
        (
            [ContaContabil] => 5.2.2.1.3.03.00
            [Valor] => 160000
            [ValorF] => 160.000,00
            [TipoValor] => ending_balance
            [NaturezaValor] => D
            [PoderOrgao] => 10131
            [FinanceiroPermanente] => 
            [DividaConsolidada] => 
            [FonteRecurso] => 1.211.0000
            [ComplementoFonteRecurso] => 
            [NaturezaReceita] => 
            [NaturezaDespesa] => 3.3.90.46.04
            [FuncaoSubfuncao] => 10.331
            [AnoInscricaoRestosAPagar] => 
            [DespesasMDEeASPS] => 
        )

    [519] => Array
        (
            [ContaContabil] => 5.2.2.1.3.03.00
            [Valor] => 4000
            [ValorF] => 4.000,00
            [TipoValor] => beginning_balance
            [NaturezaValor] => D
            [PoderOrgao] => 10131
            [FinanceiroPermanente] => 
            [DividaConsolidada] => 
            [FonteRecurso] => 1.211.0000
            [ComplementoFonteRecurso] => 
            [NaturezaReceita] => 
            [NaturezaDespesa] => 3.3.90.93.09
            [FuncaoSubfuncao] => 10.302
            [AnoInscricaoRestosAPagar] => 
            [DespesasMDEeASPS] => 
        )

    [520] => Array
        (
            [ContaContabil] => 5.2.2.1.3.03.00
            [Valor] => 9000
            [ValorF] => 9.000,00
            [TipoValor] => ending_balance
            [NaturezaValor] => D
            [PoderOrgao] => 10131
            [FinanceiroPermanente] => 
            [DividaConsolidada] => 
            [FonteRecurso] => 1.211.0000
            [ComplementoFonteRecurso] => 
            [NaturezaReceita] => 
            [NaturezaDespesa] => 3.3.90.93.09
            [FuncaoSubfuncao] => 10.302
            [AnoInscricaoRestosAPagar] => 
            [DespesasMDEeASPS] => 
        )

    [521] => Array
        (
            [ContaContabil] => 5.2.2.1.3.03.00
            [Valor] => 5000
            [ValorF] => 5.000,00
            [TipoValor] => period_change
            [NaturezaValor] => D
            [PoderOrgao] => 10131
            [FinanceiroPermanente] => 
            [DividaConsolidada] => 
            [FonteRecurso] => 1.211.0000
            [ComplementoFonteRecurso] => 
            [NaturezaReceita] => 
            [NaturezaDespesa] => 3.3.90.93.09
            [FuncaoSubfuncao] => 10.302
            [AnoInscricaoRestosAPagar] => 
            [DespesasMDEeASPS] => 
        )

    [522] => Array
        (
            [ContaContabil] => 5.2.2.1.3.03.00
            [Valor] => 3000
            [ValorF] => 3.000,00
            [TipoValor] => beginning_balance
            [NaturezaValor] => D
            [PoderOrgao] => 10131
            [FinanceiroPermanente] => 
            [DividaConsolidada] => 
            [FonteRecurso] => 1.211.0000
            [ComplementoFonteRecurso] => 
            [NaturezaReceita] => 
            [NaturezaDespesa] => 3.3.90.93.09
            [FuncaoSubfuncao] => 10.303
            [AnoInscricaoRestosAPagar] => 
            [DespesasMDEeASPS] => 
        )

    [523] => Array
        (
            [ContaContabil] => 5.2.2.1.3.03.00
            [Valor] => 3000
            [ValorF] => 3.000,00
            [TipoValor] => ending_balance
            [NaturezaValor] => D
            [PoderOrgao] => 10131
            [FinanceiroPermanente] => 
            [DividaConsolidada] => 
            [FonteRecurso] => 1.211.0000
            [ComplementoFonteRecurso] => 
            [NaturezaReceita] => 
            [NaturezaDespesa] => 3.3.90.93.09
            [FuncaoSubfuncao] => 10.303
            [AnoInscricaoRestosAPagar] => 
            [DespesasMDEeASPS] => 
        )

    [524] => Array
        (
            [ContaContabil] => 5.2.2.1.3.03.00
            [Valor] => 25000
            [ValorF] => 25.000,00
            [TipoValor] => beginning_balance
            [NaturezaValor] => D
            [PoderOrgao] => 10131
            [FinanceiroPermanente] => 
            [DividaConsolidada] => 
            [FonteRecurso] => 1.211.0000
            [ComplementoFonteRecurso] => 
            [NaturezaReceita] => 
            [NaturezaDespesa] => 3.3.93.39.03
            [FuncaoSubfuncao] => 10.301
            [AnoInscricaoRestosAPagar] => 
            [DespesasMDEeASPS] => 
        )

    [525] => Array
        (
            [ContaContabil] => 5.2.2.1.3.03.00
            [Valor] => 25000
            [ValorF] => 25.000,00
            [TipoValor] => ending_balance
            [NaturezaValor] => D
            [PoderOrgao] => 10131
            [FinanceiroPermanente] => 
            [DividaConsolidada] => 
            [FonteRecurso] => 1.211.0000
            [ComplementoFonteRecurso] => 
            [NaturezaReceita] => 
            [NaturezaDespesa] => 3.3.93.39.03
            [FuncaoSubfuncao] => 10.301
            [AnoInscricaoRestosAPagar] => 
            [DespesasMDEeASPS] => 
        )

    [526] => Array
        (
            [ContaContabil] => 5.2.2.1.3.03.00
            [Valor] => 120000
            [ValorF] => 120.000,00
            [TipoValor] => beginning_balance
            [NaturezaValor] => D
            [PoderOrgao] => 10131
            [FinanceiroPermanente] => 
            [DividaConsolidada] => 
            [FonteRecurso] => 1.211.0000
            [ComplementoFonteRecurso] => 
            [NaturezaReceita] => 
            [NaturezaDespesa] => 3.3.93.39.03
            [FuncaoSubfuncao] => 10.302
            [AnoInscricaoRestosAPagar] => 
            [DespesasMDEeASPS] => 
        )

    [527] => Array
        (
            [ContaContabil] => 5.2.2.1.3.03.00
            [Valor] => 120000
            [ValorF] => 120.000,00
            [TipoValor] => ending_balance
            [NaturezaValor] => D
            [PoderOrgao] => 10131
            [FinanceiroPermanente] => 
            [DividaConsolidada] => 
            [FonteRecurso] => 1.211.0000
            [ComplementoFonteRecurso] => 
            [NaturezaReceita] => 
            [NaturezaDespesa] => 3.3.93.39.03
            [FuncaoSubfuncao] => 10.302
            [AnoInscricaoRestosAPagar] => 
            [DespesasMDEeASPS] => 
        )

    [528] => Array
        (
            [ContaContabil] => 5.2.2.1.3.03.00
            [Valor] => 851.67
            [ValorF] => 851,67
            [TipoValor] => beginning_balance
            [NaturezaValor] => D
            [PoderOrgao] => 10131
            [FinanceiroPermanente] => 
            [DividaConsolidada] => 
            [FonteRecurso] => 1.211.0000
            [ComplementoFonteRecurso] => 
            [NaturezaReceita] => 
            [NaturezaDespesa] => 4.4.90.51.05
            [FuncaoSubfuncao] => 10.785
            [AnoInscricaoRestosAPagar] => 
            [DespesasMDEeASPS] => 
        )

    [529] => Array
        (
            [ContaContabil] => 5.2.2.1.3.03.00
            [Valor] => 851.67
            [ValorF] => 851,67
            [TipoValor] => ending_balance
            [NaturezaValor] => D
            [PoderOrgao] => 10131
            [FinanceiroPermanente] => 
            [DividaConsolidada] => 
            [FonteRecurso] => 1.211.0000
            [ComplementoFonteRecurso] => 
            [NaturezaReceita] => 
            [NaturezaDespesa] => 4.4.90.51.05
            [FuncaoSubfuncao] => 10.785
            [AnoInscricaoRestosAPagar] => 
            [DespesasMDEeASPS] => 
        )

    [530] => Array
        (
            [ContaContabil] => 5.2.2.1.3.03.00
            [Valor] => 1300
            [ValorF] => 1.300,00
            [TipoValor] => beginning_balance
            [NaturezaValor] => D
            [PoderOrgao] => 10131
            [FinanceiroPermanente] => 
            [DividaConsolidada] => 
            [FonteRecurso] => 1.211.0000
            [ComplementoFonteRecurso] => 
            [NaturezaReceita] => 
            [NaturezaDespesa] => 4.4.90.52.05
            [FuncaoSubfuncao] => 10.122
            [AnoInscricaoRestosAPagar] => 
            [DespesasMDEeASPS] => 
        )

    [531] => Array
        (
            [ContaContabil] => 5.2.2.1.3.03.00
            [Valor] => 1300
            [ValorF] => 1.300,00
            [TipoValor] => ending_balance
            [NaturezaValor] => D
            [PoderOrgao] => 10131
            [FinanceiroPermanente] => 
            [DividaConsolidada] => 
            [FonteRecurso] => 1.211.0000
            [ComplementoFonteRecurso] => 
            [NaturezaReceita] => 
            [NaturezaDespesa] => 4.4.90.52.05
            [FuncaoSubfuncao] => 10.122
            [AnoInscricaoRestosAPagar] => 
            [DespesasMDEeASPS] => 
        )

    [532] => Array
        (
            [ContaContabil] => 5.2.2.1.3.03.00
            [Valor] => 5000
            [ValorF] => 5.000,00
            [TipoValor] => beginning_balance
            [NaturezaValor] => D
            [PoderOrgao] => 10131
            [FinanceiroPermanente] => 
            [DividaConsolidada] => 
            [FonteRecurso] => 1.211.0000
            [ComplementoFonteRecurso] => 
            [NaturezaReceita] => 
            [NaturezaDespesa] => 4.4.90.52.05
            [FuncaoSubfuncao] => 10.301
            [AnoInscricaoRestosAPagar] => 
            [DespesasMDEeASPS] => 
        )

    [533] => Array
        (
            [ContaContabil] => 5.2.2.1.3.03.00
            [Valor] => 5000
            [ValorF] => 5.000,00
            [TipoValor] => ending_balance
            [NaturezaValor] => D
            [PoderOrgao] => 10131
            [FinanceiroPermanente] => 
            [DividaConsolidada] => 
            [FonteRecurso] => 1.211.0000
            [ComplementoFonteRecurso] => 
            [NaturezaReceita] => 
            [NaturezaDespesa] => 4.4.90.52.05
            [FuncaoSubfuncao] => 10.301
            [AnoInscricaoRestosAPagar] => 
            [DespesasMDEeASPS] => 
        )

    [534] => Array
        (
            [ContaContabil] => 5.2.2.1.3.03.00
            [Valor] => 4490
            [ValorF] => 4.490,00
            [TipoValor] => beginning_balance
            [NaturezaValor] => D
            [PoderOrgao] => 10131
            [FinanceiroPermanente] => 
            [DividaConsolidada] => 
            [FonteRecurso] => 1.211.0000
            [ComplementoFonteRecurso] => 
            [NaturezaReceita] => 
            [NaturezaDespesa] => 4.4.90.52.05
            [FuncaoSubfuncao] => 10.302
            [AnoInscricaoRestosAPagar] => 
            [DespesasMDEeASPS] => 
        )

    [535] => Array
        (
            [ContaContabil] => 5.2.2.1.3.03.00
            [Valor] => 4490
            [ValorF] => 4.490,00
            [TipoValor] => ending_balance
            [NaturezaValor] => D
            [PoderOrgao] => 10131
            [FinanceiroPermanente] => 
            [DividaConsolidada] => 
            [FonteRecurso] => 1.211.0000
            [ComplementoFonteRecurso] => 
            [NaturezaReceita] => 
            [NaturezaDespesa] => 4.4.90.52.05
            [FuncaoSubfuncao] => 10.302
            [AnoInscricaoRestosAPagar] => 
            [DespesasMDEeASPS] => 
        )

    [536] => Array
        (
            [ContaContabil] => 5.2.2.1.3.03.00
            [Valor] => 5000
            [ValorF] => 5.000,00
            [TipoValor] => beginning_balance
            [NaturezaValor] => D
            [PoderOrgao] => 10131
            [FinanceiroPermanente] => 
            [DividaConsolidada] => 
            [FonteRecurso] => 1.211.0000
            [ComplementoFonteRecurso] => 
            [NaturezaReceita] => 
            [NaturezaDespesa] => 4.4.90.52.05
            [FuncaoSubfuncao] => 10.305
            [AnoInscricaoRestosAPagar] => 
            [DespesasMDEeASPS] => 
        )

    [537] => Array
        (
            [ContaContabil] => 5.2.2.1.3.03.00
            [Valor] => 5000
            [ValorF] => 5.000,00
            [TipoValor] => ending_balance
            [NaturezaValor] => D
            [PoderOrgao] => 10131
            [FinanceiroPermanente] => 
            [DividaConsolidada] => 
            [FonteRecurso] => 1.211.0000
            [ComplementoFonteRecurso] => 
            [NaturezaReceita] => 
            [NaturezaDespesa] => 4.4.90.52.05
            [FuncaoSubfuncao] => 10.305
            [AnoInscricaoRestosAPagar] => 
            [DespesasMDEeASPS] => 
        )

    [538] => Array
        (
            [ContaContabil] => 5.2.2.1.3.03.00
            [Valor] => 73000
            [ValorF] => 73.000,00
            [TipoValor] => beginning_balance
            [NaturezaValor] => D
            [PoderOrgao] => 10131
            [FinanceiroPermanente] => 
            [DividaConsolidada] => 
            [FonteRecurso] => 1.211.0000
            [ComplementoFonteRecurso] => 
            [NaturezaReceita] => 
            [NaturezaDespesa] => 4.4.90.52.05
            [FuncaoSubfuncao] => 10.782
            [AnoInscricaoRestosAPagar] => 
            [DespesasMDEeASPS] => 
        )

    [539] => Array
        (
            [ContaContabil] => 5.2.2.1.3.03.00
            [Valor] => 73000
            [ValorF] => 73.000,00
            [TipoValor] => ending_balance
            [NaturezaValor] => D
            [PoderOrgao] => 10131
            [FinanceiroPermanente] => 
            [DividaConsolidada] => 
            [FonteRecurso] => 1.211.0000
            [ComplementoFonteRecurso] => 
            [NaturezaReceita] => 
            [NaturezaDespesa] => 4.4.90.52.05
            [FuncaoSubfuncao] => 10.782
            [AnoInscricaoRestosAPagar] => 
            [DespesasMDEeASPS] => 
        )

    [540] => Array
        (
            [ContaContabil] => 5.2.2.1.3.03.00
            [Valor] => 1.2
            [ValorF] => 1,20
            [TipoValor] => ending_balance
            [NaturezaValor] => D
            [PoderOrgao] => 10131
            [FinanceiroPermanente] => 
            [DividaConsolidada] => 
            [FonteRecurso] => 1.290.0000
            [ComplementoFonteRecurso] => 
            [NaturezaReceita] => 
            [NaturezaDespesa] => 4.4.90.52.05
            [FuncaoSubfuncao] => 10.305
            [AnoInscricaoRestosAPagar] => 
            [DespesasMDEeASPS] => 
        )

    [541] => Array
        (
            [ContaContabil] => 5.2.2.1.3.03.00
            [Valor] => 1.2
            [ValorF] => 1,20
            [TipoValor] => period_change
            [NaturezaValor] => D
            [PoderOrgao] => 10131
            [FinanceiroPermanente] => 
            [DividaConsolidada] => 
            [FonteRecurso] => 1.290.0000
            [ComplementoFonteRecurso] => 
            [NaturezaReceita] => 
            [NaturezaDespesa] => 4.4.90.52.05
            [FuncaoSubfuncao] => 10.305
            [AnoInscricaoRestosAPagar] => 
            [DespesasMDEeASPS] => 
        )

    [542] => Array
        (
            [ContaContabil] => 5.2.2.1.3.03.00
            [Valor] => 18750
            [ValorF] => 18.750,00
            [TipoValor] => beginning_balance
            [NaturezaValor] => D
            [PoderOrgao] => 10131
            [FinanceiroPermanente] => 
            [DividaConsolidada] => 
            [FonteRecurso] => 1.930.0000
            [ComplementoFonteRecurso] => 
            [NaturezaReceita] => 
            [NaturezaDespesa] => 4.4.90.52.05
            [FuncaoSubfuncao] => 10.782
            [AnoInscricaoRestosAPagar] => 
            [DespesasMDEeASPS] => 
        )

    [543] => Array
        (
            [ContaContabil] => 5.2.2.1.3.03.00
            [Valor] => 18750
            [ValorF] => 18.750,00
            [TipoValor] => ending_balance
            [NaturezaValor] => D
            [PoderOrgao] => 10131
            [FinanceiroPermanente] => 
            [DividaConsolidada] => 
            [FonteRecurso] => 1.930.0000
            [ComplementoFonteRecurso] => 
            [NaturezaReceita] => 
            [NaturezaDespesa] => 4.4.90.52.05
            [FuncaoSubfuncao] => 10.782
            [AnoInscricaoRestosAPagar] => 
            [DespesasMDEeASPS] => 
        )

    [544] => Array
        (
            [ContaContabil] => 5.2.2.1.3.03.00
            [Valor] => 3.54
            [ValorF] => 3,54
            [TipoValor] => beginning_balance
            [NaturezaValor] => D
            [PoderOrgao] => 10131
            [FinanceiroPermanente] => 
            [DividaConsolidada] => 
            [FonteRecurso] => 1.215.0000
            [ComplementoFonteRecurso] => 
            [NaturezaReceita] => 
            [NaturezaDespesa] => 4.4.90.52.05
            [FuncaoSubfuncao] => 10.301
            [AnoInscricaoRestosAPagar] => 
            [DespesasMDEeASPS] => 
        )

    [545] => Array
        (
            [ContaContabil] => 5.2.2.1.3.03.00
            [Valor] => 3.54
            [ValorF] => 3,54
            [TipoValor] => ending_balance
            [NaturezaValor] => D
            [PoderOrgao] => 10131
            [FinanceiroPermanente] => 
            [DividaConsolidada] => 
            [FonteRecurso] => 1.215.0000
            [ComplementoFonteRecurso] => 
            [NaturezaReceita] => 
            [NaturezaDespesa] => 4.4.90.52.05
            [FuncaoSubfuncao] => 10.301
            [AnoInscricaoRestosAPagar] => 
            [DespesasMDEeASPS] => 
        )

    [546] => Array
        (
            [ContaContabil] => 5.2.2.1.3.05.00
            [Valor] => 10000
            [ValorF] => 10.000,00
            [TipoValor] => beginning_balance
            [NaturezaValor] => D
            [PoderOrgao] => 10131
            [FinanceiroPermanente] => 
            [DividaConsolidada] => 
            [FonteRecurso] => 1.211.0000
            [ComplementoFonteRecurso] => 
            [NaturezaReceita] => 
            [NaturezaDespesa] => 3.1.90.11.01
            [FuncaoSubfuncao] => 10.272
            [AnoInscricaoRestosAPagar] => 
            [DespesasMDEeASPS] => 
        )

    [547] => Array
        (
            [ContaContabil] => 5.2.2.1.3.05.00
            [Valor] => 10000
            [ValorF] => 10.000,00
            [TipoValor] => ending_balance
            [NaturezaValor] => D
            [PoderOrgao] => 10131
            [FinanceiroPermanente] => 
            [DividaConsolidada] => 
            [FonteRecurso] => 1.211.0000
            [ComplementoFonteRecurso] => 
            [NaturezaReceita] => 
            [NaturezaDespesa] => 3.1.90.11.01
            [FuncaoSubfuncao] => 10.272
            [AnoInscricaoRestosAPagar] => 
            [DespesasMDEeASPS] => 
        )

    [548] => Array
        (
            [ContaContabil] => 5.2.2.1.3.05.00
            [Valor] => 10000
            [ValorF] => 10.000,00
            [TipoValor] => beginning_balance
            [NaturezaValor] => D
            [PoderOrgao] => 10131
            [FinanceiroPermanente] => 
            [DividaConsolidada] => 
            [FonteRecurso] => 1.211.0000
            [ComplementoFonteRecurso] => 
            [NaturezaReceita] => 
            [NaturezaDespesa] => 3.3.90.08.00
            [FuncaoSubfuncao] => 10.272
            [AnoInscricaoRestosAPagar] => 
            [DespesasMDEeASPS] => 
        )

    [549] => Array
        (
            [ContaContabil] => 5.2.2.1.3.05.00
            [Valor] => 10000
            [ValorF] => 10.000,00
            [TipoValor] => ending_balance
            [NaturezaValor] => D
            [PoderOrgao] => 10131
            [FinanceiroPermanente] => 
            [DividaConsolidada] => 
            [FonteRecurso] => 1.211.0000
            [ComplementoFonteRecurso] => 
            [NaturezaReceita] => 
            [NaturezaDespesa] => 3.3.90.08.00
            [FuncaoSubfuncao] => 10.272
            [AnoInscricaoRestosAPagar] => 
            [DespesasMDEeASPS] => 
        )

    [550] => Array
        (
            [ContaContabil] => 5.2.2.1.3.06.00
            [Valor] => 4774.9
            [ValorF] => 4.774,90
            [TipoValor] => beginning_balance
            [NaturezaValor] => D
            [PoderOrgao] => 10131
            [FinanceiroPermanente] => 
            [DividaConsolidada] => 
            [FonteRecurso] => 1.211.0000
            [ComplementoFonteRecurso] => 
            [NaturezaReceita] => 
            [NaturezaDespesa] => 3.1.90.04.00
            [FuncaoSubfuncao] => 10.301
            [AnoInscricaoRestosAPagar] => 
            [DespesasMDEeASPS] => 
        )

    [551] => Array
        (
            [ContaContabil] => 5.2.2.1.3.06.00
            [Valor] => 4774.9
            [ValorF] => 4.774,90
            [TipoValor] => ending_balance
            [NaturezaValor] => D
            [PoderOrgao] => 10131
            [FinanceiroPermanente] => 
            [DividaConsolidada] => 
            [FonteRecurso] => 1.211.0000
            [ComplementoFonteRecurso] => 
            [NaturezaReceita] => 
            [NaturezaDespesa] => 3.1.90.04.00
            [FuncaoSubfuncao] => 10.301
            [AnoInscricaoRestosAPagar] => 
            [DespesasMDEeASPS] => 
        )

    [552] => Array
        (
            [ContaContabil] => 5.2.2.1.3.09.00
            [Valor] => 38200
            [ValorF] => 38.200,00
            [TipoValor] => beginning_balance
            [NaturezaValor] => C
            [PoderOrgao] => 10131
            [FinanceiroPermanente] => 
            [DividaConsolidada] => 
            [FonteRecurso] => 1.211.0000
            [ComplementoFonteRecurso] => 
            [NaturezaReceita] => 
            [NaturezaDespesa] => 3.1.90.04.00
            [FuncaoSubfuncao] => 10.301
            [AnoInscricaoRestosAPagar] => 
            [DespesasMDEeASPS] => 
        )

    [553] => Array
        (
            [ContaContabil] => 5.2.2.1.3.09.00
            [Valor] => 38200
            [ValorF] => 38.200,00
            [TipoValor] => ending_balance
            [NaturezaValor] => C
            [PoderOrgao] => 10131
            [FinanceiroPermanente] => 
            [DividaConsolidada] => 
            [FonteRecurso] => 1.211.0000
            [ComplementoFonteRecurso] => 
            [NaturezaReceita] => 
            [NaturezaDespesa] => 3.1.90.04.00
            [FuncaoSubfuncao] => 10.301
            [AnoInscricaoRestosAPagar] => 
            [DespesasMDEeASPS] => 
        )

    [554] => Array
        (
            [ContaContabil] => 5.2.2.1.3.09.00
            [Valor] => 23000
            [ValorF] => 23.000,00
            [TipoValor] => beginning_balance
            [NaturezaValor] => C
            [PoderOrgao] => 10131
            [FinanceiroPermanente] => 
            [DividaConsolidada] => 
            [FonteRecurso] => 1.211.0000
            [ComplementoFonteRecurso] => 
            [NaturezaReceita] => 
            [NaturezaDespesa] => 3.1.90.11.01
            [FuncaoSubfuncao] => 10.122
            [AnoInscricaoRestosAPagar] => 
            [DespesasMDEeASPS] => 
        )

    [555] => Array
        (
            [ContaContabil] => 5.2.2.1.3.09.00
            [Valor] => 23000
            [ValorF] => 23.000,00
            [TipoValor] => ending_balance
            [NaturezaValor] => C
            [PoderOrgao] => 10131
            [FinanceiroPermanente] => 
            [DividaConsolidada] => 
            [FonteRecurso] => 1.211.0000
            [ComplementoFonteRecurso] => 
            [NaturezaReceita] => 
            [NaturezaDespesa] => 3.1.90.11.01
            [FuncaoSubfuncao] => 10.122
            [AnoInscricaoRestosAPagar] => 
            [DespesasMDEeASPS] => 
        )

    [556] => Array
        (
            [ContaContabil] => 5.2.2.1.3.09.00
            [Valor] => 332400
            [ValorF] => 332.400,00
            [TipoValor] => beginning_balance
            [NaturezaValor] => C
            [PoderOrgao] => 10131
            [FinanceiroPermanente] => 
            [DividaConsolidada] => 
            [FonteRecurso] => 1.211.0000
            [ComplementoFonteRecurso] => 
            [NaturezaReceita] => 
            [NaturezaDespesa] => 3.1.90.11.01
            [FuncaoSubfuncao] => 10.301
            [AnoInscricaoRestosAPagar] => 
            [DespesasMDEeASPS] => 
        )

    [557] => Array
        (
            [ContaContabil] => 5.2.2.1.3.09.00
            [Valor] => 332400
            [ValorF] => 332.400,00
            [TipoValor] => ending_balance
            [NaturezaValor] => C
            [PoderOrgao] => 10131
            [FinanceiroPermanente] => 
            [DividaConsolidada] => 
            [FonteRecurso] => 1.211.0000
            [ComplementoFonteRecurso] => 
            [NaturezaReceita] => 
            [NaturezaDespesa] => 3.1.90.11.01
            [FuncaoSubfuncao] => 10.301
            [AnoInscricaoRestosAPagar] => 
            [DespesasMDEeASPS] => 
        )

    [558] => Array
        (
            [ContaContabil] => 5.2.2.1.3.09.00
            [Valor] => 246000
            [ValorF] => 246.000,00
            [TipoValor] => beginning_balance
            [NaturezaValor] => C
            [PoderOrgao] => 10131
            [FinanceiroPermanente] => 
            [DividaConsolidada] => 
            [FonteRecurso] => 1.211.0000
            [ComplementoFonteRecurso] => 
            [NaturezaReceita] => 
            [NaturezaDespesa] => 3.1.90.11.01
            [FuncaoSubfuncao] => 10.302
            [AnoInscricaoRestosAPagar] => 
            [DespesasMDEeASPS] => 
        )

    [559] => Array
        (
            [ContaContabil] => 5.2.2.1.3.09.00
            [Valor] => 246000
            [ValorF] => 246.000,00
            [TipoValor] => ending_balance
            [NaturezaValor] => C
            [PoderOrgao] => 10131
            [FinanceiroPermanente] => 
            [DividaConsolidada] => 
            [FonteRecurso] => 1.211.0000
            [ComplementoFonteRecurso] => 
            [NaturezaReceita] => 
            [NaturezaDespesa] => 3.1.90.11.01
            [FuncaoSubfuncao] => 10.302
            [AnoInscricaoRestosAPagar] => 
            [DespesasMDEeASPS] => 
        )

    [560] => Array
        (
            [ContaContabil] => 5.2.2.1.3.09.00
            [Valor] => 43000
            [ValorF] => 43.000,00
            [TipoValor] => beginning_balance
            [NaturezaValor] => C
            [PoderOrgao] => 10131
            [FinanceiroPermanente] => 
            [DividaConsolidada] => 
            [FonteRecurso] => 1.214.0000
            [ComplementoFonteRecurso] => 
            [NaturezaReceita] => 
            [NaturezaDespesa] => 3.1.90.11.01
            [FuncaoSubfuncao] => 10.301
            [AnoInscricaoRestosAPagar] => 
            [DespesasMDEeASPS] => 
        )

    [561] => Array
        (
            [ContaContabil] => 5.2.2.1.3.09.00
            [Valor] => 43000
            [ValorF] => 43.000,00
            [TipoValor] => ending_balance
            [NaturezaValor] => C
            [PoderOrgao] => 10131
            [FinanceiroPermanente] => 
            [DividaConsolidada] => 
            [FonteRecurso] => 1.214.0000
            [ComplementoFonteRecurso] => 
            [NaturezaReceita] => 
            [NaturezaDespesa] => 3.1.90.11.01
            [FuncaoSubfuncao] => 10.301
            [AnoInscricaoRestosAPagar] => 
            [DespesasMDEeASPS] => 
        )

    [562] => Array
        (
            [ContaContabil] => 5.2.2.1.3.09.00
            [Valor] => 30000
            [ValorF] => 30.000,00
            [TipoValor] => beginning_balance
            [NaturezaValor] => C
            [PoderOrgao] => 10131
            [FinanceiroPermanente] => 
            [DividaConsolidada] => 
            [FonteRecurso] => 1.211.0000
            [ComplementoFonteRecurso] => 
            [NaturezaReceita] => 
            [NaturezaDespesa] => 3.1.90.13.01
            [FuncaoSubfuncao] => 10.301
            [AnoInscricaoRestosAPagar] => 
            [DespesasMDEeASPS] => 
        )

    [563] => Array
        (
            [ContaContabil] => 5.2.2.1.3.09.00
            [Valor] => 68000
            [ValorF] => 68.000,00
            [TipoValor] => ending_balance
            [NaturezaValor] => C
            [PoderOrgao] => 10131
            [FinanceiroPermanente] => 
            [DividaConsolidada] => 
            [FonteRecurso] => 1.211.0000
            [ComplementoFonteRecurso] => 
            [NaturezaReceita] => 
            [NaturezaDespesa] => 3.1.90.13.01
            [FuncaoSubfuncao] => 10.301
            [AnoInscricaoRestosAPagar] => 
            [DespesasMDEeASPS] => 
        )

    [564] => Array
        (
            [ContaContabil] => 5.2.2.1.3.09.00
            [Valor] => 38000
            [ValorF] => 38.000,00
            [TipoValor] => period_change
            [NaturezaValor] => C
            [PoderOrgao] => 10131
            [FinanceiroPermanente] => 
            [DividaConsolidada] => 
            [FonteRecurso] => 1.211.0000
            [ComplementoFonteRecurso] => 
            [NaturezaReceita] => 
            [NaturezaDespesa] => 3.1.90.13.01
            [FuncaoSubfuncao] => 10.301
            [AnoInscricaoRestosAPagar] => 
            [DespesasMDEeASPS] => 
        )

    [565] => Array
        (
            [ContaContabil] => 5.2.2.1.3.09.00
            [Valor] => 1000
            [ValorF] => 1.000,00
            [TipoValor] => ending_balance
            [NaturezaValor] => C
            [PoderOrgao] => 10131
            [FinanceiroPermanente] => 
            [DividaConsolidada] => 
            [FonteRecurso] => 1.211.0000
            [ComplementoFonteRecurso] => 
            [NaturezaReceita] => 
            [NaturezaDespesa] => 3.3.71.00.00
            [FuncaoSubfuncao] => 10.303
            [AnoInscricaoRestosAPagar] => 
            [DespesasMDEeASPS] => 
        )

    [566] => Array
        (
            [ContaContabil] => 5.2.2.1.3.09.00
            [Valor] => 1000
            [ValorF] => 1.000,00
            [TipoValor] => period_change
            [NaturezaValor] => C
            [PoderOrgao] => 10131
            [FinanceiroPermanente] => 
            [DividaConsolidada] => 
            [FonteRecurso] => 1.211.0000
            [ComplementoFonteRecurso] => 
            [NaturezaReceita] => 
            [NaturezaDespesa] => 3.3.71.00.00
            [FuncaoSubfuncao] => 10.303
            [AnoInscricaoRestosAPagar] => 
            [DespesasMDEeASPS] => 
        )

    [567] => Array
        (
            [ContaContabil] => 5.2.2.1.3.09.00
            [Valor] => 3000
            [ValorF] => 3.000,00
            [TipoValor] => beginning_balance
            [NaturezaValor] => C
            [PoderOrgao] => 10131
            [FinanceiroPermanente] => 
            [DividaConsolidada] => 
            [FonteRecurso] => 1.211.0000
            [ComplementoFonteRecurso] => 
            [NaturezaReceita] => 
            [NaturezaDespesa] => 3.3.90.14.01
            [FuncaoSubfuncao] => 10.301
            [AnoInscricaoRestosAPagar] => 
            [DespesasMDEeASPS] => 
        )

    [568] => Array
        (
            [ContaContabil] => 5.2.2.1.3.09.00
            [Valor] => 3000
            [ValorF] => 3.000,00
            [TipoValor] => ending_balance
            [NaturezaValor] => C
            [PoderOrgao] => 10131
            [FinanceiroPermanente] => 
            [DividaConsolidada] => 
            [FonteRecurso] => 1.211.0000
            [ComplementoFonteRecurso] => 
            [NaturezaReceita] => 
            [NaturezaDespesa] => 3.3.90.14.01
            [FuncaoSubfuncao] => 10.301
            [AnoInscricaoRestosAPagar] => 
            [DespesasMDEeASPS] => 
        )

    [569] => Array
        (
            [ContaContabil] => 5.2.2.1.3.09.00
            [Valor] => 1000
            [ValorF] => 1.000,00
            [TipoValor] => ending_balance
            [NaturezaValor] => C
            [PoderOrgao] => 10131
            [FinanceiroPermanente] => 
            [DividaConsolidada] => 
            [FonteRecurso] => 1.211.0000
            [ComplementoFonteRecurso] => 
            [NaturezaReceita] => 
            [NaturezaDespesa] => 3.3.90.14.01
            [FuncaoSubfuncao] => 10.302
            [AnoInscricaoRestosAPagar] => 
            [DespesasMDEeASPS] => 
        )

    [570] => Array
        (
            [ContaContabil] => 5.2.2.1.3.09.00
            [Valor] => 1000
            [ValorF] => 1.000,00
            [TipoValor] => period_change
            [NaturezaValor] => C
            [PoderOrgao] => 10131
            [FinanceiroPermanente] => 
            [DividaConsolidada] => 
            [FonteRecurso] => 1.211.0000
            [ComplementoFonteRecurso] => 
            [NaturezaReceita] => 
            [NaturezaDespesa] => 3.3.90.14.01
            [FuncaoSubfuncao] => 10.302
            [AnoInscricaoRestosAPagar] => 
            [DespesasMDEeASPS] => 
        )

    [571] => Array
        (
            [ContaContabil] => 5.2.2.1.3.09.00
            [Valor] => 1910
            [ValorF] => 1.910,00
            [TipoValor] => ending_balance
            [NaturezaValor] => C
            [PoderOrgao] => 10131
            [FinanceiroPermanente] => 
            [DividaConsolidada] => 
            [FonteRecurso] => 1.211.0000
            [ComplementoFonteRecurso] => 
            [NaturezaReceita] => 
            [NaturezaDespesa] => 3.3.90.14.01
            [FuncaoSubfuncao] => 10.303
            [AnoInscricaoRestosAPagar] => 
            [DespesasMDEeASPS] => 
        )

    [572] => Array
        (
            [ContaContabil] => 5.2.2.1.3.09.00
            [Valor] => 1910
            [ValorF] => 1.910,00
            [TipoValor] => period_change
            [NaturezaValor] => C
            [PoderOrgao] => 10131
            [FinanceiroPermanente] => 
            [DividaConsolidada] => 
            [FonteRecurso] => 1.211.0000
            [ComplementoFonteRecurso] => 
            [NaturezaReceita] => 
            [NaturezaDespesa] => 3.3.90.14.01
            [FuncaoSubfuncao] => 10.303
            [AnoInscricaoRestosAPagar] => 
            [DespesasMDEeASPS] => 
        )

    [573] => Array
        (
            [ContaContabil] => 5.2.2.1.3.09.00
            [Valor] => 1000
            [ValorF] => 1.000,00
            [TipoValor] => ending_balance
            [NaturezaValor] => C
            [PoderOrgao] => 10131
            [FinanceiroPermanente] => 
            [DividaConsolidada] => 
            [FonteRecurso] => 1.211.0000
            [ComplementoFonteRecurso] => 
            [NaturezaReceita] => 
            [NaturezaDespesa] => 3.3.90.14.01
            [FuncaoSubfuncao] => 10.304
            [AnoInscricaoRestosAPagar] => 
            [DespesasMDEeASPS] => 
        )

    [574] => Array
        (
            [ContaContabil] => 5.2.2.1.3.09.00
            [Valor] => 1000
            [ValorF] => 1.000,00
            [TipoValor] => period_change
            [NaturezaValor] => C
            [PoderOrgao] => 10131
            [FinanceiroPermanente] => 
            [DividaConsolidada] => 
            [FonteRecurso] => 1.211.0000
            [ComplementoFonteRecurso] => 
            [NaturezaReceita] => 
            [NaturezaDespesa] => 3.3.90.14.01
            [FuncaoSubfuncao] => 10.304
            [AnoInscricaoRestosAPagar] => 
            [DespesasMDEeASPS] => 
        )

    [575] => Array
        (
            [ContaContabil] => 5.2.2.1.3.09.00
            [Valor] => 1000
            [ValorF] => 1.000,00
            [TipoValor] => ending_balance
            [NaturezaValor] => C
            [PoderOrgao] => 10131
            [FinanceiroPermanente] => 
            [DividaConsolidada] => 
            [FonteRecurso] => 1.211.0000
            [ComplementoFonteRecurso] => 
            [NaturezaReceita] => 
            [NaturezaDespesa] => 3.3.90.14.01
            [FuncaoSubfuncao] => 10.305
            [AnoInscricaoRestosAPagar] => 
            [DespesasMDEeASPS] => 
        )

    [576] => Array
        (
            [ContaContabil] => 5.2.2.1.3.09.00
            [Valor] => 1000
            [ValorF] => 1.000,00
            [TipoValor] => period_change
            [NaturezaValor] => C
            [PoderOrgao] => 10131
            [FinanceiroPermanente] => 
            [DividaConsolidada] => 
            [FonteRecurso] => 1.211.0000
            [ComplementoFonteRecurso] => 
            [NaturezaReceita] => 
            [NaturezaDespesa] => 3.3.90.14.01
            [FuncaoSubfuncao] => 10.305
            [AnoInscricaoRestosAPagar] => 
            [DespesasMDEeASPS] => 
        )

    [577] => Array
        (
            [ContaContabil] => 5.2.2.1.3.09.00
            [Valor] => 12164.44
            [ValorF] => 12.164,44
            [TipoValor] => beginning_balance
            [NaturezaValor] => C
            [PoderOrgao] => 10131
            [FinanceiroPermanente] => 
            [DividaConsolidada] => 
            [FonteRecurso] => 1.211.0000
            [ComplementoFonteRecurso] => 
            [NaturezaReceita] => 
            [NaturezaDespesa] => 3.3.90.30.03
            [FuncaoSubfuncao] => 10.301
            [AnoInscricaoRestosAPagar] => 
            [DespesasMDEeASPS] => 
        )

    [578] => Array
        (
            [ContaContabil] => 5.2.2.1.3.09.00
            [Valor] => 20684.44
            [ValorF] => 20.684,44
            [TipoValor] => ending_balance
            [NaturezaValor] => C
            [PoderOrgao] => 10131
            [FinanceiroPermanente] => 
            [DividaConsolidada] => 
            [FonteRecurso] => 1.211.0000
            [ComplementoFonteRecurso] => 
            [NaturezaReceita] => 
            [NaturezaDespesa] => 3.3.90.30.03
            [FuncaoSubfuncao] => 10.301
            [AnoInscricaoRestosAPagar] => 
            [DespesasMDEeASPS] => 
        )

    [579] => Array
        (
            [ContaContabil] => 5.2.2.1.3.09.00
            [Valor] => 8520
            [ValorF] => 8.520,00
            [TipoValor] => period_change
            [NaturezaValor] => C
            [PoderOrgao] => 10131
            [FinanceiroPermanente] => 
            [DividaConsolidada] => 
            [FonteRecurso] => 1.211.0000
            [ComplementoFonteRecurso] => 
            [NaturezaReceita] => 
            [NaturezaDespesa] => 3.3.90.30.03
            [FuncaoSubfuncao] => 10.301
            [AnoInscricaoRestosAPagar] => 
            [DespesasMDEeASPS] => 
        )

    [580] => Array
        (
            [ContaContabil] => 5.2.2.1.3.09.00
            [Valor] => 23000
            [ValorF] => 23.000,00
            [TipoValor] => beginning_balance
            [NaturezaValor] => C
            [PoderOrgao] => 10131
            [FinanceiroPermanente] => 
            [DividaConsolidada] => 
            [FonteRecurso] => 1.211.0000
            [ComplementoFonteRecurso] => 
            [NaturezaReceita] => 
            [NaturezaDespesa] => 3.3.90.30.03
            [FuncaoSubfuncao] => 10.303
            [AnoInscricaoRestosAPagar] => 
            [DespesasMDEeASPS] => 
        )

    [581] => Array
        (
            [ContaContabil] => 5.2.2.1.3.09.00
            [Valor] => 23000
            [ValorF] => 23.000,00
            [TipoValor] => ending_balance
            [NaturezaValor] => C
            [PoderOrgao] => 10131
            [FinanceiroPermanente] => 
            [DividaConsolidada] => 
            [FonteRecurso] => 1.211.0000
            [ComplementoFonteRecurso] => 
            [NaturezaReceita] => 
            [NaturezaDespesa] => 3.3.90.30.03
            [FuncaoSubfuncao] => 10.303
            [AnoInscricaoRestosAPagar] => 
            [DespesasMDEeASPS] => 
        )

    [582] => Array
        (
            [ContaContabil] => 5.2.2.1.3.09.00
            [Valor] => 11000
            [ValorF] => 11.000,00
            [TipoValor] => beginning_balance
            [NaturezaValor] => C
            [PoderOrgao] => 10131
            [FinanceiroPermanente] => 
            [DividaConsolidada] => 
            [FonteRecurso] => 1.211.0000
            [ComplementoFonteRecurso] => 
            [NaturezaReceita] => 
            [NaturezaDespesa] => 3.3.90.30.03
            [FuncaoSubfuncao] => 10.785
            [AnoInscricaoRestosAPagar] => 
            [DespesasMDEeASPS] => 
        )

    [583] => Array
        (
            [ContaContabil] => 5.2.2.1.3.09.00
            [Valor] => 11000
            [ValorF] => 11.000,00
            [TipoValor] => ending_balance
            [NaturezaValor] => C
            [PoderOrgao] => 10131
            [FinanceiroPermanente] => 
            [DividaConsolidada] => 
            [FonteRecurso] => 1.211.0000
            [ComplementoFonteRecurso] => 
            [NaturezaReceita] => 
            [NaturezaDespesa] => 3.3.90.30.03
            [FuncaoSubfuncao] => 10.785
            [AnoInscricaoRestosAPagar] => 
            [DespesasMDEeASPS] => 
        )

    [584] => Array
        (
            [ContaContabil] => 5.2.2.1.3.09.00
            [Valor] => 1.2
            [ValorF] => 1,20
            [TipoValor] => ending_balance
            [NaturezaValor] => C
            [PoderOrgao] => 10131
            [FinanceiroPermanente] => 
            [DividaConsolidada] => 
            [FonteRecurso] => 1.290.0000
            [ComplementoFonteRecurso] => 
            [NaturezaReceita] => 
            [NaturezaDespesa] => 3.3.90.30.03
            [FuncaoSubfuncao] => 10.305
            [AnoInscricaoRestosAPagar] => 
            [DespesasMDEeASPS] => 
        )

    [585] => Array
        (
            [ContaContabil] => 5.2.2.1.3.09.00
            [Valor] => 1.2
            [ValorF] => 1,20
            [TipoValor] => period_change
            [NaturezaValor] => C
            [PoderOrgao] => 10131
            [FinanceiroPermanente] => 
            [DividaConsolidada] => 
            [FonteRecurso] => 1.290.0000
            [ComplementoFonteRecurso] => 
            [NaturezaReceita] => 
            [NaturezaDespesa] => 3.3.90.30.03
            [FuncaoSubfuncao] => 10.305
            [AnoInscricaoRestosAPagar] => 
            [DespesasMDEeASPS] => 
        )

    [586] => Array
        (
            [ContaContabil] => 5.2.2.1.3.09.00
            [Valor] => 1000
            [ValorF] => 1.000,00
            [TipoValor] => beginning_balance
            [NaturezaValor] => C
            [PoderOrgao] => 10131
            [FinanceiroPermanente] => 
            [DividaConsolidada] => 
            [FonteRecurso] => 1.211.0000
            [ComplementoFonteRecurso] => 
            [NaturezaReceita] => 
            [NaturezaDespesa] => 3.3.90.31.03
            [FuncaoSubfuncao] => 10.301
            [AnoInscricaoRestosAPagar] => 
            [DespesasMDEeASPS] => 
        )

    [587] => Array
        (
            [ContaContabil] => 5.2.2.1.3.09.00
            [Valor] => 1500
            [ValorF] => 1.500,00
            [TipoValor] => ending_balance
            [NaturezaValor] => C
            [PoderOrgao] => 10131
            [FinanceiroPermanente] => 
            [DividaConsolidada] => 
            [FonteRecurso] => 1.211.0000
            [ComplementoFonteRecurso] => 
            [NaturezaReceita] => 
            [NaturezaDespesa] => 3.3.90.31.03
            [FuncaoSubfuncao] => 10.301
            [AnoInscricaoRestosAPagar] => 
            [DespesasMDEeASPS] => 
        )

    [588] => Array
        (
            [ContaContabil] => 5.2.2.1.3.09.00
            [Valor] => 500
            [ValorF] => 500,00
            [TipoValor] => period_change
            [NaturezaValor] => C
            [PoderOrgao] => 10131
            [FinanceiroPermanente] => 
            [DividaConsolidada] => 
            [FonteRecurso] => 1.211.0000
            [ComplementoFonteRecurso] => 
            [NaturezaReceita] => 
            [NaturezaDespesa] => 3.3.90.31.03
            [FuncaoSubfuncao] => 10.301
            [AnoInscricaoRestosAPagar] => 
            [DespesasMDEeASPS] => 
        )

    [589] => Array
        (
            [ContaContabil] => 5.2.2.1.3.09.00
            [Valor] => 9000
            [ValorF] => 9.000,00
            [TipoValor] => beginning_balance
            [NaturezaValor] => C
            [PoderOrgao] => 10131
            [FinanceiroPermanente] => 
            [DividaConsolidada] => 
            [FonteRecurso] => 1.211.0000
            [ComplementoFonteRecurso] => 
            [NaturezaReceita] => 
            [NaturezaDespesa] => 3.3.90.32.03
            [FuncaoSubfuncao] => 10.301
            [AnoInscricaoRestosAPagar] => 
            [DespesasMDEeASPS] => 
        )

    [590] => Array
        (
            [ContaContabil] => 5.2.2.1.3.09.00
            [Valor] => 9000
            [ValorF] => 9.000,00
            [TipoValor] => ending_balance
            [NaturezaValor] => C
            [PoderOrgao] => 10131
            [FinanceiroPermanente] => 
            [DividaConsolidada] => 
            [FonteRecurso] => 1.211.0000
            [ComplementoFonteRecurso] => 
            [NaturezaReceita] => 
            [NaturezaDespesa] => 3.3.90.32.03
            [FuncaoSubfuncao] => 10.301
            [AnoInscricaoRestosAPagar] => 
            [DespesasMDEeASPS] => 
        )

    [591] => Array
        (
            [ContaContabil] => 5.2.2.1.3.09.00
            [Valor] => 22000
            [ValorF] => 22.000,00
            [TipoValor] => beginning_balance
            [NaturezaValor] => C
            [PoderOrgao] => 10131
            [FinanceiroPermanente] => 
            [DividaConsolidada] => 
            [FonteRecurso] => 1.213.0000
            [ComplementoFonteRecurso] => 
            [NaturezaReceita] => 
            [NaturezaDespesa] => 3.3.90.32.03
            [FuncaoSubfuncao] => 10.303
            [AnoInscricaoRestosAPagar] => 
            [DespesasMDEeASPS] => 
        )

    [592] => Array
        (
            [ContaContabil] => 5.2.2.1.3.09.00
            [Valor] => 22000
            [ValorF] => 22.000,00
            [TipoValor] => ending_balance
            [NaturezaValor] => C
            [PoderOrgao] => 10131
            [FinanceiroPermanente] => 
            [DividaConsolidada] => 
            [FonteRecurso] => 1.213.0000
            [ComplementoFonteRecurso] => 
            [NaturezaReceita] => 
            [NaturezaDespesa] => 3.3.90.32.03
            [FuncaoSubfuncao] => 10.303
            [AnoInscricaoRestosAPagar] => 
            [DespesasMDEeASPS] => 
        )

    [593] => Array
        (
            [ContaContabil] => 5.2.2.1.3.09.00
            [Valor] => 3000
            [ValorF] => 3.000,00
            [TipoValor] => beginning_balance
            [NaturezaValor] => C
            [PoderOrgao] => 10131
            [FinanceiroPermanente] => 
            [DividaConsolidada] => 
            [FonteRecurso] => 1.214.0000
            [ComplementoFonteRecurso] => 
            [NaturezaReceita] => 
            [NaturezaDespesa] => 3.3.90.32.03
            [FuncaoSubfuncao] => 10.305
            [AnoInscricaoRestosAPagar] => 
            [DespesasMDEeASPS] => 
        )

    [594] => Array
        (
            [ContaContabil] => 5.2.2.1.3.09.00
            [Valor] => 3000
            [ValorF] => 3.000,00
            [TipoValor] => ending_balance
            [NaturezaValor] => C
            [PoderOrgao] => 10131
            [FinanceiroPermanente] => 
            [DividaConsolidada] => 
            [FonteRecurso] => 1.214.0000
            [ComplementoFonteRecurso] => 
            [NaturezaReceita] => 
            [NaturezaDespesa] => 3.3.90.32.03
            [FuncaoSubfuncao] => 10.305
            [AnoInscricaoRestosAPagar] => 
            [DespesasMDEeASPS] => 
        )

    [595] => Array
        (
            [ContaContabil] => 5.2.2.1.3.09.00
            [Valor] => 1000
            [ValorF] => 1.000,00
            [TipoValor] => beginning_balance
            [NaturezaValor] => C
            [PoderOrgao] => 10131
            [FinanceiroPermanente] => 
            [DividaConsolidada] => 
            [FonteRecurso] => 1.211.0000
            [ComplementoFonteRecurso] => 
            [NaturezaReceita] => 
            [NaturezaDespesa] => 3.3.90.36.03
            [FuncaoSubfuncao] => 10.301
            [AnoInscricaoRestosAPagar] => 
            [DespesasMDEeASPS] => 
        )

    [596] => Array
        (
            [ContaContabil] => 5.2.2.1.3.09.00
            [Valor] => 1500
            [ValorF] => 1.500,00
            [TipoValor] => ending_balance
            [NaturezaValor] => C
            [PoderOrgao] => 10131
            [FinanceiroPermanente] => 
            [DividaConsolidada] => 
            [FonteRecurso] => 1.211.0000
            [ComplementoFonteRecurso] => 
            [NaturezaReceita] => 
            [NaturezaDespesa] => 3.3.90.36.03
            [FuncaoSubfuncao] => 10.301
            [AnoInscricaoRestosAPagar] => 
            [DespesasMDEeASPS] => 
        )

    [597] => Array
        (
            [ContaContabil] => 5.2.2.1.3.09.00
            [Valor] => 500
            [ValorF] => 500,00
            [TipoValor] => period_change
            [NaturezaValor] => C
            [PoderOrgao] => 10131
            [FinanceiroPermanente] => 
            [DividaConsolidada] => 
            [FonteRecurso] => 1.211.0000
            [ComplementoFonteRecurso] => 
            [NaturezaReceita] => 
            [NaturezaDespesa] => 3.3.90.36.03
            [FuncaoSubfuncao] => 10.301
            [AnoInscricaoRestosAPagar] => 
            [DespesasMDEeASPS] => 
        )

    [598] => Array
        (
            [ContaContabil] => 5.2.2.1.3.09.00
            [Valor] => 8000
            [ValorF] => 8.000,00
            [TipoValor] => beginning_balance
            [NaturezaValor] => C
            [PoderOrgao] => 10131
            [FinanceiroPermanente] => 
            [DividaConsolidada] => 
            [FonteRecurso] => 1.211.0000
            [ComplementoFonteRecurso] => 
            [NaturezaReceita] => 
            [NaturezaDespesa] => 3.3.90.36.03
            [FuncaoSubfuncao] => 10.303
            [AnoInscricaoRestosAPagar] => 
            [DespesasMDEeASPS] => 
        )

    [599] => Array
        (
            [ContaContabil] => 5.2.2.1.3.09.00
            [Valor] => 8000
            [ValorF] => 8.000,00
            [TipoValor] => ending_balance
            [NaturezaValor] => C
            [PoderOrgao] => 10131
            [FinanceiroPermanente] => 
            [DividaConsolidada] => 
            [FonteRecurso] => 1.211.0000
            [ComplementoFonteRecurso] => 
            [NaturezaReceita] => 
            [NaturezaDespesa] => 3.3.90.36.03
            [FuncaoSubfuncao] => 10.303
            [AnoInscricaoRestosAPagar] => 
            [DespesasMDEeASPS] => 
        )

    [600] => Array
        (
            [ContaContabil] => 5.2.2.1.3.09.00
            [Valor] => 1550
            [ValorF] => 1.550,00
            [TipoValor] => beginning_balance
            [NaturezaValor] => C
            [PoderOrgao] => 10131
            [FinanceiroPermanente] => 
            [DividaConsolidada] => 
            [FonteRecurso] => 1.211.0000
            [ComplementoFonteRecurso] => 
            [NaturezaReceita] => 
            [NaturezaDespesa] => 3.3.90.39.03
            [FuncaoSubfuncao] => 10.122
            [AnoInscricaoRestosAPagar] => 
            [DespesasMDEeASPS] => 
        )

    [601] => Array
        (
            [ContaContabil] => 5.2.2.1.3.09.00
            [Valor] => 1550
            [ValorF] => 1.550,00
            [TipoValor] => ending_balance
            [NaturezaValor] => C
            [PoderOrgao] => 10131
            [FinanceiroPermanente] => 
            [DividaConsolidada] => 
            [FonteRecurso] => 1.211.0000
            [ComplementoFonteRecurso] => 
            [NaturezaReceita] => 
            [NaturezaDespesa] => 3.3.90.39.03
            [FuncaoSubfuncao] => 10.122
            [AnoInscricaoRestosAPagar] => 
            [DespesasMDEeASPS] => 
        )

    [602] => Array
        (
            [ContaContabil] => 5.2.2.1.3.09.00
            [Valor] => 16864.44
            [ValorF] => 16.864,44
            [TipoValor] => beginning_balance
            [NaturezaValor] => C
            [PoderOrgao] => 10131
            [FinanceiroPermanente] => 
            [DividaConsolidada] => 
            [FonteRecurso] => 1.211.0000
            [ComplementoFonteRecurso] => 
            [NaturezaReceita] => 
            [NaturezaDespesa] => 3.3.90.39.03
            [FuncaoSubfuncao] => 10.301
            [AnoInscricaoRestosAPagar] => 
            [DespesasMDEeASPS] => 
        )

    [603] => Array
        (
            [ContaContabil] => 5.2.2.1.3.09.00
            [Valor] => 27364.44
            [ValorF] => 27.364,44
            [TipoValor] => ending_balance
            [NaturezaValor] => C
            [PoderOrgao] => 10131
            [FinanceiroPermanente] => 
            [DividaConsolidada] => 
            [FonteRecurso] => 1.211.0000
            [ComplementoFonteRecurso] => 
            [NaturezaReceita] => 
            [NaturezaDespesa] => 3.3.90.39.03
            [FuncaoSubfuncao] => 10.301
            [AnoInscricaoRestosAPagar] => 
            [DespesasMDEeASPS] => 
        )

    [604] => Array
        (
            [ContaContabil] => 5.2.2.1.3.09.00
            [Valor] => 10500
            [ValorF] => 10.500,00
            [TipoValor] => period_change
            [NaturezaValor] => C
            [PoderOrgao] => 10131
            [FinanceiroPermanente] => 
            [DividaConsolidada] => 
            [FonteRecurso] => 1.211.0000
            [ComplementoFonteRecurso] => 
            [NaturezaReceita] => 
            [NaturezaDespesa] => 3.3.90.39.03
            [FuncaoSubfuncao] => 10.301
            [AnoInscricaoRestosAPagar] => 
            [DespesasMDEeASPS] => 
        )

    [605] => Array
        (
            [ContaContabil] => 5.2.2.1.3.09.00
            [Valor] => 11873.54
            [ValorF] => 11.873,54
            [TipoValor] => beginning_balance
            [NaturezaValor] => C
            [PoderOrgao] => 10131
            [FinanceiroPermanente] => 
            [DividaConsolidada] => 
            [FonteRecurso] => 1.211.0000
            [ComplementoFonteRecurso] => 
            [NaturezaReceita] => 
            [NaturezaDespesa] => 3.3.90.39.03
            [FuncaoSubfuncao] => 10.302
            [AnoInscricaoRestosAPagar] => 
            [DespesasMDEeASPS] => 
        )

    [606] => Array
        (
            [ContaContabil] => 5.2.2.1.3.09.00
            [Valor] => 11873.54
            [ValorF] => 11.873,54
            [TipoValor] => ending_balance
            [NaturezaValor] => C
            [PoderOrgao] => 10131
            [FinanceiroPermanente] => 
            [DividaConsolidada] => 
            [FonteRecurso] => 1.211.0000
            [ComplementoFonteRecurso] => 
            [NaturezaReceita] => 
            [NaturezaDespesa] => 3.3.90.39.03
            [FuncaoSubfuncao] => 10.302
            [AnoInscricaoRestosAPagar] => 
            [DespesasMDEeASPS] => 
        )

    [607] => Array
        (
            [ContaContabil] => 5.2.2.1.3.09.00
            [Valor] => 48000
            [ValorF] => 48.000,00
            [TipoValor] => beginning_balance
            [NaturezaValor] => C
            [PoderOrgao] => 10131
            [FinanceiroPermanente] => 
            [DividaConsolidada] => 
            [FonteRecurso] => 1.211.0000
            [ComplementoFonteRecurso] => 
            [NaturezaReceita] => 
            [NaturezaDespesa] => 3.3.90.39.03
            [FuncaoSubfuncao] => 10.303
            [AnoInscricaoRestosAPagar] => 
            [DespesasMDEeASPS] => 
        )

    [608] => Array
        (
            [ContaContabil] => 5.2.2.1.3.09.00
            [Valor] => 48000
            [ValorF] => 48.000,00
            [TipoValor] => ending_balance
            [NaturezaValor] => C
            [PoderOrgao] => 10131
            [FinanceiroPermanente] => 
            [DividaConsolidada] => 
            [FonteRecurso] => 1.211.0000
            [ComplementoFonteRecurso] => 
            [NaturezaReceita] => 
            [NaturezaDespesa] => 3.3.90.39.03
            [FuncaoSubfuncao] => 10.303
            [AnoInscricaoRestosAPagar] => 
            [DespesasMDEeASPS] => 
        )

    [609] => Array
        (
            [ContaContabil] => 5.2.2.1.3.09.00
            [Valor] => 10851.67
            [ValorF] => 10.851,67
            [TipoValor] => beginning_balance
            [NaturezaValor] => C
            [PoderOrgao] => 10131
            [FinanceiroPermanente] => 
            [DividaConsolidada] => 
            [FonteRecurso] => 1.211.0000
            [ComplementoFonteRecurso] => 
            [NaturezaReceita] => 
            [NaturezaDespesa] => 3.3.90.39.03
            [FuncaoSubfuncao] => 10.785
            [AnoInscricaoRestosAPagar] => 
            [DespesasMDEeASPS] => 
        )

    [610] => Array
        (
            [ContaContabil] => 5.2.2.1.3.09.00
            [Valor] => 10851.67
            [ValorF] => 10.851,67
            [TipoValor] => ending_balance
            [NaturezaValor] => C
            [PoderOrgao] => 10131
            [FinanceiroPermanente] => 
            [DividaConsolidada] => 
            [FonteRecurso] => 1.211.0000
            [ComplementoFonteRecurso] => 
            [NaturezaReceita] => 
            [NaturezaDespesa] => 3.3.90.39.03
            [FuncaoSubfuncao] => 10.785
            [AnoInscricaoRestosAPagar] => 
            [DespesasMDEeASPS] => 
        )

    [611] => Array
        (
            [ContaContabil] => 5.2.2.1.3.09.00
            [Valor] => 1000
            [ValorF] => 1.000,00
            [TipoValor] => beginning_balance
            [NaturezaValor] => C
            [PoderOrgao] => 10131
            [FinanceiroPermanente] => 
            [DividaConsolidada] => 
            [FonteRecurso] => 1.214.0000
            [ComplementoFonteRecurso] => 
            [NaturezaReceita] => 
            [NaturezaDespesa] => 3.3.90.39.03
            [FuncaoSubfuncao] => 10.305
            [AnoInscricaoRestosAPagar] => 
            [DespesasMDEeASPS] => 
        )

    [612] => Array
        (
            [ContaContabil] => 5.2.2.1.3.09.00
            [Valor] => 1000
            [ValorF] => 1.000,00
            [TipoValor] => ending_balance
            [NaturezaValor] => C
            [PoderOrgao] => 10131
            [FinanceiroPermanente] => 
            [DividaConsolidada] => 
            [FonteRecurso] => 1.214.0000
            [ComplementoFonteRecurso] => 
            [NaturezaReceita] => 
            [NaturezaDespesa] => 3.3.90.39.03
            [FuncaoSubfuncao] => 10.305
            [AnoInscricaoRestosAPagar] => 
            [DespesasMDEeASPS] => 
        )

    [613] => Array
        (
            [ContaContabil] => 5.2.2.1.3.09.00
            [Valor] => 600
            [ValorF] => 600,00
            [TipoValor] => beginning_balance
            [NaturezaValor] => C
            [PoderOrgao] => 10131
            [FinanceiroPermanente] => 
            [DividaConsolidada] => 
            [FonteRecurso] => 1.211.0000
            [ComplementoFonteRecurso] => 
            [NaturezaReceita] => 
            [NaturezaDespesa] => 3.3.90.40.04
            [FuncaoSubfuncao] => 10.301
            [AnoInscricaoRestosAPagar] => 
            [DespesasMDEeASPS] => 
        )

    [614] => Array
        (
            [ContaContabil] => 5.2.2.1.3.09.00
            [Valor] => 1500
            [ValorF] => 1.500,00
            [TipoValor] => ending_balance
            [NaturezaValor] => C
            [PoderOrgao] => 10131
            [FinanceiroPermanente] => 
            [DividaConsolidada] => 
            [FonteRecurso] => 1.211.0000
            [ComplementoFonteRecurso] => 
            [NaturezaReceita] => 
            [NaturezaDespesa] => 3.3.90.40.04
            [FuncaoSubfuncao] => 10.301
            [AnoInscricaoRestosAPagar] => 
            [DespesasMDEeASPS] => 
        )

    [615] => Array
        (
            [ContaContabil] => 5.2.2.1.3.09.00
            [Valor] => 900
            [ValorF] => 900,00
            [TipoValor] => period_change
            [NaturezaValor] => C
            [PoderOrgao] => 10131
            [FinanceiroPermanente] => 
            [DividaConsolidada] => 
            [FonteRecurso] => 1.211.0000
            [ComplementoFonteRecurso] => 
            [NaturezaReceita] => 
            [NaturezaDespesa] => 3.3.90.40.04
            [FuncaoSubfuncao] => 10.301
            [AnoInscricaoRestosAPagar] => 
            [DespesasMDEeASPS] => 
        )

    [616] => Array
        (
            [ContaContabil] => 5.2.2.1.3.09.00
            [Valor] => 900
            [ValorF] => 900,00
            [TipoValor] => ending_balance
            [NaturezaValor] => C
            [PoderOrgao] => 10131
            [FinanceiroPermanente] => 
            [DividaConsolidada] => 
            [FonteRecurso] => 1.211.0000
            [ComplementoFonteRecurso] => 
            [NaturezaReceita] => 
            [NaturezaDespesa] => 3.3.90.40.04
            [FuncaoSubfuncao] => 10.304
            [AnoInscricaoRestosAPagar] => 
            [DespesasMDEeASPS] => 
        )

    [617] => Array
        (
            [ContaContabil] => 5.2.2.1.3.09.00
            [Valor] => 900
            [ValorF] => 900,00
            [TipoValor] => period_change
            [NaturezaValor] => C
            [PoderOrgao] => 10131
            [FinanceiroPermanente] => 
            [DividaConsolidada] => 
            [FonteRecurso] => 1.211.0000
            [ComplementoFonteRecurso] => 
            [NaturezaReceita] => 
            [NaturezaDespesa] => 3.3.90.40.04
            [FuncaoSubfuncao] => 10.304
            [AnoInscricaoRestosAPagar] => 
            [DespesasMDEeASPS] => 
        )

    [618] => Array
        (
            [ContaContabil] => 5.2.2.1.3.09.00
            [Valor] => 5000
            [ValorF] => 5.000,00
            [TipoValor] => beginning_balance
            [NaturezaValor] => C
            [PoderOrgao] => 10131
            [FinanceiroPermanente] => 
            [DividaConsolidada] => 
            [FonteRecurso] => 1.211.0000
            [ComplementoFonteRecurso] => 
            [NaturezaReceita] => 
            [NaturezaDespesa] => 3.3.90.93.09
            [FuncaoSubfuncao] => 10.303
            [AnoInscricaoRestosAPagar] => 
            [DespesasMDEeASPS] => 
        )

    [619] => Array
        (
            [ContaContabil] => 5.2.2.1.3.09.00
            [Valor] => 5000
            [ValorF] => 5.000,00
            [TipoValor] => ending_balance
            [NaturezaValor] => C
            [PoderOrgao] => 10131
            [FinanceiroPermanente] => 
            [DividaConsolidada] => 
            [FonteRecurso] => 1.211.0000
            [ComplementoFonteRecurso] => 
            [NaturezaReceita] => 
            [NaturezaDespesa] => 3.3.90.93.09
            [FuncaoSubfuncao] => 10.303
            [AnoInscricaoRestosAPagar] => 
            [DespesasMDEeASPS] => 
        )

    [620] => Array
        (
            [ContaContabil] => 5.2.2.1.3.09.00
            [Valor] => 2000
            [ValorF] => 2.000,00
            [TipoValor] => beginning_balance
            [NaturezaValor] => C
            [PoderOrgao] => 10131
            [FinanceiroPermanente] => 
            [DividaConsolidada] => 
            [FonteRecurso] => 1.211.0000
            [ComplementoFonteRecurso] => 
            [NaturezaReceita] => 
            [NaturezaDespesa] => 4.4.90.40.04
            [FuncaoSubfuncao] => 10.126
            [AnoInscricaoRestosAPagar] => 
            [DespesasMDEeASPS] => 
        )

    [621] => Array
        (
            [ContaContabil] => 5.2.2.1.3.09.00
            [Valor] => 2000
            [ValorF] => 2.000,00
            [TipoValor] => ending_balance
            [NaturezaValor] => C
            [PoderOrgao] => 10131
            [FinanceiroPermanente] => 
            [DividaConsolidada] => 
            [FonteRecurso] => 1.211.0000
            [ComplementoFonteRecurso] => 
            [NaturezaReceita] => 
            [NaturezaDespesa] => 4.4.90.40.04
            [FuncaoSubfuncao] => 10.126
            [AnoInscricaoRestosAPagar] => 
            [DespesasMDEeASPS] => 
        )

    [622] => Array
        (
            [ContaContabil] => 5.2.2.1.3.09.00
            [Valor] => 500
            [ValorF] => 500,00
            [TipoValor] => beginning_balance
            [NaturezaValor] => C
            [PoderOrgao] => 10131
            [FinanceiroPermanente] => 
            [DividaConsolidada] => 
            [FonteRecurso] => 1.211.0000
            [ComplementoFonteRecurso] => 
            [NaturezaReceita] => 
            [NaturezaDespesa] => 4.4.90.40.04
            [FuncaoSubfuncao] => 10.301
            [AnoInscricaoRestosAPagar] => 
            [DespesasMDEeASPS] => 
        )

    [623] => Array
        (
            [ContaContabil] => 5.2.2.1.3.09.00
            [Valor] => 1000
            [ValorF] => 1.000,00
            [TipoValor] => ending_balance
            [NaturezaValor] => C
            [PoderOrgao] => 10131
            [FinanceiroPermanente] => 
            [DividaConsolidada] => 
            [FonteRecurso] => 1.211.0000
            [ComplementoFonteRecurso] => 
            [NaturezaReceita] => 
            [NaturezaDespesa] => 4.4.90.40.04
            [FuncaoSubfuncao] => 10.301
            [AnoInscricaoRestosAPagar] => 
            [DespesasMDEeASPS] => 
        )

    [624] => Array
        (
            [ContaContabil] => 5.2.2.1.3.09.00
            [Valor] => 500
            [ValorF] => 500,00
            [TipoValor] => period_change
            [NaturezaValor] => C
            [PoderOrgao] => 10131
            [FinanceiroPermanente] => 
            [DividaConsolidada] => 
            [FonteRecurso] => 1.211.0000
            [ComplementoFonteRecurso] => 
            [NaturezaReceita] => 
            [NaturezaDespesa] => 4.4.90.40.04
            [FuncaoSubfuncao] => 10.301
            [AnoInscricaoRestosAPagar] => 
            [DespesasMDEeASPS] => 
        )

    [625] => Array
        (
            [ContaContabil] => 5.2.2.1.3.09.00
            [Valor] => 490
            [ValorF] => 490,00
            [TipoValor] => beginning_balance
            [NaturezaValor] => C
            [PoderOrgao] => 10131
            [FinanceiroPermanente] => 
            [DividaConsolidada] => 
            [FonteRecurso] => 1.211.0000
            [ComplementoFonteRecurso] => 
            [NaturezaReceita] => 
            [NaturezaDespesa] => 4.4.90.40.04
            [FuncaoSubfuncao] => 10.302
            [AnoInscricaoRestosAPagar] => 
            [DespesasMDEeASPS] => 
        )

    [626] => Array
        (
            [ContaContabil] => 5.2.2.1.3.09.00
            [Valor] => 490
            [ValorF] => 490,00
            [TipoValor] => ending_balance
            [NaturezaValor] => C
            [PoderOrgao] => 10131
            [FinanceiroPermanente] => 
            [DividaConsolidada] => 
            [FonteRecurso] => 1.211.0000
            [ComplementoFonteRecurso] => 
            [NaturezaReceita] => 
            [NaturezaDespesa] => 4.4.90.40.04
            [FuncaoSubfuncao] => 10.302
            [AnoInscricaoRestosAPagar] => 
            [DespesasMDEeASPS] => 
        )

    [627] => Array
        (
            [ContaContabil] => 5.2.2.1.3.09.00
            [Valor] => 500
            [ValorF] => 500,00
            [TipoValor] => ending_balance
            [NaturezaValor] => C
            [PoderOrgao] => 10131
            [FinanceiroPermanente] => 
            [DividaConsolidada] => 
            [FonteRecurso] => 1.211.0000
            [ComplementoFonteRecurso] => 
            [NaturezaReceita] => 
            [NaturezaDespesa] => 4.4.90.40.04
            [FuncaoSubfuncao] => 10.303
            [AnoInscricaoRestosAPagar] => 
            [DespesasMDEeASPS] => 
        )

    [628] => Array
        (
            [ContaContabil] => 5.2.2.1.3.09.00
            [Valor] => 500
            [ValorF] => 500,00
            [TipoValor] => period_change
            [NaturezaValor] => C
            [PoderOrgao] => 10131
            [FinanceiroPermanente] => 
            [DividaConsolidada] => 
            [FonteRecurso] => 1.211.0000
            [ComplementoFonteRecurso] => 
            [NaturezaReceita] => 
            [NaturezaDespesa] => 4.4.90.40.04
            [FuncaoSubfuncao] => 10.303
            [AnoInscricaoRestosAPagar] => 
            [DespesasMDEeASPS] => 
        )

    [629] => Array
        (
            [ContaContabil] => 5.2.2.1.3.09.00
            [Valor] => 400
            [ValorF] => 400,00
            [TipoValor] => ending_balance
            [NaturezaValor] => C
            [PoderOrgao] => 10131
            [FinanceiroPermanente] => 
            [DividaConsolidada] => 
            [FonteRecurso] => 1.211.0000
            [ComplementoFonteRecurso] => 
            [NaturezaReceita] => 
            [NaturezaDespesa] => 4.4.90.40.04
            [FuncaoSubfuncao] => 10.304
            [AnoInscricaoRestosAPagar] => 
            [DespesasMDEeASPS] => 
        )

    [630] => Array
        (
            [ContaContabil] => 5.2.2.1.3.09.00
            [Valor] => 400
            [ValorF] => 400,00
            [TipoValor] => period_change
            [NaturezaValor] => C
            [PoderOrgao] => 10131
            [FinanceiroPermanente] => 
            [DividaConsolidada] => 
            [FonteRecurso] => 1.211.0000
            [ComplementoFonteRecurso] => 
            [NaturezaReceita] => 
            [NaturezaDespesa] => 4.4.90.40.04
            [FuncaoSubfuncao] => 10.304
            [AnoInscricaoRestosAPagar] => 
            [DespesasMDEeASPS] => 
        )

    [631] => Array
        (
            [ContaContabil] => 5.2.2.1.3.09.00
            [Valor] => 47000
            [ValorF] => 47.000,00
            [TipoValor] => beginning_balance
            [NaturezaValor] => C
            [PoderOrgao] => 10131
            [FinanceiroPermanente] => 
            [DividaConsolidada] => 
            [FonteRecurso] => 1.211.0000
            [ComplementoFonteRecurso] => 
            [NaturezaReceita] => 
            [NaturezaDespesa] => 4.4.90.51.05
            [FuncaoSubfuncao] => 10.301
            [AnoInscricaoRestosAPagar] => 
            [DespesasMDEeASPS] => 
        )

    [632] => Array
        (
            [ContaContabil] => 5.2.2.1.3.09.00
            [Valor] => 47000
            [ValorF] => 47.000,00
            [TipoValor] => ending_balance
            [NaturezaValor] => C
            [PoderOrgao] => 10131
            [FinanceiroPermanente] => 
            [DividaConsolidada] => 
            [FonteRecurso] => 1.211.0000
            [ComplementoFonteRecurso] => 
            [NaturezaReceita] => 
            [NaturezaDespesa] => 4.4.90.51.05
            [FuncaoSubfuncao] => 10.301
            [AnoInscricaoRestosAPagar] => 
            [DespesasMDEeASPS] => 
        )

    [633] => Array
        (
            [ContaContabil] => 5.2.2.1.3.09.00
            [Valor] => 8902
            [ValorF] => 8.902,00
            [TipoValor] => ending_balance
            [NaturezaValor] => C
            [PoderOrgao] => 10131
            [FinanceiroPermanente] => 
            [DividaConsolidada] => 
            [FonteRecurso] => 1.211.0000
            [ComplementoFonteRecurso] => 
            [NaturezaReceita] => 
            [NaturezaDespesa] => 4.4.90.51.05
            [FuncaoSubfuncao] => 10.304
            [AnoInscricaoRestosAPagar] => 
            [DespesasMDEeASPS] => 
        )

    [634] => Array
        (
            [ContaContabil] => 5.2.2.1.3.09.00
            [Valor] => 8902
            [ValorF] => 8.902,00
            [TipoValor] => period_change
            [NaturezaValor] => C
            [PoderOrgao] => 10131
            [FinanceiroPermanente] => 
            [DividaConsolidada] => 
            [FonteRecurso] => 1.211.0000
            [ComplementoFonteRecurso] => 
            [NaturezaReceita] => 
            [NaturezaDespesa] => 4.4.90.51.05
            [FuncaoSubfuncao] => 10.304
            [AnoInscricaoRestosAPagar] => 
            [DespesasMDEeASPS] => 
        )

    [635] => Array
        (
            [ContaContabil] => 5.2.2.1.3.09.00
            [Valor] => 3410
            [ValorF] => 3.410,00
            [TipoValor] => beginning_balance
            [NaturezaValor] => C
            [PoderOrgao] => 10131
            [FinanceiroPermanente] => 
            [DividaConsolidada] => 
            [FonteRecurso] => 1.211.0000
            [ComplementoFonteRecurso] => 
            [NaturezaReceita] => 
            [NaturezaDespesa] => 4.4.90.52.05
            [FuncaoSubfuncao] => 10.301
            [AnoInscricaoRestosAPagar] => 
            [DespesasMDEeASPS] => 
        )

    [636] => Array
        (
            [ContaContabil] => 5.2.2.1.3.09.00
            [Valor] => 4410
            [ValorF] => 4.410,00
            [TipoValor] => ending_balance
            [NaturezaValor] => C
            [PoderOrgao] => 10131
            [FinanceiroPermanente] => 
            [DividaConsolidada] => 
            [FonteRecurso] => 1.211.0000
            [ComplementoFonteRecurso] => 
            [NaturezaReceita] => 
            [NaturezaDespesa] => 4.4.90.52.05
            [FuncaoSubfuncao] => 10.301
            [AnoInscricaoRestosAPagar] => 
            [DespesasMDEeASPS] => 
        )

    [637] => Array
        (
            [ContaContabil] => 5.2.2.1.3.09.00
            [Valor] => 1000
            [ValorF] => 1.000,00
            [TipoValor] => period_change
            [NaturezaValor] => C
            [PoderOrgao] => 10131
            [FinanceiroPermanente] => 
            [DividaConsolidada] => 
            [FonteRecurso] => 1.211.0000
            [ComplementoFonteRecurso] => 
            [NaturezaReceita] => 
            [NaturezaDespesa] => 4.4.90.52.05
            [FuncaoSubfuncao] => 10.301
            [AnoInscricaoRestosAPagar] => 
            [DespesasMDEeASPS] => 
        )

    [638] => Array
        (
            [ContaContabil] => 5.2.2.1.3.09.00
            [Valor] => 1000
            [ValorF] => 1.000,00
            [TipoValor] => ending_balance
            [NaturezaValor] => C
            [PoderOrgao] => 10131
            [FinanceiroPermanente] => 
            [DividaConsolidada] => 
            [FonteRecurso] => 1.211.0000
            [ComplementoFonteRecurso] => 
            [NaturezaReceita] => 
            [NaturezaDespesa] => 4.4.90.52.05
            [FuncaoSubfuncao] => 10.303
            [AnoInscricaoRestosAPagar] => 
            [DespesasMDEeASPS] => 
        )

    [639] => Array
        (
            [ContaContabil] => 5.2.2.1.3.09.00
            [Valor] => 1000
            [ValorF] => 1.000,00
            [TipoValor] => period_change
            [NaturezaValor] => C
            [PoderOrgao] => 10131
            [FinanceiroPermanente] => 
            [DividaConsolidada] => 
            [FonteRecurso] => 1.211.0000
            [ComplementoFonteRecurso] => 
            [NaturezaReceita] => 
            [NaturezaDespesa] => 4.4.90.52.05
            [FuncaoSubfuncao] => 10.303
            [AnoInscricaoRestosAPagar] => 
            [DespesasMDEeASPS] => 
        )

    [640] => Array
        (
            [ContaContabil] => 5.2.2.1.3.09.00
            [Valor] => 3600
            [ValorF] => 3.600,00
            [TipoValor] => beginning_balance
            [NaturezaValor] => C
            [PoderOrgao] => 10131
            [FinanceiroPermanente] => 
            [DividaConsolidada] => 
            [FonteRecurso] => 1.211.0000
            [ComplementoFonteRecurso] => 
            [NaturezaReceita] => 
            [NaturezaDespesa] => 4.4.90.52.05
            [FuncaoSubfuncao] => 10.305
            [AnoInscricaoRestosAPagar] => 
            [DespesasMDEeASPS] => 
        )

    [641] => Array
        (
            [ContaContabil] => 5.2.2.1.3.09.00
            [Valor] => 3600
            [ValorF] => 3.600,00
            [TipoValor] => ending_balance
            [NaturezaValor] => C
            [PoderOrgao] => 10131
            [FinanceiroPermanente] => 
            [DividaConsolidada] => 
            [FonteRecurso] => 1.211.0000
            [ComplementoFonteRecurso] => 
            [NaturezaReceita] => 
            [NaturezaDespesa] => 4.4.90.52.05
            [FuncaoSubfuncao] => 10.305
            [AnoInscricaoRestosAPagar] => 
            [DespesasMDEeASPS] => 
        )

    [642] => Array
        (
            [ContaContabil] => 5.2.2.1.3.09.00
            [Valor] => 18750
            [ValorF] => 18.750,00
            [TipoValor] => beginning_balance
            [NaturezaValor] => C
            [PoderOrgao] => 10131
            [FinanceiroPermanente] => 
            [DividaConsolidada] => 
            [FonteRecurso] => 1.930.0000
            [ComplementoFonteRecurso] => 
            [NaturezaReceita] => 
            [NaturezaDespesa] => 4.4.90.52.05
            [FuncaoSubfuncao] => 10.301
            [AnoInscricaoRestosAPagar] => 
            [DespesasMDEeASPS] => 
        )

    [643] => Array
        (
            [ContaContabil] => 5.2.2.1.3.09.00
            [Valor] => 18750
            [ValorF] => 18.750,00
            [TipoValor] => ending_balance
            [NaturezaValor] => C
            [PoderOrgao] => 10131
            [FinanceiroPermanente] => 
            [DividaConsolidada] => 
            [FonteRecurso] => 1.930.0000
            [ComplementoFonteRecurso] => 
            [NaturezaReceita] => 
            [NaturezaDespesa] => 4.4.90.52.05
            [FuncaoSubfuncao] => 10.301
            [AnoInscricaoRestosAPagar] => 
            [DespesasMDEeASPS] => 
        )

    [644] => Array
        (
            [ContaContabil] => 5.2.2.1.3.09.00
            [Valor] => 9734
            [ValorF] => 9.734,00
            [TipoValor] => beginning_balance
            [NaturezaValor] => C
            [PoderOrgao] => 10131
            [FinanceiroPermanente] => 
            [DividaConsolidada] => 
            [FonteRecurso] => 1.215.0000
            [ComplementoFonteRecurso] => 
            [NaturezaReceita] => 
            [NaturezaDespesa] => 4.4.90.52.05
            [FuncaoSubfuncao] => 10.303
            [AnoInscricaoRestosAPagar] => 
            [DespesasMDEeASPS] => 
        )

    [645] => Array
        (
            [ContaContabil] => 5.2.2.1.3.09.00
            [Valor] => 9734
            [ValorF] => 9.734,00
            [TipoValor] => ending_balance
            [NaturezaValor] => C
            [PoderOrgao] => 10131
            [FinanceiroPermanente] => 
            [DividaConsolidada] => 
            [FonteRecurso] => 1.215.0000
            [ComplementoFonteRecurso] => 
            [NaturezaReceita] => 
            [NaturezaDespesa] => 4.4.90.52.05
            [FuncaoSubfuncao] => 10.303
            [AnoInscricaoRestosAPagar] => 
            [DespesasMDEeASPS] => 
        )

    [646] => Array
        (
            [ContaContabil] => 5.2.2.1.3.99.00
            [Valor] => 173574.9
            [ValorF] => 173.574,90
            [TipoValor] => beginning_balance
            [NaturezaValor] => C
            [PoderOrgao] => 10131
            [FinanceiroPermanente] => 
            [DividaConsolidada] => 
            [FonteRecurso] => 1.211.0000
            [ComplementoFonteRecurso] => 
            [NaturezaReceita] => 
            [NaturezaDespesa] => 3.1.90.04.00
            [FuncaoSubfuncao] => 10.301
            [AnoInscricaoRestosAPagar] => 
            [DespesasMDEeASPS] => 
        )

    [647] => Array
        (
            [ContaContabil] => 5.2.2.1.3.99.00
            [Valor] => 174574.9
            [ValorF] => 174.574,90
            [TipoValor] => ending_balance
            [NaturezaValor] => C
            [PoderOrgao] => 10131
            [FinanceiroPermanente] => 
            [DividaConsolidada] => 
            [FonteRecurso] => 1.211.0000
            [ComplementoFonteRecurso] => 
            [NaturezaReceita] => 
            [NaturezaDespesa] => 3.1.90.04.00
            [FuncaoSubfuncao] => 10.301
            [AnoInscricaoRestosAPagar] => 
            [DespesasMDEeASPS] => 
        )

    [648] => Array
        (
            [ContaContabil] => 5.2.2.1.3.99.00
            [Valor] => 1000
            [ValorF] => 1.000,00
            [TipoValor] => period_change
            [NaturezaValor] => C
            [PoderOrgao] => 10131
            [FinanceiroPermanente] => 
            [DividaConsolidada] => 
            [FonteRecurso] => 1.211.0000
            [ComplementoFonteRecurso] => 
            [NaturezaReceita] => 
            [NaturezaDespesa] => 3.1.90.04.00
            [FuncaoSubfuncao] => 10.301
            [AnoInscricaoRestosAPagar] => 
            [DespesasMDEeASPS] => 
        )

    [649] => Array
        (
            [ContaContabil] => 5.2.2.1.3.99.00
            [Valor] => 95000
            [ValorF] => 95.000,00
            [TipoValor] => beginning_balance
            [NaturezaValor] => C
            [PoderOrgao] => 10131
            [FinanceiroPermanente] => 
            [DividaConsolidada] => 
            [FonteRecurso] => 1.211.0000
            [ComplementoFonteRecurso] => 
            [NaturezaReceita] => 
            [NaturezaDespesa] => 3.1.90.04.00
            [FuncaoSubfuncao] => 10.302
            [AnoInscricaoRestosAPagar] => 
            [DespesasMDEeASPS] => 
        )

    [650] => Array
        (
            [ContaContabil] => 5.2.2.1.3.99.00
            [Valor] => 95000
            [ValorF] => 95.000,00
            [TipoValor] => ending_balance
            [NaturezaValor] => C
            [PoderOrgao] => 10131
            [FinanceiroPermanente] => 
            [DividaConsolidada] => 
            [FonteRecurso] => 1.211.0000
            [ComplementoFonteRecurso] => 
            [NaturezaReceita] => 
            [NaturezaDespesa] => 3.1.90.04.00
            [FuncaoSubfuncao] => 10.302
            [AnoInscricaoRestosAPagar] => 
            [DespesasMDEeASPS] => 
        )

    [651] => Array
        (
            [ContaContabil] => 5.2.2.1.3.99.00
            [Valor] => 43000
            [ValorF] => 43.000,00
            [TipoValor] => beginning_balance
            [NaturezaValor] => C
            [PoderOrgao] => 10131
            [FinanceiroPermanente] => 
            [DividaConsolidada] => 
            [FonteRecurso] => 1.214.0000
            [ComplementoFonteRecurso] => 
            [NaturezaReceita] => 
            [NaturezaDespesa] => 3.1.90.04.00
            [FuncaoSubfuncao] => 10.301
            [AnoInscricaoRestosAPagar] => 
            [DespesasMDEeASPS] => 
        )

    [652] => Array
        (
            [ContaContabil] => 5.2.2.1.3.99.00
            [Valor] => 43000
            [ValorF] => 43.000,00
            [TipoValor] => ending_balance
            [NaturezaValor] => C
            [PoderOrgao] => 10131
            [FinanceiroPermanente] => 
            [DividaConsolidada] => 
            [FonteRecurso] => 1.214.0000
            [ComplementoFonteRecurso] => 
            [NaturezaReceita] => 
            [NaturezaDespesa] => 3.1.90.04.00
            [FuncaoSubfuncao] => 10.301
            [AnoInscricaoRestosAPagar] => 
            [DespesasMDEeASPS] => 
        )

    [653] => Array
        (
            [ContaContabil] => 5.2.2.1.3.99.00
            [Valor] => 100000
            [ValorF] => 100.000,00
            [TipoValor] => beginning_balance
            [NaturezaValor] => C
            [PoderOrgao] => 10131
            [FinanceiroPermanente] => 
            [DividaConsolidada] => 
            [FonteRecurso] => 1.211.0000
            [ComplementoFonteRecurso] => 
            [NaturezaReceita] => 
            [NaturezaDespesa] => 3.1.90.11.01
            [FuncaoSubfuncao] => 10.272
            [AnoInscricaoRestosAPagar] => 
            [DespesasMDEeASPS] => 
        )

    [654] => Array
        (
            [ContaContabil] => 5.2.2.1.3.99.00
            [Valor] => 108000
            [ValorF] => 108.000,00
            [TipoValor] => ending_balance
            [NaturezaValor] => C
            [PoderOrgao] => 10131
            [FinanceiroPermanente] => 
            [DividaConsolidada] => 
            [FonteRecurso] => 1.211.0000
            [ComplementoFonteRecurso] => 
            [NaturezaReceita] => 
            [NaturezaDespesa] => 3.1.90.11.01
            [FuncaoSubfuncao] => 10.272
            [AnoInscricaoRestosAPagar] => 
            [DespesasMDEeASPS] => 
        )

    [655] => Array
        (
            [ContaContabil] => 5.2.2.1.3.99.00
            [Valor] => 8000
            [ValorF] => 8.000,00
            [TipoValor] => period_change
            [NaturezaValor] => C
            [PoderOrgao] => 10131
            [FinanceiroPermanente] => 
            [DividaConsolidada] => 
            [FonteRecurso] => 1.211.0000
            [ComplementoFonteRecurso] => 
            [NaturezaReceita] => 
            [NaturezaDespesa] => 3.1.90.11.01
            [FuncaoSubfuncao] => 10.272
            [AnoInscricaoRestosAPagar] => 
            [DespesasMDEeASPS] => 
        )

    [656] => Array
        (
            [ContaContabil] => 5.2.2.1.3.99.00
            [Valor] => 8500
            [ValorF] => 8.500,00
            [TipoValor] => beginning_balance
            [NaturezaValor] => C
            [PoderOrgao] => 10131
            [FinanceiroPermanente] => 
            [DividaConsolidada] => 
            [FonteRecurso] => 1.211.0000
            [ComplementoFonteRecurso] => 
            [NaturezaReceita] => 
            [NaturezaDespesa] => 3.1.90.11.01
            [FuncaoSubfuncao] => 10.301
            [AnoInscricaoRestosAPagar] => 
            [DespesasMDEeASPS] => 
        )

    [657] => Array
        (
            [ContaContabil] => 5.2.2.1.3.99.00
            [Valor] => 8500
            [ValorF] => 8.500,00
            [TipoValor] => ending_balance
            [NaturezaValor] => C
            [PoderOrgao] => 10131
            [FinanceiroPermanente] => 
            [DividaConsolidada] => 
            [FonteRecurso] => 1.211.0000
            [ComplementoFonteRecurso] => 
            [NaturezaReceita] => 
            [NaturezaDespesa] => 3.1.90.11.01
            [FuncaoSubfuncao] => 10.301
            [AnoInscricaoRestosAPagar] => 
            [DespesasMDEeASPS] => 
        )

    [658] => Array
        (
            [ContaContabil] => 5.2.2.1.3.99.00
            [Valor] => 67664.78
            [ValorF] => 67.664,78
            [TipoValor] => beginning_balance
            [NaturezaValor] => C
            [PoderOrgao] => 10131
            [FinanceiroPermanente] => 
            [DividaConsolidada] => 
            [FonteRecurso] => 1.290.0000
            [ComplementoFonteRecurso] => 
            [NaturezaReceita] => 
            [NaturezaDespesa] => 3.1.90.11.01
            [FuncaoSubfuncao] => 10.302
            [AnoInscricaoRestosAPagar] => 
            [DespesasMDEeASPS] => 
        )

    [659] => Array
        (
            [ContaContabil] => 5.2.2.1.3.99.00
            [Valor] => 89664.78
            [ValorF] => 89.664,78
            [TipoValor] => ending_balance
            [NaturezaValor] => C
            [PoderOrgao] => 10131
            [FinanceiroPermanente] => 
            [DividaConsolidada] => 
            [FonteRecurso] => 1.290.0000
            [ComplementoFonteRecurso] => 
            [NaturezaReceita] => 
            [NaturezaDespesa] => 3.1.90.11.01
            [FuncaoSubfuncao] => 10.302
            [AnoInscricaoRestosAPagar] => 
            [DespesasMDEeASPS] => 
        )

    [660] => Array
        (
            [ContaContabil] => 5.2.2.1.3.99.00
            [Valor] => 22000
            [ValorF] => 22.000,00
            [TipoValor] => period_change
            [NaturezaValor] => C
            [PoderOrgao] => 10131
            [FinanceiroPermanente] => 
            [DividaConsolidada] => 
            [FonteRecurso] => 1.290.0000
            [ComplementoFonteRecurso] => 
            [NaturezaReceita] => 
            [NaturezaDespesa] => 3.1.90.11.01
            [FuncaoSubfuncao] => 10.302
            [AnoInscricaoRestosAPagar] => 
            [DespesasMDEeASPS] => 
        )

    [661] => Array
        (
            [ContaContabil] => 5.2.2.1.3.99.00
            [Valor] => 99000
            [ValorF] => 99.000,00
            [TipoValor] => beginning_balance
            [NaturezaValor] => C
            [PoderOrgao] => 10131
            [FinanceiroPermanente] => 
            [DividaConsolidada] => 
            [FonteRecurso] => 1.214.0000
            [ComplementoFonteRecurso] => 
            [NaturezaReceita] => 
            [NaturezaDespesa] => 3.1.90.11.01
            [FuncaoSubfuncao] => 10.301
            [AnoInscricaoRestosAPagar] => 
            [DespesasMDEeASPS] => 
        )

    [662] => Array
        (
            [ContaContabil] => 5.2.2.1.3.99.00
            [Valor] => 136000
            [ValorF] => 136.000,00
            [TipoValor] => ending_balance
            [NaturezaValor] => C
            [PoderOrgao] => 10131
            [FinanceiroPermanente] => 
            [DividaConsolidada] => 
            [FonteRecurso] => 1.214.0000
            [ComplementoFonteRecurso] => 
            [NaturezaReceita] => 
            [NaturezaDespesa] => 3.1.90.11.01
            [FuncaoSubfuncao] => 10.301
            [AnoInscricaoRestosAPagar] => 
            [DespesasMDEeASPS] => 
        )

    [663] => Array
        (
            [ContaContabil] => 5.2.2.1.3.99.00
            [Valor] => 37000
            [ValorF] => 37.000,00
            [TipoValor] => period_change
            [NaturezaValor] => C
            [PoderOrgao] => 10131
            [FinanceiroPermanente] => 
            [DividaConsolidada] => 
            [FonteRecurso] => 1.214.0000
            [ComplementoFonteRecurso] => 
            [NaturezaReceita] => 
            [NaturezaDespesa] => 3.1.90.11.01
            [FuncaoSubfuncao] => 10.301
            [AnoInscricaoRestosAPagar] => 
            [DespesasMDEeASPS] => 
        )

    [664] => Array
        (
            [ContaContabil] => 5.2.2.1.3.99.00
            [Valor] => 8000
            [ValorF] => 8.000,00
            [TipoValor] => ending_balance
            [NaturezaValor] => C
            [PoderOrgao] => 10131
            [FinanceiroPermanente] => 
            [DividaConsolidada] => 
            [FonteRecurso] => 1.214.0000
            [ComplementoFonteRecurso] => 
            [NaturezaReceita] => 
            [NaturezaDespesa] => 3.1.90.11.01
            [FuncaoSubfuncao] => 10.305
            [AnoInscricaoRestosAPagar] => 
            [DespesasMDEeASPS] => 
        )

    [665] => Array
        (
            [ContaContabil] => 5.2.2.1.3.99.00
            [Valor] => 8000
            [ValorF] => 8.000,00
            [TipoValor] => period_change
            [NaturezaValor] => C
            [PoderOrgao] => 10131
            [FinanceiroPermanente] => 
            [DividaConsolidada] => 
            [FonteRecurso] => 1.214.0000
            [ComplementoFonteRecurso] => 
            [NaturezaReceita] => 
            [NaturezaDespesa] => 3.1.90.11.01
            [FuncaoSubfuncao] => 10.305
            [AnoInscricaoRestosAPagar] => 
            [DespesasMDEeASPS] => 
        )

    [666] => Array
        (
            [ContaContabil] => 5.2.2.1.3.99.00
            [Valor] => 90000
            [ValorF] => 90.000,00
            [TipoValor] => beginning_balance
            [NaturezaValor] => C
            [PoderOrgao] => 10131
            [FinanceiroPermanente] => 
            [DividaConsolidada] => 
            [FonteRecurso] => 1.214.0000
            [ComplementoFonteRecurso] => 
            [NaturezaReceita] => 
            [NaturezaDespesa] => 3.1.90.11.01
            [FuncaoSubfuncao] => 10.301
            [AnoInscricaoRestosAPagar] => 
            [DespesasMDEeASPS] => 
        )

    [667] => Array
        (
            [ContaContabil] => 5.2.2.1.3.99.00
            [Valor] => 90000
            [ValorF] => 90.000,00
            [TipoValor] => ending_balance
            [NaturezaValor] => C
            [PoderOrgao] => 10131
            [FinanceiroPermanente] => 
            [DividaConsolidada] => 
            [FonteRecurso] => 1.214.0000
            [ComplementoFonteRecurso] => 
            [NaturezaReceita] => 
            [NaturezaDespesa] => 3.1.90.11.01
            [FuncaoSubfuncao] => 10.301
            [AnoInscricaoRestosAPagar] => 
            [DespesasMDEeASPS] => 
        )

    [668] => Array
        (
            [ContaContabil] => 5.2.2.1.3.99.00
            [Valor] => 60000
            [ValorF] => 60.000,00
            [TipoValor] => beginning_balance
            [NaturezaValor] => C
            [PoderOrgao] => 10131
            [FinanceiroPermanente] => 
            [DividaConsolidada] => 
            [FonteRecurso] => 1.214.0000
            [ComplementoFonteRecurso] => 
            [NaturezaReceita] => 
            [NaturezaDespesa] => 3.1.90.11.01
            [FuncaoSubfuncao] => 10.305
            [AnoInscricaoRestosAPagar] => 
            [DespesasMDEeASPS] => 
        )

    [669] => Array
        (
            [ContaContabil] => 5.2.2.1.3.99.00
            [Valor] => 60000
            [ValorF] => 60.000,00
            [TipoValor] => ending_balance
            [NaturezaValor] => C
            [PoderOrgao] => 10131
            [FinanceiroPermanente] => 
            [DividaConsolidada] => 
            [FonteRecurso] => 1.214.0000
            [ComplementoFonteRecurso] => 
            [NaturezaReceita] => 
            [NaturezaDespesa] => 3.1.90.11.01
            [FuncaoSubfuncao] => 10.305
            [AnoInscricaoRestosAPagar] => 
            [DespesasMDEeASPS] => 
        )

    [670] => Array
        (
            [ContaContabil] => 5.2.2.1.3.99.00
            [Valor] => 20000
            [ValorF] => 20.000,00
            [TipoValor] => beginning_balance
            [NaturezaValor] => C
            [PoderOrgao] => 10131
            [FinanceiroPermanente] => 
            [DividaConsolidada] => 
            [FonteRecurso] => 1.211.0000
            [ComplementoFonteRecurso] => 
            [NaturezaReceita] => 
            [NaturezaDespesa] => 3.1.90.16.01
            [FuncaoSubfuncao] => 10.301
            [AnoInscricaoRestosAPagar] => 
            [DespesasMDEeASPS] => 
        )

    [671] => Array
        (
            [ContaContabil] => 5.2.2.1.3.99.00
            [Valor] => 20000
            [ValorF] => 20.000,00
            [TipoValor] => ending_balance
            [NaturezaValor] => C
            [PoderOrgao] => 10131
            [FinanceiroPermanente] => 
            [DividaConsolidada] => 
            [FonteRecurso] => 1.211.0000
            [ComplementoFonteRecurso] => 
            [NaturezaReceita] => 
            [NaturezaDespesa] => 3.1.90.16.01
            [FuncaoSubfuncao] => 10.301
            [AnoInscricaoRestosAPagar] => 
            [DespesasMDEeASPS] => 
        )

    [672] => Array
        (
            [ContaContabil] => 5.2.2.1.3.99.00
            [Valor] => 10000
            [ValorF] => 10.000,00
            [TipoValor] => beginning_balance
            [NaturezaValor] => C
            [PoderOrgao] => 10131
            [FinanceiroPermanente] => 
            [DividaConsolidada] => 
            [FonteRecurso] => 1.214.0000
            [ComplementoFonteRecurso] => 
            [NaturezaReceita] => 
            [NaturezaDespesa] => 3.1.90.16.01
            [FuncaoSubfuncao] => 10.301
            [AnoInscricaoRestosAPagar] => 
            [DespesasMDEeASPS] => 
        )

    [673] => Array
        (
            [ContaContabil] => 5.2.2.1.3.99.00
            [Valor] => 10000
            [ValorF] => 10.000,00
            [TipoValor] => ending_balance
            [NaturezaValor] => C
            [PoderOrgao] => 10131
            [FinanceiroPermanente] => 
            [DividaConsolidada] => 
            [FonteRecurso] => 1.214.0000
            [ComplementoFonteRecurso] => 
            [NaturezaReceita] => 
            [NaturezaDespesa] => 3.1.90.16.01
            [FuncaoSubfuncao] => 10.301
            [AnoInscricaoRestosAPagar] => 
            [DespesasMDEeASPS] => 
        )

    [674] => Array
        (
            [ContaContabil] => 5.2.2.1.3.99.00
            [Valor] => 8000
            [ValorF] => 8.000,00
            [TipoValor] => beginning_balance
            [NaturezaValor] => C
            [PoderOrgao] => 10131
            [FinanceiroPermanente] => 
            [DividaConsolidada] => 
            [FonteRecurso] => 1.211.0000
            [ComplementoFonteRecurso] => 
            [NaturezaReceita] => 
            [NaturezaDespesa] => 3.1.90.94.09
            [FuncaoSubfuncao] => 10.122
            [AnoInscricaoRestosAPagar] => 
            [DespesasMDEeASPS] => 
        )

    [675] => Array
        (
            [ContaContabil] => 5.2.2.1.3.99.00
            [Valor] => 8000
            [ValorF] => 8.000,00
            [TipoValor] => ending_balance
            [NaturezaValor] => C
            [PoderOrgao] => 10131
            [FinanceiroPermanente] => 
            [DividaConsolidada] => 
            [FonteRecurso] => 1.211.0000
            [ComplementoFonteRecurso] => 
            [NaturezaReceita] => 
            [NaturezaDespesa] => 3.1.90.94.09
            [FuncaoSubfuncao] => 10.122
            [AnoInscricaoRestosAPagar] => 
            [DespesasMDEeASPS] => 
        )

    [676] => Array
        (
            [ContaContabil] => 5.2.2.1.3.99.00
            [Valor] => 4500
            [ValorF] => 4.500,00
            [TipoValor] => beginning_balance
            [NaturezaValor] => C
            [PoderOrgao] => 10131
            [FinanceiroPermanente] => 
            [DividaConsolidada] => 
            [FonteRecurso] => 1.211.0000
            [ComplementoFonteRecurso] => 
            [NaturezaReceita] => 
            [NaturezaDespesa] => 3.1.90.94.09
            [FuncaoSubfuncao] => 10.301
            [AnoInscricaoRestosAPagar] => 
            [DespesasMDEeASPS] => 
        )

    [677] => Array
        (
            [ContaContabil] => 5.2.2.1.3.99.00
            [Valor] => 4500
            [ValorF] => 4.500,00
            [TipoValor] => ending_balance
            [NaturezaValor] => C
            [PoderOrgao] => 10131
            [FinanceiroPermanente] => 
            [DividaConsolidada] => 
            [FonteRecurso] => 1.211.0000
            [ComplementoFonteRecurso] => 
            [NaturezaReceita] => 
            [NaturezaDespesa] => 3.1.90.94.09
            [FuncaoSubfuncao] => 10.301
            [AnoInscricaoRestosAPagar] => 
            [DespesasMDEeASPS] => 
        )

    [678] => Array
        (
            [ContaContabil] => 5.2.2.1.3.99.00
            [Valor] => 13100
            [ValorF] => 13.100,00
            [TipoValor] => beginning_balance
            [NaturezaValor] => C
            [PoderOrgao] => 10131
            [FinanceiroPermanente] => 
            [DividaConsolidada] => 
            [FonteRecurso] => 1.211.0000
            [ComplementoFonteRecurso] => 
            [NaturezaReceita] => 
            [NaturezaDespesa] => 3.1.90.94.09
            [FuncaoSubfuncao] => 10.302
            [AnoInscricaoRestosAPagar] => 
            [DespesasMDEeASPS] => 
        )

    [679] => Array
        (
            [ContaContabil] => 5.2.2.1.3.99.00
            [Valor] => 13100
            [ValorF] => 13.100,00
            [TipoValor] => ending_balance
            [NaturezaValor] => C
            [PoderOrgao] => 10131
            [FinanceiroPermanente] => 
            [DividaConsolidada] => 
            [FonteRecurso] => 1.211.0000
            [ComplementoFonteRecurso] => 
            [NaturezaReceita] => 
            [NaturezaDespesa] => 3.1.90.94.09
            [FuncaoSubfuncao] => 10.302
            [AnoInscricaoRestosAPagar] => 
            [DespesasMDEeASPS] => 
        )

    [680] => Array
        (
            [ContaContabil] => 5.2.2.1.3.99.00
            [Valor] => 54000
            [ValorF] => 54.000,00
            [TipoValor] => beginning_balance
            [NaturezaValor] => C
            [PoderOrgao] => 10131
            [FinanceiroPermanente] => 
            [DividaConsolidada] => 
            [FonteRecurso] => 1.211.0000
            [ComplementoFonteRecurso] => 
            [NaturezaReceita] => 
            [NaturezaDespesa] => 3.3.71.00.00
            [FuncaoSubfuncao] => 10.302
            [AnoInscricaoRestosAPagar] => 
            [DespesasMDEeASPS] => 
        )

    [681] => Array
        (
            [ContaContabil] => 5.2.2.1.3.99.00
            [Valor] => 54000
            [ValorF] => 54.000,00
            [TipoValor] => ending_balance
            [NaturezaValor] => C
            [PoderOrgao] => 10131
            [FinanceiroPermanente] => 
            [DividaConsolidada] => 
            [FonteRecurso] => 1.211.0000
            [ComplementoFonteRecurso] => 
            [NaturezaReceita] => 
            [NaturezaDespesa] => 3.3.71.00.00
            [FuncaoSubfuncao] => 10.302
            [AnoInscricaoRestosAPagar] => 
            [DespesasMDEeASPS] => 
        )

    [682] => Array
        (
            [ContaContabil] => 5.2.2.1.3.99.00
            [Valor] => 12309.45
            [ValorF] => 12.309,45
            [TipoValor] => beginning_balance
            [NaturezaValor] => C
            [PoderOrgao] => 10131
            [FinanceiroPermanente] => 
            [DividaConsolidada] => 
            [FonteRecurso] => 1.214.0000
            [ComplementoFonteRecurso] => 
            [NaturezaReceita] => 
            [NaturezaDespesa] => 3.3.71.00.00
            [FuncaoSubfuncao] => 10.302
            [AnoInscricaoRestosAPagar] => 
            [DespesasMDEeASPS] => 
        )

    [683] => Array
        (
            [ContaContabil] => 5.2.2.1.3.99.00
            [Valor] => 40247.52
            [ValorF] => 40.247,52
            [TipoValor] => ending_balance
            [NaturezaValor] => C
            [PoderOrgao] => 10131
            [FinanceiroPermanente] => 
            [DividaConsolidada] => 
            [FonteRecurso] => 1.214.0000
            [ComplementoFonteRecurso] => 
            [NaturezaReceita] => 
            [NaturezaDespesa] => 3.3.71.00.00
            [FuncaoSubfuncao] => 10.302
            [AnoInscricaoRestosAPagar] => 
            [DespesasMDEeASPS] => 
        )

    [684] => Array
        (
            [ContaContabil] => 5.2.2.1.3.99.00
            [Valor] => 27938.07
            [ValorF] => 27.938,07
            [TipoValor] => period_change
            [NaturezaValor] => C
            [PoderOrgao] => 10131
            [FinanceiroPermanente] => 
            [DividaConsolidada] => 
            [FonteRecurso] => 1.214.0000
            [ComplementoFonteRecurso] => 
            [NaturezaReceita] => 
            [NaturezaDespesa] => 3.3.71.00.00
            [FuncaoSubfuncao] => 10.302
            [AnoInscricaoRestosAPagar] => 
            [DespesasMDEeASPS] => 
        )

    [685] => Array
        (
            [ContaContabil] => 5.2.2.1.3.99.00
            [Valor] => 10000
            [ValorF] => 10.000,00
            [TipoValor] => beginning_balance
            [NaturezaValor] => C
            [PoderOrgao] => 10131
            [FinanceiroPermanente] => 
            [DividaConsolidada] => 
            [FonteRecurso] => 1.211.0000
            [ComplementoFonteRecurso] => 
            [NaturezaReceita] => 
            [NaturezaDespesa] => 3.3.90.08.00
            [FuncaoSubfuncao] => 10.272
            [AnoInscricaoRestosAPagar] => 
            [DespesasMDEeASPS] => 
        )

    [686] => Array
        (
            [ContaContabil] => 5.2.2.1.3.99.00
            [Valor] => 10000
            [ValorF] => 10.000,00
            [TipoValor] => ending_balance
            [NaturezaValor] => C
            [PoderOrgao] => 10131
            [FinanceiroPermanente] => 
            [DividaConsolidada] => 
            [FonteRecurso] => 1.211.0000
            [ComplementoFonteRecurso] => 
            [NaturezaReceita] => 
            [NaturezaDespesa] => 3.3.90.08.00
            [FuncaoSubfuncao] => 10.272
            [AnoInscricaoRestosAPagar] => 
            [DespesasMDEeASPS] => 
        )

    [687] => Array
        (
            [ContaContabil] => 5.2.2.1.3.99.00
            [Valor] => 9000
            [ValorF] => 9.000,00
            [TipoValor] => beginning_balance
            [NaturezaValor] => C
            [PoderOrgao] => 10131
            [FinanceiroPermanente] => 
            [DividaConsolidada] => 
            [FonteRecurso] => 1.211.0000
            [ComplementoFonteRecurso] => 
            [NaturezaReceita] => 
            [NaturezaDespesa] => 3.3.90.14.01
            [FuncaoSubfuncao] => 10.785
            [AnoInscricaoRestosAPagar] => 
            [DespesasMDEeASPS] => 
        )

    [688] => Array
        (
            [ContaContabil] => 5.2.2.1.3.99.00
            [Valor] => 13800
            [ValorF] => 13.800,00
            [TipoValor] => ending_balance
            [NaturezaValor] => C
            [PoderOrgao] => 10131
            [FinanceiroPermanente] => 
            [DividaConsolidada] => 
            [FonteRecurso] => 1.211.0000
            [ComplementoFonteRecurso] => 
            [NaturezaReceita] => 
            [NaturezaDespesa] => 3.3.90.14.01
            [FuncaoSubfuncao] => 10.785
            [AnoInscricaoRestosAPagar] => 
            [DespesasMDEeASPS] => 
        )

    [689] => Array
        (
            [ContaContabil] => 5.2.2.1.3.99.00
            [Valor] => 4800
            [ValorF] => 4.800,00
            [TipoValor] => period_change
            [NaturezaValor] => C
            [PoderOrgao] => 10131
            [FinanceiroPermanente] => 
            [DividaConsolidada] => 
            [FonteRecurso] => 1.211.0000
            [ComplementoFonteRecurso] => 
            [NaturezaReceita] => 
            [NaturezaDespesa] => 3.3.90.14.01
            [FuncaoSubfuncao] => 10.785
            [AnoInscricaoRestosAPagar] => 
            [DespesasMDEeASPS] => 
        )

    [690] => Array
        (
            [ContaContabil] => 5.2.2.1.3.99.00
            [Valor] => 2000
            [ValorF] => 2.000,00
            [TipoValor] => beginning_balance
            [NaturezaValor] => C
            [PoderOrgao] => 10131
            [FinanceiroPermanente] => 
            [DividaConsolidada] => 
            [FonteRecurso] => 1.214.0000
            [ComplementoFonteRecurso] => 
            [NaturezaReceita] => 
            [NaturezaDespesa] => 3.3.90.14.01
            [FuncaoSubfuncao] => 10.303
            [AnoInscricaoRestosAPagar] => 
            [DespesasMDEeASPS] => 
        )

    [691] => Array
        (
            [ContaContabil] => 5.2.2.1.3.99.00
            [Valor] => 2000
            [ValorF] => 2.000,00
            [TipoValor] => ending_balance
            [NaturezaValor] => C
            [PoderOrgao] => 10131
            [FinanceiroPermanente] => 
            [DividaConsolidada] => 
            [FonteRecurso] => 1.214.0000
            [ComplementoFonteRecurso] => 
            [NaturezaReceita] => 
            [NaturezaDespesa] => 3.3.90.14.01
            [FuncaoSubfuncao] => 10.303
            [AnoInscricaoRestosAPagar] => 
            [DespesasMDEeASPS] => 
        )

    [692] => Array
        (
            [ContaContabil] => 5.2.2.1.3.99.00
            [Valor] => 4000
            [ValorF] => 4.000,00
            [TipoValor] => beginning_balance
            [NaturezaValor] => C
            [PoderOrgao] => 10131
            [FinanceiroPermanente] => 
            [DividaConsolidada] => 
            [FonteRecurso] => 1.211.0000
            [ComplementoFonteRecurso] => 
            [NaturezaReceita] => 
            [NaturezaDespesa] => 3.3.90.30.03
            [FuncaoSubfuncao] => 10.122
            [AnoInscricaoRestosAPagar] => 
            [DespesasMDEeASPS] => 
        )

    [693] => Array
        (
            [ContaContabil] => 5.2.2.1.3.99.00
            [Valor] => 4000
            [ValorF] => 4.000,00
            [TipoValor] => ending_balance
            [NaturezaValor] => C
            [PoderOrgao] => 10131
            [FinanceiroPermanente] => 
            [DividaConsolidada] => 
            [FonteRecurso] => 1.211.0000
            [ComplementoFonteRecurso] => 
            [NaturezaReceita] => 
            [NaturezaDespesa] => 3.3.90.30.03
            [FuncaoSubfuncao] => 10.122
            [AnoInscricaoRestosAPagar] => 
            [DespesasMDEeASPS] => 
        )

    [694] => Array
        (
            [ContaContabil] => 5.2.2.1.3.99.00
            [Valor] => 9500
            [ValorF] => 9.500,00
            [TipoValor] => beginning_balance
            [NaturezaValor] => C
            [PoderOrgao] => 10131
            [FinanceiroPermanente] => 
            [DividaConsolidada] => 
            [FonteRecurso] => 1.211.0000
            [ComplementoFonteRecurso] => 
            [NaturezaReceita] => 
            [NaturezaDespesa] => 3.3.90.30.03
            [FuncaoSubfuncao] => 10.301
            [AnoInscricaoRestosAPagar] => 
            [DespesasMDEeASPS] => 
        )

    [695] => Array
        (
            [ContaContabil] => 5.2.2.1.3.99.00
            [Valor] => 12910
            [ValorF] => 12.910,00
            [TipoValor] => ending_balance
            [NaturezaValor] => C
            [PoderOrgao] => 10131
            [FinanceiroPermanente] => 
            [DividaConsolidada] => 
            [FonteRecurso] => 1.211.0000
            [ComplementoFonteRecurso] => 
            [NaturezaReceita] => 
            [NaturezaDespesa] => 3.3.90.30.03
            [FuncaoSubfuncao] => 10.301
            [AnoInscricaoRestosAPagar] => 
            [DespesasMDEeASPS] => 
        )

    [696] => Array
        (
            [ContaContabil] => 5.2.2.1.3.99.00
            [Valor] => 3410
            [ValorF] => 3.410,00
            [TipoValor] => period_change
            [NaturezaValor] => C
            [PoderOrgao] => 10131
            [FinanceiroPermanente] => 
            [DividaConsolidada] => 
            [FonteRecurso] => 1.211.0000
            [ComplementoFonteRecurso] => 
            [NaturezaReceita] => 
            [NaturezaDespesa] => 3.3.90.30.03
            [FuncaoSubfuncao] => 10.301
            [AnoInscricaoRestosAPagar] => 
            [DespesasMDEeASPS] => 
        )

    [697] => Array
        (
            [ContaContabil] => 5.2.2.1.3.99.00
            [Valor] => 10000
            [ValorF] => 10.000,00
            [TipoValor] => beginning_balance
            [NaturezaValor] => C
            [PoderOrgao] => 10131
            [FinanceiroPermanente] => 
            [DividaConsolidada] => 
            [FonteRecurso] => 1.211.0000
            [ComplementoFonteRecurso] => 
            [NaturezaReceita] => 
            [NaturezaDespesa] => 3.3.90.30.03
            [FuncaoSubfuncao] => 10.302
            [AnoInscricaoRestosAPagar] => 
            [DespesasMDEeASPS] => 
        )

    [698] => Array
        (
            [ContaContabil] => 5.2.2.1.3.99.00
            [Valor] => 11500
            [ValorF] => 11.500,00
            [TipoValor] => ending_balance
            [NaturezaValor] => C
            [PoderOrgao] => 10131
            [FinanceiroPermanente] => 
            [DividaConsolidada] => 
            [FonteRecurso] => 1.211.0000
            [ComplementoFonteRecurso] => 
            [NaturezaReceita] => 
            [NaturezaDespesa] => 3.3.90.30.03
            [FuncaoSubfuncao] => 10.302
            [AnoInscricaoRestosAPagar] => 
            [DespesasMDEeASPS] => 
        )

    [699] => Array
        (
            [ContaContabil] => 5.2.2.1.3.99.00
            [Valor] => 1500
            [ValorF] => 1.500,00
            [TipoValor] => period_change
            [NaturezaValor] => C
            [PoderOrgao] => 10131
            [FinanceiroPermanente] => 
            [DividaConsolidada] => 
            [FonteRecurso] => 1.211.0000
            [ComplementoFonteRecurso] => 
            [NaturezaReceita] => 
            [NaturezaDespesa] => 3.3.90.30.03
            [FuncaoSubfuncao] => 10.302
            [AnoInscricaoRestosAPagar] => 
            [DespesasMDEeASPS] => 
        )

    [700] => Array
        (
            [ContaContabil] => 5.2.2.1.3.99.00
            [Valor] => 109000
            [ValorF] => 109.000,00
            [TipoValor] => beginning_balance
            [NaturezaValor] => C
            [PoderOrgao] => 10131
            [FinanceiroPermanente] => 
            [DividaConsolidada] => 
            [FonteRecurso] => 1.211.0000
            [ComplementoFonteRecurso] => 
            [NaturezaReceita] => 
            [NaturezaDespesa] => 3.3.90.30.03
            [FuncaoSubfuncao] => 10.303
            [AnoInscricaoRestosAPagar] => 
            [DespesasMDEeASPS] => 
        )

    [701] => Array
        (
            [ContaContabil] => 5.2.2.1.3.99.00
            [Valor] => 109000
            [ValorF] => 109.000,00
            [TipoValor] => ending_balance
            [NaturezaValor] => C
            [PoderOrgao] => 10131
            [FinanceiroPermanente] => 
            [DividaConsolidada] => 
            [FonteRecurso] => 1.211.0000
            [ComplementoFonteRecurso] => 
            [NaturezaReceita] => 
            [NaturezaDespesa] => 3.3.90.30.03
            [FuncaoSubfuncao] => 10.303
            [AnoInscricaoRestosAPagar] => 
            [DespesasMDEeASPS] => 
        )

    [702] => Array
        (
            [ContaContabil] => 5.2.2.1.3.99.00
            [Valor] => 27600
            [ValorF] => 27.600,00
            [TipoValor] => beginning_balance
            [NaturezaValor] => C
            [PoderOrgao] => 10131
            [FinanceiroPermanente] => 
            [DividaConsolidada] => 
            [FonteRecurso] => 1.211.0000
            [ComplementoFonteRecurso] => 
            [NaturezaReceita] => 
            [NaturezaDespesa] => 3.3.90.30.03
            [FuncaoSubfuncao] => 10.305
            [AnoInscricaoRestosAPagar] => 
            [DespesasMDEeASPS] => 
        )

    [703] => Array
        (
            [ContaContabil] => 5.2.2.1.3.99.00
            [Valor] => 27600
            [ValorF] => 27.600,00
            [TipoValor] => ending_balance
            [NaturezaValor] => C
            [PoderOrgao] => 10131
            [FinanceiroPermanente] => 
            [DividaConsolidada] => 
            [FonteRecurso] => 1.211.0000
            [ComplementoFonteRecurso] => 
            [NaturezaReceita] => 
            [NaturezaDespesa] => 3.3.90.30.03
            [FuncaoSubfuncao] => 10.305
            [AnoInscricaoRestosAPagar] => 
            [DespesasMDEeASPS] => 
        )

    [704] => Array
        (
            [ContaContabil] => 5.2.2.1.3.99.00
            [Valor] => 48000
            [ValorF] => 48.000,00
            [TipoValor] => beginning_balance
            [NaturezaValor] => C
            [PoderOrgao] => 10131
            [FinanceiroPermanente] => 
            [DividaConsolidada] => 
            [FonteRecurso] => 1.211.0000
            [ComplementoFonteRecurso] => 
            [NaturezaReceita] => 
            [NaturezaDespesa] => 3.3.90.30.03
            [FuncaoSubfuncao] => 10.785
            [AnoInscricaoRestosAPagar] => 
            [DespesasMDEeASPS] => 
        )

    [705] => Array
        (
            [ContaContabil] => 5.2.2.1.3.99.00
            [Valor] => 63000
            [ValorF] => 63.000,00
            [TipoValor] => ending_balance
            [NaturezaValor] => C
            [PoderOrgao] => 10131
            [FinanceiroPermanente] => 
            [DividaConsolidada] => 
            [FonteRecurso] => 1.211.0000
            [ComplementoFonteRecurso] => 
            [NaturezaReceita] => 
            [NaturezaDespesa] => 3.3.90.30.03
            [FuncaoSubfuncao] => 10.785
            [AnoInscricaoRestosAPagar] => 
            [DespesasMDEeASPS] => 
        )

    [706] => Array
        (
            [ContaContabil] => 5.2.2.1.3.99.00
            [Valor] => 15000
            [ValorF] => 15.000,00
            [TipoValor] => period_change
            [NaturezaValor] => C
            [PoderOrgao] => 10131
            [FinanceiroPermanente] => 
            [DividaConsolidada] => 
            [FonteRecurso] => 1.211.0000
            [ComplementoFonteRecurso] => 
            [NaturezaReceita] => 
            [NaturezaDespesa] => 3.3.90.30.03
            [FuncaoSubfuncao] => 10.785
            [AnoInscricaoRestosAPagar] => 
            [DespesasMDEeASPS] => 
        )

    [707] => Array
        (
            [ContaContabil] => 5.2.2.1.3.99.00
            [Valor] => 2720
            [ValorF] => 2.720,00
            [TipoValor] => beginning_balance
            [NaturezaValor] => C
            [PoderOrgao] => 10131
            [FinanceiroPermanente] => 
            [DividaConsolidada] => 
            [FonteRecurso] => 1.290.0000
            [ComplementoFonteRecurso] => 
            [NaturezaReceita] => 
            [NaturezaDespesa] => 3.3.90.30.03
            [FuncaoSubfuncao] => 10.305
            [AnoInscricaoRestosAPagar] => 
            [DespesasMDEeASPS] => 
        )

    [708] => Array
        (
            [ContaContabil] => 5.2.2.1.3.99.00
            [Valor] => 2720
            [ValorF] => 2.720,00
            [TipoValor] => ending_balance
            [NaturezaValor] => C
            [PoderOrgao] => 10131
            [FinanceiroPermanente] => 
            [DividaConsolidada] => 
            [FonteRecurso] => 1.290.0000
            [ComplementoFonteRecurso] => 
            [NaturezaReceita] => 
            [NaturezaDespesa] => 3.3.90.30.03
            [FuncaoSubfuncao] => 10.305
            [AnoInscricaoRestosAPagar] => 
            [DespesasMDEeASPS] => 
        )

    [709] => Array
        (
            [ContaContabil] => 5.2.2.1.3.99.00
            [Valor] => 10000
            [ValorF] => 10.000,00
            [TipoValor] => beginning_balance
            [NaturezaValor] => C
            [PoderOrgao] => 10131
            [FinanceiroPermanente] => 
            [DividaConsolidada] => 
            [FonteRecurso] => 1.214.0000
            [ComplementoFonteRecurso] => 
            [NaturezaReceita] => 
            [NaturezaDespesa] => 3.3.90.30.03
            [FuncaoSubfuncao] => 10.301
            [AnoInscricaoRestosAPagar] => 
            [DespesasMDEeASPS] => 
        )

    [710] => Array
        (
            [ContaContabil] => 5.2.2.1.3.99.00
            [Valor] => 10000
            [ValorF] => 10.000,00
            [TipoValor] => ending_balance
            [NaturezaValor] => C
            [PoderOrgao] => 10131
            [FinanceiroPermanente] => 
            [DividaConsolidada] => 
            [FonteRecurso] => 1.214.0000
            [ComplementoFonteRecurso] => 
            [NaturezaReceita] => 
            [NaturezaDespesa] => 3.3.90.30.03
            [FuncaoSubfuncao] => 10.301
            [AnoInscricaoRestosAPagar] => 
            [DespesasMDEeASPS] => 
        )

    [711] => Array
        (
            [ContaContabil] => 5.2.2.1.3.99.00
            [Valor] => 3000
            [ValorF] => 3.000,00
            [TipoValor] => beginning_balance
            [NaturezaValor] => C
            [PoderOrgao] => 10131
            [FinanceiroPermanente] => 
            [DividaConsolidada] => 
            [FonteRecurso] => 1.214.0000
            [ComplementoFonteRecurso] => 
            [NaturezaReceita] => 
            [NaturezaDespesa] => 3.3.90.30.03
            [FuncaoSubfuncao] => 10.303
            [AnoInscricaoRestosAPagar] => 
            [DespesasMDEeASPS] => 
        )

    [712] => Array
        (
            [ContaContabil] => 5.2.2.1.3.99.00
            [Valor] => 3000
            [ValorF] => 3.000,00
            [TipoValor] => ending_balance
            [NaturezaValor] => C
            [PoderOrgao] => 10131
            [FinanceiroPermanente] => 
            [DividaConsolidada] => 
            [FonteRecurso] => 1.214.0000
            [ComplementoFonteRecurso] => 
            [NaturezaReceita] => 
            [NaturezaDespesa] => 3.3.90.30.03
            [FuncaoSubfuncao] => 10.303
            [AnoInscricaoRestosAPagar] => 
            [DespesasMDEeASPS] => 
        )

    [713] => Array
        (
            [ContaContabil] => 5.2.2.1.3.99.00
            [Valor] => 17734
            [ValorF] => 17.734,00
            [TipoValor] => beginning_balance
            [NaturezaValor] => C
            [PoderOrgao] => 10131
            [FinanceiroPermanente] => 
            [DividaConsolidada] => 
            [FonteRecurso] => 1.215.0000
            [ComplementoFonteRecurso] => 
            [NaturezaReceita] => 
            [NaturezaDespesa] => 3.3.90.30.03
            [FuncaoSubfuncao] => 10.303
            [AnoInscricaoRestosAPagar] => 
            [DespesasMDEeASPS] => 
        )

    [714] => Array
        (
            [ContaContabil] => 5.2.2.1.3.99.00
            [Valor] => 17734
            [ValorF] => 17.734,00
            [TipoValor] => ending_balance
            [NaturezaValor] => C
            [PoderOrgao] => 10131
            [FinanceiroPermanente] => 
            [DividaConsolidada] => 
            [FonteRecurso] => 1.215.0000
            [ComplementoFonteRecurso] => 
            [NaturezaReceita] => 
            [NaturezaDespesa] => 3.3.90.30.03
            [FuncaoSubfuncao] => 10.303
            [AnoInscricaoRestosAPagar] => 
            [DespesasMDEeASPS] => 
        )

    [715] => Array
        (
            [ContaContabil] => 5.2.2.1.3.99.00
            [Valor] => 22544
            [ValorF] => 22.544,00
            [TipoValor] => beginning_balance
            [NaturezaValor] => C
            [PoderOrgao] => 10131
            [FinanceiroPermanente] => 
            [DividaConsolidada] => 
            [FonteRecurso] => 1.214.0000
            [ComplementoFonteRecurso] => 
            [NaturezaReceita] => 
            [NaturezaDespesa] => 3.3.90.30.03
            [FuncaoSubfuncao] => 10.305
            [AnoInscricaoRestosAPagar] => 
            [DespesasMDEeASPS] => 
        )

    [716] => Array
        (
            [ContaContabil] => 5.2.2.1.3.99.00
            [Valor] => 42544
            [ValorF] => 42.544,00
            [TipoValor] => ending_balance
            [NaturezaValor] => C
            [PoderOrgao] => 10131
            [FinanceiroPermanente] => 
            [DividaConsolidada] => 
            [FonteRecurso] => 1.214.0000
            [ComplementoFonteRecurso] => 
            [NaturezaReceita] => 
            [NaturezaDespesa] => 3.3.90.30.03
            [FuncaoSubfuncao] => 10.305
            [AnoInscricaoRestosAPagar] => 
            [DespesasMDEeASPS] => 
        )

    [717] => Array
        (
            [ContaContabil] => 5.2.2.1.3.99.00
            [Valor] => 20000
            [ValorF] => 20.000,00
            [TipoValor] => period_change
            [NaturezaValor] => C
            [PoderOrgao] => 10131
            [FinanceiroPermanente] => 
            [DividaConsolidada] => 
            [FonteRecurso] => 1.214.0000
            [ComplementoFonteRecurso] => 
            [NaturezaReceita] => 
            [NaturezaDespesa] => 3.3.90.30.03
            [FuncaoSubfuncao] => 10.305
            [AnoInscricaoRestosAPagar] => 
            [DespesasMDEeASPS] => 
        )

    [718] => Array
        (
            [ContaContabil] => 5.2.2.1.3.99.00
            [Valor] => 2184.06
            [ValorF] => 2.184,06
            [TipoValor] => beginning_balance
            [NaturezaValor] => C
            [PoderOrgao] => 10131
            [FinanceiroPermanente] => 
            [DividaConsolidada] => 
            [FonteRecurso] => 1.214.0000
            [ComplementoFonteRecurso] => 
            [NaturezaReceita] => 
            [NaturezaDespesa] => 3.3.90.30.03
            [FuncaoSubfuncao] => 10.301
            [AnoInscricaoRestosAPagar] => 
            [DespesasMDEeASPS] => 
        )

    [719] => Array
        (
            [ContaContabil] => 5.2.2.1.3.99.00
            [Valor] => 2184.06
            [ValorF] => 2.184,06
            [TipoValor] => ending_balance
            [NaturezaValor] => C
            [PoderOrgao] => 10131
            [FinanceiroPermanente] => 
            [DividaConsolidada] => 
            [FonteRecurso] => 1.214.0000
            [ComplementoFonteRecurso] => 
            [NaturezaReceita] => 
            [NaturezaDespesa] => 3.3.90.30.03
            [FuncaoSubfuncao] => 10.301
            [AnoInscricaoRestosAPagar] => 
            [DespesasMDEeASPS] => 
        )

    [720] => Array
        (
            [ContaContabil] => 5.2.2.1.3.99.00
            [Valor] => 10000
            [ValorF] => 10.000,00
            [TipoValor] => ending_balance
            [NaturezaValor] => C
            [PoderOrgao] => 10131
            [FinanceiroPermanente] => 
            [DividaConsolidada] => 
            [FonteRecurso] => 1.211.0000
            [ComplementoFonteRecurso] => 
            [NaturezaReceita] => 
            [NaturezaDespesa] => 3.3.90.32.03
            [FuncaoSubfuncao] => 10.303
            [AnoInscricaoRestosAPagar] => 
            [DespesasMDEeASPS] => 
        )

    [721] => Array
        (
            [ContaContabil] => 5.2.2.1.3.99.00
            [Valor] => 10000
            [ValorF] => 10.000,00
            [TipoValor] => period_change
            [NaturezaValor] => C
            [PoderOrgao] => 10131
            [FinanceiroPermanente] => 
            [DividaConsolidada] => 
            [FonteRecurso] => 1.211.0000
            [ComplementoFonteRecurso] => 
            [NaturezaReceita] => 
            [NaturezaDespesa] => 3.3.90.32.03
            [FuncaoSubfuncao] => 10.303
            [AnoInscricaoRestosAPagar] => 
            [DespesasMDEeASPS] => 
        )

    [722] => Array
        (
            [ContaContabil] => 5.2.2.1.3.99.00
            [Valor] => 5000
            [ValorF] => 5.000,00
            [TipoValor] => beginning_balance
            [NaturezaValor] => C
            [PoderOrgao] => 10131
            [FinanceiroPermanente] => 
            [DividaConsolidada] => 
            [FonteRecurso] => 1.211.0000
            [ComplementoFonteRecurso] => 
            [NaturezaReceita] => 
            [NaturezaDespesa] => 3.3.90.32.03
            [FuncaoSubfuncao] => 10.305
            [AnoInscricaoRestosAPagar] => 
            [DespesasMDEeASPS] => 
        )

    [723] => Array
        (
            [ContaContabil] => 5.2.2.1.3.99.00
            [Valor] => 5000
            [ValorF] => 5.000,00
            [TipoValor] => ending_balance
            [NaturezaValor] => C
            [PoderOrgao] => 10131
            [FinanceiroPermanente] => 
            [DividaConsolidada] => 
            [FonteRecurso] => 1.211.0000
            [ComplementoFonteRecurso] => 
            [NaturezaReceita] => 
            [NaturezaDespesa] => 3.3.90.32.03
            [FuncaoSubfuncao] => 10.305
            [AnoInscricaoRestosAPagar] => 
            [DespesasMDEeASPS] => 
        )

    [724] => Array
        (
            [ContaContabil] => 5.2.2.1.3.99.00
            [Valor] => 22000
            [ValorF] => 22.000,00
            [TipoValor] => beginning_balance
            [NaturezaValor] => C
            [PoderOrgao] => 10131
            [FinanceiroPermanente] => 
            [DividaConsolidada] => 
            [FonteRecurso] => 1.213.0000
            [ComplementoFonteRecurso] => 
            [NaturezaReceita] => 
            [NaturezaDespesa] => 3.3.90.32.03
            [FuncaoSubfuncao] => 10.303
            [AnoInscricaoRestosAPagar] => 
            [DespesasMDEeASPS] => 
        )

    [725] => Array
        (
            [ContaContabil] => 5.2.2.1.3.99.00
            [Valor] => 48598.45
            [ValorF] => 48.598,45
            [TipoValor] => ending_balance
            [NaturezaValor] => C
            [PoderOrgao] => 10131
            [FinanceiroPermanente] => 
            [DividaConsolidada] => 
            [FonteRecurso] => 1.213.0000
            [ComplementoFonteRecurso] => 
            [NaturezaReceita] => 
            [NaturezaDespesa] => 3.3.90.32.03
            [FuncaoSubfuncao] => 10.303
            [AnoInscricaoRestosAPagar] => 
            [DespesasMDEeASPS] => 
        )

    [726] => Array
        (
            [ContaContabil] => 5.2.2.1.3.99.00
            [Valor] => 26598.45
            [ValorF] => 26.598,45
            [TipoValor] => period_change
            [NaturezaValor] => C
            [PoderOrgao] => 10131
            [FinanceiroPermanente] => 
            [DividaConsolidada] => 
            [FonteRecurso] => 1.213.0000
            [ComplementoFonteRecurso] => 
            [NaturezaReceita] => 
            [NaturezaDespesa] => 3.3.90.32.03
            [FuncaoSubfuncao] => 10.303
            [AnoInscricaoRestosAPagar] => 
            [DespesasMDEeASPS] => 
        )

    [727] => Array
        (
            [ContaContabil] => 5.2.2.1.3.99.00
            [Valor] => 14316.6
            [ValorF] => 14.316,60
            [TipoValor] => beginning_balance
            [NaturezaValor] => C
            [PoderOrgao] => 10131
            [FinanceiroPermanente] => 
            [DividaConsolidada] => 
            [FonteRecurso] => 1.214.0000
            [ComplementoFonteRecurso] => 
            [NaturezaReceita] => 
            [NaturezaDespesa] => 3.3.90.32.03
            [FuncaoSubfuncao] => 10.303
            [AnoInscricaoRestosAPagar] => 
            [DespesasMDEeASPS] => 
        )

    [728] => Array
        (
            [ContaContabil] => 5.2.2.1.3.99.00
            [Valor] => 14316.6
            [ValorF] => 14.316,60
            [TipoValor] => ending_balance
            [NaturezaValor] => C
            [PoderOrgao] => 10131
            [FinanceiroPermanente] => 
            [DividaConsolidada] => 
            [FonteRecurso] => 1.214.0000
            [ComplementoFonteRecurso] => 
            [NaturezaReceita] => 
            [NaturezaDespesa] => 3.3.90.32.03
            [FuncaoSubfuncao] => 10.303
            [AnoInscricaoRestosAPagar] => 
            [DespesasMDEeASPS] => 
        )

    [729] => Array
        (
            [ContaContabil] => 5.2.2.1.3.99.00
            [Valor] => 3000
            [ValorF] => 3.000,00
            [TipoValor] => beginning_balance
            [NaturezaValor] => C
            [PoderOrgao] => 10131
            [FinanceiroPermanente] => 
            [DividaConsolidada] => 
            [FonteRecurso] => 1.214.0000
            [ComplementoFonteRecurso] => 
            [NaturezaReceita] => 
            [NaturezaDespesa] => 3.3.90.32.03
            [FuncaoSubfuncao] => 10.305
            [AnoInscricaoRestosAPagar] => 
            [DespesasMDEeASPS] => 
        )

    [730] => Array
        (
            [ContaContabil] => 5.2.2.1.3.99.00
            [Valor] => 3000
            [ValorF] => 3.000,00
            [TipoValor] => ending_balance
            [NaturezaValor] => C
            [PoderOrgao] => 10131
            [FinanceiroPermanente] => 
            [DividaConsolidada] => 
            [FonteRecurso] => 1.214.0000
            [ComplementoFonteRecurso] => 
            [NaturezaReceita] => 
            [NaturezaDespesa] => 3.3.90.32.03
            [FuncaoSubfuncao] => 10.305
            [AnoInscricaoRestosAPagar] => 
            [DespesasMDEeASPS] => 
        )

    [731] => Array
        (
            [ContaContabil] => 5.2.2.1.3.99.00
            [Valor] => 11000
            [ValorF] => 11.000,00
            [TipoValor] => beginning_balance
            [NaturezaValor] => C
            [PoderOrgao] => 10131
            [FinanceiroPermanente] => 
            [DividaConsolidada] => 
            [FonteRecurso] => 1.211.0000
            [ComplementoFonteRecurso] => 
            [NaturezaReceita] => 
            [NaturezaDespesa] => 3.3.90.33.03
            [FuncaoSubfuncao] => 10.785
            [AnoInscricaoRestosAPagar] => 
            [DespesasMDEeASPS] => 
        )

    [732] => Array
        (
            [ContaContabil] => 5.2.2.1.3.99.00
            [Valor] => 11000
            [ValorF] => 11.000,00
            [TipoValor] => ending_balance
            [NaturezaValor] => C
            [PoderOrgao] => 10131
            [FinanceiroPermanente] => 
            [DividaConsolidada] => 
            [FonteRecurso] => 1.211.0000
            [ComplementoFonteRecurso] => 
            [NaturezaReceita] => 
            [NaturezaDespesa] => 3.3.90.33.03
            [FuncaoSubfuncao] => 10.785
            [AnoInscricaoRestosAPagar] => 
            [DespesasMDEeASPS] => 
        )

    [733] => Array
        (
            [ContaContabil] => 5.2.2.1.3.99.00
            [Valor] => 3300
            [ValorF] => 3.300,00
            [TipoValor] => beginning_balance
            [NaturezaValor] => C
            [PoderOrgao] => 10131
            [FinanceiroPermanente] => 
            [DividaConsolidada] => 
            [FonteRecurso] => 1.211.0000
            [ComplementoFonteRecurso] => 
            [NaturezaReceita] => 
            [NaturezaDespesa] => 3.3.90.36.03
            [FuncaoSubfuncao] => 10.303
            [AnoInscricaoRestosAPagar] => 
            [DespesasMDEeASPS] => 
        )

    [734] => Array
        (
            [ContaContabil] => 5.2.2.1.3.99.00
            [Valor] => 3300
            [ValorF] => 3.300,00
            [TipoValor] => ending_balance
            [NaturezaValor] => C
            [PoderOrgao] => 10131
            [FinanceiroPermanente] => 
            [DividaConsolidada] => 
            [FonteRecurso] => 1.211.0000
            [ComplementoFonteRecurso] => 
            [NaturezaReceita] => 
            [NaturezaDespesa] => 3.3.90.36.03
            [FuncaoSubfuncao] => 10.303
            [AnoInscricaoRestosAPagar] => 
            [DespesasMDEeASPS] => 
        )

    [735] => Array
        (
            [ContaContabil] => 5.2.2.1.3.99.00
            [Valor] => 1000
            [ValorF] => 1.000,00
            [TipoValor] => beginning_balance
            [NaturezaValor] => C
            [PoderOrgao] => 10131
            [FinanceiroPermanente] => 
            [DividaConsolidada] => 
            [FonteRecurso] => 1.211.0000
            [ComplementoFonteRecurso] => 
            [NaturezaReceita] => 
            [NaturezaDespesa] => 3.3.90.36.03
            [FuncaoSubfuncao] => 10.305
            [AnoInscricaoRestosAPagar] => 
            [DespesasMDEeASPS] => 
        )

    [736] => Array
        (
            [ContaContabil] => 5.2.2.1.3.99.00
            [Valor] => 1000
            [ValorF] => 1.000,00
            [TipoValor] => ending_balance
            [NaturezaValor] => C
            [PoderOrgao] => 10131
            [FinanceiroPermanente] => 
            [DividaConsolidada] => 
            [FonteRecurso] => 1.211.0000
            [ComplementoFonteRecurso] => 
            [NaturezaReceita] => 
            [NaturezaDespesa] => 3.3.90.36.03
            [FuncaoSubfuncao] => 10.305
            [AnoInscricaoRestosAPagar] => 
            [DespesasMDEeASPS] => 
        )

    [737] => Array
        (
            [ContaContabil] => 5.2.2.1.3.99.00
            [Valor] => 7600
            [ValorF] => 7.600,00
            [TipoValor] => beginning_balance
            [NaturezaValor] => C
            [PoderOrgao] => 10131
            [FinanceiroPermanente] => 
            [DividaConsolidada] => 
            [FonteRecurso] => 1.211.0000
            [ComplementoFonteRecurso] => 
            [NaturezaReceita] => 
            [NaturezaDespesa] => 3.3.90.39.03
            [FuncaoSubfuncao] => 10.122
            [AnoInscricaoRestosAPagar] => 
            [DespesasMDEeASPS] => 
        )

    [738] => Array
        (
            [ContaContabil] => 5.2.2.1.3.99.00
            [Valor] => 8600
            [ValorF] => 8.600,00
            [TipoValor] => ending_balance
            [NaturezaValor] => C
            [PoderOrgao] => 10131
            [FinanceiroPermanente] => 
            [DividaConsolidada] => 
            [FonteRecurso] => 1.211.0000
            [ComplementoFonteRecurso] => 
            [NaturezaReceita] => 
            [NaturezaDespesa] => 3.3.90.39.03
            [FuncaoSubfuncao] => 10.122
            [AnoInscricaoRestosAPagar] => 
            [DespesasMDEeASPS] => 
        )

    [739] => Array
        (
            [ContaContabil] => 5.2.2.1.3.99.00
            [Valor] => 1000
            [ValorF] => 1.000,00
            [TipoValor] => period_change
            [NaturezaValor] => C
            [PoderOrgao] => 10131
            [FinanceiroPermanente] => 
            [DividaConsolidada] => 
            [FonteRecurso] => 1.211.0000
            [ComplementoFonteRecurso] => 
            [NaturezaReceita] => 
            [NaturezaDespesa] => 3.3.90.39.03
            [FuncaoSubfuncao] => 10.122
            [AnoInscricaoRestosAPagar] => 
            [DespesasMDEeASPS] => 
        )

    [740] => Array
        (
            [ContaContabil] => 5.2.2.1.3.99.00
            [Valor] => 395528.88
            [ValorF] => 395.528,88
            [TipoValor] => beginning_balance
            [NaturezaValor] => C
            [PoderOrgao] => 10131
            [FinanceiroPermanente] => 
            [DividaConsolidada] => 
            [FonteRecurso] => 1.211.0000
            [ComplementoFonteRecurso] => 
            [NaturezaReceita] => 
            [NaturezaDespesa] => 3.3.90.39.03
            [FuncaoSubfuncao] => 10.301
            [AnoInscricaoRestosAPagar] => 
            [DespesasMDEeASPS] => 
        )

    [741] => Array
        (
            [ContaContabil] => 5.2.2.1.3.99.00
            [Valor] => 397878.88
            [ValorF] => 397.878,88
            [TipoValor] => ending_balance
            [NaturezaValor] => C
            [PoderOrgao] => 10131
            [FinanceiroPermanente] => 
            [DividaConsolidada] => 
            [FonteRecurso] => 1.211.0000
            [ComplementoFonteRecurso] => 
            [NaturezaReceita] => 
            [NaturezaDespesa] => 3.3.90.39.03
            [FuncaoSubfuncao] => 10.301
            [AnoInscricaoRestosAPagar] => 
            [DespesasMDEeASPS] => 
        )

    [742] => Array
        (
            [ContaContabil] => 5.2.2.1.3.99.00
            [Valor] => 2350
            [ValorF] => 2.350,00
            [TipoValor] => period_change
            [NaturezaValor] => C
            [PoderOrgao] => 10131
            [FinanceiroPermanente] => 
            [DividaConsolidada] => 
            [FonteRecurso] => 1.211.0000
            [ComplementoFonteRecurso] => 
            [NaturezaReceita] => 
            [NaturezaDespesa] => 3.3.90.39.03
            [FuncaoSubfuncao] => 10.301
            [AnoInscricaoRestosAPagar] => 
            [DespesasMDEeASPS] => 
        )

    [743] => Array
        (
            [ContaContabil] => 5.2.2.1.3.99.00
            [Valor] => 208500
            [ValorF] => 208.500,00
            [TipoValor] => beginning_balance
            [NaturezaValor] => C
            [PoderOrgao] => 10131
            [FinanceiroPermanente] => 
            [DividaConsolidada] => 
            [FonteRecurso] => 1.211.0000
            [ComplementoFonteRecurso] => 
            [NaturezaReceita] => 
            [NaturezaDespesa] => 3.3.90.39.03
            [FuncaoSubfuncao] => 10.302
            [AnoInscricaoRestosAPagar] => 
            [DespesasMDEeASPS] => 
        )

    [744] => Array
        (
            [ContaContabil] => 5.2.2.1.3.99.00
            [Valor] => 208500
            [ValorF] => 208.500,00
            [TipoValor] => ending_balance
            [NaturezaValor] => C
            [PoderOrgao] => 10131
            [FinanceiroPermanente] => 
            [DividaConsolidada] => 
            [FonteRecurso] => 1.211.0000
            [ComplementoFonteRecurso] => 
            [NaturezaReceita] => 
            [NaturezaDespesa] => 3.3.90.39.03
            [FuncaoSubfuncao] => 10.302
            [AnoInscricaoRestosAPagar] => 
            [DespesasMDEeASPS] => 
        )

    [745] => Array
        (
            [ContaContabil] => 5.2.2.1.3.99.00
            [Valor] => 89130
            [ValorF] => 89.130,00
            [TipoValor] => beginning_balance
            [NaturezaValor] => C
            [PoderOrgao] => 10131
            [FinanceiroPermanente] => 
            [DividaConsolidada] => 
            [FonteRecurso] => 1.211.0000
            [ComplementoFonteRecurso] => 
            [NaturezaReceita] => 
            [NaturezaDespesa] => 3.3.90.39.03
            [FuncaoSubfuncao] => 10.303
            [AnoInscricaoRestosAPagar] => 
            [DespesasMDEeASPS] => 
        )

    [746] => Array
        (
            [ContaContabil] => 5.2.2.1.3.99.00
            [Valor] => 89130
            [ValorF] => 89.130,00
            [TipoValor] => ending_balance
            [NaturezaValor] => C
            [PoderOrgao] => 10131
            [FinanceiroPermanente] => 
            [DividaConsolidada] => 
            [FonteRecurso] => 1.211.0000
            [ComplementoFonteRecurso] => 
            [NaturezaReceita] => 
            [NaturezaDespesa] => 3.3.90.39.03
            [FuncaoSubfuncao] => 10.303
            [AnoInscricaoRestosAPagar] => 
            [DespesasMDEeASPS] => 
        )

    [747] => Array
        (
            [ContaContabil] => 5.2.2.1.3.99.00
            [Valor] => 27000
            [ValorF] => 27.000,00
            [TipoValor] => beginning_balance
            [NaturezaValor] => C
            [PoderOrgao] => 10131
            [FinanceiroPermanente] => 
            [DividaConsolidada] => 
            [FonteRecurso] => 1.211.0000
            [ComplementoFonteRecurso] => 
            [NaturezaReceita] => 
            [NaturezaDespesa] => 3.3.90.39.03
            [FuncaoSubfuncao] => 10.305
            [AnoInscricaoRestosAPagar] => 
            [DespesasMDEeASPS] => 
        )

    [748] => Array
        (
            [ContaContabil] => 5.2.2.1.3.99.00
            [Valor] => 27000
            [ValorF] => 27.000,00
            [TipoValor] => ending_balance
            [NaturezaValor] => C
            [PoderOrgao] => 10131
            [FinanceiroPermanente] => 
            [DividaConsolidada] => 
            [FonteRecurso] => 1.211.0000
            [ComplementoFonteRecurso] => 
            [NaturezaReceita] => 
            [NaturezaDespesa] => 3.3.90.39.03
            [FuncaoSubfuncao] => 10.305
            [AnoInscricaoRestosAPagar] => 
            [DespesasMDEeASPS] => 
        )

    [749] => Array
        (
            [ContaContabil] => 5.2.2.1.3.99.00
            [Valor] => 65000
            [ValorF] => 65.000,00
            [TipoValor] => beginning_balance
            [NaturezaValor] => C
            [PoderOrgao] => 10131
            [FinanceiroPermanente] => 
            [DividaConsolidada] => 
            [FonteRecurso] => 1.214.0000
            [ComplementoFonteRecurso] => 
            [NaturezaReceita] => 
            [NaturezaDespesa] => 3.3.90.39.03
            [FuncaoSubfuncao] => 10.301
            [AnoInscricaoRestosAPagar] => 
            [DespesasMDEeASPS] => 
        )

    [750] => Array
        (
            [ContaContabil] => 5.2.2.1.3.99.00
            [Valor] => 65000
            [ValorF] => 65.000,00
            [TipoValor] => ending_balance
            [NaturezaValor] => C
            [PoderOrgao] => 10131
            [FinanceiroPermanente] => 
            [DividaConsolidada] => 
            [FonteRecurso] => 1.214.0000
            [ComplementoFonteRecurso] => 
            [NaturezaReceita] => 
            [NaturezaDespesa] => 3.3.90.39.03
            [FuncaoSubfuncao] => 10.301
            [AnoInscricaoRestosAPagar] => 
            [DespesasMDEeASPS] => 
        )

    [751] => Array
        (
            [ContaContabil] => 5.2.2.1.3.99.00
            [Valor] => 4150.12
            [ValorF] => 4.150,12
            [TipoValor] => beginning_balance
            [NaturezaValor] => C
            [PoderOrgao] => 10131
            [FinanceiroPermanente] => 
            [DividaConsolidada] => 
            [FonteRecurso] => 1.214.0000
            [ComplementoFonteRecurso] => 
            [NaturezaReceita] => 
            [NaturezaDespesa] => 3.3.90.39.03
            [FuncaoSubfuncao] => 10.303
            [AnoInscricaoRestosAPagar] => 
            [DespesasMDEeASPS] => 
        )

    [752] => Array
        (
            [ContaContabil] => 5.2.2.1.3.99.00
            [Valor] => 4150.12
            [ValorF] => 4.150,12
            [TipoValor] => ending_balance
            [NaturezaValor] => C
            [PoderOrgao] => 10131
            [FinanceiroPermanente] => 
            [DividaConsolidada] => 
            [FonteRecurso] => 1.214.0000
            [ComplementoFonteRecurso] => 
            [NaturezaReceita] => 
            [NaturezaDespesa] => 3.3.90.39.03
            [FuncaoSubfuncao] => 10.303
            [AnoInscricaoRestosAPagar] => 
            [DespesasMDEeASPS] => 
        )

    [753] => Array
        (
            [ContaContabil] => 5.2.2.1.3.99.00
            [Valor] => 8274.06
            [ValorF] => 8.274,06
            [TipoValor] => beginning_balance
            [NaturezaValor] => C
            [PoderOrgao] => 10131
            [FinanceiroPermanente] => 
            [DividaConsolidada] => 
            [FonteRecurso] => 1.215.0000
            [ComplementoFonteRecurso] => 
            [NaturezaReceita] => 
            [NaturezaDespesa] => 3.3.90.39.03
            [FuncaoSubfuncao] => 10.303
            [AnoInscricaoRestosAPagar] => 
            [DespesasMDEeASPS] => 
        )

    [754] => Array
        (
            [ContaContabil] => 5.2.2.1.3.99.00
            [Valor] => 8274.06
            [ValorF] => 8.274,06
            [TipoValor] => ending_balance
            [NaturezaValor] => C
            [PoderOrgao] => 10131
            [FinanceiroPermanente] => 
            [DividaConsolidada] => 
            [FonteRecurso] => 1.215.0000
            [ComplementoFonteRecurso] => 
            [NaturezaReceita] => 
            [NaturezaDespesa] => 3.3.90.39.03
            [FuncaoSubfuncao] => 10.303
            [AnoInscricaoRestosAPagar] => 
            [DespesasMDEeASPS] => 
        )

    [755] => Array
        (
            [ContaContabil] => 5.2.2.1.3.99.00
            [Valor] => 120000
            [ValorF] => 120.000,00
            [TipoValor] => beginning_balance
            [NaturezaValor] => C
            [PoderOrgao] => 10131
            [FinanceiroPermanente] => 
            [DividaConsolidada] => 
            [FonteRecurso] => 1.214.0000
            [ComplementoFonteRecurso] => 
            [NaturezaReceita] => 
            [NaturezaDespesa] => 3.3.90.39.03
            [FuncaoSubfuncao] => 10.301
            [AnoInscricaoRestosAPagar] => 
            [DespesasMDEeASPS] => 
        )

    [756] => Array
        (
            [ContaContabil] => 5.2.2.1.3.99.00
            [Valor] => 120000
            [ValorF] => 120.000,00
            [TipoValor] => ending_balance
            [NaturezaValor] => C
            [PoderOrgao] => 10131
            [FinanceiroPermanente] => 
            [DividaConsolidada] => 
            [FonteRecurso] => 1.214.0000
            [ComplementoFonteRecurso] => 
            [NaturezaReceita] => 
            [NaturezaDespesa] => 3.3.90.39.03
            [FuncaoSubfuncao] => 10.301
            [AnoInscricaoRestosAPagar] => 
            [DespesasMDEeASPS] => 
        )

    [757] => Array
        (
            [ContaContabil] => 5.2.2.1.3.99.00
            [Valor] => 11028
            [ValorF] => 11.028,00
            [TipoValor] => beginning_balance
            [NaturezaValor] => C
            [PoderOrgao] => 10131
            [FinanceiroPermanente] => 
            [DividaConsolidada] => 
            [FonteRecurso] => 1.214.0000
            [ComplementoFonteRecurso] => 
            [NaturezaReceita] => 
            [NaturezaDespesa] => 3.3.90.39.03
            [FuncaoSubfuncao] => 10.305
            [AnoInscricaoRestosAPagar] => 
            [DespesasMDEeASPS] => 
        )

    [758] => Array
        (
            [ContaContabil] => 5.2.2.1.3.99.00
            [Valor] => 21028
            [ValorF] => 21.028,00
            [TipoValor] => ending_balance
            [NaturezaValor] => C
            [PoderOrgao] => 10131
            [FinanceiroPermanente] => 
            [DividaConsolidada] => 
            [FonteRecurso] => 1.214.0000
            [ComplementoFonteRecurso] => 
            [NaturezaReceita] => 
            [NaturezaDespesa] => 3.3.90.39.03
            [FuncaoSubfuncao] => 10.305
            [AnoInscricaoRestosAPagar] => 
            [DespesasMDEeASPS] => 
        )

    [759] => Array
        (
            [ContaContabil] => 5.2.2.1.3.99.00
            [Valor] => 10000
            [ValorF] => 10.000,00
            [TipoValor] => period_change
            [NaturezaValor] => C
            [PoderOrgao] => 10131
            [FinanceiroPermanente] => 
            [DividaConsolidada] => 
            [FonteRecurso] => 1.214.0000
            [ComplementoFonteRecurso] => 
            [NaturezaReceita] => 
            [NaturezaDespesa] => 3.3.90.39.03
            [FuncaoSubfuncao] => 10.305
            [AnoInscricaoRestosAPagar] => 
            [DespesasMDEeASPS] => 
        )

    [760] => Array
        (
            [ContaContabil] => 5.2.2.1.3.99.00
            [Valor] => 3625
            [ValorF] => 3.625,00
            [TipoValor] => beginning_balance
            [NaturezaValor] => C
            [PoderOrgao] => 10131
            [FinanceiroPermanente] => 
            [DividaConsolidada] => 
            [FonteRecurso] => 1.211.0000
            [ComplementoFonteRecurso] => 
            [NaturezaReceita] => 
            [NaturezaDespesa] => 3.3.90.40.04
            [FuncaoSubfuncao] => 10.122
            [AnoInscricaoRestosAPagar] => 
            [DespesasMDEeASPS] => 
        )

    [761] => Array
        (
            [ContaContabil] => 5.2.2.1.3.99.00
            [Valor] => 4045
            [ValorF] => 4.045,00
            [TipoValor] => ending_balance
            [NaturezaValor] => C
            [PoderOrgao] => 10131
            [FinanceiroPermanente] => 
            [DividaConsolidada] => 
            [FonteRecurso] => 1.211.0000
            [ComplementoFonteRecurso] => 
            [NaturezaReceita] => 
            [NaturezaDespesa] => 3.3.90.40.04
            [FuncaoSubfuncao] => 10.122
            [AnoInscricaoRestosAPagar] => 
            [DespesasMDEeASPS] => 
        )

    [762] => Array
        (
            [ContaContabil] => 5.2.2.1.3.99.00
            [Valor] => 420
            [ValorF] => 420,00
            [TipoValor] => period_change
            [NaturezaValor] => C
            [PoderOrgao] => 10131
            [FinanceiroPermanente] => 
            [DividaConsolidada] => 
            [FonteRecurso] => 1.211.0000
            [ComplementoFonteRecurso] => 
            [NaturezaReceita] => 
            [NaturezaDespesa] => 3.3.90.40.04
            [FuncaoSubfuncao] => 10.122
            [AnoInscricaoRestosAPagar] => 
            [DespesasMDEeASPS] => 
        )

    [763] => Array
        (
            [ContaContabil] => 5.2.2.1.3.99.00
            [Valor] => 11820
            [ValorF] => 11.820,00
            [TipoValor] => beginning_balance
            [NaturezaValor] => C
            [PoderOrgao] => 10131
            [FinanceiroPermanente] => 
            [DividaConsolidada] => 
            [FonteRecurso] => 1.211.0000
            [ComplementoFonteRecurso] => 
            [NaturezaReceita] => 
            [NaturezaDespesa] => 3.3.90.40.04
            [FuncaoSubfuncao] => 10.301
            [AnoInscricaoRestosAPagar] => 
            [DespesasMDEeASPS] => 
        )

    [764] => Array
        (
            [ContaContabil] => 5.2.2.1.3.99.00
            [Valor] => 11820
            [ValorF] => 11.820,00
            [TipoValor] => ending_balance
            [NaturezaValor] => C
            [PoderOrgao] => 10131
            [FinanceiroPermanente] => 
            [DividaConsolidada] => 
            [FonteRecurso] => 1.211.0000
            [ComplementoFonteRecurso] => 
            [NaturezaReceita] => 
            [NaturezaDespesa] => 3.3.90.40.04
            [FuncaoSubfuncao] => 10.301
            [AnoInscricaoRestosAPagar] => 
            [DespesasMDEeASPS] => 
        )

    [765] => Array
        (
            [ContaContabil] => 5.2.2.1.3.99.00
            [Valor] => 160000
            [ValorF] => 160.000,00
            [TipoValor] => beginning_balance
            [NaturezaValor] => C
            [PoderOrgao] => 10131
            [FinanceiroPermanente] => 
            [DividaConsolidada] => 
            [FonteRecurso] => 1.211.0000
            [ComplementoFonteRecurso] => 
            [NaturezaReceita] => 
            [NaturezaDespesa] => 3.3.90.46.04
            [FuncaoSubfuncao] => 10.331
            [AnoInscricaoRestosAPagar] => 
            [DespesasMDEeASPS] => 
        )

    [766] => Array
        (
            [ContaContabil] => 5.2.2.1.3.99.00
            [Valor] => 160000
            [ValorF] => 160.000,00
            [TipoValor] => ending_balance
            [NaturezaValor] => C
            [PoderOrgao] => 10131
            [FinanceiroPermanente] => 
            [DividaConsolidada] => 
            [FonteRecurso] => 1.211.0000
            [ComplementoFonteRecurso] => 
            [NaturezaReceita] => 
            [NaturezaDespesa] => 3.3.90.46.04
            [FuncaoSubfuncao] => 10.331
            [AnoInscricaoRestosAPagar] => 
            [DespesasMDEeASPS] => 
        )

    [767] => Array
        (
            [ContaContabil] => 5.2.2.1.3.99.00
            [Valor] => 4000
            [ValorF] => 4.000,00
            [TipoValor] => beginning_balance
            [NaturezaValor] => C
            [PoderOrgao] => 10131
            [FinanceiroPermanente] => 
            [DividaConsolidada] => 
            [FonteRecurso] => 1.211.0000
            [ComplementoFonteRecurso] => 
            [NaturezaReceita] => 
            [NaturezaDespesa] => 3.3.90.93.09
            [FuncaoSubfuncao] => 10.302
            [AnoInscricaoRestosAPagar] => 
            [DespesasMDEeASPS] => 
        )

    [768] => Array
        (
            [ContaContabil] => 5.2.2.1.3.99.00
            [Valor] => 9000
            [ValorF] => 9.000,00
            [TipoValor] => ending_balance
            [NaturezaValor] => C
            [PoderOrgao] => 10131
            [FinanceiroPermanente] => 
            [DividaConsolidada] => 
            [FonteRecurso] => 1.211.0000
            [ComplementoFonteRecurso] => 
            [NaturezaReceita] => 
            [NaturezaDespesa] => 3.3.90.93.09
            [FuncaoSubfuncao] => 10.302
            [AnoInscricaoRestosAPagar] => 
            [DespesasMDEeASPS] => 
        )

    [769] => Array
        (
            [ContaContabil] => 5.2.2.1.3.99.00
            [Valor] => 5000
            [ValorF] => 5.000,00
            [TipoValor] => period_change
            [NaturezaValor] => C
            [PoderOrgao] => 10131
            [FinanceiroPermanente] => 
            [DividaConsolidada] => 
            [FonteRecurso] => 1.211.0000
            [ComplementoFonteRecurso] => 
            [NaturezaReceita] => 
            [NaturezaDespesa] => 3.3.90.93.09
            [FuncaoSubfuncao] => 10.302
            [AnoInscricaoRestosAPagar] => 
            [DespesasMDEeASPS] => 
        )

    [770] => Array
        (
            [ContaContabil] => 5.2.2.1.3.99.00
            [Valor] => 3000
            [ValorF] => 3.000,00
            [TipoValor] => beginning_balance
            [NaturezaValor] => C
            [PoderOrgao] => 10131
            [FinanceiroPermanente] => 
            [DividaConsolidada] => 
            [FonteRecurso] => 1.211.0000
            [ComplementoFonteRecurso] => 
            [NaturezaReceita] => 
            [NaturezaDespesa] => 3.3.90.93.09
            [FuncaoSubfuncao] => 10.303
            [AnoInscricaoRestosAPagar] => 
            [DespesasMDEeASPS] => 
        )

    [771] => Array
        (
            [ContaContabil] => 5.2.2.1.3.99.00
            [Valor] => 3000
            [ValorF] => 3.000,00
            [TipoValor] => ending_balance
            [NaturezaValor] => C
            [PoderOrgao] => 10131
            [FinanceiroPermanente] => 
            [DividaConsolidada] => 
            [FonteRecurso] => 1.211.0000
            [ComplementoFonteRecurso] => 
            [NaturezaReceita] => 
            [NaturezaDespesa] => 3.3.90.93.09
            [FuncaoSubfuncao] => 10.303
            [AnoInscricaoRestosAPagar] => 
            [DespesasMDEeASPS] => 
        )

    [772] => Array
        (
            [ContaContabil] => 5.2.2.1.3.99.00
            [Valor] => 25000
            [ValorF] => 25.000,00
            [TipoValor] => beginning_balance
            [NaturezaValor] => C
            [PoderOrgao] => 10131
            [FinanceiroPermanente] => 
            [DividaConsolidada] => 
            [FonteRecurso] => 1.211.0000
            [ComplementoFonteRecurso] => 
            [NaturezaReceita] => 
            [NaturezaDespesa] => 3.3.93.39.03
            [FuncaoSubfuncao] => 10.301
            [AnoInscricaoRestosAPagar] => 
            [DespesasMDEeASPS] => 
        )

    [773] => Array
        (
            [ContaContabil] => 5.2.2.1.3.99.00
            [Valor] => 25000
            [ValorF] => 25.000,00
            [TipoValor] => ending_balance
            [NaturezaValor] => C
            [PoderOrgao] => 10131
            [FinanceiroPermanente] => 
            [DividaConsolidada] => 
            [FonteRecurso] => 1.211.0000
            [ComplementoFonteRecurso] => 
            [NaturezaReceita] => 
            [NaturezaDespesa] => 3.3.93.39.03
            [FuncaoSubfuncao] => 10.301
            [AnoInscricaoRestosAPagar] => 
            [DespesasMDEeASPS] => 
        )

    [774] => Array
        (
            [ContaContabil] => 5.2.2.1.3.99.00
            [Valor] => 120000
            [ValorF] => 120.000,00
            [TipoValor] => beginning_balance
            [NaturezaValor] => C
            [PoderOrgao] => 10131
            [FinanceiroPermanente] => 
            [DividaConsolidada] => 
            [FonteRecurso] => 1.211.0000
            [ComplementoFonteRecurso] => 
            [NaturezaReceita] => 
            [NaturezaDespesa] => 3.3.93.39.03
            [FuncaoSubfuncao] => 10.302
            [AnoInscricaoRestosAPagar] => 
            [DespesasMDEeASPS] => 
        )

    [775] => Array
        (
            [ContaContabil] => 5.2.2.1.3.99.00
            [Valor] => 120000
            [ValorF] => 120.000,00
            [TipoValor] => ending_balance
            [NaturezaValor] => C
            [PoderOrgao] => 10131
            [FinanceiroPermanente] => 
            [DividaConsolidada] => 
            [FonteRecurso] => 1.211.0000
            [ComplementoFonteRecurso] => 
            [NaturezaReceita] => 
            [NaturezaDespesa] => 3.3.93.39.03
            [FuncaoSubfuncao] => 10.302
            [AnoInscricaoRestosAPagar] => 
            [DespesasMDEeASPS] => 
        )

    [776] => Array
        (
            [ContaContabil] => 5.2.2.1.3.99.00
            [Valor] => 851.67
            [ValorF] => 851,67
            [TipoValor] => beginning_balance
            [NaturezaValor] => C
            [PoderOrgao] => 10131
            [FinanceiroPermanente] => 
            [DividaConsolidada] => 
            [FonteRecurso] => 1.211.0000
            [ComplementoFonteRecurso] => 
            [NaturezaReceita] => 
            [NaturezaDespesa] => 4.4.90.51.05
            [FuncaoSubfuncao] => 10.785
            [AnoInscricaoRestosAPagar] => 
            [DespesasMDEeASPS] => 
        )

    [777] => Array
        (
            [ContaContabil] => 5.2.2.1.3.99.00
            [Valor] => 851.67
            [ValorF] => 851,67
            [TipoValor] => ending_balance
            [NaturezaValor] => C
            [PoderOrgao] => 10131
            [FinanceiroPermanente] => 
            [DividaConsolidada] => 
            [FonteRecurso] => 1.211.0000
            [ComplementoFonteRecurso] => 
            [NaturezaReceita] => 
            [NaturezaDespesa] => 4.4.90.51.05
            [FuncaoSubfuncao] => 10.785
            [AnoInscricaoRestosAPagar] => 
            [DespesasMDEeASPS] => 
        )

    [778] => Array
        (
            [ContaContabil] => 5.2.2.1.3.99.00
            [Valor] => 1300
            [ValorF] => 1.300,00
            [TipoValor] => beginning_balance
            [NaturezaValor] => C
            [PoderOrgao] => 10131
            [FinanceiroPermanente] => 
            [DividaConsolidada] => 
            [FonteRecurso] => 1.211.0000
            [ComplementoFonteRecurso] => 
            [NaturezaReceita] => 
            [NaturezaDespesa] => 4.4.90.52.05
            [FuncaoSubfuncao] => 10.122
            [AnoInscricaoRestosAPagar] => 
            [DespesasMDEeASPS] => 
        )

    [779] => Array
        (
            [ContaContabil] => 5.2.2.1.3.99.00
            [Valor] => 1300
            [ValorF] => 1.300,00
            [TipoValor] => ending_balance
            [NaturezaValor] => C
            [PoderOrgao] => 10131
            [FinanceiroPermanente] => 
            [DividaConsolidada] => 
            [FonteRecurso] => 1.211.0000
            [ComplementoFonteRecurso] => 
            [NaturezaReceita] => 
            [NaturezaDespesa] => 4.4.90.52.05
            [FuncaoSubfuncao] => 10.122
            [AnoInscricaoRestosAPagar] => 
            [DespesasMDEeASPS] => 
        )

    [780] => Array
        (
            [ContaContabil] => 5.2.2.1.3.99.00
            [Valor] => 5000
            [ValorF] => 5.000,00
            [TipoValor] => beginning_balance
            [NaturezaValor] => C
            [PoderOrgao] => 10131
            [FinanceiroPermanente] => 
            [DividaConsolidada] => 
            [FonteRecurso] => 1.211.0000
            [ComplementoFonteRecurso] => 
            [NaturezaReceita] => 
            [NaturezaDespesa] => 4.4.90.52.05
            [FuncaoSubfuncao] => 10.301
            [AnoInscricaoRestosAPagar] => 
            [DespesasMDEeASPS] => 
        )

    [781] => Array
        (
            [ContaContabil] => 5.2.2.1.3.99.00
            [Valor] => 5000
            [ValorF] => 5.000,00
            [TipoValor] => ending_balance
            [NaturezaValor] => C
            [PoderOrgao] => 10131
            [FinanceiroPermanente] => 
            [DividaConsolidada] => 
            [FonteRecurso] => 1.211.0000
            [ComplementoFonteRecurso] => 
            [NaturezaReceita] => 
            [NaturezaDespesa] => 4.4.90.52.05
            [FuncaoSubfuncao] => 10.301
            [AnoInscricaoRestosAPagar] => 
            [DespesasMDEeASPS] => 
        )

    [782] => Array
        (
            [ContaContabil] => 5.2.2.1.3.99.00
            [Valor] => 4490
            [ValorF] => 4.490,00
            [TipoValor] => beginning_balance
            [NaturezaValor] => C
            [PoderOrgao] => 10131
            [FinanceiroPermanente] => 
            [DividaConsolidada] => 
            [FonteRecurso] => 1.211.0000
            [ComplementoFonteRecurso] => 
            [NaturezaReceita] => 
            [NaturezaDespesa] => 4.4.90.52.05
            [FuncaoSubfuncao] => 10.302
            [AnoInscricaoRestosAPagar] => 
            [DespesasMDEeASPS] => 
        )

    [783] => Array
        (
            [ContaContabil] => 5.2.2.1.3.99.00
            [Valor] => 4490
            [ValorF] => 4.490,00
            [TipoValor] => ending_balance
            [NaturezaValor] => C
            [PoderOrgao] => 10131
            [FinanceiroPermanente] => 
            [DividaConsolidada] => 
            [FonteRecurso] => 1.211.0000
            [ComplementoFonteRecurso] => 
            [NaturezaReceita] => 
            [NaturezaDespesa] => 4.4.90.52.05
            [FuncaoSubfuncao] => 10.302
            [AnoInscricaoRestosAPagar] => 
            [DespesasMDEeASPS] => 
        )

    [784] => Array
        (
            [ContaContabil] => 5.2.2.1.3.99.00
            [Valor] => 5000
            [ValorF] => 5.000,00
            [TipoValor] => beginning_balance
            [NaturezaValor] => C
            [PoderOrgao] => 10131
            [FinanceiroPermanente] => 
            [DividaConsolidada] => 
            [FonteRecurso] => 1.211.0000
            [ComplementoFonteRecurso] => 
            [NaturezaReceita] => 
            [NaturezaDespesa] => 4.4.90.52.05
            [FuncaoSubfuncao] => 10.305
            [AnoInscricaoRestosAPagar] => 
            [DespesasMDEeASPS] => 
        )

    [785] => Array
        (
            [ContaContabil] => 5.2.2.1.3.99.00
            [Valor] => 5000
            [ValorF] => 5.000,00
            [TipoValor] => ending_balance
            [NaturezaValor] => C
            [PoderOrgao] => 10131
            [FinanceiroPermanente] => 
            [DividaConsolidada] => 
            [FonteRecurso] => 1.211.0000
            [ComplementoFonteRecurso] => 
            [NaturezaReceita] => 
            [NaturezaDespesa] => 4.4.90.52.05
            [FuncaoSubfuncao] => 10.305
            [AnoInscricaoRestosAPagar] => 
            [DespesasMDEeASPS] => 
        )

    [786] => Array
        (
            [ContaContabil] => 5.2.2.1.3.99.00
            [Valor] => 73000
            [ValorF] => 73.000,00
            [TipoValor] => beginning_balance
            [NaturezaValor] => C
            [PoderOrgao] => 10131
            [FinanceiroPermanente] => 
            [DividaConsolidada] => 
            [FonteRecurso] => 1.211.0000
            [ComplementoFonteRecurso] => 
            [NaturezaReceita] => 
            [NaturezaDespesa] => 4.4.90.52.05
            [FuncaoSubfuncao] => 10.782
            [AnoInscricaoRestosAPagar] => 
            [DespesasMDEeASPS] => 
        )

    [787] => Array
        (
            [ContaContabil] => 5.2.2.1.3.99.00
            [Valor] => 73000
            [ValorF] => 73.000,00
            [TipoValor] => ending_balance
            [NaturezaValor] => C
            [PoderOrgao] => 10131
            [FinanceiroPermanente] => 
            [DividaConsolidada] => 
            [FonteRecurso] => 1.211.0000
            [ComplementoFonteRecurso] => 
            [NaturezaReceita] => 
            [NaturezaDespesa] => 4.4.90.52.05
            [FuncaoSubfuncao] => 10.782
            [AnoInscricaoRestosAPagar] => 
            [DespesasMDEeASPS] => 
        )

    [788] => Array
        (
            [ContaContabil] => 5.2.2.1.3.99.00
            [Valor] => 19280
            [ValorF] => 19.280,00
            [TipoValor] => beginning_balance
            [NaturezaValor] => C
            [PoderOrgao] => 10131
            [FinanceiroPermanente] => 
            [DividaConsolidada] => 
            [FonteRecurso] => 1.290.0000
            [ComplementoFonteRecurso] => 
            [NaturezaReceita] => 
            [NaturezaDespesa] => 4.4.90.52.05
            [FuncaoSubfuncao] => 10.305
            [AnoInscricaoRestosAPagar] => 
            [DespesasMDEeASPS] => 
        )

    [789] => Array
        (
            [ContaContabil] => 5.2.2.1.3.99.00
            [Valor] => 19420.85
            [ValorF] => 19.420,85
            [TipoValor] => ending_balance
            [NaturezaValor] => C
            [PoderOrgao] => 10131
            [FinanceiroPermanente] => 
            [DividaConsolidada] => 
            [FonteRecurso] => 1.290.0000
            [ComplementoFonteRecurso] => 
            [NaturezaReceita] => 
            [NaturezaDespesa] => 4.4.90.52.05
            [FuncaoSubfuncao] => 10.305
            [AnoInscricaoRestosAPagar] => 
            [DespesasMDEeASPS] => 
        )

    [790] => Array
        (
            [ContaContabil] => 5.2.2.1.3.99.00
            [Valor] => 140.85
            [ValorF] => 140,85
            [TipoValor] => period_change
            [NaturezaValor] => C
            [PoderOrgao] => 10131
            [FinanceiroPermanente] => 
            [DividaConsolidada] => 
            [FonteRecurso] => 1.290.0000
            [ComplementoFonteRecurso] => 
            [NaturezaReceita] => 
            [NaturezaDespesa] => 4.4.90.52.05
            [FuncaoSubfuncao] => 10.305
            [AnoInscricaoRestosAPagar] => 
            [DespesasMDEeASPS] => 
        )

    [791] => Array
        (
            [ContaContabil] => 5.2.2.1.3.99.00
            [Valor] => 21300
            [ValorF] => 21.300,00
            [TipoValor] => beginning_balance
            [NaturezaValor] => C
            [PoderOrgao] => 10131
            [FinanceiroPermanente] => 
            [DividaConsolidada] => 
            [FonteRecurso] => 1.930.0000
            [ComplementoFonteRecurso] => 
            [NaturezaReceita] => 
            [NaturezaDespesa] => 4.4.90.52.05
            [FuncaoSubfuncao] => 10.301
            [AnoInscricaoRestosAPagar] => 
            [DespesasMDEeASPS] => 
        )

    [792] => Array
        (
            [ContaContabil] => 5.2.2.1.3.99.00
            [Valor] => 21300
            [ValorF] => 21.300,00
            [TipoValor] => ending_balance
            [NaturezaValor] => C
            [PoderOrgao] => 10131
            [FinanceiroPermanente] => 
            [DividaConsolidada] => 
            [FonteRecurso] => 1.930.0000
            [ComplementoFonteRecurso] => 
            [NaturezaReceita] => 
            [NaturezaDespesa] => 4.4.90.52.05
            [FuncaoSubfuncao] => 10.301
            [AnoInscricaoRestosAPagar] => 
            [DespesasMDEeASPS] => 
        )

    [793] => Array
        (
            [ContaContabil] => 5.2.2.1.3.99.00
            [Valor] => 18750
            [ValorF] => 18.750,00
            [TipoValor] => beginning_balance
            [NaturezaValor] => C
            [PoderOrgao] => 10131
            [FinanceiroPermanente] => 
            [DividaConsolidada] => 
            [FonteRecurso] => 1.930.0000
            [ComplementoFonteRecurso] => 
            [NaturezaReceita] => 
            [NaturezaDespesa] => 4.4.90.52.05
            [FuncaoSubfuncao] => 10.782
            [AnoInscricaoRestosAPagar] => 
            [DespesasMDEeASPS] => 
        )

    [794] => Array
        (
            [ContaContabil] => 5.2.2.1.3.99.00
            [Valor] => 18750
            [ValorF] => 18.750,00
            [TipoValor] => ending_balance
            [NaturezaValor] => C
            [PoderOrgao] => 10131
            [FinanceiroPermanente] => 
            [DividaConsolidada] => 
            [FonteRecurso] => 1.930.0000
            [ComplementoFonteRecurso] => 
            [NaturezaReceita] => 
            [NaturezaDespesa] => 4.4.90.52.05
            [FuncaoSubfuncao] => 10.782
            [AnoInscricaoRestosAPagar] => 
            [DespesasMDEeASPS] => 
        )

    [795] => Array
        (
            [ContaContabil] => 5.2.2.1.3.99.00
            [Valor] => 100000
            [ValorF] => 100.000,00
            [TipoValor] => beginning_balance
            [NaturezaValor] => C
            [PoderOrgao] => 10131
            [FinanceiroPermanente] => 
            [DividaConsolidada] => 
            [FonteRecurso] => 1.213.0000
            [ComplementoFonteRecurso] => 
            [NaturezaReceita] => 
            [NaturezaDespesa] => 4.4.90.52.05
            [FuncaoSubfuncao] => 10.782
            [AnoInscricaoRestosAPagar] => 
            [DespesasMDEeASPS] => 
        )

    [796] => Array
        (
            [ContaContabil] => 5.2.2.1.3.99.00
            [Valor] => 100000
            [ValorF] => 100.000,00
            [TipoValor] => ending_balance
            [NaturezaValor] => C
            [PoderOrgao] => 10131
            [FinanceiroPermanente] => 
            [DividaConsolidada] => 
            [FonteRecurso] => 1.213.0000
            [ComplementoFonteRecurso] => 
            [NaturezaReceita] => 
            [NaturezaDespesa] => 4.4.90.52.05
            [FuncaoSubfuncao] => 10.782
            [AnoInscricaoRestosAPagar] => 
            [DespesasMDEeASPS] => 
        )

    [797] => Array
        (
            [ContaContabil] => 5.2.2.1.3.99.00
            [Valor] => 2889.52
            [ValorF] => 2.889,52
            [TipoValor] => beginning_balance
            [NaturezaValor] => C
            [PoderOrgao] => 10131
            [FinanceiroPermanente] => 
            [DividaConsolidada] => 
            [FonteRecurso] => 1.213.0000
            [ComplementoFonteRecurso] => 
            [NaturezaReceita] => 
            [NaturezaDespesa] => 4.4.90.52.05
            [FuncaoSubfuncao] => 10.301
            [AnoInscricaoRestosAPagar] => 
            [DespesasMDEeASPS] => 
        )

    [798] => Array
        (
            [ContaContabil] => 5.2.2.1.3.99.00
            [Valor] => 2889.52
            [ValorF] => 2.889,52
            [TipoValor] => ending_balance
            [NaturezaValor] => C
            [PoderOrgao] => 10131
            [FinanceiroPermanente] => 
            [DividaConsolidada] => 
            [FonteRecurso] => 1.213.0000
            [ComplementoFonteRecurso] => 
            [NaturezaReceita] => 
            [NaturezaDespesa] => 4.4.90.52.05
            [FuncaoSubfuncao] => 10.301
            [AnoInscricaoRestosAPagar] => 
            [DespesasMDEeASPS] => 
        )

    [799] => Array
        (
            [ContaContabil] => 5.2.2.1.3.99.00
            [Valor] => 10000
            [ValorF] => 10.000,00
            [TipoValor] => beginning_balance
            [NaturezaValor] => C
            [PoderOrgao] => 10131
            [FinanceiroPermanente] => 
            [DividaConsolidada] => 
            [FonteRecurso] => 1.215.0000
            [ComplementoFonteRecurso] => 
            [NaturezaReceita] => 
            [NaturezaDespesa] => 4.4.90.52.05
            [FuncaoSubfuncao] => 10.303
            [AnoInscricaoRestosAPagar] => 
            [DespesasMDEeASPS] => 
        )

    [800] => Array
        (
            [ContaContabil] => 5.2.2.1.3.99.00
            [Valor] => 10000
            [ValorF] => 10.000,00
            [TipoValor] => ending_balance
            [NaturezaValor] => C
            [PoderOrgao] => 10131
            [FinanceiroPermanente] => 
            [DividaConsolidada] => 
            [FonteRecurso] => 1.215.0000
            [ComplementoFonteRecurso] => 
            [NaturezaReceita] => 
            [NaturezaDespesa] => 4.4.90.52.05
            [FuncaoSubfuncao] => 10.303
            [AnoInscricaoRestosAPagar] => 
            [DespesasMDEeASPS] => 
        )

    [801] => Array
        (
            [ContaContabil] => 5.2.2.1.3.99.00
            [Valor] => 3000
            [ValorF] => 3.000,00
            [TipoValor] => beginning_balance
            [NaturezaValor] => C
            [PoderOrgao] => 10131
            [FinanceiroPermanente] => 
            [DividaConsolidada] => 
            [FonteRecurso] => 1.214.0000
            [ComplementoFonteRecurso] => 
            [NaturezaReceita] => 
            [NaturezaDespesa] => 4.4.90.52.05
            [FuncaoSubfuncao] => 10.305
            [AnoInscricaoRestosAPagar] => 
            [DespesasMDEeASPS] => 
        )

    [802] => Array
        (
            [ContaContabil] => 5.2.2.1.3.99.00
            [Valor] => 13000
            [ValorF] => 13.000,00
            [TipoValor] => ending_balance
            [NaturezaValor] => C
            [PoderOrgao] => 10131
            [FinanceiroPermanente] => 
            [DividaConsolidada] => 
            [FonteRecurso] => 1.214.0000
            [ComplementoFonteRecurso] => 
            [NaturezaReceita] => 
            [NaturezaDespesa] => 4.4.90.52.05
            [FuncaoSubfuncao] => 10.305
            [AnoInscricaoRestosAPagar] => 
            [DespesasMDEeASPS] => 
        )

    [803] => Array
        (
            [ContaContabil] => 5.2.2.1.3.99.00
            [Valor] => 10000
            [ValorF] => 10.000,00
            [TipoValor] => period_change
            [NaturezaValor] => C
            [PoderOrgao] => 10131
            [FinanceiroPermanente] => 
            [DividaConsolidada] => 
            [FonteRecurso] => 1.214.0000
            [ComplementoFonteRecurso] => 
            [NaturezaReceita] => 
            [NaturezaDespesa] => 4.4.90.52.05
            [FuncaoSubfuncao] => 10.305
            [AnoInscricaoRestosAPagar] => 
            [DespesasMDEeASPS] => 
        )

    [804] => Array
        (
            [ContaContabil] => 5.2.2.1.3.99.00
            [Valor] => 3054.84
            [ValorF] => 3.054,84
            [TipoValor] => beginning_balance
            [NaturezaValor] => C
            [PoderOrgao] => 10131
            [FinanceiroPermanente] => 
            [DividaConsolidada] => 
            [FonteRecurso] => 1.215.0000
            [ComplementoFonteRecurso] => 
            [NaturezaReceita] => 
            [NaturezaDespesa] => 4.4.90.52.05
            [FuncaoSubfuncao] => 10.301
            [AnoInscricaoRestosAPagar] => 
            [DespesasMDEeASPS] => 
        )

    [805] => Array
        (
            [ContaContabil] => 5.2.2.1.3.99.00
            [Valor] => 3054.84
            [ValorF] => 3.054,84
            [TipoValor] => ending_balance
            [NaturezaValor] => C
            [PoderOrgao] => 10131
            [FinanceiroPermanente] => 
            [DividaConsolidada] => 
            [FonteRecurso] => 1.215.0000
            [ComplementoFonteRecurso] => 
            [NaturezaReceita] => 
            [NaturezaDespesa] => 4.4.90.52.05
            [FuncaoSubfuncao] => 10.301
            [AnoInscricaoRestosAPagar] => 
            [DespesasMDEeASPS] => 
        )

    [806] => Array
        (
            [ContaContabil] => 6.2.2.1.3.01.00
            [Valor] => 105349.61
            [ValorF] => 105.349,61
            [TipoValor] => beginning_balance
            [NaturezaValor] => C
            [PoderOrgao] => 10131
            [FinanceiroPermanente] => 
            [DividaConsolidada] => 
            [FonteRecurso] => 1.211.0000
            [ComplementoFonteRecurso] => 
            [NaturezaReceita] => 
            [NaturezaDespesa] => 3.1.90.04.00
            [FuncaoSubfuncao] => 10.301
            [AnoInscricaoRestosAPagar] => 
            [DespesasMDEeASPS] => 
        )

    [807] => Array
        (
            [ContaContabil] => 6.2.2.1.3.01.00
            [Valor] => 105349.61
            [ValorF] => 105.349,61
            [TipoValor] => beginning_balance
            [NaturezaValor] => D
            [PoderOrgao] => 10131
            [FinanceiroPermanente] => 
            [DividaConsolidada] => 
            [FonteRecurso] => 1.211.0000
            [ComplementoFonteRecurso] => 
            [NaturezaReceita] => 
            [NaturezaDespesa] => 3.1.90.04.00
            [FuncaoSubfuncao] => 10.301
            [AnoInscricaoRestosAPagar] => 
            [DespesasMDEeASPS] => 
        )

    [808] => Array
        (
            [ContaContabil] => 6.2.2.1.3.01.00
            [Valor] => 106274.39
            [ValorF] => 106.274,39
            [TipoValor] => ending_balance
            [NaturezaValor] => C
            [PoderOrgao] => 10131
            [FinanceiroPermanente] => 
            [DividaConsolidada] => 
            [FonteRecurso] => 1.211.0000
            [ComplementoFonteRecurso] => 
            [NaturezaReceita] => 
            [NaturezaDespesa] => 3.1.90.04.00
            [FuncaoSubfuncao] => 10.301
            [AnoInscricaoRestosAPagar] => 
            [DespesasMDEeASPS] => 
        )

    [809] => Array
        (
            [ContaContabil] => 6.2.2.1.3.01.00
            [Valor] => 106274.39
            [ValorF] => 106.274,39
            [TipoValor] => ending_balance
            [NaturezaValor] => D
            [PoderOrgao] => 10131
            [FinanceiroPermanente] => 
            [DividaConsolidada] => 
            [FonteRecurso] => 1.211.0000
            [ComplementoFonteRecurso] => 
            [NaturezaReceita] => 
            [NaturezaDespesa] => 3.1.90.04.00
            [FuncaoSubfuncao] => 10.301
            [AnoInscricaoRestosAPagar] => 
            [DespesasMDEeASPS] => 
        )

    [810] => Array
        (
            [ContaContabil] => 6.2.2.1.3.01.00
            [Valor] => 924.78
            [ValorF] => 924,78
            [TipoValor] => period_change
            [NaturezaValor] => C
            [PoderOrgao] => 10131
            [FinanceiroPermanente] => 
            [DividaConsolidada] => 
            [FonteRecurso] => 1.211.0000
            [ComplementoFonteRecurso] => 
            [NaturezaReceita] => 
            [NaturezaDespesa] => 3.1.90.04.00
            [FuncaoSubfuncao] => 10.301
            [AnoInscricaoRestosAPagar] => 
            [DespesasMDEeASPS] => 
        )

    [811] => Array
        (
            [ContaContabil] => 6.2.2.1.3.01.00
            [Valor] => 924.78
            [ValorF] => 924,78
            [TipoValor] => period_change
            [NaturezaValor] => D
            [PoderOrgao] => 10131
            [FinanceiroPermanente] => 
            [DividaConsolidada] => 
            [FonteRecurso] => 1.211.0000
            [ComplementoFonteRecurso] => 
            [NaturezaReceita] => 
            [NaturezaDespesa] => 3.1.90.04.00
            [FuncaoSubfuncao] => 10.301
            [AnoInscricaoRestosAPagar] => 
            [DespesasMDEeASPS] => 
        )

    [812] => Array
        (
            [ContaContabil] => 6.2.2.1.3.01.00
            [Valor] => 103800.22
            [ValorF] => 103.800,22
            [TipoValor] => beginning_balance
            [NaturezaValor] => C
            [PoderOrgao] => 10131
            [FinanceiroPermanente] => 
            [DividaConsolidada] => 
            [FonteRecurso] => 1.211.0000
            [ComplementoFonteRecurso] => 
            [NaturezaReceita] => 
            [NaturezaDespesa] => 3.1.90.04.00
            [FuncaoSubfuncao] => 10.302
            [AnoInscricaoRestosAPagar] => 
            [DespesasMDEeASPS] => 
        )

    [813] => Array
        (
            [ContaContabil] => 6.2.2.1.3.01.00
            [Valor] => 103800.22
            [ValorF] => 103.800,22
            [TipoValor] => beginning_balance
            [NaturezaValor] => D
            [PoderOrgao] => 10131
            [FinanceiroPermanente] => 
            [DividaConsolidada] => 
            [FonteRecurso] => 1.211.0000
            [ComplementoFonteRecurso] => 
            [NaturezaReceita] => 
            [NaturezaDespesa] => 3.1.90.04.00
            [FuncaoSubfuncao] => 10.302
            [AnoInscricaoRestosAPagar] => 
            [DespesasMDEeASPS] => 
        )

    [814] => Array
        (
            [ContaContabil] => 6.2.2.1.3.01.00
            [Valor] => 123951.86
            [ValorF] => 123.951,86
            [TipoValor] => ending_balance
            [NaturezaValor] => C
            [PoderOrgao] => 10131
            [FinanceiroPermanente] => 
            [DividaConsolidada] => 
            [FonteRecurso] => 1.211.0000
            [ComplementoFonteRecurso] => 
            [NaturezaReceita] => 
            [NaturezaDespesa] => 3.1.90.04.00
            [FuncaoSubfuncao] => 10.302
            [AnoInscricaoRestosAPagar] => 
            [DespesasMDEeASPS] => 
        )

    [815] => Array
        (
            [ContaContabil] => 6.2.2.1.3.01.00
            [Valor] => 123951.86
            [ValorF] => 123.951,86
            [TipoValor] => ending_balance
            [NaturezaValor] => D
            [PoderOrgao] => 10131
            [FinanceiroPermanente] => 
            [DividaConsolidada] => 
            [FonteRecurso] => 1.211.0000
            [ComplementoFonteRecurso] => 
            [NaturezaReceita] => 
            [NaturezaDespesa] => 3.1.90.04.00
            [FuncaoSubfuncao] => 10.302
            [AnoInscricaoRestosAPagar] => 
            [DespesasMDEeASPS] => 
        )

    [816] => Array
        (
            [ContaContabil] => 6.2.2.1.3.01.00
            [Valor] => 20151.64
            [ValorF] => 20.151,64
            [TipoValor] => period_change
            [NaturezaValor] => C
            [PoderOrgao] => 10131
            [FinanceiroPermanente] => 
            [DividaConsolidada] => 
            [FonteRecurso] => 1.211.0000
            [ComplementoFonteRecurso] => 
            [NaturezaReceita] => 
            [NaturezaDespesa] => 3.1.90.04.00
            [FuncaoSubfuncao] => 10.302
            [AnoInscricaoRestosAPagar] => 
            [DespesasMDEeASPS] => 
        )

    [817] => Array
        (
            [ContaContabil] => 6.2.2.1.3.01.00
            [Valor] => 20151.64
            [ValorF] => 20.151,64
            [TipoValor] => period_change
            [NaturezaValor] => D
            [PoderOrgao] => 10131
            [FinanceiroPermanente] => 
            [DividaConsolidada] => 
            [FonteRecurso] => 1.211.0000
            [ComplementoFonteRecurso] => 
            [NaturezaReceita] => 
            [NaturezaDespesa] => 3.1.90.04.00
            [FuncaoSubfuncao] => 10.302
            [AnoInscricaoRestosAPagar] => 
            [DespesasMDEeASPS] => 
        )

    [818] => Array
        (
            [ContaContabil] => 6.2.2.1.3.01.00
            [Valor] => 5871.63
            [ValorF] => 5.871,63
            [TipoValor] => beginning_balance
            [NaturezaValor] => C
            [PoderOrgao] => 10131
            [FinanceiroPermanente] => 
            [DividaConsolidada] => 
            [FonteRecurso] => 1.214.0000
            [ComplementoFonteRecurso] => 
            [NaturezaReceita] => 
            [NaturezaDespesa] => 3.1.90.04.00
            [FuncaoSubfuncao] => 10.301
            [AnoInscricaoRestosAPagar] => 
            [DespesasMDEeASPS] => 
        )

    [819] => Array
        (
            [ContaContabil] => 6.2.2.1.3.01.00
            [Valor] => 5871.63
            [ValorF] => 5.871,63
            [TipoValor] => beginning_balance
            [NaturezaValor] => D
            [PoderOrgao] => 10131
            [FinanceiroPermanente] => 
            [DividaConsolidada] => 
            [FonteRecurso] => 1.214.0000
            [ComplementoFonteRecurso] => 
            [NaturezaReceita] => 
            [NaturezaDespesa] => 3.1.90.04.00
            [FuncaoSubfuncao] => 10.301
            [AnoInscricaoRestosAPagar] => 
            [DespesasMDEeASPS] => 
        )

    [820] => Array
        (
            [ContaContabil] => 6.2.2.1.3.01.00
            [Valor] => 10275.35
            [ValorF] => 10.275,35
            [TipoValor] => ending_balance
            [NaturezaValor] => C
            [PoderOrgao] => 10131
            [FinanceiroPermanente] => 
            [DividaConsolidada] => 
            [FonteRecurso] => 1.214.0000
            [ComplementoFonteRecurso] => 
            [NaturezaReceita] => 
            [NaturezaDespesa] => 3.1.90.04.00
            [FuncaoSubfuncao] => 10.301
            [AnoInscricaoRestosAPagar] => 
            [DespesasMDEeASPS] => 
        )

    [821] => Array
        (
            [ContaContabil] => 6.2.2.1.3.01.00
            [Valor] => 10275.35
            [ValorF] => 10.275,35
            [TipoValor] => ending_balance
            [NaturezaValor] => D
            [PoderOrgao] => 10131
            [FinanceiroPermanente] => 
            [DividaConsolidada] => 
            [FonteRecurso] => 1.214.0000
            [ComplementoFonteRecurso] => 
            [NaturezaReceita] => 
            [NaturezaDespesa] => 3.1.90.04.00
            [FuncaoSubfuncao] => 10.301
            [AnoInscricaoRestosAPagar] => 
            [DespesasMDEeASPS] => 
        )

    [822] => Array
        (
            [ContaContabil] => 6.2.2.1.3.01.00
            [Valor] => 4403.72
            [ValorF] => 4.403,72
            [TipoValor] => period_change
            [NaturezaValor] => C
            [PoderOrgao] => 10131
            [FinanceiroPermanente] => 
            [DividaConsolidada] => 
            [FonteRecurso] => 1.214.0000
            [ComplementoFonteRecurso] => 
            [NaturezaReceita] => 
            [NaturezaDespesa] => 3.1.90.04.00
            [FuncaoSubfuncao] => 10.301
            [AnoInscricaoRestosAPagar] => 
            [DespesasMDEeASPS] => 
        )

    [823] => Array
        (
            [ContaContabil] => 6.2.2.1.3.01.00
            [Valor] => 4403.72
            [ValorF] => 4.403,72
            [TipoValor] => period_change
            [NaturezaValor] => D
            [PoderOrgao] => 10131
            [FinanceiroPermanente] => 
            [DividaConsolidada] => 
            [FonteRecurso] => 1.214.0000
            [ComplementoFonteRecurso] => 
            [NaturezaReceita] => 
            [NaturezaDespesa] => 3.1.90.04.00
            [FuncaoSubfuncao] => 10.301
            [AnoInscricaoRestosAPagar] => 
            [DespesasMDEeASPS] => 
        )

    [824] => Array
        (
            [ContaContabil] => 6.2.2.1.3.01.00
            [Valor] => 219271.03
            [ValorF] => 219.271,03
            [TipoValor] => beginning_balance
            [NaturezaValor] => C
            [PoderOrgao] => 10131
            [FinanceiroPermanente] => 
            [DividaConsolidada] => 
            [FonteRecurso] => 1.211.0000
            [ComplementoFonteRecurso] => 
            [NaturezaReceita] => 
            [NaturezaDespesa] => 3.1.90.11.01
            [FuncaoSubfuncao] => 10.122
            [AnoInscricaoRestosAPagar] => 
            [DespesasMDEeASPS] => 
        )

    [825] => Array
        (
            [ContaContabil] => 6.2.2.1.3.01.00
            [Valor] => 219271.03
            [ValorF] => 219.271,03
            [TipoValor] => beginning_balance
            [NaturezaValor] => D
            [PoderOrgao] => 10131
            [FinanceiroPermanente] => 
            [DividaConsolidada] => 
            [FonteRecurso] => 1.211.0000
            [ComplementoFonteRecurso] => 
            [NaturezaReceita] => 
            [NaturezaDespesa] => 3.1.90.11.01
            [FuncaoSubfuncao] => 10.122
            [AnoInscricaoRestosAPagar] => 
            [DespesasMDEeASPS] => 
        )

    [826] => Array
        (
            [ContaContabil] => 6.2.2.1.3.01.00
            [Valor] => 246193.51
            [ValorF] => 246.193,51
            [TipoValor] => ending_balance
            [NaturezaValor] => C
            [PoderOrgao] => 10131
            [FinanceiroPermanente] => 
            [DividaConsolidada] => 
            [FonteRecurso] => 1.211.0000
            [ComplementoFonteRecurso] => 
            [NaturezaReceita] => 
            [NaturezaDespesa] => 3.1.90.11.01
            [FuncaoSubfuncao] => 10.122
            [AnoInscricaoRestosAPagar] => 
            [DespesasMDEeASPS] => 
        )

    [827] => Array
        (
            [ContaContabil] => 6.2.2.1.3.01.00
            [Valor] => 246193.51
            [ValorF] => 246.193,51
            [TipoValor] => ending_balance
            [NaturezaValor] => D
            [PoderOrgao] => 10131
            [FinanceiroPermanente] => 
            [DividaConsolidada] => 
            [FonteRecurso] => 1.211.0000
            [ComplementoFonteRecurso] => 
            [NaturezaReceita] => 
            [NaturezaDespesa] => 3.1.90.11.01
            [FuncaoSubfuncao] => 10.122
            [AnoInscricaoRestosAPagar] => 
            [DespesasMDEeASPS] => 
        )

    [828] => Array
        (
            [ContaContabil] => 6.2.2.1.3.01.00
            [Valor] => 26922.48
            [ValorF] => 26.922,48
            [TipoValor] => period_change
            [NaturezaValor] => C
            [PoderOrgao] => 10131
            [FinanceiroPermanente] => 
            [DividaConsolidada] => 
            [FonteRecurso] => 1.211.0000
            [ComplementoFonteRecurso] => 
            [NaturezaReceita] => 
            [NaturezaDespesa] => 3.1.90.11.01
            [FuncaoSubfuncao] => 10.122
            [AnoInscricaoRestosAPagar] => 
            [DespesasMDEeASPS] => 
        )

    [829] => Array
        (
            [ContaContabil] => 6.2.2.1.3.01.00
            [Valor] => 26922.48
            [ValorF] => 26.922,48
            [TipoValor] => period_change
            [NaturezaValor] => D
            [PoderOrgao] => 10131
            [FinanceiroPermanente] => 
            [DividaConsolidada] => 
            [FonteRecurso] => 1.211.0000
            [ComplementoFonteRecurso] => 
            [NaturezaReceita] => 
            [NaturezaDespesa] => 3.1.90.11.01
            [FuncaoSubfuncao] => 10.122
            [AnoInscricaoRestosAPagar] => 
            [DespesasMDEeASPS] => 
        )

    [830] => Array
        (
            [ContaContabil] => 6.2.2.1.3.01.00
            [Valor] => 101392.18
            [ValorF] => 101.392,18
            [TipoValor] => beginning_balance
            [NaturezaValor] => C
            [PoderOrgao] => 10131
            [FinanceiroPermanente] => 
            [DividaConsolidada] => 
            [FonteRecurso] => 1.211.0000
            [ComplementoFonteRecurso] => 
            [NaturezaReceita] => 
            [NaturezaDespesa] => 3.1.90.11.01
            [FuncaoSubfuncao] => 10.272
            [AnoInscricaoRestosAPagar] => 
            [DespesasMDEeASPS] => 
        )

    [831] => Array
        (
            [ContaContabil] => 6.2.2.1.3.01.00
            [Valor] => 101392.18
            [ValorF] => 101.392,18
            [TipoValor] => beginning_balance
            [NaturezaValor] => D
            [PoderOrgao] => 10131
            [FinanceiroPermanente] => 
            [DividaConsolidada] => 
            [FonteRecurso] => 1.211.0000
            [ComplementoFonteRecurso] => 
            [NaturezaReceita] => 
            [NaturezaDespesa] => 3.1.90.11.01
            [FuncaoSubfuncao] => 10.272
            [AnoInscricaoRestosAPagar] => 
            [DespesasMDEeASPS] => 
        )

    [832] => Array
        (
            [ContaContabil] => 6.2.2.1.3.01.00
            [Valor] => 109964.96
            [ValorF] => 109.964,96
            [TipoValor] => ending_balance
            [NaturezaValor] => C
            [PoderOrgao] => 10131
            [FinanceiroPermanente] => 
            [DividaConsolidada] => 
            [FonteRecurso] => 1.211.0000
            [ComplementoFonteRecurso] => 
            [NaturezaReceita] => 
            [NaturezaDespesa] => 3.1.90.11.01
            [FuncaoSubfuncao] => 10.272
            [AnoInscricaoRestosAPagar] => 
            [DespesasMDEeASPS] => 
        )

    [833] => Array
        (
            [ContaContabil] => 6.2.2.1.3.01.00
            [Valor] => 109964.96
            [ValorF] => 109.964,96
            [TipoValor] => ending_balance
            [NaturezaValor] => D
            [PoderOrgao] => 10131
            [FinanceiroPermanente] => 
            [DividaConsolidada] => 
            [FonteRecurso] => 1.211.0000
            [ComplementoFonteRecurso] => 
            [NaturezaReceita] => 
            [NaturezaDespesa] => 3.1.90.11.01
            [FuncaoSubfuncao] => 10.272
            [AnoInscricaoRestosAPagar] => 
            [DespesasMDEeASPS] => 
        )

    [834] => Array
        (
            [ContaContabil] => 6.2.2.1.3.01.00
            [Valor] => 8572.78
            [ValorF] => 8.572,78
            [TipoValor] => period_change
            [NaturezaValor] => C
            [PoderOrgao] => 10131
            [FinanceiroPermanente] => 
            [DividaConsolidada] => 
            [FonteRecurso] => 1.211.0000
            [ComplementoFonteRecurso] => 
            [NaturezaReceita] => 
            [NaturezaDespesa] => 3.1.90.11.01
            [FuncaoSubfuncao] => 10.272
            [AnoInscricaoRestosAPagar] => 
            [DespesasMDEeASPS] => 
        )

    [835] => Array
        (
            [ContaContabil] => 6.2.2.1.3.01.00
            [Valor] => 8572.78
            [ValorF] => 8.572,78
            [TipoValor] => period_change
            [NaturezaValor] => D
            [PoderOrgao] => 10131
            [FinanceiroPermanente] => 
            [DividaConsolidada] => 
            [FonteRecurso] => 1.211.0000
            [ComplementoFonteRecurso] => 
            [NaturezaReceita] => 
            [NaturezaDespesa] => 3.1.90.11.01
            [FuncaoSubfuncao] => 10.272
            [AnoInscricaoRestosAPagar] => 
            [DespesasMDEeASPS] => 
        )

    [836] => Array
        (
            [ContaContabil] => 6.2.2.1.3.01.00
            [Valor] => 96094.05
            [ValorF] => 96.094,05
            [TipoValor] => beginning_balance
            [NaturezaValor] => C
            [PoderOrgao] => 10131
            [FinanceiroPermanente] => 
            [DividaConsolidada] => 
            [FonteRecurso] => 1.211.0000
            [ComplementoFonteRecurso] => 
            [NaturezaReceita] => 
            [NaturezaDespesa] => 3.1.90.11.01
            [FuncaoSubfuncao] => 10.301
            [AnoInscricaoRestosAPagar] => 
            [DespesasMDEeASPS] => 
        )

    [837] => Array
        (
            [ContaContabil] => 6.2.2.1.3.01.00
            [Valor] => 85448.91
            [ValorF] => 85.448,91
            [TipoValor] => beginning_balance
            [NaturezaValor] => D
            [PoderOrgao] => 10131
            [FinanceiroPermanente] => 
            [DividaConsolidada] => 
            [FonteRecurso] => 1.211.0000
            [ComplementoFonteRecurso] => 
            [NaturezaReceita] => 
            [NaturezaDespesa] => 3.1.90.11.01
            [FuncaoSubfuncao] => 10.301
            [AnoInscricaoRestosAPagar] => 
            [DespesasMDEeASPS] => 
        )

    [838] => Array
        (
            [ContaContabil] => 6.2.2.1.3.01.00
            [Valor] => 99850.05
            [ValorF] => 99.850,05
            [TipoValor] => ending_balance
            [NaturezaValor] => C
            [PoderOrgao] => 10131
            [FinanceiroPermanente] => 
            [DividaConsolidada] => 
            [FonteRecurso] => 1.211.0000
            [ComplementoFonteRecurso] => 
            [NaturezaReceita] => 
            [NaturezaDespesa] => 3.1.90.11.01
            [FuncaoSubfuncao] => 10.301
            [AnoInscricaoRestosAPagar] => 
            [DespesasMDEeASPS] => 
        )

    [839] => Array
        (
            [ContaContabil] => 6.2.2.1.3.01.00
            [Valor] => 89871.58
            [ValorF] => 89.871,58
            [TipoValor] => ending_balance
            [NaturezaValor] => D
            [PoderOrgao] => 10131
            [FinanceiroPermanente] => 
            [DividaConsolidada] => 
            [FonteRecurso] => 1.211.0000
            [ComplementoFonteRecurso] => 
            [NaturezaReceita] => 
            [NaturezaDespesa] => 3.1.90.11.01
            [FuncaoSubfuncao] => 10.301
            [AnoInscricaoRestosAPagar] => 
            [DespesasMDEeASPS] => 
        )

    [840] => Array
        (
            [ContaContabil] => 6.2.2.1.3.01.00
            [Valor] => 3756
            [ValorF] => 3.756,00
            [TipoValor] => period_change
            [NaturezaValor] => C
            [PoderOrgao] => 10131
            [FinanceiroPermanente] => 
            [DividaConsolidada] => 
            [FonteRecurso] => 1.211.0000
            [ComplementoFonteRecurso] => 
            [NaturezaReceita] => 
            [NaturezaDespesa] => 3.1.90.11.01
            [FuncaoSubfuncao] => 10.301
            [AnoInscricaoRestosAPagar] => 
            [DespesasMDEeASPS] => 
        )

    [841] => Array
        (
            [ContaContabil] => 6.2.2.1.3.01.00
            [Valor] => 4422.67
            [ValorF] => 4.422,67
            [TipoValor] => period_change
            [NaturezaValor] => D
            [PoderOrgao] => 10131
            [FinanceiroPermanente] => 
            [DividaConsolidada] => 
            [FonteRecurso] => 1.211.0000
            [ComplementoFonteRecurso] => 
            [NaturezaReceita] => 
            [NaturezaDespesa] => 3.1.90.11.01
            [FuncaoSubfuncao] => 10.301
            [AnoInscricaoRestosAPagar] => 
            [DespesasMDEeASPS] => 
        )

    [842] => Array
        (
            [ContaContabil] => 6.2.2.1.3.01.00
            [Valor] => 279952.13
            [ValorF] => 279.952,13
            [TipoValor] => beginning_balance
            [NaturezaValor] => C
            [PoderOrgao] => 10131
            [FinanceiroPermanente] => 
            [DividaConsolidada] => 
            [FonteRecurso] => 1.211.0000
            [ComplementoFonteRecurso] => 
            [NaturezaReceita] => 
            [NaturezaDespesa] => 3.1.90.11.01
            [FuncaoSubfuncao] => 10.302
            [AnoInscricaoRestosAPagar] => 
            [DespesasMDEeASPS] => 
        )

    [843] => Array
        (
            [ContaContabil] => 6.2.2.1.3.01.00
            [Valor] => 279952.13
            [ValorF] => 279.952,13
            [TipoValor] => beginning_balance
            [NaturezaValor] => D
            [PoderOrgao] => 10131
            [FinanceiroPermanente] => 
            [DividaConsolidada] => 
            [FonteRecurso] => 1.211.0000
            [ComplementoFonteRecurso] => 
            [NaturezaReceita] => 
            [NaturezaDespesa] => 3.1.90.11.01
            [FuncaoSubfuncao] => 10.302
            [AnoInscricaoRestosAPagar] => 
            [DespesasMDEeASPS] => 
        )

    [844] => Array
        (
            [ContaContabil] => 6.2.2.1.3.01.00
            [Valor] => 284002.54
            [ValorF] => 284.002,54
            [TipoValor] => ending_balance
            [NaturezaValor] => C
            [PoderOrgao] => 10131
            [FinanceiroPermanente] => 
            [DividaConsolidada] => 
            [FonteRecurso] => 1.211.0000
            [ComplementoFonteRecurso] => 
            [NaturezaReceita] => 
            [NaturezaDespesa] => 3.1.90.11.01
            [FuncaoSubfuncao] => 10.302
            [AnoInscricaoRestosAPagar] => 
            [DespesasMDEeASPS] => 
        )

    [845] => Array
        (
            [ContaContabil] => 6.2.2.1.3.01.00
            [Valor] => 284002.54
            [ValorF] => 284.002,54
            [TipoValor] => ending_balance
            [NaturezaValor] => D
            [PoderOrgao] => 10131
            [FinanceiroPermanente] => 
            [DividaConsolidada] => 
            [FonteRecurso] => 1.211.0000
            [ComplementoFonteRecurso] => 
            [NaturezaReceita] => 
            [NaturezaDespesa] => 3.1.90.11.01
            [FuncaoSubfuncao] => 10.302
            [AnoInscricaoRestosAPagar] => 
            [DespesasMDEeASPS] => 
        )

    [846] => Array
        (
            [ContaContabil] => 6.2.2.1.3.01.00
            [Valor] => 4050.41
            [ValorF] => 4.050,41
            [TipoValor] => period_change
            [NaturezaValor] => C
            [PoderOrgao] => 10131
            [FinanceiroPermanente] => 
            [DividaConsolidada] => 
            [FonteRecurso] => 1.211.0000
            [ComplementoFonteRecurso] => 
            [NaturezaReceita] => 
            [NaturezaDespesa] => 3.1.90.11.01
            [FuncaoSubfuncao] => 10.302
            [AnoInscricaoRestosAPagar] => 
            [DespesasMDEeASPS] => 
        )

    [847] => Array
        (
            [ContaContabil] => 6.2.2.1.3.01.00
            [Valor] => 4050.41
            [ValorF] => 4.050,41
            [TipoValor] => period_change
            [NaturezaValor] => D
            [PoderOrgao] => 10131
            [FinanceiroPermanente] => 
            [DividaConsolidada] => 
            [FonteRecurso] => 1.211.0000
            [ComplementoFonteRecurso] => 
            [NaturezaReceita] => 
            [NaturezaDespesa] => 3.1.90.11.01
            [FuncaoSubfuncao] => 10.302
            [AnoInscricaoRestosAPagar] => 
            [DespesasMDEeASPS] => 
        )

    [848] => Array
        (
            [ContaContabil] => 6.2.2.1.3.01.00
            [Valor] => 66929.38
            [ValorF] => 66.929,38
            [TipoValor] => beginning_balance
            [NaturezaValor] => C
            [PoderOrgao] => 10131
            [FinanceiroPermanente] => 
            [DividaConsolidada] => 
            [FonteRecurso] => 1.211.0000
            [ComplementoFonteRecurso] => 
            [NaturezaReceita] => 
            [NaturezaDespesa] => 3.1.90.11.01
            [FuncaoSubfuncao] => 10.305
            [AnoInscricaoRestosAPagar] => 
            [DespesasMDEeASPS] => 
        )

    [849] => Array
        (
            [ContaContabil] => 6.2.2.1.3.01.00
            [Valor] => 66929.38
            [ValorF] => 66.929,38
            [TipoValor] => beginning_balance
            [NaturezaValor] => D
            [PoderOrgao] => 10131
            [FinanceiroPermanente] => 
            [DividaConsolidada] => 
            [FonteRecurso] => 1.211.0000
            [ComplementoFonteRecurso] => 
            [NaturezaReceita] => 
            [NaturezaDespesa] => 3.1.90.11.01
            [FuncaoSubfuncao] => 10.305
            [AnoInscricaoRestosAPagar] => 
            [DespesasMDEeASPS] => 
        )

    [850] => Array
        (
            [ContaContabil] => 6.2.2.1.3.01.00
            [Valor] => 72080.12
            [ValorF] => 72.080,12
            [TipoValor] => ending_balance
            [NaturezaValor] => C
            [PoderOrgao] => 10131
            [FinanceiroPermanente] => 
            [DividaConsolidada] => 
            [FonteRecurso] => 1.211.0000
            [ComplementoFonteRecurso] => 
            [NaturezaReceita] => 
            [NaturezaDespesa] => 3.1.90.11.01
            [FuncaoSubfuncao] => 10.305
            [AnoInscricaoRestosAPagar] => 
            [DespesasMDEeASPS] => 
        )

    [851] => Array
        (
            [ContaContabil] => 6.2.2.1.3.01.00
            [Valor] => 72080.12
            [ValorF] => 72.080,12
            [TipoValor] => ending_balance
            [NaturezaValor] => D
            [PoderOrgao] => 10131
            [FinanceiroPermanente] => 
            [DividaConsolidada] => 
            [FonteRecurso] => 1.211.0000
            [ComplementoFonteRecurso] => 
            [NaturezaReceita] => 
            [NaturezaDespesa] => 3.1.90.11.01
            [FuncaoSubfuncao] => 10.305
            [AnoInscricaoRestosAPagar] => 
            [DespesasMDEeASPS] => 
        )

    [852] => Array
        (
            [ContaContabil] => 6.2.2.1.3.01.00
            [Valor] => 5150.74
            [ValorF] => 5.150,74
            [TipoValor] => period_change
            [NaturezaValor] => C
            [PoderOrgao] => 10131
            [FinanceiroPermanente] => 
            [DividaConsolidada] => 
            [FonteRecurso] => 1.211.0000
            [ComplementoFonteRecurso] => 
            [NaturezaReceita] => 
            [NaturezaDespesa] => 3.1.90.11.01
            [FuncaoSubfuncao] => 10.305
            [AnoInscricaoRestosAPagar] => 
            [DespesasMDEeASPS] => 
        )

    [853] => Array
        (
            [ContaContabil] => 6.2.2.1.3.01.00
            [Valor] => 5150.74
            [ValorF] => 5.150,74
            [TipoValor] => period_change
            [NaturezaValor] => D
            [PoderOrgao] => 10131
            [FinanceiroPermanente] => 
            [DividaConsolidada] => 
            [FonteRecurso] => 1.211.0000
            [ComplementoFonteRecurso] => 
            [NaturezaReceita] => 
            [NaturezaDespesa] => 3.1.90.11.01
            [FuncaoSubfuncao] => 10.305
            [AnoInscricaoRestosAPagar] => 
            [DespesasMDEeASPS] => 
        )

    [854] => Array
        (
            [ContaContabil] => 6.2.2.1.3.01.00
            [Valor] => 124471.48
            [ValorF] => 124.471,48
            [TipoValor] => beginning_balance
            [NaturezaValor] => C
            [PoderOrgao] => 10131
            [FinanceiroPermanente] => 
            [DividaConsolidada] => 
            [FonteRecurso] => 1.211.0000
            [ComplementoFonteRecurso] => 
            [NaturezaReceita] => 
            [NaturezaDespesa] => 3.1.90.11.01
            [FuncaoSubfuncao] => 10.785
            [AnoInscricaoRestosAPagar] => 
            [DespesasMDEeASPS] => 
        )

    [855] => Array
        (
            [ContaContabil] => 6.2.2.1.3.01.00
            [Valor] => 124471.48
            [ValorF] => 124.471,48
            [TipoValor] => beginning_balance
            [NaturezaValor] => D
            [PoderOrgao] => 10131
            [FinanceiroPermanente] => 
            [DividaConsolidada] => 
            [FonteRecurso] => 1.211.0000
            [ComplementoFonteRecurso] => 
            [NaturezaReceita] => 
            [NaturezaDespesa] => 3.1.90.11.01
            [FuncaoSubfuncao] => 10.785
            [AnoInscricaoRestosAPagar] => 
            [DespesasMDEeASPS] => 
        )

    [856] => Array
        (
            [ContaContabil] => 6.2.2.1.3.01.00
            [Valor] => 139137.88
            [ValorF] => 139.137,88
            [TipoValor] => ending_balance
            [NaturezaValor] => C
            [PoderOrgao] => 10131
            [FinanceiroPermanente] => 
            [DividaConsolidada] => 
            [FonteRecurso] => 1.211.0000
            [ComplementoFonteRecurso] => 
            [NaturezaReceita] => 
            [NaturezaDespesa] => 3.1.90.11.01
            [FuncaoSubfuncao] => 10.785
            [AnoInscricaoRestosAPagar] => 
            [DespesasMDEeASPS] => 
        )

    [857] => Array
        (
            [ContaContabil] => 6.2.2.1.3.01.00
            [Valor] => 139137.88
            [ValorF] => 139.137,88
            [TipoValor] => ending_balance
            [NaturezaValor] => D
            [PoderOrgao] => 10131
            [FinanceiroPermanente] => 
            [DividaConsolidada] => 
            [FonteRecurso] => 1.211.0000
            [ComplementoFonteRecurso] => 
            [NaturezaReceita] => 
            [NaturezaDespesa] => 3.1.90.11.01
            [FuncaoSubfuncao] => 10.785
            [AnoInscricaoRestosAPagar] => 
            [DespesasMDEeASPS] => 
        )

    [858] => Array
        (
            [ContaContabil] => 6.2.2.1.3.01.00
            [Valor] => 14666.4
            [ValorF] => 14.666,40
            [TipoValor] => period_change
            [NaturezaValor] => C
            [PoderOrgao] => 10131
            [FinanceiroPermanente] => 
            [DividaConsolidada] => 
            [FonteRecurso] => 1.211.0000
            [ComplementoFonteRecurso] => 
            [NaturezaReceita] => 
            [NaturezaDespesa] => 3.1.90.11.01
            [FuncaoSubfuncao] => 10.785
            [AnoInscricaoRestosAPagar] => 
            [DespesasMDEeASPS] => 
        )

    [859] => Array
        (
            [ContaContabil] => 6.2.2.1.3.01.00
            [Valor] => 14666.4
            [ValorF] => 14.666,40
            [TipoValor] => period_change
            [NaturezaValor] => D
            [PoderOrgao] => 10131
            [FinanceiroPermanente] => 
            [DividaConsolidada] => 
            [FonteRecurso] => 1.211.0000
            [ComplementoFonteRecurso] => 
            [NaturezaReceita] => 
            [NaturezaDespesa] => 3.1.90.11.01
            [FuncaoSubfuncao] => 10.785
            [AnoInscricaoRestosAPagar] => 
            [DespesasMDEeASPS] => 
        )

    [860] => Array
        (
            [ContaContabil] => 6.2.2.1.3.01.00
            [Valor] => 66994.76
            [ValorF] => 66.994,76
            [TipoValor] => beginning_balance
            [NaturezaValor] => C
            [PoderOrgao] => 10131
            [FinanceiroPermanente] => 
            [DividaConsolidada] => 
            [FonteRecurso] => 1.290.0000
            [ComplementoFonteRecurso] => 
            [NaturezaReceita] => 
            [NaturezaDespesa] => 3.1.90.11.01
            [FuncaoSubfuncao] => 10.302
            [AnoInscricaoRestosAPagar] => 
            [DespesasMDEeASPS] => 
        )

    [861] => Array
        (
            [ContaContabil] => 6.2.2.1.3.01.00
            [Valor] => 66994.76
            [ValorF] => 66.994,76
            [TipoValor] => beginning_balance
            [NaturezaValor] => D
            [PoderOrgao] => 10131
            [FinanceiroPermanente] => 
            [DividaConsolidada] => 
            [FonteRecurso] => 1.290.0000
            [ComplementoFonteRecurso] => 
            [NaturezaReceita] => 
            [NaturezaDespesa] => 3.1.90.11.01
            [FuncaoSubfuncao] => 10.302
            [AnoInscricaoRestosAPagar] => 
            [DespesasMDEeASPS] => 
        )

    [862] => Array
        (
            [ContaContabil] => 6.2.2.1.3.01.00
            [Valor] => 88948.46
            [ValorF] => 88.948,46
            [TipoValor] => ending_balance
            [NaturezaValor] => C
            [PoderOrgao] => 10131
            [FinanceiroPermanente] => 
            [DividaConsolidada] => 
            [FonteRecurso] => 1.290.0000
            [ComplementoFonteRecurso] => 
            [NaturezaReceita] => 
            [NaturezaDespesa] => 3.1.90.11.01
            [FuncaoSubfuncao] => 10.302
            [AnoInscricaoRestosAPagar] => 
            [DespesasMDEeASPS] => 
        )

    [863] => Array
        (
            [ContaContabil] => 6.2.2.1.3.01.00
            [Valor] => 88948.46
            [ValorF] => 88.948,46
            [TipoValor] => ending_balance
            [NaturezaValor] => D
            [PoderOrgao] => 10131
            [FinanceiroPermanente] => 
            [DividaConsolidada] => 
            [FonteRecurso] => 1.290.0000
            [ComplementoFonteRecurso] => 
            [NaturezaReceita] => 
            [NaturezaDespesa] => 3.1.90.11.01
            [FuncaoSubfuncao] => 10.302
            [AnoInscricaoRestosAPagar] => 
            [DespesasMDEeASPS] => 
        )

    [864] => Array
        (
            [ContaContabil] => 6.2.2.1.3.01.00
            [Valor] => 21953.7
            [ValorF] => 21.953,70
            [TipoValor] => period_change
            [NaturezaValor] => C
            [PoderOrgao] => 10131
            [FinanceiroPermanente] => 
            [DividaConsolidada] => 
            [FonteRecurso] => 1.290.0000
            [ComplementoFonteRecurso] => 
            [NaturezaReceita] => 
            [NaturezaDespesa] => 3.1.90.11.01
            [FuncaoSubfuncao] => 10.302
            [AnoInscricaoRestosAPagar] => 
            [DespesasMDEeASPS] => 
        )

    [865] => Array
        (
            [ContaContabil] => 6.2.2.1.3.01.00
            [Valor] => 21953.7
            [ValorF] => 21.953,70
            [TipoValor] => period_change
            [NaturezaValor] => D
            [PoderOrgao] => 10131
            [FinanceiroPermanente] => 
            [DividaConsolidada] => 
            [FonteRecurso] => 1.290.0000
            [ComplementoFonteRecurso] => 
            [NaturezaReceita] => 
            [NaturezaDespesa] => 3.1.90.11.01
            [FuncaoSubfuncao] => 10.302
            [AnoInscricaoRestosAPagar] => 
            [DespesasMDEeASPS] => 
        )

    [866] => Array
        (
            [ContaContabil] => 6.2.2.1.3.01.00
            [Valor] => 55705.67
            [ValorF] => 55.705,67
            [TipoValor] => beginning_balance
            [NaturezaValor] => C
            [PoderOrgao] => 10131
            [FinanceiroPermanente] => 
            [DividaConsolidada] => 
            [FonteRecurso] => 1.213.0000
            [ComplementoFonteRecurso] => 
            [NaturezaReceita] => 
            [NaturezaDespesa] => 3.1.90.11.01
            [FuncaoSubfuncao] => 10.301
            [AnoInscricaoRestosAPagar] => 
            [DespesasMDEeASPS] => 
        )

    [867] => Array
        (
            [ContaContabil] => 6.2.2.1.3.01.00
            [Valor] => 55705.67
            [ValorF] => 55.705,67
            [TipoValor] => beginning_balance
            [NaturezaValor] => D
            [PoderOrgao] => 10131
            [FinanceiroPermanente] => 
            [DividaConsolidada] => 
            [FonteRecurso] => 1.213.0000
            [ComplementoFonteRecurso] => 
            [NaturezaReceita] => 
            [NaturezaDespesa] => 3.1.90.11.01
            [FuncaoSubfuncao] => 10.301
            [AnoInscricaoRestosAPagar] => 
            [DespesasMDEeASPS] => 
        )

    [868] => Array
        (
            [ContaContabil] => 6.2.2.1.3.01.00
            [Valor] => 55885.67
            [ValorF] => 55.885,67
            [TipoValor] => ending_balance
            [NaturezaValor] => C
            [PoderOrgao] => 10131
            [FinanceiroPermanente] => 
            [DividaConsolidada] => 
            [FonteRecurso] => 1.213.0000
            [ComplementoFonteRecurso] => 
            [NaturezaReceita] => 
            [NaturezaDespesa] => 3.1.90.11.01
            [FuncaoSubfuncao] => 10.301
            [AnoInscricaoRestosAPagar] => 
            [DespesasMDEeASPS] => 
        )

    [869] => Array
        (
            [ContaContabil] => 6.2.2.1.3.01.00
            [Valor] => 55885.67
            [ValorF] => 55.885,67
            [TipoValor] => ending_balance
            [NaturezaValor] => D
            [PoderOrgao] => 10131
            [FinanceiroPermanente] => 
            [DividaConsolidada] => 
            [FonteRecurso] => 1.213.0000
            [ComplementoFonteRecurso] => 
            [NaturezaReceita] => 
            [NaturezaDespesa] => 3.1.90.11.01
            [FuncaoSubfuncao] => 10.301
            [AnoInscricaoRestosAPagar] => 
            [DespesasMDEeASPS] => 
        )

    [870] => Array
        (
            [ContaContabil] => 6.2.2.1.3.01.00
            [Valor] => 180
            [ValorF] => 180,00
            [TipoValor] => period_change
            [NaturezaValor] => C
            [PoderOrgao] => 10131
            [FinanceiroPermanente] => 
            [DividaConsolidada] => 
            [FonteRecurso] => 1.213.0000
            [ComplementoFonteRecurso] => 
            [NaturezaReceita] => 
            [NaturezaDespesa] => 3.1.90.11.01
            [FuncaoSubfuncao] => 10.301
            [AnoInscricaoRestosAPagar] => 
            [DespesasMDEeASPS] => 
        )

    [871] => Array
        (
            [ContaContabil] => 6.2.2.1.3.01.00
            [Valor] => 180
            [ValorF] => 180,00
            [TipoValor] => period_change
            [NaturezaValor] => D
            [PoderOrgao] => 10131
            [FinanceiroPermanente] => 
            [DividaConsolidada] => 
            [FonteRecurso] => 1.213.0000
            [ComplementoFonteRecurso] => 
            [NaturezaReceita] => 
            [NaturezaDespesa] => 3.1.90.11.01
            [FuncaoSubfuncao] => 10.301
            [AnoInscricaoRestosAPagar] => 
            [DespesasMDEeASPS] => 
        )

    [872] => Array
        (
            [ContaContabil] => 6.2.2.1.3.01.00
            [Valor] => 60062.37
            [ValorF] => 60.062,37
            [TipoValor] => beginning_balance
            [NaturezaValor] => C
            [PoderOrgao] => 10131
            [FinanceiroPermanente] => 
            [DividaConsolidada] => 
            [FonteRecurso] => 1.213.0000
            [ComplementoFonteRecurso] => 
            [NaturezaReceita] => 
            [NaturezaDespesa] => 3.1.90.11.01
            [FuncaoSubfuncao] => 10.301
            [AnoInscricaoRestosAPagar] => 
            [DespesasMDEeASPS] => 
        )

    [873] => Array
        (
            [ContaContabil] => 6.2.2.1.3.01.00
            [Valor] => 60062.37
            [ValorF] => 60.062,37
            [TipoValor] => beginning_balance
            [NaturezaValor] => D
            [PoderOrgao] => 10131
            [FinanceiroPermanente] => 
            [DividaConsolidada] => 
            [FonteRecurso] => 1.213.0000
            [ComplementoFonteRecurso] => 
            [NaturezaReceita] => 
            [NaturezaDespesa] => 3.1.90.11.01
            [FuncaoSubfuncao] => 10.301
            [AnoInscricaoRestosAPagar] => 
            [DespesasMDEeASPS] => 
        )

    [874] => Array
        (
            [ContaContabil] => 6.2.2.1.3.01.00
            [Valor] => 60062.37
            [ValorF] => 60.062,37
            [TipoValor] => ending_balance
            [NaturezaValor] => C
            [PoderOrgao] => 10131
            [FinanceiroPermanente] => 
            [DividaConsolidada] => 
            [FonteRecurso] => 1.213.0000
            [ComplementoFonteRecurso] => 
            [NaturezaReceita] => 
            [NaturezaDespesa] => 3.1.90.11.01
            [FuncaoSubfuncao] => 10.301
            [AnoInscricaoRestosAPagar] => 
            [DespesasMDEeASPS] => 
        )

    [875] => Array
        (
            [ContaContabil] => 6.2.2.1.3.01.00
            [Valor] => 60062.37
            [ValorF] => 60.062,37
            [TipoValor] => ending_balance
            [NaturezaValor] => D
            [PoderOrgao] => 10131
            [FinanceiroPermanente] => 
            [DividaConsolidada] => 
            [FonteRecurso] => 1.213.0000
            [ComplementoFonteRecurso] => 
            [NaturezaReceita] => 
            [NaturezaDespesa] => 3.1.90.11.01
            [FuncaoSubfuncao] => 10.301
            [AnoInscricaoRestosAPagar] => 
            [DespesasMDEeASPS] => 
        )

    [876] => Array
        (
            [ContaContabil] => 6.2.2.1.3.01.00
            [Valor] => 12019.18
            [ValorF] => 12.019,18
            [TipoValor] => beginning_balance
            [NaturezaValor] => C
            [PoderOrgao] => 10131
            [FinanceiroPermanente] => 
            [DividaConsolidada] => 
            [FonteRecurso] => 1.213.0000
            [ComplementoFonteRecurso] => 
            [NaturezaReceita] => 
            [NaturezaDespesa] => 3.1.90.11.01
            [FuncaoSubfuncao] => 10.301
            [AnoInscricaoRestosAPagar] => 
            [DespesasMDEeASPS] => 
        )

    [877] => Array
        (
            [ContaContabil] => 6.2.2.1.3.01.00
            [Valor] => 12019.18
            [ValorF] => 12.019,18
            [TipoValor] => beginning_balance
            [NaturezaValor] => D
            [PoderOrgao] => 10131
            [FinanceiroPermanente] => 
            [DividaConsolidada] => 
            [FonteRecurso] => 1.213.0000
            [ComplementoFonteRecurso] => 
            [NaturezaReceita] => 
            [NaturezaDespesa] => 3.1.90.11.01
            [FuncaoSubfuncao] => 10.301
            [AnoInscricaoRestosAPagar] => 
            [DespesasMDEeASPS] => 
        )

    [878] => Array
        (
            [ContaContabil] => 6.2.2.1.3.01.00
            [Valor] => 12019.18
            [ValorF] => 12.019,18
            [TipoValor] => ending_balance
            [NaturezaValor] => C
            [PoderOrgao] => 10131
            [FinanceiroPermanente] => 
            [DividaConsolidada] => 
            [FonteRecurso] => 1.213.0000
            [ComplementoFonteRecurso] => 
            [NaturezaReceita] => 
            [NaturezaDespesa] => 3.1.90.11.01
            [FuncaoSubfuncao] => 10.301
            [AnoInscricaoRestosAPagar] => 
            [DespesasMDEeASPS] => 
        )

    [879] => Array
        (
            [ContaContabil] => 6.2.2.1.3.01.00
            [Valor] => 12019.18
            [ValorF] => 12.019,18
            [TipoValor] => ending_balance
            [NaturezaValor] => D
            [PoderOrgao] => 10131
            [FinanceiroPermanente] => 
            [DividaConsolidada] => 
            [FonteRecurso] => 1.213.0000
            [ComplementoFonteRecurso] => 
            [NaturezaReceita] => 
            [NaturezaDespesa] => 3.1.90.11.01
            [FuncaoSubfuncao] => 10.301
            [AnoInscricaoRestosAPagar] => 
            [DespesasMDEeASPS] => 
        )

    [880] => Array
        (
            [ContaContabil] => 6.2.2.1.3.01.00
            [Valor] => 492039.28
            [ValorF] => 492.039,28
            [TipoValor] => beginning_balance
            [NaturezaValor] => C
            [PoderOrgao] => 10131
            [FinanceiroPermanente] => 
            [DividaConsolidada] => 
            [FonteRecurso] => 1.214.0000
            [ComplementoFonteRecurso] => 
            [NaturezaReceita] => 
            [NaturezaDespesa] => 3.1.90.11.01
            [FuncaoSubfuncao] => 10.301
            [AnoInscricaoRestosAPagar] => 
            [DespesasMDEeASPS] => 
        )

    [881] => Array
        (
            [ContaContabil] => 6.2.2.1.3.01.00
            [Valor] => 492039.28
            [ValorF] => 492.039,28
            [TipoValor] => beginning_balance
            [NaturezaValor] => D
            [PoderOrgao] => 10131
            [FinanceiroPermanente] => 
            [DividaConsolidada] => 
            [FonteRecurso] => 1.214.0000
            [ComplementoFonteRecurso] => 
            [NaturezaReceita] => 
            [NaturezaDespesa] => 3.1.90.11.01
            [FuncaoSubfuncao] => 10.301
            [AnoInscricaoRestosAPagar] => 
            [DespesasMDEeASPS] => 
        )

    [882] => Array
        (
            [ContaContabil] => 6.2.2.1.3.01.00
            [Valor] => 537177.99
            [ValorF] => 537.177,99
            [TipoValor] => ending_balance
            [NaturezaValor] => C
            [PoderOrgao] => 10131
            [FinanceiroPermanente] => 
            [DividaConsolidada] => 
            [FonteRecurso] => 1.214.0000
            [ComplementoFonteRecurso] => 
            [NaturezaReceita] => 
            [NaturezaDespesa] => 3.1.90.11.01
            [FuncaoSubfuncao] => 10.301
            [AnoInscricaoRestosAPagar] => 
            [DespesasMDEeASPS] => 
        )

    [883] => Array
        (
            [ContaContabil] => 6.2.2.1.3.01.00
            [Valor] => 537177.99
            [ValorF] => 537.177,99
            [TipoValor] => ending_balance
            [NaturezaValor] => D
            [PoderOrgao] => 10131
            [FinanceiroPermanente] => 
            [DividaConsolidada] => 
            [FonteRecurso] => 1.214.0000
            [ComplementoFonteRecurso] => 
            [NaturezaReceita] => 
            [NaturezaDespesa] => 3.1.90.11.01
            [FuncaoSubfuncao] => 10.301
            [AnoInscricaoRestosAPagar] => 
            [DespesasMDEeASPS] => 
        )

    [884] => Array
        (
            [ContaContabil] => 6.2.2.1.3.01.00
            [Valor] => 45138.71
            [ValorF] => 45.138,71
            [TipoValor] => period_change
            [NaturezaValor] => C
            [PoderOrgao] => 10131
            [FinanceiroPermanente] => 
            [DividaConsolidada] => 
            [FonteRecurso] => 1.214.0000
            [ComplementoFonteRecurso] => 
            [NaturezaReceita] => 
            [NaturezaDespesa] => 3.1.90.11.01
            [FuncaoSubfuncao] => 10.301
            [AnoInscricaoRestosAPagar] => 
            [DespesasMDEeASPS] => 
        )

    [885] => Array
        (
            [ContaContabil] => 6.2.2.1.3.01.00
            [Valor] => 45138.71
            [ValorF] => 45.138,71
            [TipoValor] => period_change
            [NaturezaValor] => D
            [PoderOrgao] => 10131
            [FinanceiroPermanente] => 
            [DividaConsolidada] => 
            [FonteRecurso] => 1.214.0000
            [ComplementoFonteRecurso] => 
            [NaturezaReceita] => 
            [NaturezaDespesa] => 3.1.90.11.01
            [FuncaoSubfuncao] => 10.301
            [AnoInscricaoRestosAPagar] => 
            [DespesasMDEeASPS] => 
        )

    [886] => Array
        (
            [ContaContabil] => 6.2.2.1.3.01.00
            [Valor] => 49391.76
            [ValorF] => 49.391,76
            [TipoValor] => beginning_balance
            [NaturezaValor] => C
            [PoderOrgao] => 10131
            [FinanceiroPermanente] => 
            [DividaConsolidada] => 
            [FonteRecurso] => 1.214.0000
            [ComplementoFonteRecurso] => 
            [NaturezaReceita] => 
            [NaturezaDespesa] => 3.1.90.11.01
            [FuncaoSubfuncao] => 10.305
            [AnoInscricaoRestosAPagar] => 
            [DespesasMDEeASPS] => 
        )

    [887] => Array
        (
            [ContaContabil] => 6.2.2.1.3.01.00
            [Valor] => 49391.76
            [ValorF] => 49.391,76
            [TipoValor] => beginning_balance
            [NaturezaValor] => D
            [PoderOrgao] => 10131
            [FinanceiroPermanente] => 
            [DividaConsolidada] => 
            [FonteRecurso] => 1.214.0000
            [ComplementoFonteRecurso] => 
            [NaturezaReceita] => 
            [NaturezaDespesa] => 3.1.90.11.01
            [FuncaoSubfuncao] => 10.305
            [AnoInscricaoRestosAPagar] => 
            [DespesasMDEeASPS] => 
        )

    [888] => Array
        (
            [ContaContabil] => 6.2.2.1.3.01.00
            [Valor] => 57718.49
            [ValorF] => 57.718,49
            [TipoValor] => ending_balance
            [NaturezaValor] => C
            [PoderOrgao] => 10131
            [FinanceiroPermanente] => 
            [DividaConsolidada] => 
            [FonteRecurso] => 1.214.0000
            [ComplementoFonteRecurso] => 
            [NaturezaReceita] => 
            [NaturezaDespesa] => 3.1.90.11.01
            [FuncaoSubfuncao] => 10.305
            [AnoInscricaoRestosAPagar] => 
            [DespesasMDEeASPS] => 
        )

    [889] => Array
        (
            [ContaContabil] => 6.2.2.1.3.01.00
            [Valor] => 57718.49
            [ValorF] => 57.718,49
            [TipoValor] => ending_balance
            [NaturezaValor] => D
            [PoderOrgao] => 10131
            [FinanceiroPermanente] => 
            [DividaConsolidada] => 
            [FonteRecurso] => 1.214.0000
            [ComplementoFonteRecurso] => 
            [NaturezaReceita] => 
            [NaturezaDespesa] => 3.1.90.11.01
            [FuncaoSubfuncao] => 10.305
            [AnoInscricaoRestosAPagar] => 
            [DespesasMDEeASPS] => 
        )

    [890] => Array
        (
            [ContaContabil] => 6.2.2.1.3.01.00
            [Valor] => 8326.73
            [ValorF] => 8.326,73
            [TipoValor] => period_change
            [NaturezaValor] => C
            [PoderOrgao] => 10131
            [FinanceiroPermanente] => 
            [DividaConsolidada] => 
            [FonteRecurso] => 1.214.0000
            [ComplementoFonteRecurso] => 
            [NaturezaReceita] => 
            [NaturezaDespesa] => 3.1.90.11.01
            [FuncaoSubfuncao] => 10.305
            [AnoInscricaoRestosAPagar] => 
            [DespesasMDEeASPS] => 
        )

    [891] => Array
        (
            [ContaContabil] => 6.2.2.1.3.01.00
            [Valor] => 8326.73
            [ValorF] => 8.326,73
            [TipoValor] => period_change
            [NaturezaValor] => D
            [PoderOrgao] => 10131
            [FinanceiroPermanente] => 
            [DividaConsolidada] => 
            [FonteRecurso] => 1.214.0000
            [ComplementoFonteRecurso] => 
            [NaturezaReceita] => 
            [NaturezaDespesa] => 3.1.90.11.01
            [FuncaoSubfuncao] => 10.305
            [AnoInscricaoRestosAPagar] => 
            [DespesasMDEeASPS] => 
        )

    [892] => Array
        (
            [ContaContabil] => 6.2.2.1.3.01.00
            [Valor] => 24014.71
            [ValorF] => 24.014,71
            [TipoValor] => beginning_balance
            [NaturezaValor] => C
            [PoderOrgao] => 10131
            [FinanceiroPermanente] => 
            [DividaConsolidada] => 
            [FonteRecurso] => 1.214.0000
            [ComplementoFonteRecurso] => 
            [NaturezaReceita] => 
            [NaturezaDespesa] => 3.1.90.11.01
            [FuncaoSubfuncao] => 10.301
            [AnoInscricaoRestosAPagar] => 
            [DespesasMDEeASPS] => 
        )

    [893] => Array
        (
            [ContaContabil] => 6.2.2.1.3.01.00
            [Valor] => 24014.71
            [ValorF] => 24.014,71
            [TipoValor] => beginning_balance
            [NaturezaValor] => D
            [PoderOrgao] => 10131
            [FinanceiroPermanente] => 
            [DividaConsolidada] => 
            [FonteRecurso] => 1.214.0000
            [ComplementoFonteRecurso] => 
            [NaturezaReceita] => 
            [NaturezaDespesa] => 3.1.90.11.01
            [FuncaoSubfuncao] => 10.301
            [AnoInscricaoRestosAPagar] => 
            [DespesasMDEeASPS] => 
        )

    [894] => Array
        (
            [ContaContabil] => 6.2.2.1.3.01.00
            [Valor] => 64341
            [ValorF] => 64.341,00
            [TipoValor] => ending_balance
            [NaturezaValor] => C
            [PoderOrgao] => 10131
            [FinanceiroPermanente] => 
            [DividaConsolidada] => 
            [FonteRecurso] => 1.214.0000
            [ComplementoFonteRecurso] => 
            [NaturezaReceita] => 
            [NaturezaDespesa] => 3.1.90.11.01
            [FuncaoSubfuncao] => 10.301
            [AnoInscricaoRestosAPagar] => 
            [DespesasMDEeASPS] => 
        )

    [895] => Array
        (
            [ContaContabil] => 6.2.2.1.3.01.00
            [Valor] => 64341
            [ValorF] => 64.341,00
            [TipoValor] => ending_balance
            [NaturezaValor] => D
            [PoderOrgao] => 10131
            [FinanceiroPermanente] => 
            [DividaConsolidada] => 
            [FonteRecurso] => 1.214.0000
            [ComplementoFonteRecurso] => 
            [NaturezaReceita] => 
            [NaturezaDespesa] => 3.1.90.11.01
            [FuncaoSubfuncao] => 10.301
            [AnoInscricaoRestosAPagar] => 
            [DespesasMDEeASPS] => 
        )

    [896] => Array
        (
            [ContaContabil] => 6.2.2.1.3.01.00
            [Valor] => 40326.29
            [ValorF] => 40.326,29
            [TipoValor] => period_change
            [NaturezaValor] => C
            [PoderOrgao] => 10131
            [FinanceiroPermanente] => 
            [DividaConsolidada] => 
            [FonteRecurso] => 1.214.0000
            [ComplementoFonteRecurso] => 
            [NaturezaReceita] => 
            [NaturezaDespesa] => 3.1.90.11.01
            [FuncaoSubfuncao] => 10.301
            [AnoInscricaoRestosAPagar] => 
            [DespesasMDEeASPS] => 
        )

    [897] => Array
        (
            [ContaContabil] => 6.2.2.1.3.01.00
            [Valor] => 40326.29
            [ValorF] => 40.326,29
            [TipoValor] => period_change
            [NaturezaValor] => D
            [PoderOrgao] => 10131
            [FinanceiroPermanente] => 
            [DividaConsolidada] => 
            [FonteRecurso] => 1.214.0000
            [ComplementoFonteRecurso] => 
            [NaturezaReceita] => 
            [NaturezaDespesa] => 3.1.90.11.01
            [FuncaoSubfuncao] => 10.301
            [AnoInscricaoRestosAPagar] => 
            [DespesasMDEeASPS] => 
        )

    [898] => Array
        (
            [ContaContabil] => 6.2.2.1.3.01.00
            [Valor] => 31436.68
            [ValorF] => 31.436,68
            [TipoValor] => beginning_balance
            [NaturezaValor] => C
            [PoderOrgao] => 10131
            [FinanceiroPermanente] => 
            [DividaConsolidada] => 
            [FonteRecurso] => 1.214.0000
            [ComplementoFonteRecurso] => 
            [NaturezaReceita] => 
            [NaturezaDespesa] => 3.1.90.11.01
            [FuncaoSubfuncao] => 10.305
            [AnoInscricaoRestosAPagar] => 
            [DespesasMDEeASPS] => 
        )

    [899] => Array
        (
            [ContaContabil] => 6.2.2.1.3.01.00
            [Valor] => 31436.68
            [ValorF] => 31.436,68
            [TipoValor] => beginning_balance
            [NaturezaValor] => D
            [PoderOrgao] => 10131
            [FinanceiroPermanente] => 
            [DividaConsolidada] => 
            [FonteRecurso] => 1.214.0000
            [ComplementoFonteRecurso] => 
            [NaturezaReceita] => 
            [NaturezaDespesa] => 3.1.90.11.01
            [FuncaoSubfuncao] => 10.305
            [AnoInscricaoRestosAPagar] => 
            [DespesasMDEeASPS] => 
        )

    [900] => Array
        (
            [ContaContabil] => 6.2.2.1.3.01.00
            [Valor] => 40299.67
            [ValorF] => 40.299,67
            [TipoValor] => ending_balance
            [NaturezaValor] => C
            [PoderOrgao] => 10131
            [FinanceiroPermanente] => 
            [DividaConsolidada] => 
            [FonteRecurso] => 1.214.0000
            [ComplementoFonteRecurso] => 
            [NaturezaReceita] => 
            [NaturezaDespesa] => 3.1.90.11.01
            [FuncaoSubfuncao] => 10.305
            [AnoInscricaoRestosAPagar] => 
            [DespesasMDEeASPS] => 
        )

    [901] => Array
        (
            [ContaContabil] => 6.2.2.1.3.01.00
            [Valor] => 40299.67
            [ValorF] => 40.299,67
            [TipoValor] => ending_balance
            [NaturezaValor] => D
            [PoderOrgao] => 10131
            [FinanceiroPermanente] => 
            [DividaConsolidada] => 
            [FonteRecurso] => 1.214.0000
            [ComplementoFonteRecurso] => 
            [NaturezaReceita] => 
            [NaturezaDespesa] => 3.1.90.11.01
            [FuncaoSubfuncao] => 10.305
            [AnoInscricaoRestosAPagar] => 
            [DespesasMDEeASPS] => 
        )

    [902] => Array
        (
            [ContaContabil] => 6.2.2.1.3.01.00
            [Valor] => 8862.99
            [ValorF] => 8.862,99
            [TipoValor] => period_change
            [NaturezaValor] => C
            [PoderOrgao] => 10131
            [FinanceiroPermanente] => 
            [DividaConsolidada] => 
            [FonteRecurso] => 1.214.0000
            [ComplementoFonteRecurso] => 
            [NaturezaReceita] => 
            [NaturezaDespesa] => 3.1.90.11.01
            [FuncaoSubfuncao] => 10.305
            [AnoInscricaoRestosAPagar] => 
            [DespesasMDEeASPS] => 
        )

    [903] => Array
        (
            [ContaContabil] => 6.2.2.1.3.01.00
            [Valor] => 8862.99
            [ValorF] => 8.862,99
            [TipoValor] => period_change
            [NaturezaValor] => D
            [PoderOrgao] => 10131
            [FinanceiroPermanente] => 
            [DividaConsolidada] => 
            [FonteRecurso] => 1.214.0000
            [ComplementoFonteRecurso] => 
            [NaturezaReceita] => 
            [NaturezaDespesa] => 3.1.90.11.01
            [FuncaoSubfuncao] => 10.305
            [AnoInscricaoRestosAPagar] => 
            [DespesasMDEeASPS] => 
        )

    [904] => Array
        (
            [ContaContabil] => 6.2.2.1.3.01.00
            [Valor] => 24192.55
            [ValorF] => 24.192,55
            [TipoValor] => beginning_balance
            [NaturezaValor] => C
            [PoderOrgao] => 10131
            [FinanceiroPermanente] => 
            [DividaConsolidada] => 
            [FonteRecurso] => 1.211.0000
            [ComplementoFonteRecurso] => 
            [NaturezaReceita] => 
            [NaturezaDespesa] => 3.1.90.13.01
            [FuncaoSubfuncao] => 10.122
            [AnoInscricaoRestosAPagar] => 
            [DespesasMDEeASPS] => 
        )

    [905] => Array
        (
            [ContaContabil] => 6.2.2.1.3.01.00
            [Valor] => 24192.55
            [ValorF] => 24.192,55
            [TipoValor] => beginning_balance
            [NaturezaValor] => D
            [PoderOrgao] => 10131
            [FinanceiroPermanente] => 
            [DividaConsolidada] => 
            [FonteRecurso] => 1.211.0000
            [ComplementoFonteRecurso] => 
            [NaturezaReceita] => 
            [NaturezaDespesa] => 3.1.90.13.01
            [FuncaoSubfuncao] => 10.122
            [AnoInscricaoRestosAPagar] => 
            [DespesasMDEeASPS] => 
        )

    [906] => Array
        (
            [ContaContabil] => 6.2.2.1.3.01.00
            [Valor] => 26885.21
            [ValorF] => 26.885,21
            [TipoValor] => ending_balance
            [NaturezaValor] => C
            [PoderOrgao] => 10131
            [FinanceiroPermanente] => 
            [DividaConsolidada] => 
            [FonteRecurso] => 1.211.0000
            [ComplementoFonteRecurso] => 
            [NaturezaReceita] => 
            [NaturezaDespesa] => 3.1.90.13.01
            [FuncaoSubfuncao] => 10.122
            [AnoInscricaoRestosAPagar] => 
            [DespesasMDEeASPS] => 
        )

    [907] => Array
        (
            [ContaContabil] => 6.2.2.1.3.01.00
            [Valor] => 26885.21
            [ValorF] => 26.885,21
            [TipoValor] => ending_balance
            [NaturezaValor] => D
            [PoderOrgao] => 10131
            [FinanceiroPermanente] => 
            [DividaConsolidada] => 
            [FonteRecurso] => 1.211.0000
            [ComplementoFonteRecurso] => 
            [NaturezaReceita] => 
            [NaturezaDespesa] => 3.1.90.13.01
            [FuncaoSubfuncao] => 10.122
            [AnoInscricaoRestosAPagar] => 
            [DespesasMDEeASPS] => 
        )

    [908] => Array
        (
            [ContaContabil] => 6.2.2.1.3.01.00
            [Valor] => 2692.66
            [ValorF] => 2.692,66
            [TipoValor] => period_change
            [NaturezaValor] => C
            [PoderOrgao] => 10131
            [FinanceiroPermanente] => 
            [DividaConsolidada] => 
            [FonteRecurso] => 1.211.0000
            [ComplementoFonteRecurso] => 
            [NaturezaReceita] => 
            [NaturezaDespesa] => 3.1.90.13.01
            [FuncaoSubfuncao] => 10.122
            [AnoInscricaoRestosAPagar] => 
            [DespesasMDEeASPS] => 
        )

    [909] => Array
        (
            [ContaContabil] => 6.2.2.1.3.01.00
            [Valor] => 2692.66
            [ValorF] => 2.692,66
            [TipoValor] => period_change
            [NaturezaValor] => D
            [PoderOrgao] => 10131
            [FinanceiroPermanente] => 
            [DividaConsolidada] => 
            [FonteRecurso] => 1.211.0000
            [ComplementoFonteRecurso] => 
            [NaturezaReceita] => 
            [NaturezaDespesa] => 3.1.90.13.01
            [FuncaoSubfuncao] => 10.122
            [AnoInscricaoRestosAPagar] => 
            [DespesasMDEeASPS] => 
        )

    [910] => Array
        (
            [ContaContabil] => 6.2.2.1.3.01.00
            [Valor] => 67189.76
            [ValorF] => 67.189,76
            [TipoValor] => beginning_balance
            [NaturezaValor] => C
            [PoderOrgao] => 10131
            [FinanceiroPermanente] => 
            [DividaConsolidada] => 
            [FonteRecurso] => 1.211.0000
            [ComplementoFonteRecurso] => 
            [NaturezaReceita] => 
            [NaturezaDespesa] => 3.1.90.13.01
            [FuncaoSubfuncao] => 10.301
            [AnoInscricaoRestosAPagar] => 
            [DespesasMDEeASPS] => 
        )

    [911] => Array
        (
            [ContaContabil] => 6.2.2.1.3.01.00
            [Valor] => 67189.76
            [ValorF] => 67.189,76
            [TipoValor] => beginning_balance
            [NaturezaValor] => D
            [PoderOrgao] => 10131
            [FinanceiroPermanente] => 
            [DividaConsolidada] => 
            [FonteRecurso] => 1.211.0000
            [ComplementoFonteRecurso] => 
            [NaturezaReceita] => 
            [NaturezaDespesa] => 3.1.90.13.01
            [FuncaoSubfuncao] => 10.301
            [AnoInscricaoRestosAPagar] => 
            [DespesasMDEeASPS] => 
        )

    [912] => Array
        (
            [ContaContabil] => 6.2.2.1.3.01.00
            [Valor] => 74992.89
            [ValorF] => 74.992,89
            [TipoValor] => ending_balance
            [NaturezaValor] => C
            [PoderOrgao] => 10131
            [FinanceiroPermanente] => 
            [DividaConsolidada] => 
            [FonteRecurso] => 1.211.0000
            [ComplementoFonteRecurso] => 
            [NaturezaReceita] => 
            [NaturezaDespesa] => 3.1.90.13.01
            [FuncaoSubfuncao] => 10.301
            [AnoInscricaoRestosAPagar] => 
            [DespesasMDEeASPS] => 
        )

    [913] => Array
        (
            [ContaContabil] => 6.2.2.1.3.01.00
            [Valor] => 74992.89
            [ValorF] => 74.992,89
            [TipoValor] => ending_balance
            [NaturezaValor] => D
            [PoderOrgao] => 10131
            [FinanceiroPermanente] => 
            [DividaConsolidada] => 
            [FonteRecurso] => 1.211.0000
            [ComplementoFonteRecurso] => 
            [NaturezaReceita] => 
            [NaturezaDespesa] => 3.1.90.13.01
            [FuncaoSubfuncao] => 10.301
            [AnoInscricaoRestosAPagar] => 
            [DespesasMDEeASPS] => 
        )

    [914] => Array
        (
            [ContaContabil] => 6.2.2.1.3.01.00
            [Valor] => 7803.13
            [ValorF] => 7.803,13
            [TipoValor] => period_change
            [NaturezaValor] => C
            [PoderOrgao] => 10131
            [FinanceiroPermanente] => 
            [DividaConsolidada] => 
            [FonteRecurso] => 1.211.0000
            [ComplementoFonteRecurso] => 
            [NaturezaReceita] => 
            [NaturezaDespesa] => 3.1.90.13.01
            [FuncaoSubfuncao] => 10.301
            [AnoInscricaoRestosAPagar] => 
            [DespesasMDEeASPS] => 
        )

    [915] => Array
        (
            [ContaContabil] => 6.2.2.1.3.01.00
            [Valor] => 7803.13
            [ValorF] => 7.803,13
            [TipoValor] => period_change
            [NaturezaValor] => D
            [PoderOrgao] => 10131
            [FinanceiroPermanente] => 
            [DividaConsolidada] => 
            [FonteRecurso] => 1.211.0000
            [ComplementoFonteRecurso] => 
            [NaturezaReceita] => 
            [NaturezaDespesa] => 3.1.90.13.01
            [FuncaoSubfuncao] => 10.301
            [AnoInscricaoRestosAPagar] => 
            [DespesasMDEeASPS] => 
        )

    [916] => Array
        (
            [ContaContabil] => 6.2.2.1.3.01.00
            [Valor] => 13758.59
            [ValorF] => 13.758,59
            [TipoValor] => beginning_balance
            [NaturezaValor] => C
            [PoderOrgao] => 10131
            [FinanceiroPermanente] => 
            [DividaConsolidada] => 
            [FonteRecurso] => 1.211.0000
            [ComplementoFonteRecurso] => 
            [NaturezaReceita] => 
            [NaturezaDespesa] => 3.1.90.13.01
            [FuncaoSubfuncao] => 10.305
            [AnoInscricaoRestosAPagar] => 
            [DespesasMDEeASPS] => 
        )

    [917] => Array
        (
            [ContaContabil] => 6.2.2.1.3.01.00
            [Valor] => 13758.59
            [ValorF] => 13.758,59
            [TipoValor] => beginning_balance
            [NaturezaValor] => D
            [PoderOrgao] => 10131
            [FinanceiroPermanente] => 
            [DividaConsolidada] => 
            [FonteRecurso] => 1.211.0000
            [ComplementoFonteRecurso] => 
            [NaturezaReceita] => 
            [NaturezaDespesa] => 3.1.90.13.01
            [FuncaoSubfuncao] => 10.305
            [AnoInscricaoRestosAPagar] => 
            [DespesasMDEeASPS] => 
        )

    [918] => Array
        (
            [ContaContabil] => 6.2.2.1.3.01.00
            [Valor] => 15272.47
            [ValorF] => 15.272,47
            [TipoValor] => ending_balance
            [NaturezaValor] => C
            [PoderOrgao] => 10131
            [FinanceiroPermanente] => 
            [DividaConsolidada] => 
            [FonteRecurso] => 1.211.0000
            [ComplementoFonteRecurso] => 
            [NaturezaReceita] => 
            [NaturezaDespesa] => 3.1.90.13.01
            [FuncaoSubfuncao] => 10.305
            [AnoInscricaoRestosAPagar] => 
            [DespesasMDEeASPS] => 
        )

    [919] => Array
        (
            [ContaContabil] => 6.2.2.1.3.01.00
            [Valor] => 15272.47
            [ValorF] => 15.272,47
            [TipoValor] => ending_balance
            [NaturezaValor] => D
            [PoderOrgao] => 10131
            [FinanceiroPermanente] => 
            [DividaConsolidada] => 
            [FonteRecurso] => 1.211.0000
            [ComplementoFonteRecurso] => 
            [NaturezaReceita] => 
            [NaturezaDespesa] => 3.1.90.13.01
            [FuncaoSubfuncao] => 10.305
            [AnoInscricaoRestosAPagar] => 
            [DespesasMDEeASPS] => 
        )

    [920] => Array
        (
            [ContaContabil] => 6.2.2.1.3.01.00
            [Valor] => 1513.88
            [ValorF] => 1.513,88
            [TipoValor] => period_change
            [NaturezaValor] => C
            [PoderOrgao] => 10131
            [FinanceiroPermanente] => 
            [DividaConsolidada] => 
            [FonteRecurso] => 1.211.0000
            [ComplementoFonteRecurso] => 
            [NaturezaReceita] => 
            [NaturezaDespesa] => 3.1.90.13.01
            [FuncaoSubfuncao] => 10.305
            [AnoInscricaoRestosAPagar] => 
            [DespesasMDEeASPS] => 
        )

    [921] => Array
        (
            [ContaContabil] => 6.2.2.1.3.01.00
            [Valor] => 1513.88
            [ValorF] => 1.513,88
            [TipoValor] => period_change
            [NaturezaValor] => D
            [PoderOrgao] => 10131
            [FinanceiroPermanente] => 
            [DividaConsolidada] => 
            [FonteRecurso] => 1.211.0000
            [ComplementoFonteRecurso] => 
            [NaturezaReceita] => 
            [NaturezaDespesa] => 3.1.90.13.01
            [FuncaoSubfuncao] => 10.305
            [AnoInscricaoRestosAPagar] => 
            [DespesasMDEeASPS] => 
        )

    [922] => Array
        (
            [ContaContabil] => 6.2.2.1.3.01.00
            [Valor] => 17177.11
            [ValorF] => 17.177,11
            [TipoValor] => beginning_balance
            [NaturezaValor] => C
            [PoderOrgao] => 10131
            [FinanceiroPermanente] => 
            [DividaConsolidada] => 
            [FonteRecurso] => 1.211.0000
            [ComplementoFonteRecurso] => 
            [NaturezaReceita] => 
            [NaturezaDespesa] => 3.1.90.16.01
            [FuncaoSubfuncao] => 10.301
            [AnoInscricaoRestosAPagar] => 
            [DespesasMDEeASPS] => 
        )

    [923] => Array
        (
            [ContaContabil] => 6.2.2.1.3.01.00
            [Valor] => 17177.11
            [ValorF] => 17.177,11
            [TipoValor] => beginning_balance
            [NaturezaValor] => D
            [PoderOrgao] => 10131
            [FinanceiroPermanente] => 
            [DividaConsolidada] => 
            [FonteRecurso] => 1.211.0000
            [ComplementoFonteRecurso] => 
            [NaturezaReceita] => 
            [NaturezaDespesa] => 3.1.90.16.01
            [FuncaoSubfuncao] => 10.301
            [AnoInscricaoRestosAPagar] => 
            [DespesasMDEeASPS] => 
        )

    [924] => Array
        (
            [ContaContabil] => 6.2.2.1.3.01.00
            [Valor] => 20045.64
            [ValorF] => 20.045,64
            [TipoValor] => ending_balance
            [NaturezaValor] => C
            [PoderOrgao] => 10131
            [FinanceiroPermanente] => 
            [DividaConsolidada] => 
            [FonteRecurso] => 1.211.0000
            [ComplementoFonteRecurso] => 
            [NaturezaReceita] => 
            [NaturezaDespesa] => 3.1.90.16.01
            [FuncaoSubfuncao] => 10.301
            [AnoInscricaoRestosAPagar] => 
            [DespesasMDEeASPS] => 
        )

    [925] => Array
        (
            [ContaContabil] => 6.2.2.1.3.01.00
            [Valor] => 20045.64
            [ValorF] => 20.045,64
            [TipoValor] => ending_balance
            [NaturezaValor] => D
            [PoderOrgao] => 10131
            [FinanceiroPermanente] => 
            [DividaConsolidada] => 
            [FonteRecurso] => 1.211.0000
            [ComplementoFonteRecurso] => 
            [NaturezaReceita] => 
            [NaturezaDespesa] => 3.1.90.16.01
            [FuncaoSubfuncao] => 10.301
            [AnoInscricaoRestosAPagar] => 
            [DespesasMDEeASPS] => 
        )

    [926] => Array
        (
            [ContaContabil] => 6.2.2.1.3.01.00
            [Valor] => 2868.53
            [ValorF] => 2.868,53
            [TipoValor] => period_change
            [NaturezaValor] => C
            [PoderOrgao] => 10131
            [FinanceiroPermanente] => 
            [DividaConsolidada] => 
            [FonteRecurso] => 1.211.0000
            [ComplementoFonteRecurso] => 
            [NaturezaReceita] => 
            [NaturezaDespesa] => 3.1.90.16.01
            [FuncaoSubfuncao] => 10.301
            [AnoInscricaoRestosAPagar] => 
            [DespesasMDEeASPS] => 
        )

    [927] => Array
        (
            [ContaContabil] => 6.2.2.1.3.01.00
            [Valor] => 2868.53
            [ValorF] => 2.868,53
            [TipoValor] => period_change
            [NaturezaValor] => D
            [PoderOrgao] => 10131
            [FinanceiroPermanente] => 
            [DividaConsolidada] => 
            [FonteRecurso] => 1.211.0000
            [ComplementoFonteRecurso] => 
            [NaturezaReceita] => 
            [NaturezaDespesa] => 3.1.90.16.01
            [FuncaoSubfuncao] => 10.301
            [AnoInscricaoRestosAPagar] => 
            [DespesasMDEeASPS] => 
        )

    [928] => Array
        (
            [ContaContabil] => 6.2.2.1.3.01.00
            [Valor] => 2189.51
            [ValorF] => 2.189,51
            [TipoValor] => beginning_balance
            [NaturezaValor] => C
            [PoderOrgao] => 10131
            [FinanceiroPermanente] => 
            [DividaConsolidada] => 
            [FonteRecurso] => 1.211.0000
            [ComplementoFonteRecurso] => 
            [NaturezaReceita] => 
            [NaturezaDespesa] => 3.1.90.16.01
            [FuncaoSubfuncao] => 10.302
            [AnoInscricaoRestosAPagar] => 
            [DespesasMDEeASPS] => 
        )

    [929] => Array
        (
            [ContaContabil] => 6.2.2.1.3.01.00
            [Valor] => 2189.51
            [ValorF] => 2.189,51
            [TipoValor] => beginning_balance
            [NaturezaValor] => D
            [PoderOrgao] => 10131
            [FinanceiroPermanente] => 
            [DividaConsolidada] => 
            [FonteRecurso] => 1.211.0000
            [ComplementoFonteRecurso] => 
            [NaturezaReceita] => 
            [NaturezaDespesa] => 3.1.90.16.01
            [FuncaoSubfuncao] => 10.302
            [AnoInscricaoRestosAPagar] => 
            [DespesasMDEeASPS] => 
        )

    [930] => Array
        (
            [ContaContabil] => 6.2.2.1.3.01.00
            [Valor] => 2363.42
            [ValorF] => 2.363,42
            [TipoValor] => ending_balance
            [NaturezaValor] => C
            [PoderOrgao] => 10131
            [FinanceiroPermanente] => 
            [DividaConsolidada] => 
            [FonteRecurso] => 1.211.0000
            [ComplementoFonteRecurso] => 
            [NaturezaReceita] => 
            [NaturezaDespesa] => 3.1.90.16.01
            [FuncaoSubfuncao] => 10.302
            [AnoInscricaoRestosAPagar] => 
            [DespesasMDEeASPS] => 
        )

    [931] => Array
        (
            [ContaContabil] => 6.2.2.1.3.01.00
            [Valor] => 2363.42
            [ValorF] => 2.363,42
            [TipoValor] => ending_balance
            [NaturezaValor] => D
            [PoderOrgao] => 10131
            [FinanceiroPermanente] => 
            [DividaConsolidada] => 
            [FonteRecurso] => 1.211.0000
            [ComplementoFonteRecurso] => 
            [NaturezaReceita] => 
            [NaturezaDespesa] => 3.1.90.16.01
            [FuncaoSubfuncao] => 10.302
            [AnoInscricaoRestosAPagar] => 
            [DespesasMDEeASPS] => 
        )

    [932] => Array
        (
            [ContaContabil] => 6.2.2.1.3.01.00
            [Valor] => 173.91
            [ValorF] => 173,91
            [TipoValor] => period_change
            [NaturezaValor] => C
            [PoderOrgao] => 10131
            [FinanceiroPermanente] => 
            [DividaConsolidada] => 
            [FonteRecurso] => 1.211.0000
            [ComplementoFonteRecurso] => 
            [NaturezaReceita] => 
            [NaturezaDespesa] => 3.1.90.16.01
            [FuncaoSubfuncao] => 10.302
            [AnoInscricaoRestosAPagar] => 
            [DespesasMDEeASPS] => 
        )

    [933] => Array
        (
            [ContaContabil] => 6.2.2.1.3.01.00
            [Valor] => 173.91
            [ValorF] => 173,91
            [TipoValor] => period_change
            [NaturezaValor] => D
            [PoderOrgao] => 10131
            [FinanceiroPermanente] => 
            [DividaConsolidada] => 
            [FonteRecurso] => 1.211.0000
            [ComplementoFonteRecurso] => 
            [NaturezaReceita] => 
            [NaturezaDespesa] => 3.1.90.16.01
            [FuncaoSubfuncao] => 10.302
            [AnoInscricaoRestosAPagar] => 
            [DespesasMDEeASPS] => 
        )

    [934] => Array
        (
            [ContaContabil] => 6.2.2.1.3.01.00
            [Valor] => 203.17
            [ValorF] => 203,17
            [TipoValor] => beginning_balance
            [NaturezaValor] => C
            [PoderOrgao] => 10131
            [FinanceiroPermanente] => 
            [DividaConsolidada] => 
            [FonteRecurso] => 1.211.0000
            [ComplementoFonteRecurso] => 
            [NaturezaReceita] => 
            [NaturezaDespesa] => 3.1.90.16.01
            [FuncaoSubfuncao] => 10.305
            [AnoInscricaoRestosAPagar] => 
            [DespesasMDEeASPS] => 
        )

    [935] => Array
        (
            [ContaContabil] => 6.2.2.1.3.01.00
            [Valor] => 203.17
            [ValorF] => 203,17
            [TipoValor] => beginning_balance
            [NaturezaValor] => D
            [PoderOrgao] => 10131
            [FinanceiroPermanente] => 
            [DividaConsolidada] => 
            [FonteRecurso] => 1.211.0000
            [ComplementoFonteRecurso] => 
            [NaturezaReceita] => 
            [NaturezaDespesa] => 3.1.90.16.01
            [FuncaoSubfuncao] => 10.305
            [AnoInscricaoRestosAPagar] => 
            [DespesasMDEeASPS] => 
        )

    [936] => Array
        (
            [ContaContabil] => 6.2.2.1.3.01.00
            [Valor] => 203.17
            [ValorF] => 203,17
            [TipoValor] => ending_balance
            [NaturezaValor] => C
            [PoderOrgao] => 10131
            [FinanceiroPermanente] => 
            [DividaConsolidada] => 
            [FonteRecurso] => 1.211.0000
            [ComplementoFonteRecurso] => 
            [NaturezaReceita] => 
            [NaturezaDespesa] => 3.1.90.16.01
            [FuncaoSubfuncao] => 10.305
            [AnoInscricaoRestosAPagar] => 
            [DespesasMDEeASPS] => 
        )

    [937] => Array
        (
            [ContaContabil] => 6.2.2.1.3.01.00
            [Valor] => 203.17
            [ValorF] => 203,17
            [TipoValor] => ending_balance
            [NaturezaValor] => D
            [PoderOrgao] => 10131
            [FinanceiroPermanente] => 
            [DividaConsolidada] => 
            [FonteRecurso] => 1.211.0000
            [ComplementoFonteRecurso] => 
            [NaturezaReceita] => 
            [NaturezaDespesa] => 3.1.90.16.01
            [FuncaoSubfuncao] => 10.305
            [AnoInscricaoRestosAPagar] => 
            [DespesasMDEeASPS] => 
        )

    [938] => Array
        (
            [ContaContabil] => 6.2.2.1.3.01.00
            [Valor] => 37596.91
            [ValorF] => 37.596,91
            [TipoValor] => beginning_balance
            [NaturezaValor] => C
            [PoderOrgao] => 10131
            [FinanceiroPermanente] => 
            [DividaConsolidada] => 
            [FonteRecurso] => 1.211.0000
            [ComplementoFonteRecurso] => 
            [NaturezaReceita] => 
            [NaturezaDespesa] => 3.1.90.16.01
            [FuncaoSubfuncao] => 10.785
            [AnoInscricaoRestosAPagar] => 
            [DespesasMDEeASPS] => 
        )

    [939] => Array
        (
            [ContaContabil] => 6.2.2.1.3.01.00
            [Valor] => 37596.91
            [ValorF] => 37.596,91
            [TipoValor] => beginning_balance
            [NaturezaValor] => D
            [PoderOrgao] => 10131
            [FinanceiroPermanente] => 
            [DividaConsolidada] => 
            [FonteRecurso] => 1.211.0000
            [ComplementoFonteRecurso] => 
            [NaturezaReceita] => 
            [NaturezaDespesa] => 3.1.90.16.01
            [FuncaoSubfuncao] => 10.785
            [AnoInscricaoRestosAPagar] => 
            [DespesasMDEeASPS] => 
        )

    [940] => Array
        (
            [ContaContabil] => 6.2.2.1.3.01.00
            [Valor] => 42383.47
            [ValorF] => 42.383,47
            [TipoValor] => ending_balance
            [NaturezaValor] => C
            [PoderOrgao] => 10131
            [FinanceiroPermanente] => 
            [DividaConsolidada] => 
            [FonteRecurso] => 1.211.0000
            [ComplementoFonteRecurso] => 
            [NaturezaReceita] => 
            [NaturezaDespesa] => 3.1.90.16.01
            [FuncaoSubfuncao] => 10.785
            [AnoInscricaoRestosAPagar] => 
            [DespesasMDEeASPS] => 
        )

    [941] => Array
        (
            [ContaContabil] => 6.2.2.1.3.01.00
            [Valor] => 42383.47
            [ValorF] => 42.383,47
            [TipoValor] => ending_balance
            [NaturezaValor] => D
            [PoderOrgao] => 10131
            [FinanceiroPermanente] => 
            [DividaConsolidada] => 
            [FonteRecurso] => 1.211.0000
            [ComplementoFonteRecurso] => 
            [NaturezaReceita] => 
            [NaturezaDespesa] => 3.1.90.16.01
            [FuncaoSubfuncao] => 10.785
            [AnoInscricaoRestosAPagar] => 
            [DespesasMDEeASPS] => 
        )

    [942] => Array
        (
            [ContaContabil] => 6.2.2.1.3.01.00
            [Valor] => 4786.56
            [ValorF] => 4.786,56
            [TipoValor] => period_change
            [NaturezaValor] => C
            [PoderOrgao] => 10131
            [FinanceiroPermanente] => 
            [DividaConsolidada] => 
            [FonteRecurso] => 1.211.0000
            [ComplementoFonteRecurso] => 
            [NaturezaReceita] => 
            [NaturezaDespesa] => 3.1.90.16.01
            [FuncaoSubfuncao] => 10.785
            [AnoInscricaoRestosAPagar] => 
            [DespesasMDEeASPS] => 
        )

    [943] => Array
        (
            [ContaContabil] => 6.2.2.1.3.01.00
            [Valor] => 4786.56
            [ValorF] => 4.786,56
            [TipoValor] => period_change
            [NaturezaValor] => D
            [PoderOrgao] => 10131
            [FinanceiroPermanente] => 
            [DividaConsolidada] => 
            [FonteRecurso] => 1.211.0000
            [ComplementoFonteRecurso] => 
            [NaturezaReceita] => 
            [NaturezaDespesa] => 3.1.90.16.01
            [FuncaoSubfuncao] => 10.785
            [AnoInscricaoRestosAPagar] => 
            [DespesasMDEeASPS] => 
        )

    [944] => Array
        (
            [ContaContabil] => 6.2.2.1.3.01.00
            [Valor] => 2706.17
            [ValorF] => 2.706,17
            [TipoValor] => beginning_balance
            [NaturezaValor] => C
            [PoderOrgao] => 10131
            [FinanceiroPermanente] => 
            [DividaConsolidada] => 
            [FonteRecurso] => 1.214.0000
            [ComplementoFonteRecurso] => 
            [NaturezaReceita] => 
            [NaturezaDespesa] => 3.1.90.16.01
            [FuncaoSubfuncao] => 10.301
            [AnoInscricaoRestosAPagar] => 
            [DespesasMDEeASPS] => 
        )

    [945] => Array
        (
            [ContaContabil] => 6.2.2.1.3.01.00
            [Valor] => 2706.17
            [ValorF] => 2.706,17
            [TipoValor] => beginning_balance
            [NaturezaValor] => D
            [PoderOrgao] => 10131
            [FinanceiroPermanente] => 
            [DividaConsolidada] => 
            [FonteRecurso] => 1.214.0000
            [ComplementoFonteRecurso] => 
            [NaturezaReceita] => 
            [NaturezaDespesa] => 3.1.90.16.01
            [FuncaoSubfuncao] => 10.301
            [AnoInscricaoRestosAPagar] => 
            [DespesasMDEeASPS] => 
        )

    [946] => Array
        (
            [ContaContabil] => 6.2.2.1.3.01.00
            [Valor] => 2706.17
            [ValorF] => 2.706,17
            [TipoValor] => ending_balance
            [NaturezaValor] => C
            [PoderOrgao] => 10131
            [FinanceiroPermanente] => 
            [DividaConsolidada] => 
            [FonteRecurso] => 1.214.0000
            [ComplementoFonteRecurso] => 
            [NaturezaReceita] => 
            [NaturezaDespesa] => 3.1.90.16.01
            [FuncaoSubfuncao] => 10.301
            [AnoInscricaoRestosAPagar] => 
            [DespesasMDEeASPS] => 
        )

    [947] => Array
        (
            [ContaContabil] => 6.2.2.1.3.01.00
            [Valor] => 2706.17
            [ValorF] => 2.706,17
            [TipoValor] => ending_balance
            [NaturezaValor] => D
            [PoderOrgao] => 10131
            [FinanceiroPermanente] => 
            [DividaConsolidada] => 
            [FonteRecurso] => 1.214.0000
            [ComplementoFonteRecurso] => 
            [NaturezaReceita] => 
            [NaturezaDespesa] => 3.1.90.16.01
            [FuncaoSubfuncao] => 10.301
            [AnoInscricaoRestosAPagar] => 
            [DespesasMDEeASPS] => 
        )

    [948] => Array
        (
            [ContaContabil] => 6.2.2.1.3.01.00
            [Valor] => 8360.32
            [ValorF] => 8.360,32
            [TipoValor] => beginning_balance
            [NaturezaValor] => C
            [PoderOrgao] => 10131
            [FinanceiroPermanente] => 
            [DividaConsolidada] => 
            [FonteRecurso] => 1.211.0000
            [ComplementoFonteRecurso] => 
            [NaturezaReceita] => 
            [NaturezaDespesa] => 3.1.90.94.09
            [FuncaoSubfuncao] => 10.122
            [AnoInscricaoRestosAPagar] => 
            [DespesasMDEeASPS] => 
        )

    [949] => Array
        (
            [ContaContabil] => 6.2.2.1.3.01.00
            [Valor] => 8360.32
            [ValorF] => 8.360,32
            [TipoValor] => beginning_balance
            [NaturezaValor] => D
            [PoderOrgao] => 10131
            [FinanceiroPermanente] => 
            [DividaConsolidada] => 
            [FonteRecurso] => 1.211.0000
            [ComplementoFonteRecurso] => 
            [NaturezaReceita] => 
            [NaturezaDespesa] => 3.1.90.94.09
            [FuncaoSubfuncao] => 10.122
            [AnoInscricaoRestosAPagar] => 
            [DespesasMDEeASPS] => 
        )

    [950] => Array
        (
            [ContaContabil] => 6.2.2.1.3.01.00
            [Valor] => 8360.32
            [ValorF] => 8.360,32
            [TipoValor] => ending_balance
            [NaturezaValor] => C
            [PoderOrgao] => 10131
            [FinanceiroPermanente] => 
            [DividaConsolidada] => 
            [FonteRecurso] => 1.211.0000
            [ComplementoFonteRecurso] => 
            [NaturezaReceita] => 
            [NaturezaDespesa] => 3.1.90.94.09
            [FuncaoSubfuncao] => 10.122
            [AnoInscricaoRestosAPagar] => 
            [DespesasMDEeASPS] => 
        )

    [951] => Array
        (
            [ContaContabil] => 6.2.2.1.3.01.00
            [Valor] => 8360.32
            [ValorF] => 8.360,32
            [TipoValor] => ending_balance
            [NaturezaValor] => D
            [PoderOrgao] => 10131
            [FinanceiroPermanente] => 
            [DividaConsolidada] => 
            [FonteRecurso] => 1.211.0000
            [ComplementoFonteRecurso] => 
            [NaturezaReceita] => 
            [NaturezaDespesa] => 3.1.90.94.09
            [FuncaoSubfuncao] => 10.122
            [AnoInscricaoRestosAPagar] => 
            [DespesasMDEeASPS] => 
        )

    [952] => Array
        (
            [ContaContabil] => 6.2.2.1.3.01.00
            [Valor] => 5084.15
            [ValorF] => 5.084,15
            [TipoValor] => beginning_balance
            [NaturezaValor] => C
            [PoderOrgao] => 10131
            [FinanceiroPermanente] => 
            [DividaConsolidada] => 
            [FonteRecurso] => 1.211.0000
            [ComplementoFonteRecurso] => 
            [NaturezaReceita] => 
            [NaturezaDespesa] => 3.1.90.94.09
            [FuncaoSubfuncao] => 10.301
            [AnoInscricaoRestosAPagar] => 
            [DespesasMDEeASPS] => 
        )

    [953] => Array
        (
            [ContaContabil] => 6.2.2.1.3.01.00
            [Valor] => 5084.15
            [ValorF] => 5.084,15
            [TipoValor] => beginning_balance
            [NaturezaValor] => D
            [PoderOrgao] => 10131
            [FinanceiroPermanente] => 
            [DividaConsolidada] => 
            [FonteRecurso] => 1.211.0000
            [ComplementoFonteRecurso] => 
            [NaturezaReceita] => 
            [NaturezaDespesa] => 3.1.90.94.09
            [FuncaoSubfuncao] => 10.301
            [AnoInscricaoRestosAPagar] => 
            [DespesasMDEeASPS] => 
        )

    [954] => Array
        (
            [ContaContabil] => 6.2.2.1.3.01.00
            [Valor] => 5084.15
            [ValorF] => 5.084,15
            [TipoValor] => ending_balance
            [NaturezaValor] => C
            [PoderOrgao] => 10131
            [FinanceiroPermanente] => 
            [DividaConsolidada] => 
            [FonteRecurso] => 1.211.0000
            [ComplementoFonteRecurso] => 
            [NaturezaReceita] => 
            [NaturezaDespesa] => 3.1.90.94.09
            [FuncaoSubfuncao] => 10.301
            [AnoInscricaoRestosAPagar] => 
            [DespesasMDEeASPS] => 
        )

    [955] => Array
        (
            [ContaContabil] => 6.2.2.1.3.01.00
            [Valor] => 5084.15
            [ValorF] => 5.084,15
            [TipoValor] => ending_balance
            [NaturezaValor] => D
            [PoderOrgao] => 10131
            [FinanceiroPermanente] => 
            [DividaConsolidada] => 
            [FonteRecurso] => 1.211.0000
            [ComplementoFonteRecurso] => 
            [NaturezaReceita] => 
            [NaturezaDespesa] => 3.1.90.94.09
            [FuncaoSubfuncao] => 10.301
            [AnoInscricaoRestosAPagar] => 
            [DespesasMDEeASPS] => 
        )

    [956] => Array
        (
            [ContaContabil] => 6.2.2.1.3.01.00
            [Valor] => 13547.12
            [ValorF] => 13.547,12
            [TipoValor] => beginning_balance
            [NaturezaValor] => C
            [PoderOrgao] => 10131
            [FinanceiroPermanente] => 
            [DividaConsolidada] => 
            [FonteRecurso] => 1.211.0000
            [ComplementoFonteRecurso] => 
            [NaturezaReceita] => 
            [NaturezaDespesa] => 3.1.90.94.09
            [FuncaoSubfuncao] => 10.302
            [AnoInscricaoRestosAPagar] => 
            [DespesasMDEeASPS] => 
        )

    [957] => Array
        (
            [ContaContabil] => 6.2.2.1.3.01.00
            [Valor] => 13547.12
            [ValorF] => 13.547,12
            [TipoValor] => beginning_balance
            [NaturezaValor] => D
            [PoderOrgao] => 10131
            [FinanceiroPermanente] => 
            [DividaConsolidada] => 
            [FonteRecurso] => 1.211.0000
            [ComplementoFonteRecurso] => 
            [NaturezaReceita] => 
            [NaturezaDespesa] => 3.1.90.94.09
            [FuncaoSubfuncao] => 10.302
            [AnoInscricaoRestosAPagar] => 
            [DespesasMDEeASPS] => 
        )

    [958] => Array
        (
            [ContaContabil] => 6.2.2.1.3.01.00
            [Valor] => 13547.12
            [ValorF] => 13.547,12
            [TipoValor] => ending_balance
            [NaturezaValor] => C
            [PoderOrgao] => 10131
            [FinanceiroPermanente] => 
            [DividaConsolidada] => 
            [FonteRecurso] => 1.211.0000
            [ComplementoFonteRecurso] => 
            [NaturezaReceita] => 
            [NaturezaDespesa] => 3.1.90.94.09
            [FuncaoSubfuncao] => 10.302
            [AnoInscricaoRestosAPagar] => 
            [DespesasMDEeASPS] => 
        )

    [959] => Array
        (
            [ContaContabil] => 6.2.2.1.3.01.00
            [Valor] => 13547.12
            [ValorF] => 13.547,12
            [TipoValor] => ending_balance
            [NaturezaValor] => D
            [PoderOrgao] => 10131
            [FinanceiroPermanente] => 
            [DividaConsolidada] => 
            [FonteRecurso] => 1.211.0000
            [ComplementoFonteRecurso] => 
            [NaturezaReceita] => 
            [NaturezaDespesa] => 3.1.90.94.09
            [FuncaoSubfuncao] => 10.302
            [AnoInscricaoRestosAPagar] => 
            [DespesasMDEeASPS] => 
        )

    [960] => Array
        (
            [ContaContabil] => 6.2.2.1.3.01.00
            [Valor] => 14424.7
            [ValorF] => 14.424,70
            [TipoValor] => beginning_balance
            [NaturezaValor] => C
            [PoderOrgao] => 10131
            [FinanceiroPermanente] => 
            [DividaConsolidada] => 
            [FonteRecurso] => 1.211.0000
            [ComplementoFonteRecurso] => 
            [NaturezaReceita] => 
            [NaturezaDespesa] => 3.1.91.13.01
            [FuncaoSubfuncao] => 10.122
            [AnoInscricaoRestosAPagar] => 
            [DespesasMDEeASPS] => 
        )

    [961] => Array
        (
            [ContaContabil] => 6.2.2.1.3.01.00
            [Valor] => 14424.7
            [ValorF] => 14.424,70
            [TipoValor] => beginning_balance
            [NaturezaValor] => D
            [PoderOrgao] => 10131
            [FinanceiroPermanente] => 
            [DividaConsolidada] => 
            [FonteRecurso] => 1.211.0000
            [ComplementoFonteRecurso] => 
            [NaturezaReceita] => 
            [NaturezaDespesa] => 3.1.91.13.01
            [FuncaoSubfuncao] => 10.122
            [AnoInscricaoRestosAPagar] => 
            [DespesasMDEeASPS] => 
        )

    [962] => Array
        (
            [ContaContabil] => 6.2.2.1.3.01.00
            [Valor] => 16647
            [ValorF] => 16.647,00
            [TipoValor] => ending_balance
            [NaturezaValor] => C
            [PoderOrgao] => 10131
            [FinanceiroPermanente] => 
            [DividaConsolidada] => 
            [FonteRecurso] => 1.211.0000
            [ComplementoFonteRecurso] => 
            [NaturezaReceita] => 
            [NaturezaDespesa] => 3.1.91.13.01
            [FuncaoSubfuncao] => 10.122
            [AnoInscricaoRestosAPagar] => 
            [DespesasMDEeASPS] => 
        )

    [963] => Array
        (
            [ContaContabil] => 6.2.2.1.3.01.00
            [Valor] => 16647
            [ValorF] => 16.647,00
            [TipoValor] => ending_balance
            [NaturezaValor] => D
            [PoderOrgao] => 10131
            [FinanceiroPermanente] => 
            [DividaConsolidada] => 
            [FonteRecurso] => 1.211.0000
            [ComplementoFonteRecurso] => 
            [NaturezaReceita] => 
            [NaturezaDespesa] => 3.1.91.13.01
            [FuncaoSubfuncao] => 10.122
            [AnoInscricaoRestosAPagar] => 
            [DespesasMDEeASPS] => 
        )

    [964] => Array
        (
            [ContaContabil] => 6.2.2.1.3.01.00
            [Valor] => 2222.3
            [ValorF] => 2.222,30
            [TipoValor] => period_change
            [NaturezaValor] => C
            [PoderOrgao] => 10131
            [FinanceiroPermanente] => 
            [DividaConsolidada] => 
            [FonteRecurso] => 1.211.0000
            [ComplementoFonteRecurso] => 
            [NaturezaReceita] => 
            [NaturezaDespesa] => 3.1.91.13.01
            [FuncaoSubfuncao] => 10.122
            [AnoInscricaoRestosAPagar] => 
            [DespesasMDEeASPS] => 
        )

    [965] => Array
        (
            [ContaContabil] => 6.2.2.1.3.01.00
            [Valor] => 2222.3
            [ValorF] => 2.222,30
            [TipoValor] => period_change
            [NaturezaValor] => D
            [PoderOrgao] => 10131
            [FinanceiroPermanente] => 
            [DividaConsolidada] => 
            [FonteRecurso] => 1.211.0000
            [ComplementoFonteRecurso] => 
            [NaturezaReceita] => 
            [NaturezaDespesa] => 3.1.91.13.01
            [FuncaoSubfuncao] => 10.122
            [AnoInscricaoRestosAPagar] => 
            [DespesasMDEeASPS] => 
        )

    [966] => Array
        (
            [ContaContabil] => 6.2.2.1.3.01.00
            [Valor] => 63483.47
            [ValorF] => 63.483,47
            [TipoValor] => beginning_balance
            [NaturezaValor] => C
            [PoderOrgao] => 10131
            [FinanceiroPermanente] => 
            [DividaConsolidada] => 
            [FonteRecurso] => 1.211.0000
            [ComplementoFonteRecurso] => 
            [NaturezaReceita] => 
            [NaturezaDespesa] => 3.1.91.13.01
            [FuncaoSubfuncao] => 10.301
            [AnoInscricaoRestosAPagar] => 
            [DespesasMDEeASPS] => 
        )

    [967] => Array
        (
            [ContaContabil] => 6.2.2.1.3.01.00
            [Valor] => 63483.47
            [ValorF] => 63.483,47
            [TipoValor] => beginning_balance
            [NaturezaValor] => D
            [PoderOrgao] => 10131
            [FinanceiroPermanente] => 
            [DividaConsolidada] => 
            [FonteRecurso] => 1.211.0000
            [ComplementoFonteRecurso] => 
            [NaturezaReceita] => 
            [NaturezaDespesa] => 3.1.91.13.01
            [FuncaoSubfuncao] => 10.301
            [AnoInscricaoRestosAPagar] => 
            [DespesasMDEeASPS] => 
        )

    [968] => Array
        (
            [ContaContabil] => 6.2.2.1.3.01.00
            [Valor] => 72510.72
            [ValorF] => 72.510,72
            [TipoValor] => ending_balance
            [NaturezaValor] => C
            [PoderOrgao] => 10131
            [FinanceiroPermanente] => 
            [DividaConsolidada] => 
            [FonteRecurso] => 1.211.0000
            [ComplementoFonteRecurso] => 
            [NaturezaReceita] => 
            [NaturezaDespesa] => 3.1.91.13.01
            [FuncaoSubfuncao] => 10.301
            [AnoInscricaoRestosAPagar] => 
            [DespesasMDEeASPS] => 
        )

    [969] => Array
        (
            [ContaContabil] => 6.2.2.1.3.01.00
            [Valor] => 72510.72
            [ValorF] => 72.510,72
            [TipoValor] => ending_balance
            [NaturezaValor] => D
            [PoderOrgao] => 10131
            [FinanceiroPermanente] => 
            [DividaConsolidada] => 
            [FonteRecurso] => 1.211.0000
            [ComplementoFonteRecurso] => 
            [NaturezaReceita] => 
            [NaturezaDespesa] => 3.1.91.13.01
            [FuncaoSubfuncao] => 10.301
            [AnoInscricaoRestosAPagar] => 
            [DespesasMDEeASPS] => 
        )

    [970] => Array
        (
            [ContaContabil] => 6.2.2.1.3.01.00
            [Valor] => 9027.25
            [ValorF] => 9.027,25
            [TipoValor] => period_change
            [NaturezaValor] => C
            [PoderOrgao] => 10131
            [FinanceiroPermanente] => 
            [DividaConsolidada] => 
            [FonteRecurso] => 1.211.0000
            [ComplementoFonteRecurso] => 
            [NaturezaReceita] => 
            [NaturezaDespesa] => 3.1.91.13.01
            [FuncaoSubfuncao] => 10.301
            [AnoInscricaoRestosAPagar] => 
            [DespesasMDEeASPS] => 
        )

    [971] => Array
        (
            [ContaContabil] => 6.2.2.1.3.01.00
            [Valor] => 9027.25
            [ValorF] => 9.027,25
            [TipoValor] => period_change
            [NaturezaValor] => D
            [PoderOrgao] => 10131
            [FinanceiroPermanente] => 
            [DividaConsolidada] => 
            [FonteRecurso] => 1.211.0000
            [ComplementoFonteRecurso] => 
            [NaturezaReceita] => 
            [NaturezaDespesa] => 3.1.91.13.01
            [FuncaoSubfuncao] => 10.301
            [AnoInscricaoRestosAPagar] => 
            [DespesasMDEeASPS] => 
        )

    [972] => Array
        (
            [ContaContabil] => 6.2.2.1.3.01.00
            [Valor] => 66701.65
            [ValorF] => 66.701,65
            [TipoValor] => beginning_balance
            [NaturezaValor] => C
            [PoderOrgao] => 10131
            [FinanceiroPermanente] => 
            [DividaConsolidada] => 
            [FonteRecurso] => 1.211.0000
            [ComplementoFonteRecurso] => 
            [NaturezaReceita] => 
            [NaturezaDespesa] => 3.1.91.13.01
            [FuncaoSubfuncao] => 10.302
            [AnoInscricaoRestosAPagar] => 
            [DespesasMDEeASPS] => 
        )

    [973] => Array
        (
            [ContaContabil] => 6.2.2.1.3.01.00
            [Valor] => 66701.65
            [ValorF] => 66.701,65
            [TipoValor] => beginning_balance
            [NaturezaValor] => D
            [PoderOrgao] => 10131
            [FinanceiroPermanente] => 
            [DividaConsolidada] => 
            [FonteRecurso] => 1.211.0000
            [ComplementoFonteRecurso] => 
            [NaturezaReceita] => 
            [NaturezaDespesa] => 3.1.91.13.01
            [FuncaoSubfuncao] => 10.302
            [AnoInscricaoRestosAPagar] => 
            [DespesasMDEeASPS] => 
        )

    [974] => Array
        (
            [ContaContabil] => 6.2.2.1.3.01.00
            [Valor] => 73038.74
            [ValorF] => 73.038,74
            [TipoValor] => ending_balance
            [NaturezaValor] => C
            [PoderOrgao] => 10131
            [FinanceiroPermanente] => 
            [DividaConsolidada] => 
            [FonteRecurso] => 1.211.0000
            [ComplementoFonteRecurso] => 
            [NaturezaReceita] => 
            [NaturezaDespesa] => 3.1.91.13.01
            [FuncaoSubfuncao] => 10.302
            [AnoInscricaoRestosAPagar] => 
            [DespesasMDEeASPS] => 
        )

    [975] => Array
        (
            [ContaContabil] => 6.2.2.1.3.01.00
            [Valor] => 73038.74
            [ValorF] => 73.038,74
            [TipoValor] => ending_balance
            [NaturezaValor] => D
            [PoderOrgao] => 10131
            [FinanceiroPermanente] => 
            [DividaConsolidada] => 
            [FonteRecurso] => 1.211.0000
            [ComplementoFonteRecurso] => 
            [NaturezaReceita] => 
            [NaturezaDespesa] => 3.1.91.13.01
            [FuncaoSubfuncao] => 10.302
            [AnoInscricaoRestosAPagar] => 
            [DespesasMDEeASPS] => 
        )

    [976] => Array
        (
            [ContaContabil] => 6.2.2.1.3.01.00
            [Valor] => 6337.09
            [ValorF] => 6.337,09
            [TipoValor] => period_change
            [NaturezaValor] => C
            [PoderOrgao] => 10131
            [FinanceiroPermanente] => 
            [DividaConsolidada] => 
            [FonteRecurso] => 1.211.0000
            [ComplementoFonteRecurso] => 
            [NaturezaReceita] => 
            [NaturezaDespesa] => 3.1.91.13.01
            [FuncaoSubfuncao] => 10.302
            [AnoInscricaoRestosAPagar] => 
            [DespesasMDEeASPS] => 
        )

    [977] => Array
        (
            [ContaContabil] => 6.2.2.1.3.01.00
            [Valor] => 6337.09
            [ValorF] => 6.337,09
            [TipoValor] => period_change
            [NaturezaValor] => D
            [PoderOrgao] => 10131
            [FinanceiroPermanente] => 
            [DividaConsolidada] => 
            [FonteRecurso] => 1.211.0000
            [ComplementoFonteRecurso] => 
            [NaturezaReceita] => 
            [NaturezaDespesa] => 3.1.91.13.01
            [FuncaoSubfuncao] => 10.302
            [AnoInscricaoRestosAPagar] => 
            [DespesasMDEeASPS] => 
        )

    [978] => Array
        (
            [ContaContabil] => 6.2.2.1.3.01.00
            [Valor] => 8601.86
            [ValorF] => 8.601,86
            [TipoValor] => beginning_balance
            [NaturezaValor] => C
            [PoderOrgao] => 10131
            [FinanceiroPermanente] => 
            [DividaConsolidada] => 
            [FonteRecurso] => 1.211.0000
            [ComplementoFonteRecurso] => 
            [NaturezaReceita] => 
            [NaturezaDespesa] => 3.1.91.13.01
            [FuncaoSubfuncao] => 10.305
            [AnoInscricaoRestosAPagar] => 
            [DespesasMDEeASPS] => 
        )

    [979] => Array
        (
            [ContaContabil] => 6.2.2.1.3.01.00
            [Valor] => 8601.86
            [ValorF] => 8.601,86
            [TipoValor] => beginning_balance
            [NaturezaValor] => D
            [PoderOrgao] => 10131
            [FinanceiroPermanente] => 
            [DividaConsolidada] => 
            [FonteRecurso] => 1.211.0000
            [ComplementoFonteRecurso] => 
            [NaturezaReceita] => 
            [NaturezaDespesa] => 3.1.91.13.01
            [FuncaoSubfuncao] => 10.305
            [AnoInscricaoRestosAPagar] => 
            [DespesasMDEeASPS] => 
        )

    [980] => Array
        (
            [ContaContabil] => 6.2.2.1.3.01.00
            [Valor] => 9754.17
            [ValorF] => 9.754,17
            [TipoValor] => ending_balance
            [NaturezaValor] => C
            [PoderOrgao] => 10131
            [FinanceiroPermanente] => 
            [DividaConsolidada] => 
            [FonteRecurso] => 1.211.0000
            [ComplementoFonteRecurso] => 
            [NaturezaReceita] => 
            [NaturezaDespesa] => 3.1.91.13.01
            [FuncaoSubfuncao] => 10.305
            [AnoInscricaoRestosAPagar] => 
            [DespesasMDEeASPS] => 
        )

    [981] => Array
        (
            [ContaContabil] => 6.2.2.1.3.01.00
            [Valor] => 9754.17
            [ValorF] => 9.754,17
            [TipoValor] => ending_balance
            [NaturezaValor] => D
            [PoderOrgao] => 10131
            [FinanceiroPermanente] => 
            [DividaConsolidada] => 
            [FonteRecurso] => 1.211.0000
            [ComplementoFonteRecurso] => 
            [NaturezaReceita] => 
            [NaturezaDespesa] => 3.1.91.13.01
            [FuncaoSubfuncao] => 10.305
            [AnoInscricaoRestosAPagar] => 
            [DespesasMDEeASPS] => 
        )

    [982] => Array
        (
            [ContaContabil] => 6.2.2.1.3.01.00
            [Valor] => 1152.31
            [ValorF] => 1.152,31
            [TipoValor] => period_change
            [NaturezaValor] => C
            [PoderOrgao] => 10131
            [FinanceiroPermanente] => 
            [DividaConsolidada] => 
            [FonteRecurso] => 1.211.0000
            [ComplementoFonteRecurso] => 
            [NaturezaReceita] => 
            [NaturezaDespesa] => 3.1.91.13.01
            [FuncaoSubfuncao] => 10.305
            [AnoInscricaoRestosAPagar] => 
            [DespesasMDEeASPS] => 
        )

    [983] => Array
        (
            [ContaContabil] => 6.2.2.1.3.01.00
            [Valor] => 1152.31
            [ValorF] => 1.152,31
            [TipoValor] => period_change
            [NaturezaValor] => D
            [PoderOrgao] => 10131
            [FinanceiroPermanente] => 
            [DividaConsolidada] => 
            [FonteRecurso] => 1.211.0000
            [ComplementoFonteRecurso] => 
            [NaturezaReceita] => 
            [NaturezaDespesa] => 3.1.91.13.01
            [FuncaoSubfuncao] => 10.305
            [AnoInscricaoRestosAPagar] => 
            [DespesasMDEeASPS] => 
        )

    [984] => Array
        (
            [ContaContabil] => 6.2.2.1.3.01.00
            [Valor] => 18376.41
            [ValorF] => 18.376,41
            [TipoValor] => beginning_balance
            [NaturezaValor] => C
            [PoderOrgao] => 10131
            [FinanceiroPermanente] => 
            [DividaConsolidada] => 
            [FonteRecurso] => 1.211.0000
            [ComplementoFonteRecurso] => 
            [NaturezaReceita] => 
            [NaturezaDespesa] => 3.1.91.13.01
            [FuncaoSubfuncao] => 10.785
            [AnoInscricaoRestosAPagar] => 
            [DespesasMDEeASPS] => 
        )

    [985] => Array
        (
            [ContaContabil] => 6.2.2.1.3.01.00
            [Valor] => 18376.41
            [ValorF] => 18.376,41
            [TipoValor] => beginning_balance
            [NaturezaValor] => D
            [PoderOrgao] => 10131
            [FinanceiroPermanente] => 
            [DividaConsolidada] => 
            [FonteRecurso] => 1.211.0000
            [ComplementoFonteRecurso] => 
            [NaturezaReceita] => 
            [NaturezaDespesa] => 3.1.91.13.01
            [FuncaoSubfuncao] => 10.785
            [AnoInscricaoRestosAPagar] => 
            [DespesasMDEeASPS] => 
        )

    [986] => Array
        (
            [ContaContabil] => 6.2.2.1.3.01.00
            [Valor] => 20864.14
            [ValorF] => 20.864,14
            [TipoValor] => ending_balance
            [NaturezaValor] => C
            [PoderOrgao] => 10131
            [FinanceiroPermanente] => 
            [DividaConsolidada] => 
            [FonteRecurso] => 1.211.0000
            [ComplementoFonteRecurso] => 
            [NaturezaReceita] => 
            [NaturezaDespesa] => 3.1.91.13.01
            [FuncaoSubfuncao] => 10.785
            [AnoInscricaoRestosAPagar] => 
            [DespesasMDEeASPS] => 
        )

    [987] => Array
        (
            [ContaContabil] => 6.2.2.1.3.01.00
            [Valor] => 20864.14
            [ValorF] => 20.864,14
            [TipoValor] => ending_balance
            [NaturezaValor] => D
            [PoderOrgao] => 10131
            [FinanceiroPermanente] => 
            [DividaConsolidada] => 
            [FonteRecurso] => 1.211.0000
            [ComplementoFonteRecurso] => 
            [NaturezaReceita] => 
            [NaturezaDespesa] => 3.1.91.13.01
            [FuncaoSubfuncao] => 10.785
            [AnoInscricaoRestosAPagar] => 
            [DespesasMDEeASPS] => 
        )

    [988] => Array
        (
            [ContaContabil] => 6.2.2.1.3.01.00
            [Valor] => 2487.73
            [ValorF] => 2.487,73
            [TipoValor] => period_change
            [NaturezaValor] => C
            [PoderOrgao] => 10131
            [FinanceiroPermanente] => 
            [DividaConsolidada] => 
            [FonteRecurso] => 1.211.0000
            [ComplementoFonteRecurso] => 
            [NaturezaReceita] => 
            [NaturezaDespesa] => 3.1.91.13.01
            [FuncaoSubfuncao] => 10.785
            [AnoInscricaoRestosAPagar] => 
            [DespesasMDEeASPS] => 
        )

    [989] => Array
        (
            [ContaContabil] => 6.2.2.1.3.01.00
            [Valor] => 2487.73
            [ValorF] => 2.487,73
            [TipoValor] => period_change
            [NaturezaValor] => D
            [PoderOrgao] => 10131
            [FinanceiroPermanente] => 
            [DividaConsolidada] => 
            [FonteRecurso] => 1.211.0000
            [ComplementoFonteRecurso] => 
            [NaturezaReceita] => 
            [NaturezaDespesa] => 3.1.91.13.01
            [FuncaoSubfuncao] => 10.785
            [AnoInscricaoRestosAPagar] => 
            [DespesasMDEeASPS] => 
        )

    [990] => Array
        (
            [ContaContabil] => 6.2.2.1.3.01.00
            [Valor] => 54000
            [ValorF] => 54.000,00
            [TipoValor] => beginning_balance
            [NaturezaValor] => C
            [PoderOrgao] => 10131
            [FinanceiroPermanente] => 
            [DividaConsolidada] => 
            [FonteRecurso] => 1.211.0000
            [ComplementoFonteRecurso] => 
            [NaturezaReceita] => 
            [NaturezaDespesa] => 3.3.71.00.00
            [FuncaoSubfuncao] => 10.302
            [AnoInscricaoRestosAPagar] => 
            [DespesasMDEeASPS] => 
        )

    [991] => Array
        (
            [ContaContabil] => 6.2.2.1.3.01.00
            [Valor] => 31086.37
            [ValorF] => 31.086,37
            [TipoValor] => beginning_balance
            [NaturezaValor] => D
            [PoderOrgao] => 10131
            [FinanceiroPermanente] => 
            [DividaConsolidada] => 
            [FonteRecurso] => 1.211.0000
            [ComplementoFonteRecurso] => 
            [NaturezaReceita] => 
            [NaturezaDespesa] => 3.3.71.00.00
            [FuncaoSubfuncao] => 10.302
            [AnoInscricaoRestosAPagar] => 
            [DespesasMDEeASPS] => 
        )

    [992] => Array
        (
            [ContaContabil] => 6.2.2.1.3.01.00
            [Valor] => 54000
            [ValorF] => 54.000,00
            [TipoValor] => ending_balance
            [NaturezaValor] => C
            [PoderOrgao] => 10131
            [FinanceiroPermanente] => 
            [DividaConsolidada] => 
            [FonteRecurso] => 1.211.0000
            [ComplementoFonteRecurso] => 
            [NaturezaReceita] => 
            [NaturezaDespesa] => 3.3.71.00.00
            [FuncaoSubfuncao] => 10.302
            [AnoInscricaoRestosAPagar] => 
            [DespesasMDEeASPS] => 
        )

    [993] => Array
        (
            [ContaContabil] => 6.2.2.1.3.01.00
            [Valor] => 35527.28
            [ValorF] => 35.527,28
            [TipoValor] => ending_balance
            [NaturezaValor] => D
            [PoderOrgao] => 10131
            [FinanceiroPermanente] => 
            [DividaConsolidada] => 
            [FonteRecurso] => 1.211.0000
            [ComplementoFonteRecurso] => 
            [NaturezaReceita] => 
            [NaturezaDespesa] => 3.3.71.00.00
            [FuncaoSubfuncao] => 10.302
            [AnoInscricaoRestosAPagar] => 
            [DespesasMDEeASPS] => 
        )

    [994] => Array
        (
            [ContaContabil] => 6.2.2.1.3.01.00
            [Valor] => 4440.91
            [ValorF] => 4.440,91
            [TipoValor] => period_change
            [NaturezaValor] => D
            [PoderOrgao] => 10131
            [FinanceiroPermanente] => 
            [DividaConsolidada] => 
            [FonteRecurso] => 1.211.0000
            [ComplementoFonteRecurso] => 
            [NaturezaReceita] => 
            [NaturezaDespesa] => 3.3.71.00.00
            [FuncaoSubfuncao] => 10.302
            [AnoInscricaoRestosAPagar] => 
            [DespesasMDEeASPS] => 
        )

    [995] => Array
        (
            [ContaContabil] => 6.2.2.1.3.01.00
            [Valor] => 8751.6
            [ValorF] => 8.751,60
            [TipoValor] => beginning_balance
            [NaturezaValor] => C
            [PoderOrgao] => 10131
            [FinanceiroPermanente] => 
            [DividaConsolidada] => 
            [FonteRecurso] => 1.211.0000
            [ComplementoFonteRecurso] => 
            [NaturezaReceita] => 
            [NaturezaDespesa] => 3.3.71.00.00
            [FuncaoSubfuncao] => 10.303
            [AnoInscricaoRestosAPagar] => 
            [DespesasMDEeASPS] => 
        )

    [996] => Array
        (
            [ContaContabil] => 6.2.2.1.3.01.00
            [Valor] => 5105.1
            [ValorF] => 5.105,10
            [TipoValor] => beginning_balance
            [NaturezaValor] => D
            [PoderOrgao] => 10131
            [FinanceiroPermanente] => 
            [DividaConsolidada] => 
            [FonteRecurso] => 1.211.0000
            [ComplementoFonteRecurso] => 
            [NaturezaReceita] => 
            [NaturezaDespesa] => 3.3.71.00.00
            [FuncaoSubfuncao] => 10.303
            [AnoInscricaoRestosAPagar] => 
            [DespesasMDEeASPS] => 
        )

    [997] => Array
        (
            [ContaContabil] => 6.2.2.1.3.01.00
            [Valor] => 8751.6
            [ValorF] => 8.751,60
            [TipoValor] => ending_balance
            [NaturezaValor] => C
            [PoderOrgao] => 10131
            [FinanceiroPermanente] => 
            [DividaConsolidada] => 
            [FonteRecurso] => 1.211.0000
            [ComplementoFonteRecurso] => 
            [NaturezaReceita] => 
            [NaturezaDespesa] => 3.3.71.00.00
            [FuncaoSubfuncao] => 10.303
            [AnoInscricaoRestosAPagar] => 
            [DespesasMDEeASPS] => 
        )

    [998] => Array
        (
            [ContaContabil] => 6.2.2.1.3.01.00
            [Valor] => 5834.4
            [ValorF] => 5.834,40
            [TipoValor] => ending_balance
            [NaturezaValor] => D
            [PoderOrgao] => 10131
            [FinanceiroPermanente] => 
            [DividaConsolidada] => 
            [FonteRecurso] => 1.211.0000
            [ComplementoFonteRecurso] => 
            [NaturezaReceita] => 
            [NaturezaDespesa] => 3.3.71.00.00
            [FuncaoSubfuncao] => 10.303
            [AnoInscricaoRestosAPagar] => 
            [DespesasMDEeASPS] => 
        )

    [999] => Array
        (
            [ContaContabil] => 6.2.2.1.3.01.00
            [Valor] => 729.3
            [ValorF] => 729,30
            [TipoValor] => period_change
            [NaturezaValor] => D
            [PoderOrgao] => 10131
            [FinanceiroPermanente] => 
            [DividaConsolidada] => 
            [FonteRecurso] => 1.211.0000
            [ComplementoFonteRecurso] => 
            [NaturezaReceita] => 
            [NaturezaDespesa] => 3.3.71.00.00
            [FuncaoSubfuncao] => 10.303
            [AnoInscricaoRestosAPagar] => 
            [DespesasMDEeASPS] => 
        )

    [1000] => Array
        (
            [ContaContabil] => 6.2.2.1.3.01.00
            [Valor] => 12309.45
            [ValorF] => 12.309,45
            [TipoValor] => beginning_balance
            [NaturezaValor] => C
            [PoderOrgao] => 10131
            [FinanceiroPermanente] => 
            [DividaConsolidada] => 
            [FonteRecurso] => 1.214.0000
            [ComplementoFonteRecurso] => 
            [NaturezaReceita] => 
            [NaturezaDespesa] => 3.3.71.00.00
            [FuncaoSubfuncao] => 10.302
            [AnoInscricaoRestosAPagar] => 
            [DespesasMDEeASPS] => 
        )

    [1001] => Array
        (
            [ContaContabil] => 6.2.2.1.3.01.00
            [Valor] => 4103.15
            [ValorF] => 4.103,15
            [TipoValor] => beginning_balance
            [NaturezaValor] => D
            [PoderOrgao] => 10131
            [FinanceiroPermanente] => 
            [DividaConsolidada] => 
            [FonteRecurso] => 1.214.0000
            [ComplementoFonteRecurso] => 
            [NaturezaReceita] => 
            [NaturezaDespesa] => 3.3.71.00.00
            [FuncaoSubfuncao] => 10.302
            [AnoInscricaoRestosAPagar] => 
            [DespesasMDEeASPS] => 
        )

    [1002] => Array
        (
            [ContaContabil] => 6.2.2.1.3.01.00
            [Valor] => 40247.52
            [ValorF] => 40.247,52
            [TipoValor] => ending_balance
            [NaturezaValor] => C
            [PoderOrgao] => 10131
            [FinanceiroPermanente] => 
            [DividaConsolidada] => 
            [FonteRecurso] => 1.214.0000
            [ComplementoFonteRecurso] => 
            [NaturezaReceita] => 
            [NaturezaDespesa] => 3.3.71.00.00
            [FuncaoSubfuncao] => 10.302
            [AnoInscricaoRestosAPagar] => 
            [DespesasMDEeASPS] => 
        )

    [1003] => Array
        (
            [ContaContabil] => 6.2.2.1.3.01.00
            [Valor] => 8206.3
            [ValorF] => 8.206,30
            [TipoValor] => ending_balance
            [NaturezaValor] => D
            [PoderOrgao] => 10131
            [FinanceiroPermanente] => 
            [DividaConsolidada] => 
            [FonteRecurso] => 1.214.0000
            [ComplementoFonteRecurso] => 
            [NaturezaReceita] => 
            [NaturezaDespesa] => 3.3.71.00.00
            [FuncaoSubfuncao] => 10.302
            [AnoInscricaoRestosAPagar] => 
            [DespesasMDEeASPS] => 
        )

    [1004] => Array
        (
            [ContaContabil] => 6.2.2.1.3.01.00
            [Valor] => 27938.07
            [ValorF] => 27.938,07
            [TipoValor] => period_change
            [NaturezaValor] => C
            [PoderOrgao] => 10131
            [FinanceiroPermanente] => 
            [DividaConsolidada] => 
            [FonteRecurso] => 1.214.0000
            [ComplementoFonteRecurso] => 
            [NaturezaReceita] => 
            [NaturezaDespesa] => 3.3.71.00.00
            [FuncaoSubfuncao] => 10.302
            [AnoInscricaoRestosAPagar] => 
            [DespesasMDEeASPS] => 
        )

    [1005] => Array
        (
            [ContaContabil] => 6.2.2.1.3.01.00
            [Valor] => 4103.15
            [ValorF] => 4.103,15
            [TipoValor] => period_change
            [NaturezaValor] => D
            [PoderOrgao] => 10131
            [FinanceiroPermanente] => 
            [DividaConsolidada] => 
            [FonteRecurso] => 1.214.0000
            [ComplementoFonteRecurso] => 
            [NaturezaReceita] => 
            [NaturezaDespesa] => 3.3.71.00.00
            [FuncaoSubfuncao] => 10.302
            [AnoInscricaoRestosAPagar] => 
            [DespesasMDEeASPS] => 
        )

    [1006] => Array
        (
            [ContaContabil] => 6.2.2.1.3.01.00
            [Valor] => 132.42
            [ValorF] => 132,42
            [TipoValor] => beginning_balance
            [NaturezaValor] => C
            [PoderOrgao] => 10131
            [FinanceiroPermanente] => 
            [DividaConsolidada] => 
            [FonteRecurso] => 1.211.0000
            [ComplementoFonteRecurso] => 
            [NaturezaReceita] => 
            [NaturezaDespesa] => 3.3.90.14.01
            [FuncaoSubfuncao] => 10.122
            [AnoInscricaoRestosAPagar] => 
            [DespesasMDEeASPS] => 
        )

    [1007] => Array
        (
            [ContaContabil] => 6.2.2.1.3.01.00
            [Valor] => 132.42
            [ValorF] => 132,42
            [TipoValor] => beginning_balance
            [NaturezaValor] => D
            [PoderOrgao] => 10131
            [FinanceiroPermanente] => 
            [DividaConsolidada] => 
            [FonteRecurso] => 1.211.0000
            [ComplementoFonteRecurso] => 
            [NaturezaReceita] => 
            [NaturezaDespesa] => 3.3.90.14.01
            [FuncaoSubfuncao] => 10.122
            [AnoInscricaoRestosAPagar] => 
            [DespesasMDEeASPS] => 
        )

    [1008] => Array
        (
            [ContaContabil] => 6.2.2.1.3.01.00
            [Valor] => 132.42
            [ValorF] => 132,42
            [TipoValor] => ending_balance
            [NaturezaValor] => C
            [PoderOrgao] => 10131
            [FinanceiroPermanente] => 
            [DividaConsolidada] => 
            [FonteRecurso] => 1.211.0000
            [ComplementoFonteRecurso] => 
            [NaturezaReceita] => 
            [NaturezaDespesa] => 3.3.90.14.01
            [FuncaoSubfuncao] => 10.122
            [AnoInscricaoRestosAPagar] => 
            [DespesasMDEeASPS] => 
        )

    [1009] => Array
        (
            [ContaContabil] => 6.2.2.1.3.01.00
            [Valor] => 132.42
            [ValorF] => 132,42
            [TipoValor] => ending_balance
            [NaturezaValor] => D
            [PoderOrgao] => 10131
            [FinanceiroPermanente] => 
            [DividaConsolidada] => 
            [FonteRecurso] => 1.211.0000
            [ComplementoFonteRecurso] => 
            [NaturezaReceita] => 
            [NaturezaDespesa] => 3.3.90.14.01
            [FuncaoSubfuncao] => 10.122
            [AnoInscricaoRestosAPagar] => 
            [DespesasMDEeASPS] => 
        )

    [1010] => Array
        (
            [ContaContabil] => 6.2.2.1.3.01.00
            [Valor] => 41.82
            [ValorF] => 41,82
            [TipoValor] => beginning_balance
            [NaturezaValor] => C
            [PoderOrgao] => 10131
            [FinanceiroPermanente] => 
            [DividaConsolidada] => 
            [FonteRecurso] => 1.211.0000
            [ComplementoFonteRecurso] => 
            [NaturezaReceita] => 
            [NaturezaDespesa] => 3.3.90.14.01
            [FuncaoSubfuncao] => 10.305
            [AnoInscricaoRestosAPagar] => 
            [DespesasMDEeASPS] => 
        )

    [1011] => Array
        (
            [ContaContabil] => 6.2.2.1.3.01.00
            [Valor] => 41.82
            [ValorF] => 41,82
            [TipoValor] => beginning_balance
            [NaturezaValor] => D
            [PoderOrgao] => 10131
            [FinanceiroPermanente] => 
            [DividaConsolidada] => 
            [FonteRecurso] => 1.211.0000
            [ComplementoFonteRecurso] => 
            [NaturezaReceita] => 
            [NaturezaDespesa] => 3.3.90.14.01
            [FuncaoSubfuncao] => 10.305
            [AnoInscricaoRestosAPagar] => 
            [DespesasMDEeASPS] => 
        )

    [1012] => Array
        (
            [ContaContabil] => 6.2.2.1.3.01.00
            [Valor] => 41.82
            [ValorF] => 41,82
            [TipoValor] => ending_balance
            [NaturezaValor] => C
            [PoderOrgao] => 10131
            [FinanceiroPermanente] => 
            [DividaConsolidada] => 
            [FonteRecurso] => 1.211.0000
            [ComplementoFonteRecurso] => 
            [NaturezaReceita] => 
            [NaturezaDespesa] => 3.3.90.14.01
            [FuncaoSubfuncao] => 10.305
            [AnoInscricaoRestosAPagar] => 
            [DespesasMDEeASPS] => 
        )

    [1013] => Array
        (
            [ContaContabil] => 6.2.2.1.3.01.00
            [Valor] => 41.82
            [ValorF] => 41,82
            [TipoValor] => ending_balance
            [NaturezaValor] => D
            [PoderOrgao] => 10131
            [FinanceiroPermanente] => 
            [DividaConsolidada] => 
            [FonteRecurso] => 1.211.0000
            [ComplementoFonteRecurso] => 
            [NaturezaReceita] => 
            [NaturezaDespesa] => 3.3.90.14.01
            [FuncaoSubfuncao] => 10.305
            [AnoInscricaoRestosAPagar] => 
            [DespesasMDEeASPS] => 
        )

    [1014] => Array
        (
            [ContaContabil] => 6.2.2.1.3.01.00
            [Valor] => 34457.61
            [ValorF] => 34.457,61
            [TipoValor] => beginning_balance
            [NaturezaValor] => C
            [PoderOrgao] => 10131
            [FinanceiroPermanente] => 
            [DividaConsolidada] => 
            [FonteRecurso] => 1.211.0000
            [ComplementoFonteRecurso] => 
            [NaturezaReceita] => 
            [NaturezaDespesa] => 3.3.90.14.01
            [FuncaoSubfuncao] => 10.785
            [AnoInscricaoRestosAPagar] => 
            [DespesasMDEeASPS] => 
        )

    [1015] => Array
        (
            [ContaContabil] => 6.2.2.1.3.01.00
            [Valor] => 33697.44
            [ValorF] => 33.697,44
            [TipoValor] => beginning_balance
            [NaturezaValor] => D
            [PoderOrgao] => 10131
            [FinanceiroPermanente] => 
            [DividaConsolidada] => 
            [FonteRecurso] => 1.211.0000
            [ComplementoFonteRecurso] => 
            [NaturezaReceita] => 
            [NaturezaDespesa] => 3.3.90.14.01
            [FuncaoSubfuncao] => 10.785
            [AnoInscricaoRestosAPagar] => 
            [DespesasMDEeASPS] => 
        )

    [1016] => Array
        (
            [ContaContabil] => 6.2.2.1.3.01.00
            [Valor] => 41185.91
            [ValorF] => 41.185,91
            [TipoValor] => ending_balance
            [NaturezaValor] => C
            [PoderOrgao] => 10131
            [FinanceiroPermanente] => 
            [DividaConsolidada] => 
            [FonteRecurso] => 1.211.0000
            [ComplementoFonteRecurso] => 
            [NaturezaReceita] => 
            [NaturezaDespesa] => 3.3.90.14.01
            [FuncaoSubfuncao] => 10.785
            [AnoInscricaoRestosAPagar] => 
            [DespesasMDEeASPS] => 
        )

    [1017] => Array
        (
            [ContaContabil] => 6.2.2.1.3.01.00
            [Valor] => 38422.47
            [ValorF] => 38.422,47
            [TipoValor] => ending_balance
            [NaturezaValor] => D
            [PoderOrgao] => 10131
            [FinanceiroPermanente] => 
            [DividaConsolidada] => 
            [FonteRecurso] => 1.211.0000
            [ComplementoFonteRecurso] => 
            [NaturezaReceita] => 
            [NaturezaDespesa] => 3.3.90.14.01
            [FuncaoSubfuncao] => 10.785
            [AnoInscricaoRestosAPagar] => 
            [DespesasMDEeASPS] => 
        )

    [1018] => Array
        (
            [ContaContabil] => 6.2.2.1.3.01.00
            [Valor] => 6728.3
            [ValorF] => 6.728,30
            [TipoValor] => period_change
            [NaturezaValor] => C
            [PoderOrgao] => 10131
            [FinanceiroPermanente] => 
            [DividaConsolidada] => 
            [FonteRecurso] => 1.211.0000
            [ComplementoFonteRecurso] => 
            [NaturezaReceita] => 
            [NaturezaDespesa] => 3.3.90.14.01
            [FuncaoSubfuncao] => 10.785
            [AnoInscricaoRestosAPagar] => 
            [DespesasMDEeASPS] => 
        )

    [1019] => Array
        (
            [ContaContabil] => 6.2.2.1.3.01.00
            [Valor] => 4725.03
            [ValorF] => 4.725,03
            [TipoValor] => period_change
            [NaturezaValor] => D
            [PoderOrgao] => 10131
            [FinanceiroPermanente] => 
            [DividaConsolidada] => 
            [FonteRecurso] => 1.211.0000
            [ComplementoFonteRecurso] => 
            [NaturezaReceita] => 
            [NaturezaDespesa] => 3.3.90.14.01
            [FuncaoSubfuncao] => 10.785
            [AnoInscricaoRestosAPagar] => 
            [DespesasMDEeASPS] => 
        )

    [1020] => Array
        (
            [ContaContabil] => 6.2.2.1.3.01.00
            [Valor] => 14223.71
            [ValorF] => 14.223,71
            [TipoValor] => beginning_balance
            [NaturezaValor] => C
            [PoderOrgao] => 10131
            [FinanceiroPermanente] => 
            [DividaConsolidada] => 
            [FonteRecurso] => 1.211.0000
            [ComplementoFonteRecurso] => 
            [NaturezaReceita] => 
            [NaturezaDespesa] => 3.3.90.30.03
            [FuncaoSubfuncao] => 10.122
            [AnoInscricaoRestosAPagar] => 
            [DespesasMDEeASPS] => 
        )

    [1021] => Array
        (
            [ContaContabil] => 6.2.2.1.3.01.00
            [Valor] => 13773.71
            [ValorF] => 13.773,71
            [TipoValor] => beginning_balance
            [NaturezaValor] => D
            [PoderOrgao] => 10131
            [FinanceiroPermanente] => 
            [DividaConsolidada] => 
            [FonteRecurso] => 1.211.0000
            [ComplementoFonteRecurso] => 
            [NaturezaReceita] => 
            [NaturezaDespesa] => 3.3.90.30.03
            [FuncaoSubfuncao] => 10.122
            [AnoInscricaoRestosAPagar] => 
            [DespesasMDEeASPS] => 
        )

    [1022] => Array
        (
            [ContaContabil] => 6.2.2.1.3.01.00
            [Valor] => 14287.71
            [ValorF] => 14.287,71
            [TipoValor] => ending_balance
            [NaturezaValor] => C
            [PoderOrgao] => 10131
            [FinanceiroPermanente] => 
            [DividaConsolidada] => 
            [FonteRecurso] => 1.211.0000
            [ComplementoFonteRecurso] => 
            [NaturezaReceita] => 
            [NaturezaDespesa] => 3.3.90.30.03
            [FuncaoSubfuncao] => 10.122
            [AnoInscricaoRestosAPagar] => 
            [DespesasMDEeASPS] => 
        )

    [1023] => Array
        (
            [ContaContabil] => 6.2.2.1.3.01.00
            [Valor] => 14137.71
            [ValorF] => 14.137,71
            [TipoValor] => ending_balance
            [NaturezaValor] => D
            [PoderOrgao] => 10131
            [FinanceiroPermanente] => 
            [DividaConsolidada] => 
            [FonteRecurso] => 1.211.0000
            [ComplementoFonteRecurso] => 
            [NaturezaReceita] => 
            [NaturezaDespesa] => 3.3.90.30.03
            [FuncaoSubfuncao] => 10.122
            [AnoInscricaoRestosAPagar] => 
            [DespesasMDEeASPS] => 
        )

    [1024] => Array
        (
            [ContaContabil] => 6.2.2.1.3.01.00
            [Valor] => 64
            [ValorF] => 64,00
            [TipoValor] => period_change
            [NaturezaValor] => C
            [PoderOrgao] => 10131
            [FinanceiroPermanente] => 
            [DividaConsolidada] => 
            [FonteRecurso] => 1.211.0000
            [ComplementoFonteRecurso] => 
            [NaturezaReceita] => 
            [NaturezaDespesa] => 3.3.90.30.03
            [FuncaoSubfuncao] => 10.122
            [AnoInscricaoRestosAPagar] => 
            [DespesasMDEeASPS] => 
        )

    [1025] => Array
        (
            [ContaContabil] => 6.2.2.1.3.01.00
            [Valor] => 364
            [ValorF] => 364,00
            [TipoValor] => period_change
            [NaturezaValor] => D
            [PoderOrgao] => 10131
            [FinanceiroPermanente] => 
            [DividaConsolidada] => 
            [FonteRecurso] => 1.211.0000
            [ComplementoFonteRecurso] => 
            [NaturezaReceita] => 
            [NaturezaDespesa] => 3.3.90.30.03
            [FuncaoSubfuncao] => 10.122
            [AnoInscricaoRestosAPagar] => 
            [DespesasMDEeASPS] => 
        )

    [1026] => Array
        (
            [ContaContabil] => 6.2.2.1.3.01.00
            [Valor] => 17106.89
            [ValorF] => 17.106,89
            [TipoValor] => beginning_balance
            [NaturezaValor] => C
            [PoderOrgao] => 10131
            [FinanceiroPermanente] => 
            [DividaConsolidada] => 
            [FonteRecurso] => 1.211.0000
            [ComplementoFonteRecurso] => 
            [NaturezaReceita] => 
            [NaturezaDespesa] => 3.3.90.30.03
            [FuncaoSubfuncao] => 10.301
            [AnoInscricaoRestosAPagar] => 
            [DespesasMDEeASPS] => 
        )

    [1027] => Array
        (
            [ContaContabil] => 6.2.2.1.3.01.00
            [Valor] => 10413.95
            [ValorF] => 10.413,95
            [TipoValor] => beginning_balance
            [NaturezaValor] => D
            [PoderOrgao] => 10131
            [FinanceiroPermanente] => 
            [DividaConsolidada] => 
            [FonteRecurso] => 1.211.0000
            [ComplementoFonteRecurso] => 
            [NaturezaReceita] => 
            [NaturezaDespesa] => 3.3.90.30.03
            [FuncaoSubfuncao] => 10.301
            [AnoInscricaoRestosAPagar] => 
            [DespesasMDEeASPS] => 
        )

    [1028] => Array
        (
            [ContaContabil] => 6.2.2.1.3.01.00
            [Valor] => 19853.03
            [ValorF] => 19.853,03
            [TipoValor] => ending_balance
            [NaturezaValor] => C
            [PoderOrgao] => 10131
            [FinanceiroPermanente] => 
            [DividaConsolidada] => 
            [FonteRecurso] => 1.211.0000
            [ComplementoFonteRecurso] => 
            [NaturezaReceita] => 
            [NaturezaDespesa] => 3.3.90.30.03
            [FuncaoSubfuncao] => 10.301
            [AnoInscricaoRestosAPagar] => 
            [DespesasMDEeASPS] => 
        )

    [1029] => Array
        (
            [ContaContabil] => 6.2.2.1.3.01.00
            [Valor] => 14544.51
            [ValorF] => 14.544,51
            [TipoValor] => ending_balance
            [NaturezaValor] => D
            [PoderOrgao] => 10131
            [FinanceiroPermanente] => 
            [DividaConsolidada] => 
            [FonteRecurso] => 1.211.0000
            [ComplementoFonteRecurso] => 
            [NaturezaReceita] => 
            [NaturezaDespesa] => 3.3.90.30.03
            [FuncaoSubfuncao] => 10.301
            [AnoInscricaoRestosAPagar] => 
            [DespesasMDEeASPS] => 
        )

    [1030] => Array
        (
            [ContaContabil] => 6.2.2.1.3.01.00
            [Valor] => 2746.14
            [ValorF] => 2.746,14
            [TipoValor] => period_change
            [NaturezaValor] => C
            [PoderOrgao] => 10131
            [FinanceiroPermanente] => 
            [DividaConsolidada] => 
            [FonteRecurso] => 1.211.0000
            [ComplementoFonteRecurso] => 
            [NaturezaReceita] => 
            [NaturezaDespesa] => 3.3.90.30.03
            [FuncaoSubfuncao] => 10.301
            [AnoInscricaoRestosAPagar] => 
            [DespesasMDEeASPS] => 
        )

    [1031] => Array
        (
            [ContaContabil] => 6.2.2.1.3.01.00
            [Valor] => 4130.56
            [ValorF] => 4.130,56
            [TipoValor] => period_change
            [NaturezaValor] => D
            [PoderOrgao] => 10131
            [FinanceiroPermanente] => 
            [DividaConsolidada] => 
            [FonteRecurso] => 1.211.0000
            [ComplementoFonteRecurso] => 
            [NaturezaReceita] => 
            [NaturezaDespesa] => 3.3.90.30.03
            [FuncaoSubfuncao] => 10.301
            [AnoInscricaoRestosAPagar] => 
            [DespesasMDEeASPS] => 
        )

    [1032] => Array
        (
            [ContaContabil] => 6.2.2.1.3.01.00
            [Valor] => 38343.44
            [ValorF] => 38.343,44
            [TipoValor] => beginning_balance
            [NaturezaValor] => C
            [PoderOrgao] => 10131
            [FinanceiroPermanente] => 
            [DividaConsolidada] => 
            [FonteRecurso] => 1.211.0000
            [ComplementoFonteRecurso] => 
            [NaturezaReceita] => 
            [NaturezaDespesa] => 3.3.90.30.03
            [FuncaoSubfuncao] => 10.302
            [AnoInscricaoRestosAPagar] => 
            [DespesasMDEeASPS] => 
        )

    [1033] => Array
        (
            [ContaContabil] => 6.2.2.1.3.01.00
            [Valor] => 31755.39
            [ValorF] => 31.755,39
            [TipoValor] => beginning_balance
            [NaturezaValor] => D
            [PoderOrgao] => 10131
            [FinanceiroPermanente] => 
            [DividaConsolidada] => 
            [FonteRecurso] => 1.211.0000
            [ComplementoFonteRecurso] => 
            [NaturezaReceita] => 
            [NaturezaDespesa] => 3.3.90.30.03
            [FuncaoSubfuncao] => 10.302
            [AnoInscricaoRestosAPagar] => 
            [DespesasMDEeASPS] => 
        )

    [1034] => Array
        (
            [ContaContabil] => 6.2.2.1.3.01.00
            [Valor] => 38421.44
            [ValorF] => 38.421,44
            [TipoValor] => ending_balance
            [NaturezaValor] => C
            [PoderOrgao] => 10131
            [FinanceiroPermanente] => 
            [DividaConsolidada] => 
            [FonteRecurso] => 1.211.0000
            [ComplementoFonteRecurso] => 
            [NaturezaReceita] => 
            [NaturezaDespesa] => 3.3.90.30.03
            [FuncaoSubfuncao] => 10.302
            [AnoInscricaoRestosAPagar] => 
            [DespesasMDEeASPS] => 
        )

    [1035] => Array
        (
            [ContaContabil] => 6.2.2.1.3.01.00
            [Valor] => 32228.59
            [ValorF] => 32.228,59
            [TipoValor] => ending_balance
            [NaturezaValor] => D
            [PoderOrgao] => 10131
            [FinanceiroPermanente] => 
            [DividaConsolidada] => 
            [FonteRecurso] => 1.211.0000
            [ComplementoFonteRecurso] => 
            [NaturezaReceita] => 
            [NaturezaDespesa] => 3.3.90.30.03
            [FuncaoSubfuncao] => 10.302
            [AnoInscricaoRestosAPagar] => 
            [DespesasMDEeASPS] => 
        )

    [1036] => Array
        (
            [ContaContabil] => 6.2.2.1.3.01.00
            [Valor] => 78
            [ValorF] => 78,00
            [TipoValor] => period_change
            [NaturezaValor] => C
            [PoderOrgao] => 10131
            [FinanceiroPermanente] => 
            [DividaConsolidada] => 
            [FonteRecurso] => 1.211.0000
            [ComplementoFonteRecurso] => 
            [NaturezaReceita] => 
            [NaturezaDespesa] => 3.3.90.30.03
            [FuncaoSubfuncao] => 10.302
            [AnoInscricaoRestosAPagar] => 
            [DespesasMDEeASPS] => 
        )

    [1037] => Array
        (
            [ContaContabil] => 6.2.2.1.3.01.00
            [Valor] => 473.2
            [ValorF] => 473,20
            [TipoValor] => period_change
            [NaturezaValor] => D
            [PoderOrgao] => 10131
            [FinanceiroPermanente] => 
            [DividaConsolidada] => 
            [FonteRecurso] => 1.211.0000
            [ComplementoFonteRecurso] => 
            [NaturezaReceita] => 
            [NaturezaDespesa] => 3.3.90.30.03
            [FuncaoSubfuncao] => 10.302
            [AnoInscricaoRestosAPagar] => 
            [DespesasMDEeASPS] => 
        )

    [1038] => Array
        (
            [ContaContabil] => 6.2.2.1.3.01.00
            [Valor] => 194817.65
            [ValorF] => 194.817,65
            [TipoValor] => beginning_balance
            [NaturezaValor] => C
            [PoderOrgao] => 10131
            [FinanceiroPermanente] => 
            [DividaConsolidada] => 
            [FonteRecurso] => 1.211.0000
            [ComplementoFonteRecurso] => 
            [NaturezaReceita] => 
            [NaturezaDespesa] => 3.3.90.30.03
            [FuncaoSubfuncao] => 10.303
            [AnoInscricaoRestosAPagar] => 
            [DespesasMDEeASPS] => 
        )

    [1039] => Array
        (
            [ContaContabil] => 6.2.2.1.3.01.00
            [Valor] => 146896.54
            [ValorF] => 146.896,54
            [TipoValor] => beginning_balance
            [NaturezaValor] => D
            [PoderOrgao] => 10131
            [FinanceiroPermanente] => 
            [DividaConsolidada] => 
            [FonteRecurso] => 1.211.0000
            [ComplementoFonteRecurso] => 
            [NaturezaReceita] => 
            [NaturezaDespesa] => 3.3.90.30.03
            [FuncaoSubfuncao] => 10.303
            [AnoInscricaoRestosAPagar] => 
            [DespesasMDEeASPS] => 
        )

    [1040] => Array
        (
            [ContaContabil] => 6.2.2.1.3.01.00
            [Valor] => 194817.65
            [ValorF] => 194.817,65
            [TipoValor] => ending_balance
            [NaturezaValor] => C
            [PoderOrgao] => 10131
            [FinanceiroPermanente] => 
            [DividaConsolidada] => 
            [FonteRecurso] => 1.211.0000
            [ComplementoFonteRecurso] => 
            [NaturezaReceita] => 
            [NaturezaDespesa] => 3.3.90.30.03
            [FuncaoSubfuncao] => 10.303
            [AnoInscricaoRestosAPagar] => 
            [DespesasMDEeASPS] => 
        )

    [1041] => Array
        (
            [ContaContabil] => 6.2.2.1.3.01.00
            [Valor] => 182579.51
            [ValorF] => 182.579,51
            [TipoValor] => ending_balance
            [NaturezaValor] => D
            [PoderOrgao] => 10131
            [FinanceiroPermanente] => 
            [DividaConsolidada] => 
            [FonteRecurso] => 1.211.0000
            [ComplementoFonteRecurso] => 
            [NaturezaReceita] => 
            [NaturezaDespesa] => 3.3.90.30.03
            [FuncaoSubfuncao] => 10.303
            [AnoInscricaoRestosAPagar] => 
            [DespesasMDEeASPS] => 
        )

    [1042] => Array
        (
            [ContaContabil] => 6.2.2.1.3.01.00
            [Valor] => 35682.97
            [ValorF] => 35.682,97
            [TipoValor] => period_change
            [NaturezaValor] => D
            [PoderOrgao] => 10131
            [FinanceiroPermanente] => 
            [DividaConsolidada] => 
            [FonteRecurso] => 1.211.0000
            [ComplementoFonteRecurso] => 
            [NaturezaReceita] => 
            [NaturezaDespesa] => 3.3.90.30.03
            [FuncaoSubfuncao] => 10.303
            [AnoInscricaoRestosAPagar] => 
            [DespesasMDEeASPS] => 
        )

    [1043] => Array
        (
            [ContaContabil] => 6.2.2.1.3.01.00
            [Valor] => 966
            [ValorF] => 966,00
            [TipoValor] => beginning_balance
            [NaturezaValor] => C
            [PoderOrgao] => 10131
            [FinanceiroPermanente] => 
            [DividaConsolidada] => 
            [FonteRecurso] => 1.211.0000
            [ComplementoFonteRecurso] => 
            [NaturezaReceita] => 
            [NaturezaDespesa] => 3.3.90.30.03
            [FuncaoSubfuncao] => 10.304
            [AnoInscricaoRestosAPagar] => 
            [DespesasMDEeASPS] => 
        )

    [1044] => Array
        (
            [ContaContabil] => 6.2.2.1.3.01.00
            [Valor] => 966
            [ValorF] => 966,00
            [TipoValor] => beginning_balance
            [NaturezaValor] => D
            [PoderOrgao] => 10131
            [FinanceiroPermanente] => 
            [DividaConsolidada] => 
            [FonteRecurso] => 1.211.0000
            [ComplementoFonteRecurso] => 
            [NaturezaReceita] => 
            [NaturezaDespesa] => 3.3.90.30.03
            [FuncaoSubfuncao] => 10.304
            [AnoInscricaoRestosAPagar] => 
            [DespesasMDEeASPS] => 
        )

    [1045] => Array
        (
            [ContaContabil] => 6.2.2.1.3.01.00
            [Valor] => 966
            [ValorF] => 966,00
            [TipoValor] => ending_balance
            [NaturezaValor] => C
            [PoderOrgao] => 10131
            [FinanceiroPermanente] => 
            [DividaConsolidada] => 
            [FonteRecurso] => 1.211.0000
            [ComplementoFonteRecurso] => 
            [NaturezaReceita] => 
            [NaturezaDespesa] => 3.3.90.30.03
            [FuncaoSubfuncao] => 10.304
            [AnoInscricaoRestosAPagar] => 
            [DespesasMDEeASPS] => 
        )

    [1046] => Array
        (
            [ContaContabil] => 6.2.2.1.3.01.00
            [Valor] => 966
            [ValorF] => 966,00
            [TipoValor] => ending_balance
            [NaturezaValor] => D
            [PoderOrgao] => 10131
            [FinanceiroPermanente] => 
            [DividaConsolidada] => 
            [FonteRecurso] => 1.211.0000
            [ComplementoFonteRecurso] => 
            [NaturezaReceita] => 
            [NaturezaDespesa] => 3.3.90.30.03
            [FuncaoSubfuncao] => 10.304
            [AnoInscricaoRestosAPagar] => 
            [DespesasMDEeASPS] => 
        )

    [1047] => Array
        (
            [ContaContabil] => 6.2.2.1.3.01.00
            [Valor] => 28708.48
            [ValorF] => 28.708,48
            [TipoValor] => beginning_balance
            [NaturezaValor] => C
            [PoderOrgao] => 10131
            [FinanceiroPermanente] => 
            [DividaConsolidada] => 
            [FonteRecurso] => 1.211.0000
            [ComplementoFonteRecurso] => 
            [NaturezaReceita] => 
            [NaturezaDespesa] => 3.3.90.30.03
            [FuncaoSubfuncao] => 10.305
            [AnoInscricaoRestosAPagar] => 
            [DespesasMDEeASPS] => 
        )

    [1048] => Array
        (
            [ContaContabil] => 6.2.2.1.3.01.00
            [Valor] => 28708.48
            [ValorF] => 28.708,48
            [TipoValor] => beginning_balance
            [NaturezaValor] => D
            [PoderOrgao] => 10131
            [FinanceiroPermanente] => 
            [DividaConsolidada] => 
            [FonteRecurso] => 1.211.0000
            [ComplementoFonteRecurso] => 
            [NaturezaReceita] => 
            [NaturezaDespesa] => 3.3.90.30.03
            [FuncaoSubfuncao] => 10.305
            [AnoInscricaoRestosAPagar] => 
            [DespesasMDEeASPS] => 
        )

    [1049] => Array
        (
            [ContaContabil] => 6.2.2.1.3.01.00
            [Valor] => 28708.48
            [ValorF] => 28.708,48
            [TipoValor] => ending_balance
            [NaturezaValor] => C
            [PoderOrgao] => 10131
            [FinanceiroPermanente] => 
            [DividaConsolidada] => 
            [FonteRecurso] => 1.211.0000
            [ComplementoFonteRecurso] => 
            [NaturezaReceita] => 
            [NaturezaDespesa] => 3.3.90.30.03
            [FuncaoSubfuncao] => 10.305
            [AnoInscricaoRestosAPagar] => 
            [DespesasMDEeASPS] => 
        )

    [1050] => Array
        (
            [ContaContabil] => 6.2.2.1.3.01.00
            [Valor] => 28708.48
            [ValorF] => 28.708,48
            [TipoValor] => ending_balance
            [NaturezaValor] => D
            [PoderOrgao] => 10131
            [FinanceiroPermanente] => 
            [DividaConsolidada] => 
            [FonteRecurso] => 1.211.0000
            [ComplementoFonteRecurso] => 
            [NaturezaReceita] => 
            [NaturezaDespesa] => 3.3.90.30.03
            [FuncaoSubfuncao] => 10.305
            [AnoInscricaoRestosAPagar] => 
            [DespesasMDEeASPS] => 
        )

    [1051] => Array
        (
            [ContaContabil] => 6.2.2.1.3.01.00
            [Valor] => 93311.67
            [ValorF] => 93.311,67
            [TipoValor] => beginning_balance
            [NaturezaValor] => C
            [PoderOrgao] => 10131
            [FinanceiroPermanente] => 
            [DividaConsolidada] => 
            [FonteRecurso] => 1.211.0000
            [ComplementoFonteRecurso] => 
            [NaturezaReceita] => 
            [NaturezaDespesa] => 3.3.90.30.03
            [FuncaoSubfuncao] => 10.785
            [AnoInscricaoRestosAPagar] => 
            [DespesasMDEeASPS] => 
        )

    [1052] => Array
        (
            [ContaContabil] => 6.2.2.1.3.01.00
            [Valor] => 87805.36
            [ValorF] => 87.805,36
            [TipoValor] => beginning_balance
            [NaturezaValor] => D
            [PoderOrgao] => 10131
            [FinanceiroPermanente] => 
            [DividaConsolidada] => 
            [FonteRecurso] => 1.211.0000
            [ComplementoFonteRecurso] => 
            [NaturezaReceita] => 
            [NaturezaDespesa] => 3.3.90.30.03
            [FuncaoSubfuncao] => 10.785
            [AnoInscricaoRestosAPagar] => 
            [DespesasMDEeASPS] => 
        )

    [1053] => Array
        (
            [ContaContabil] => 6.2.2.1.3.01.00
            [Valor] => 111663.56
            [ValorF] => 111.663,56
            [TipoValor] => ending_balance
            [NaturezaValor] => C
            [PoderOrgao] => 10131
            [FinanceiroPermanente] => 
            [DividaConsolidada] => 
            [FonteRecurso] => 1.211.0000
            [ComplementoFonteRecurso] => 
            [NaturezaReceita] => 
            [NaturezaDespesa] => 3.3.90.30.03
            [FuncaoSubfuncao] => 10.785
            [AnoInscricaoRestosAPagar] => 
            [DespesasMDEeASPS] => 
        )

    [1054] => Array
        (
            [ContaContabil] => 6.2.2.1.3.01.00
            [Valor] => 95716.89
            [ValorF] => 95.716,89
            [TipoValor] => ending_balance
            [NaturezaValor] => D
            [PoderOrgao] => 10131
            [FinanceiroPermanente] => 
            [DividaConsolidada] => 
            [FonteRecurso] => 1.211.0000
            [ComplementoFonteRecurso] => 
            [NaturezaReceita] => 
            [NaturezaDespesa] => 3.3.90.30.03
            [FuncaoSubfuncao] => 10.785
            [AnoInscricaoRestosAPagar] => 
            [DespesasMDEeASPS] => 
        )

    [1055] => Array
        (
            [ContaContabil] => 6.2.2.1.3.01.00
            [Valor] => 18351.89
            [ValorF] => 18.351,89
            [TipoValor] => period_change
            [NaturezaValor] => C
            [PoderOrgao] => 10131
            [FinanceiroPermanente] => 
            [DividaConsolidada] => 
            [FonteRecurso] => 1.211.0000
            [ComplementoFonteRecurso] => 
            [NaturezaReceita] => 
            [NaturezaDespesa] => 3.3.90.30.03
            [FuncaoSubfuncao] => 10.785
            [AnoInscricaoRestosAPagar] => 
            [DespesasMDEeASPS] => 
        )

    [1056] => Array
        (
            [ContaContabil] => 6.2.2.1.3.01.00
            [Valor] => 7911.53
            [ValorF] => 7.911,53
            [TipoValor] => period_change
            [NaturezaValor] => D
            [PoderOrgao] => 10131
            [FinanceiroPermanente] => 
            [DividaConsolidada] => 
            [FonteRecurso] => 1.211.0000
            [ComplementoFonteRecurso] => 
            [NaturezaReceita] => 
            [NaturezaDespesa] => 3.3.90.30.03
            [FuncaoSubfuncao] => 10.785
            [AnoInscricaoRestosAPagar] => 
            [DespesasMDEeASPS] => 
        )

    [1057] => Array
        (
            [ContaContabil] => 6.2.2.1.3.01.00
            [Valor] => 2718.8
            [ValorF] => 2.718,80
            [TipoValor] => beginning_balance
            [NaturezaValor] => C
            [PoderOrgao] => 10131
            [FinanceiroPermanente] => 
            [DividaConsolidada] => 
            [FonteRecurso] => 1.290.0000
            [ComplementoFonteRecurso] => 
            [NaturezaReceita] => 
            [NaturezaDespesa] => 3.3.90.30.03
            [FuncaoSubfuncao] => 10.305
            [AnoInscricaoRestosAPagar] => 
            [DespesasMDEeASPS] => 
        )

    [1058] => Array
        (
            [ContaContabil] => 6.2.2.1.3.01.00
            [Valor] => 2718.8
            [ValorF] => 2.718,80
            [TipoValor] => beginning_balance
            [NaturezaValor] => D
            [PoderOrgao] => 10131
            [FinanceiroPermanente] => 
            [DividaConsolidada] => 
            [FonteRecurso] => 1.290.0000
            [ComplementoFonteRecurso] => 
            [NaturezaReceita] => 
            [NaturezaDespesa] => 3.3.90.30.03
            [FuncaoSubfuncao] => 10.305
            [AnoInscricaoRestosAPagar] => 
            [DespesasMDEeASPS] => 
        )

    [1059] => Array
        (
            [ContaContabil] => 6.2.2.1.3.01.00
            [Valor] => 2718.8
            [ValorF] => 2.718,80
            [TipoValor] => ending_balance
            [NaturezaValor] => C
            [PoderOrgao] => 10131
            [FinanceiroPermanente] => 
            [DividaConsolidada] => 
            [FonteRecurso] => 1.290.0000
            [ComplementoFonteRecurso] => 
            [NaturezaReceita] => 
            [NaturezaDespesa] => 3.3.90.30.03
            [FuncaoSubfuncao] => 10.305
            [AnoInscricaoRestosAPagar] => 
            [DespesasMDEeASPS] => 
        )

    [1060] => Array
        (
            [ContaContabil] => 6.2.2.1.3.01.00
            [Valor] => 2718.8
            [ValorF] => 2.718,80
            [TipoValor] => ending_balance
            [NaturezaValor] => D
            [PoderOrgao] => 10131
            [FinanceiroPermanente] => 
            [DividaConsolidada] => 
            [FonteRecurso] => 1.290.0000
            [ComplementoFonteRecurso] => 
            [NaturezaReceita] => 
            [NaturezaDespesa] => 3.3.90.30.03
            [FuncaoSubfuncao] => 10.305
            [AnoInscricaoRestosAPagar] => 
            [DespesasMDEeASPS] => 
        )

    [1061] => Array
        (
            [ContaContabil] => 6.2.2.1.3.01.00
            [Valor] => 50818.85
            [ValorF] => 50.818,85
            [TipoValor] => beginning_balance
            [NaturezaValor] => C
            [PoderOrgao] => 10131
            [FinanceiroPermanente] => 
            [DividaConsolidada] => 
            [FonteRecurso] => 1.213.0000
            [ComplementoFonteRecurso] => 
            [NaturezaReceita] => 
            [NaturezaDespesa] => 3.3.90.30.03
            [FuncaoSubfuncao] => 10.301
            [AnoInscricaoRestosAPagar] => 
            [DespesasMDEeASPS] => 
        )

    [1062] => Array
        (
            [ContaContabil] => 6.2.2.1.3.01.00
            [Valor] => 49874.55
            [ValorF] => 49.874,55
            [TipoValor] => beginning_balance
            [NaturezaValor] => D
            [PoderOrgao] => 10131
            [FinanceiroPermanente] => 
            [DividaConsolidada] => 
            [FonteRecurso] => 1.213.0000
            [ComplementoFonteRecurso] => 
            [NaturezaReceita] => 
            [NaturezaDespesa] => 3.3.90.30.03
            [FuncaoSubfuncao] => 10.301
            [AnoInscricaoRestosAPagar] => 
            [DespesasMDEeASPS] => 
        )

    [1063] => Array
        (
            [ContaContabil] => 6.2.2.1.3.01.00
            [Valor] => 51018.85
            [ValorF] => 51.018,85
            [TipoValor] => ending_balance
            [NaturezaValor] => C
            [PoderOrgao] => 10131
            [FinanceiroPermanente] => 
            [DividaConsolidada] => 
            [FonteRecurso] => 1.213.0000
            [ComplementoFonteRecurso] => 
            [NaturezaReceita] => 
            [NaturezaDespesa] => 3.3.90.30.03
            [FuncaoSubfuncao] => 10.301
            [AnoInscricaoRestosAPagar] => 
            [DespesasMDEeASPS] => 
        )

    [1064] => Array
        (
            [ContaContabil] => 6.2.2.1.3.01.00
            [Valor] => 49874.55
            [ValorF] => 49.874,55
            [TipoValor] => ending_balance
            [NaturezaValor] => D
            [PoderOrgao] => 10131
            [FinanceiroPermanente] => 
            [DividaConsolidada] => 
            [FonteRecurso] => 1.213.0000
            [ComplementoFonteRecurso] => 
            [NaturezaReceita] => 
            [NaturezaDespesa] => 3.3.90.30.03
            [FuncaoSubfuncao] => 10.301
            [AnoInscricaoRestosAPagar] => 
            [DespesasMDEeASPS] => 
        )

    [1065] => Array
        (
            [ContaContabil] => 6.2.2.1.3.01.00
            [Valor] => 200
            [ValorF] => 200,00
            [TipoValor] => period_change
            [NaturezaValor] => C
            [PoderOrgao] => 10131
            [FinanceiroPermanente] => 
            [DividaConsolidada] => 
            [FonteRecurso] => 1.213.0000
            [ComplementoFonteRecurso] => 
            [NaturezaReceita] => 
            [NaturezaDespesa] => 3.3.90.30.03
            [FuncaoSubfuncao] => 10.301
            [AnoInscricaoRestosAPagar] => 
            [DespesasMDEeASPS] => 
        )

    [1066] => Array
        (
            [ContaContabil] => 6.2.2.1.3.01.00
            [Valor] => 2076.8
            [ValorF] => 2.076,80
            [TipoValor] => beginning_balance
            [NaturezaValor] => C
            [PoderOrgao] => 10131
            [FinanceiroPermanente] => 
            [DividaConsolidada] => 
            [FonteRecurso] => 1.214.0000
            [ComplementoFonteRecurso] => 
            [NaturezaReceita] => 
            [NaturezaDespesa] => 3.3.90.30.03
            [FuncaoSubfuncao] => 10.305
            [AnoInscricaoRestosAPagar] => 
            [DespesasMDEeASPS] => 
        )

    [1067] => Array
        (
            [ContaContabil] => 6.2.2.1.3.01.00
            [Valor] => 2076.8
            [ValorF] => 2.076,80
            [TipoValor] => beginning_balance
            [NaturezaValor] => D
            [PoderOrgao] => 10131
            [FinanceiroPermanente] => 
            [DividaConsolidada] => 
            [FonteRecurso] => 1.214.0000
            [ComplementoFonteRecurso] => 
            [NaturezaReceita] => 
            [NaturezaDespesa] => 3.3.90.30.03
            [FuncaoSubfuncao] => 10.305
            [AnoInscricaoRestosAPagar] => 
            [DespesasMDEeASPS] => 
        )

    [1068] => Array
        (
            [ContaContabil] => 6.2.2.1.3.01.00
            [Valor] => 2076.8
            [ValorF] => 2.076,80
            [TipoValor] => ending_balance
            [NaturezaValor] => C
            [PoderOrgao] => 10131
            [FinanceiroPermanente] => 
            [DividaConsolidada] => 
            [FonteRecurso] => 1.214.0000
            [ComplementoFonteRecurso] => 
            [NaturezaReceita] => 
            [NaturezaDespesa] => 3.3.90.30.03
            [FuncaoSubfuncao] => 10.305
            [AnoInscricaoRestosAPagar] => 
            [DespesasMDEeASPS] => 
        )

    [1069] => Array
        (
            [ContaContabil] => 6.2.2.1.3.01.00
            [Valor] => 2076.8
            [ValorF] => 2.076,80
            [TipoValor] => ending_balance
            [NaturezaValor] => D
            [PoderOrgao] => 10131
            [FinanceiroPermanente] => 
            [DividaConsolidada] => 
            [FonteRecurso] => 1.214.0000
            [ComplementoFonteRecurso] => 
            [NaturezaReceita] => 
            [NaturezaDespesa] => 3.3.90.30.03
            [FuncaoSubfuncao] => 10.305
            [AnoInscricaoRestosAPagar] => 
            [DespesasMDEeASPS] => 
        )

    [1070] => Array
        (
            [ContaContabil] => 6.2.2.1.3.01.00
            [Valor] => 11510.9
            [ValorF] => 11.510,90
            [TipoValor] => beginning_balance
            [NaturezaValor] => C
            [PoderOrgao] => 10131
            [FinanceiroPermanente] => 
            [DividaConsolidada] => 
            [FonteRecurso] => 1.214.0000
            [ComplementoFonteRecurso] => 
            [NaturezaReceita] => 
            [NaturezaDespesa] => 3.3.90.30.03
            [FuncaoSubfuncao] => 10.305
            [AnoInscricaoRestosAPagar] => 
            [DespesasMDEeASPS] => 
        )

    [1071] => Array
        (
            [ContaContabil] => 6.2.2.1.3.01.00
            [Valor] => 11510.9
            [ValorF] => 11.510,90
            [TipoValor] => beginning_balance
            [NaturezaValor] => D
            [PoderOrgao] => 10131
            [FinanceiroPermanente] => 
            [DividaConsolidada] => 
            [FonteRecurso] => 1.214.0000
            [ComplementoFonteRecurso] => 
            [NaturezaReceita] => 
            [NaturezaDespesa] => 3.3.90.30.03
            [FuncaoSubfuncao] => 10.305
            [AnoInscricaoRestosAPagar] => 
            [DespesasMDEeASPS] => 
        )

    [1072] => Array
        (
            [ContaContabil] => 6.2.2.1.3.01.00
            [Valor] => 35341.9
            [ValorF] => 35.341,90
            [TipoValor] => ending_balance
            [NaturezaValor] => C
            [PoderOrgao] => 10131
            [FinanceiroPermanente] => 
            [DividaConsolidada] => 
            [FonteRecurso] => 1.214.0000
            [ComplementoFonteRecurso] => 
            [NaturezaReceita] => 
            [NaturezaDespesa] => 3.3.90.30.03
            [FuncaoSubfuncao] => 10.305
            [AnoInscricaoRestosAPagar] => 
            [DespesasMDEeASPS] => 
        )

    [1073] => Array
        (
            [ContaContabil] => 6.2.2.1.3.01.00
            [Valor] => 25546.9
            [ValorF] => 25.546,90
            [TipoValor] => ending_balance
            [NaturezaValor] => D
            [PoderOrgao] => 10131
            [FinanceiroPermanente] => 
            [DividaConsolidada] => 
            [FonteRecurso] => 1.214.0000
            [ComplementoFonteRecurso] => 
            [NaturezaReceita] => 
            [NaturezaDespesa] => 3.3.90.30.03
            [FuncaoSubfuncao] => 10.305
            [AnoInscricaoRestosAPagar] => 
            [DespesasMDEeASPS] => 
        )

    [1074] => Array
        (
            [ContaContabil] => 6.2.2.1.3.01.00
            [Valor] => 23831
            [ValorF] => 23.831,00
            [TipoValor] => period_change
            [NaturezaValor] => C
            [PoderOrgao] => 10131
            [FinanceiroPermanente] => 
            [DividaConsolidada] => 
            [FonteRecurso] => 1.214.0000
            [ComplementoFonteRecurso] => 
            [NaturezaReceita] => 
            [NaturezaDespesa] => 3.3.90.30.03
            [FuncaoSubfuncao] => 10.305
            [AnoInscricaoRestosAPagar] => 
            [DespesasMDEeASPS] => 
        )

    [1075] => Array
        (
            [ContaContabil] => 6.2.2.1.3.01.00
            [Valor] => 14036
            [ValorF] => 14.036,00
            [TipoValor] => period_change
            [NaturezaValor] => D
            [PoderOrgao] => 10131
            [FinanceiroPermanente] => 
            [DividaConsolidada] => 
            [FonteRecurso] => 1.214.0000
            [ComplementoFonteRecurso] => 
            [NaturezaReceita] => 
            [NaturezaDespesa] => 3.3.90.30.03
            [FuncaoSubfuncao] => 10.305
            [AnoInscricaoRestosAPagar] => 
            [DespesasMDEeASPS] => 
        )

    [1076] => Array
        (
            [ContaContabil] => 6.2.2.1.3.01.00
            [Valor] => 2184.06
            [ValorF] => 2.184,06
            [TipoValor] => beginning_balance
            [NaturezaValor] => C
            [PoderOrgao] => 10131
            [FinanceiroPermanente] => 
            [DividaConsolidada] => 
            [FonteRecurso] => 1.214.0000
            [ComplementoFonteRecurso] => 
            [NaturezaReceita] => 
            [NaturezaDespesa] => 3.3.90.30.03
            [FuncaoSubfuncao] => 10.301
            [AnoInscricaoRestosAPagar] => 
            [DespesasMDEeASPS] => 
        )

    [1077] => Array
        (
            [ContaContabil] => 6.2.2.1.3.01.00
            [Valor] => 2184.06
            [ValorF] => 2.184,06
            [TipoValor] => beginning_balance
            [NaturezaValor] => D
            [PoderOrgao] => 10131
            [FinanceiroPermanente] => 
            [DividaConsolidada] => 
            [FonteRecurso] => 1.214.0000
            [ComplementoFonteRecurso] => 
            [NaturezaReceita] => 
            [NaturezaDespesa] => 3.3.90.30.03
            [FuncaoSubfuncao] => 10.301
            [AnoInscricaoRestosAPagar] => 
            [DespesasMDEeASPS] => 
        )

    [1078] => Array
        (
            [ContaContabil] => 6.2.2.1.3.01.00
            [Valor] => 2184.06
            [ValorF] => 2.184,06
            [TipoValor] => ending_balance
            [NaturezaValor] => C
            [PoderOrgao] => 10131
            [FinanceiroPermanente] => 
            [DividaConsolidada] => 
            [FonteRecurso] => 1.214.0000
            [ComplementoFonteRecurso] => 
            [NaturezaReceita] => 
            [NaturezaDespesa] => 3.3.90.30.03
            [FuncaoSubfuncao] => 10.301
            [AnoInscricaoRestosAPagar] => 
            [DespesasMDEeASPS] => 
        )

    [1079] => Array
        (
            [ContaContabil] => 6.2.2.1.3.01.00
            [Valor] => 2184.06
            [ValorF] => 2.184,06
            [TipoValor] => ending_balance
            [NaturezaValor] => D
            [PoderOrgao] => 10131
            [FinanceiroPermanente] => 
            [DividaConsolidada] => 
            [FonteRecurso] => 1.214.0000
            [ComplementoFonteRecurso] => 
            [NaturezaReceita] => 
            [NaturezaDespesa] => 3.3.90.30.03
            [FuncaoSubfuncao] => 10.301
            [AnoInscricaoRestosAPagar] => 
            [DespesasMDEeASPS] => 
        )

    [1080] => Array
        (
            [ContaContabil] => 6.2.2.1.3.01.00
            [Valor] => 21672.88
            [ValorF] => 21.672,88
            [TipoValor] => beginning_balance
            [NaturezaValor] => C
            [PoderOrgao] => 10131
            [FinanceiroPermanente] => 
            [DividaConsolidada] => 
            [FonteRecurso] => 1.211.0000
            [ComplementoFonteRecurso] => 
            [NaturezaReceita] => 
            [NaturezaDespesa] => 3.3.90.32.03
            [FuncaoSubfuncao] => 10.303
            [AnoInscricaoRestosAPagar] => 
            [DespesasMDEeASPS] => 
        )

    [1081] => Array
        (
            [ContaContabil] => 6.2.2.1.3.01.00
            [Valor] => 16906.68
            [ValorF] => 16.906,68
            [TipoValor] => beginning_balance
            [NaturezaValor] => D
            [PoderOrgao] => 10131
            [FinanceiroPermanente] => 
            [DividaConsolidada] => 
            [FonteRecurso] => 1.211.0000
            [ComplementoFonteRecurso] => 
            [NaturezaReceita] => 
            [NaturezaDespesa] => 3.3.90.32.03
            [FuncaoSubfuncao] => 10.303
            [AnoInscricaoRestosAPagar] => 
            [DespesasMDEeASPS] => 
        )

    [1082] => Array
        (
            [ContaContabil] => 6.2.2.1.3.01.00
            [Valor] => 23432.97
            [ValorF] => 23.432,97
            [TipoValor] => ending_balance
            [NaturezaValor] => C
            [PoderOrgao] => 10131
            [FinanceiroPermanente] => 
            [DividaConsolidada] => 
            [FonteRecurso] => 1.211.0000
            [ComplementoFonteRecurso] => 
            [NaturezaReceita] => 
            [NaturezaDespesa] => 3.3.90.32.03
            [FuncaoSubfuncao] => 10.303
            [AnoInscricaoRestosAPagar] => 
            [DespesasMDEeASPS] => 
        )

    [1083] => Array
        (
            [ContaContabil] => 6.2.2.1.3.01.00
            [Valor] => 20489.27
            [ValorF] => 20.489,27
            [TipoValor] => ending_balance
            [NaturezaValor] => D
            [PoderOrgao] => 10131
            [FinanceiroPermanente] => 
            [DividaConsolidada] => 
            [FonteRecurso] => 1.211.0000
            [ComplementoFonteRecurso] => 
            [NaturezaReceita] => 
            [NaturezaDespesa] => 3.3.90.32.03
            [FuncaoSubfuncao] => 10.303
            [AnoInscricaoRestosAPagar] => 
            [DespesasMDEeASPS] => 
        )

    [1084] => Array
        (
            [ContaContabil] => 6.2.2.1.3.01.00
            [Valor] => 1760.09
            [ValorF] => 1.760,09
            [TipoValor] => period_change
            [NaturezaValor] => C
            [PoderOrgao] => 10131
            [FinanceiroPermanente] => 
            [DividaConsolidada] => 
            [FonteRecurso] => 1.211.0000
            [ComplementoFonteRecurso] => 
            [NaturezaReceita] => 
            [NaturezaDespesa] => 3.3.90.32.03
            [FuncaoSubfuncao] => 10.303
            [AnoInscricaoRestosAPagar] => 
            [DespesasMDEeASPS] => 
        )

    [1085] => Array
        (
            [ContaContabil] => 6.2.2.1.3.01.00
            [Valor] => 3582.59
            [ValorF] => 3.582,59
            [TipoValor] => period_change
            [NaturezaValor] => D
            [PoderOrgao] => 10131
            [FinanceiroPermanente] => 
            [DividaConsolidada] => 
            [FonteRecurso] => 1.211.0000
            [ComplementoFonteRecurso] => 
            [NaturezaReceita] => 
            [NaturezaDespesa] => 3.3.90.32.03
            [FuncaoSubfuncao] => 10.303
            [AnoInscricaoRestosAPagar] => 
            [DespesasMDEeASPS] => 
        )

    [1086] => Array
        (
            [ContaContabil] => 6.2.2.1.3.01.00
            [Valor] => 6310
            [ValorF] => 6.310,00
            [TipoValor] => beginning_balance
            [NaturezaValor] => C
            [PoderOrgao] => 10131
            [FinanceiroPermanente] => 
            [DividaConsolidada] => 
            [FonteRecurso] => 1.211.0000
            [ComplementoFonteRecurso] => 
            [NaturezaReceita] => 
            [NaturezaDespesa] => 3.3.90.32.03
            [FuncaoSubfuncao] => 10.305
            [AnoInscricaoRestosAPagar] => 
            [DespesasMDEeASPS] => 
        )

    [1087] => Array
        (
            [ContaContabil] => 6.2.2.1.3.01.00
            [Valor] => 6310
            [ValorF] => 6.310,00
            [TipoValor] => beginning_balance
            [NaturezaValor] => D
            [PoderOrgao] => 10131
            [FinanceiroPermanente] => 
            [DividaConsolidada] => 
            [FonteRecurso] => 1.211.0000
            [ComplementoFonteRecurso] => 
            [NaturezaReceita] => 
            [NaturezaDespesa] => 3.3.90.32.03
            [FuncaoSubfuncao] => 10.305
            [AnoInscricaoRestosAPagar] => 
            [DespesasMDEeASPS] => 
        )

    [1088] => Array
        (
            [ContaContabil] => 6.2.2.1.3.01.00
            [Valor] => 6310
            [ValorF] => 6.310,00
            [TipoValor] => ending_balance
            [NaturezaValor] => C
            [PoderOrgao] => 10131
            [FinanceiroPermanente] => 
            [DividaConsolidada] => 
            [FonteRecurso] => 1.211.0000
            [ComplementoFonteRecurso] => 
            [NaturezaReceita] => 
            [NaturezaDespesa] => 3.3.90.32.03
            [FuncaoSubfuncao] => 10.305
            [AnoInscricaoRestosAPagar] => 
            [DespesasMDEeASPS] => 
        )

    [1089] => Array
        (
            [ContaContabil] => 6.2.2.1.3.01.00
            [Valor] => 6310
            [ValorF] => 6.310,00
            [TipoValor] => ending_balance
            [NaturezaValor] => D
            [PoderOrgao] => 10131
            [FinanceiroPermanente] => 
            [DividaConsolidada] => 
            [FonteRecurso] => 1.211.0000
            [ComplementoFonteRecurso] => 
            [NaturezaReceita] => 
            [NaturezaDespesa] => 3.3.90.32.03
            [FuncaoSubfuncao] => 10.305
            [AnoInscricaoRestosAPagar] => 
            [DespesasMDEeASPS] => 
        )

    [1090] => Array
        (
            [ContaContabil] => 6.2.2.1.3.01.00
            [Valor] => 61299.7
            [ValorF] => 61.299,70
            [TipoValor] => beginning_balance
            [NaturezaValor] => C
            [PoderOrgao] => 10131
            [FinanceiroPermanente] => 
            [DividaConsolidada] => 
            [FonteRecurso] => 1.213.0000
            [ComplementoFonteRecurso] => 
            [NaturezaReceita] => 
            [NaturezaDespesa] => 3.3.90.32.03
            [FuncaoSubfuncao] => 10.303
            [AnoInscricaoRestosAPagar] => 
            [DespesasMDEeASPS] => 
        )

    [1091] => Array
        (
            [ContaContabil] => 6.2.2.1.3.01.00
            [Valor] => 55902.2
            [ValorF] => 55.902,20
            [TipoValor] => beginning_balance
            [NaturezaValor] => D
            [PoderOrgao] => 10131
            [FinanceiroPermanente] => 
            [DividaConsolidada] => 
            [FonteRecurso] => 1.213.0000
            [ComplementoFonteRecurso] => 
            [NaturezaReceita] => 
            [NaturezaDespesa] => 3.3.90.32.03
            [FuncaoSubfuncao] => 10.303
            [AnoInscricaoRestosAPagar] => 
            [DespesasMDEeASPS] => 
        )

    [1092] => Array
        (
            [ContaContabil] => 6.2.2.1.3.01.00
            [Valor] => 71739.7
            [ValorF] => 71.739,70
            [TipoValor] => ending_balance
            [NaturezaValor] => C
            [PoderOrgao] => 10131
            [FinanceiroPermanente] => 
            [DividaConsolidada] => 
            [FonteRecurso] => 1.213.0000
            [ComplementoFonteRecurso] => 
            [NaturezaReceita] => 
            [NaturezaDespesa] => 3.3.90.32.03
            [FuncaoSubfuncao] => 10.303
            [AnoInscricaoRestosAPagar] => 
            [DespesasMDEeASPS] => 
        )

    [1093] => Array
        (
            [ContaContabil] => 6.2.2.1.3.01.00
            [Valor] => 66699.7
            [ValorF] => 66.699,70
            [TipoValor] => ending_balance
            [NaturezaValor] => D
            [PoderOrgao] => 10131
            [FinanceiroPermanente] => 
            [DividaConsolidada] => 
            [FonteRecurso] => 1.213.0000
            [ComplementoFonteRecurso] => 
            [NaturezaReceita] => 
            [NaturezaDespesa] => 3.3.90.32.03
            [FuncaoSubfuncao] => 10.303
            [AnoInscricaoRestosAPagar] => 
            [DespesasMDEeASPS] => 
        )

    [1094] => Array
        (
            [ContaContabil] => 6.2.2.1.3.01.00
            [Valor] => 10440
            [ValorF] => 10.440,00
            [TipoValor] => period_change
            [NaturezaValor] => C
            [PoderOrgao] => 10131
            [FinanceiroPermanente] => 
            [DividaConsolidada] => 
            [FonteRecurso] => 1.213.0000
            [ComplementoFonteRecurso] => 
            [NaturezaReceita] => 
            [NaturezaDespesa] => 3.3.90.32.03
            [FuncaoSubfuncao] => 10.303
            [AnoInscricaoRestosAPagar] => 
            [DespesasMDEeASPS] => 
        )

    [1095] => Array
        (
            [ContaContabil] => 6.2.2.1.3.01.00
            [Valor] => 10797.5
            [ValorF] => 10.797,50
            [TipoValor] => period_change
            [NaturezaValor] => D
            [PoderOrgao] => 10131
            [FinanceiroPermanente] => 
            [DividaConsolidada] => 
            [FonteRecurso] => 1.213.0000
            [ComplementoFonteRecurso] => 
            [NaturezaReceita] => 
            [NaturezaDespesa] => 3.3.90.32.03
            [FuncaoSubfuncao] => 10.303
            [AnoInscricaoRestosAPagar] => 
            [DespesasMDEeASPS] => 
        )

    [1096] => Array
        (
            [ContaContabil] => 6.2.2.1.3.01.00
            [Valor] => 380
            [ValorF] => 380,00
            [TipoValor] => beginning_balance
            [NaturezaValor] => C
            [PoderOrgao] => 10131
            [FinanceiroPermanente] => 
            [DividaConsolidada] => 
            [FonteRecurso] => 1.214.0000
            [ComplementoFonteRecurso] => 
            [NaturezaReceita] => 
            [NaturezaDespesa] => 3.3.90.32.03
            [FuncaoSubfuncao] => 10.303
            [AnoInscricaoRestosAPagar] => 
            [DespesasMDEeASPS] => 
        )

    [1097] => Array
        (
            [ContaContabil] => 6.2.2.1.3.01.00
            [Valor] => 380
            [ValorF] => 380,00
            [TipoValor] => beginning_balance
            [NaturezaValor] => D
            [PoderOrgao] => 10131
            [FinanceiroPermanente] => 
            [DividaConsolidada] => 
            [FonteRecurso] => 1.214.0000
            [ComplementoFonteRecurso] => 
            [NaturezaReceita] => 
            [NaturezaDespesa] => 3.3.90.32.03
            [FuncaoSubfuncao] => 10.303
            [AnoInscricaoRestosAPagar] => 
            [DespesasMDEeASPS] => 
        )

    [1098] => Array
        (
            [ContaContabil] => 6.2.2.1.3.01.00
            [Valor] => 380
            [ValorF] => 380,00
            [TipoValor] => ending_balance
            [NaturezaValor] => C
            [PoderOrgao] => 10131
            [FinanceiroPermanente] => 
            [DividaConsolidada] => 
            [FonteRecurso] => 1.214.0000
            [ComplementoFonteRecurso] => 
            [NaturezaReceita] => 
            [NaturezaDespesa] => 3.3.90.32.03
            [FuncaoSubfuncao] => 10.303
            [AnoInscricaoRestosAPagar] => 
            [DespesasMDEeASPS] => 
        )

    [1099] => Array
        (
            [ContaContabil] => 6.2.2.1.3.01.00
            [Valor] => 380
            [ValorF] => 380,00
            [TipoValor] => ending_balance
            [NaturezaValor] => D
            [PoderOrgao] => 10131
            [FinanceiroPermanente] => 
            [DividaConsolidada] => 
            [FonteRecurso] => 1.214.0000
            [ComplementoFonteRecurso] => 
            [NaturezaReceita] => 
            [NaturezaDespesa] => 3.3.90.32.03
            [FuncaoSubfuncao] => 10.303
            [AnoInscricaoRestosAPagar] => 
            [DespesasMDEeASPS] => 
        )

    [1100] => Array
        (
            [ContaContabil] => 6.2.2.1.3.01.00
            [Valor] => 46002.78
            [ValorF] => 46.002,78
            [TipoValor] => beginning_balance
            [NaturezaValor] => C
            [PoderOrgao] => 10131
            [FinanceiroPermanente] => 
            [DividaConsolidada] => 
            [FonteRecurso] => 1.214.0000
            [ComplementoFonteRecurso] => 
            [NaturezaReceita] => 
            [NaturezaDespesa] => 3.3.90.32.03
            [FuncaoSubfuncao] => 10.303
            [AnoInscricaoRestosAPagar] => 
            [DespesasMDEeASPS] => 
        )

    [1101] => Array
        (
            [ContaContabil] => 6.2.2.1.3.01.00
            [Valor] => 41850.53
            [ValorF] => 41.850,53
            [TipoValor] => beginning_balance
            [NaturezaValor] => D
            [PoderOrgao] => 10131
            [FinanceiroPermanente] => 
            [DividaConsolidada] => 
            [FonteRecurso] => 1.214.0000
            [ComplementoFonteRecurso] => 
            [NaturezaReceita] => 
            [NaturezaDespesa] => 3.3.90.32.03
            [FuncaoSubfuncao] => 10.303
            [AnoInscricaoRestosAPagar] => 
            [DespesasMDEeASPS] => 
        )

    [1102] => Array
        (
            [ContaContabil] => 6.2.2.1.3.01.00
            [Valor] => 47002.78
            [ValorF] => 47.002,78
            [TipoValor] => ending_balance
            [NaturezaValor] => C
            [PoderOrgao] => 10131
            [FinanceiroPermanente] => 
            [DividaConsolidada] => 
            [FonteRecurso] => 1.214.0000
            [ComplementoFonteRecurso] => 
            [NaturezaReceita] => 
            [NaturezaDespesa] => 3.3.90.32.03
            [FuncaoSubfuncao] => 10.303
            [AnoInscricaoRestosAPagar] => 
            [DespesasMDEeASPS] => 
        )

    [1103] => Array
        (
            [ContaContabil] => 6.2.2.1.3.01.00
            [Valor] => 43420.53
            [ValorF] => 43.420,53
            [TipoValor] => ending_balance
            [NaturezaValor] => D
            [PoderOrgao] => 10131
            [FinanceiroPermanente] => 
            [DividaConsolidada] => 
            [FonteRecurso] => 1.214.0000
            [ComplementoFonteRecurso] => 
            [NaturezaReceita] => 
            [NaturezaDespesa] => 3.3.90.32.03
            [FuncaoSubfuncao] => 10.303
            [AnoInscricaoRestosAPagar] => 
            [DespesasMDEeASPS] => 
        )

    [1104] => Array
        (
            [ContaContabil] => 6.2.2.1.3.01.00
            [Valor] => 1000
            [ValorF] => 1.000,00
            [TipoValor] => period_change
            [NaturezaValor] => C
            [PoderOrgao] => 10131
            [FinanceiroPermanente] => 
            [DividaConsolidada] => 
            [FonteRecurso] => 1.214.0000
            [ComplementoFonteRecurso] => 
            [NaturezaReceita] => 
            [NaturezaDespesa] => 3.3.90.32.03
            [FuncaoSubfuncao] => 10.303
            [AnoInscricaoRestosAPagar] => 
            [DespesasMDEeASPS] => 
        )

    [1105] => Array
        (
            [ContaContabil] => 6.2.2.1.3.01.00
            [Valor] => 1570
            [ValorF] => 1.570,00
            [TipoValor] => period_change
            [NaturezaValor] => D
            [PoderOrgao] => 10131
            [FinanceiroPermanente] => 
            [DividaConsolidada] => 
            [FonteRecurso] => 1.214.0000
            [ComplementoFonteRecurso] => 
            [NaturezaReceita] => 
            [NaturezaDespesa] => 3.3.90.32.03
            [FuncaoSubfuncao] => 10.303
            [AnoInscricaoRestosAPagar] => 
            [DespesasMDEeASPS] => 
        )

    [1106] => Array
        (
            [ContaContabil] => 6.2.2.1.3.01.00
            [Valor] => 3000
            [ValorF] => 3.000,00
            [TipoValor] => beginning_balance
            [NaturezaValor] => C
            [PoderOrgao] => 10131
            [FinanceiroPermanente] => 
            [DividaConsolidada] => 
            [FonteRecurso] => 1.214.0000
            [ComplementoFonteRecurso] => 
            [NaturezaReceita] => 
            [NaturezaDespesa] => 3.3.90.32.03
            [FuncaoSubfuncao] => 10.305
            [AnoInscricaoRestosAPagar] => 
            [DespesasMDEeASPS] => 
        )

    [1107] => Array
        (
            [ContaContabil] => 6.2.2.1.3.01.00
            [Valor] => 3000
            [ValorF] => 3.000,00
            [TipoValor] => beginning_balance
            [NaturezaValor] => D
            [PoderOrgao] => 10131
            [FinanceiroPermanente] => 
            [DividaConsolidada] => 
            [FonteRecurso] => 1.214.0000
            [ComplementoFonteRecurso] => 
            [NaturezaReceita] => 
            [NaturezaDespesa] => 3.3.90.32.03
            [FuncaoSubfuncao] => 10.305
            [AnoInscricaoRestosAPagar] => 
            [DespesasMDEeASPS] => 
        )

    [1108] => Array
        (
            [ContaContabil] => 6.2.2.1.3.01.00
            [Valor] => 3000
            [ValorF] => 3.000,00
            [TipoValor] => ending_balance
            [NaturezaValor] => C
            [PoderOrgao] => 10131
            [FinanceiroPermanente] => 
            [DividaConsolidada] => 
            [FonteRecurso] => 1.214.0000
            [ComplementoFonteRecurso] => 
            [NaturezaReceita] => 
            [NaturezaDespesa] => 3.3.90.32.03
            [FuncaoSubfuncao] => 10.305
            [AnoInscricaoRestosAPagar] => 
            [DespesasMDEeASPS] => 
        )

    [1109] => Array
        (
            [ContaContabil] => 6.2.2.1.3.01.00
            [Valor] => 3000
            [ValorF] => 3.000,00
            [TipoValor] => ending_balance
            [NaturezaValor] => D
            [PoderOrgao] => 10131
            [FinanceiroPermanente] => 
            [DividaConsolidada] => 
            [FonteRecurso] => 1.214.0000
            [ComplementoFonteRecurso] => 
            [NaturezaReceita] => 
            [NaturezaDespesa] => 3.3.90.32.03
            [FuncaoSubfuncao] => 10.305
            [AnoInscricaoRestosAPagar] => 
            [DespesasMDEeASPS] => 
        )

    [1110] => Array
        (
            [ContaContabil] => 6.2.2.1.3.01.00
            [Valor] => 34888.93
            [ValorF] => 34.888,93
            [TipoValor] => beginning_balance
            [NaturezaValor] => C
            [PoderOrgao] => 10131
            [FinanceiroPermanente] => 
            [DividaConsolidada] => 
            [FonteRecurso] => 1.211.0000
            [ComplementoFonteRecurso] => 
            [NaturezaReceita] => 
            [NaturezaDespesa] => 3.3.90.33.03
            [FuncaoSubfuncao] => 10.785
            [AnoInscricaoRestosAPagar] => 
            [DespesasMDEeASPS] => 
        )

    [1111] => Array
        (
            [ContaContabil] => 6.2.2.1.3.01.00
            [Valor] => 34888.93
            [ValorF] => 34.888,93
            [TipoValor] => beginning_balance
            [NaturezaValor] => D
            [PoderOrgao] => 10131
            [FinanceiroPermanente] => 
            [DividaConsolidada] => 
            [FonteRecurso] => 1.211.0000
            [ComplementoFonteRecurso] => 
            [NaturezaReceita] => 
            [NaturezaDespesa] => 3.3.90.33.03
            [FuncaoSubfuncao] => 10.785
            [AnoInscricaoRestosAPagar] => 
            [DespesasMDEeASPS] => 
        )

    [1112] => Array
        (
            [ContaContabil] => 6.2.2.1.3.01.00
            [Valor] => 34888.93
            [ValorF] => 34.888,93
            [TipoValor] => ending_balance
            [NaturezaValor] => C
            [PoderOrgao] => 10131
            [FinanceiroPermanente] => 
            [DividaConsolidada] => 
            [FonteRecurso] => 1.211.0000
            [ComplementoFonteRecurso] => 
            [NaturezaReceita] => 
            [NaturezaDespesa] => 3.3.90.33.03
            [FuncaoSubfuncao] => 10.785
            [AnoInscricaoRestosAPagar] => 
            [DespesasMDEeASPS] => 
        )

    [1113] => Array
        (
            [ContaContabil] => 6.2.2.1.3.01.00
            [Valor] => 34888.93
            [ValorF] => 34.888,93
            [TipoValor] => ending_balance
            [NaturezaValor] => D
            [PoderOrgao] => 10131
            [FinanceiroPermanente] => 
            [DividaConsolidada] => 
            [FonteRecurso] => 1.211.0000
            [ComplementoFonteRecurso] => 
            [NaturezaReceita] => 
            [NaturezaDespesa] => 3.3.90.33.03
            [FuncaoSubfuncao] => 10.785
            [AnoInscricaoRestosAPagar] => 
            [DespesasMDEeASPS] => 
        )

    [1114] => Array
        (
            [ContaContabil] => 6.2.2.1.3.01.00
            [Valor] => 9750
            [ValorF] => 9.750,00
            [TipoValor] => beginning_balance
            [NaturezaValor] => C
            [PoderOrgao] => 10131
            [FinanceiroPermanente] => 
            [DividaConsolidada] => 
            [FonteRecurso] => 1.211.0000
            [ComplementoFonteRecurso] => 
            [NaturezaReceita] => 
            [NaturezaDespesa] => 3.3.90.36.03
            [FuncaoSubfuncao] => 10.302
            [AnoInscricaoRestosAPagar] => 
            [DespesasMDEeASPS] => 
        )

    [1115] => Array
        (
            [ContaContabil] => 6.2.2.1.3.01.00
            [Valor] => 4750
            [ValorF] => 4.750,00
            [TipoValor] => beginning_balance
            [NaturezaValor] => D
            [PoderOrgao] => 10131
            [FinanceiroPermanente] => 
            [DividaConsolidada] => 
            [FonteRecurso] => 1.211.0000
            [ComplementoFonteRecurso] => 
            [NaturezaReceita] => 
            [NaturezaDespesa] => 3.3.90.36.03
            [FuncaoSubfuncao] => 10.302
            [AnoInscricaoRestosAPagar] => 
            [DespesasMDEeASPS] => 
        )

    [1116] => Array
        (
            [ContaContabil] => 6.2.2.1.3.01.00
            [Valor] => 9750
            [ValorF] => 9.750,00
            [TipoValor] => ending_balance
            [NaturezaValor] => C
            [PoderOrgao] => 10131
            [FinanceiroPermanente] => 
            [DividaConsolidada] => 
            [FonteRecurso] => 1.211.0000
            [ComplementoFonteRecurso] => 
            [NaturezaReceita] => 
            [NaturezaDespesa] => 3.3.90.36.03
            [FuncaoSubfuncao] => 10.302
            [AnoInscricaoRestosAPagar] => 
            [DespesasMDEeASPS] => 
        )

    [1117] => Array
        (
            [ContaContabil] => 6.2.2.1.3.01.00
            [Valor] => 6250
            [ValorF] => 6.250,00
            [TipoValor] => ending_balance
            [NaturezaValor] => D
            [PoderOrgao] => 10131
            [FinanceiroPermanente] => 
            [DividaConsolidada] => 
            [FonteRecurso] => 1.211.0000
            [ComplementoFonteRecurso] => 
            [NaturezaReceita] => 
            [NaturezaDespesa] => 3.3.90.36.03
            [FuncaoSubfuncao] => 10.302
            [AnoInscricaoRestosAPagar] => 
            [DespesasMDEeASPS] => 
        )

    [1118] => Array
        (
            [ContaContabil] => 6.2.2.1.3.01.00
            [Valor] => 1500
            [ValorF] => 1.500,00
            [TipoValor] => period_change
            [NaturezaValor] => D
            [PoderOrgao] => 10131
            [FinanceiroPermanente] => 
            [DividaConsolidada] => 
            [FonteRecurso] => 1.211.0000
            [ComplementoFonteRecurso] => 
            [NaturezaReceita] => 
            [NaturezaDespesa] => 3.3.90.36.03
            [FuncaoSubfuncao] => 10.302
            [AnoInscricaoRestosAPagar] => 
            [DespesasMDEeASPS] => 
        )

    [1119] => Array
        (
            [ContaContabil] => 6.2.2.1.3.01.00
            [Valor] => 7300
            [ValorF] => 7.300,00
            [TipoValor] => beginning_balance
            [NaturezaValor] => C
            [PoderOrgao] => 10131
            [FinanceiroPermanente] => 
            [DividaConsolidada] => 
            [FonteRecurso] => 1.211.0000
            [ComplementoFonteRecurso] => 
            [NaturezaReceita] => 
            [NaturezaDespesa] => 3.3.90.36.03
            [FuncaoSubfuncao] => 10.303
            [AnoInscricaoRestosAPagar] => 
            [DespesasMDEeASPS] => 
        )

    [1120] => Array
        (
            [ContaContabil] => 6.2.2.1.3.01.00
            [Valor] => 2300
            [ValorF] => 2.300,00
            [TipoValor] => beginning_balance
            [NaturezaValor] => D
            [PoderOrgao] => 10131
            [FinanceiroPermanente] => 
            [DividaConsolidada] => 
            [FonteRecurso] => 1.211.0000
            [ComplementoFonteRecurso] => 
            [NaturezaReceita] => 
            [NaturezaDespesa] => 3.3.90.36.03
            [FuncaoSubfuncao] => 10.303
            [AnoInscricaoRestosAPagar] => 
            [DespesasMDEeASPS] => 
        )

    [1121] => Array
        (
            [ContaContabil] => 6.2.2.1.3.01.00
            [Valor] => 7300
            [ValorF] => 7.300,00
            [TipoValor] => ending_balance
            [NaturezaValor] => C
            [PoderOrgao] => 10131
            [FinanceiroPermanente] => 
            [DividaConsolidada] => 
            [FonteRecurso] => 1.211.0000
            [ComplementoFonteRecurso] => 
            [NaturezaReceita] => 
            [NaturezaDespesa] => 3.3.90.36.03
            [FuncaoSubfuncao] => 10.303
            [AnoInscricaoRestosAPagar] => 
            [DespesasMDEeASPS] => 
        )

    [1122] => Array
        (
            [ContaContabil] => 6.2.2.1.3.01.00
            [Valor] => 7300
            [ValorF] => 7.300,00
            [TipoValor] => ending_balance
            [NaturezaValor] => D
            [PoderOrgao] => 10131
            [FinanceiroPermanente] => 
            [DividaConsolidada] => 
            [FonteRecurso] => 1.211.0000
            [ComplementoFonteRecurso] => 
            [NaturezaReceita] => 
            [NaturezaDespesa] => 3.3.90.36.03
            [FuncaoSubfuncao] => 10.303
            [AnoInscricaoRestosAPagar] => 
            [DespesasMDEeASPS] => 
        )

    [1123] => Array
        (
            [ContaContabil] => 6.2.2.1.3.01.00
            [Valor] => 5000
            [ValorF] => 5.000,00
            [TipoValor] => period_change
            [NaturezaValor] => D
            [PoderOrgao] => 10131
            [FinanceiroPermanente] => 
            [DividaConsolidada] => 
            [FonteRecurso] => 1.211.0000
            [ComplementoFonteRecurso] => 
            [NaturezaReceita] => 
            [NaturezaDespesa] => 3.3.90.36.03
            [FuncaoSubfuncao] => 10.303
            [AnoInscricaoRestosAPagar] => 
            [DespesasMDEeASPS] => 
        )

    [1124] => Array
        (
            [ContaContabil] => 6.2.2.1.3.01.00
            [Valor] => 16242.61
            [ValorF] => 16.242,61
            [TipoValor] => beginning_balance
            [NaturezaValor] => C
            [PoderOrgao] => 10131
            [FinanceiroPermanente] => 
            [DividaConsolidada] => 
            [FonteRecurso] => 1.211.0000
            [ComplementoFonteRecurso] => 
            [NaturezaReceita] => 
            [NaturezaDespesa] => 3.3.90.39.03
            [FuncaoSubfuncao] => 10.122
            [AnoInscricaoRestosAPagar] => 
            [DespesasMDEeASPS] => 
        )

    [1125] => Array
        (
            [ContaContabil] => 6.2.2.1.3.01.00
            [Valor] => 11918.69
            [ValorF] => 11.918,69
            [TipoValor] => beginning_balance
            [NaturezaValor] => D
            [PoderOrgao] => 10131
            [FinanceiroPermanente] => 
            [DividaConsolidada] => 
            [FonteRecurso] => 1.211.0000
            [ComplementoFonteRecurso] => 
            [NaturezaReceita] => 
            [NaturezaDespesa] => 3.3.90.39.03
            [FuncaoSubfuncao] => 10.122
            [AnoInscricaoRestosAPagar] => 
            [DespesasMDEeASPS] => 
        )

    [1126] => Array
        (
            [ContaContabil] => 6.2.2.1.3.01.00
            [Valor] => 18422.61
            [ValorF] => 18.422,61
            [TipoValor] => ending_balance
            [NaturezaValor] => C
            [PoderOrgao] => 10131
            [FinanceiroPermanente] => 
            [DividaConsolidada] => 
            [FonteRecurso] => 1.211.0000
            [ComplementoFonteRecurso] => 
            [NaturezaReceita] => 
            [NaturezaDespesa] => 3.3.90.39.03
            [FuncaoSubfuncao] => 10.122
            [AnoInscricaoRestosAPagar] => 
            [DespesasMDEeASPS] => 
        )

    [1127] => Array
        (
            [ContaContabil] => 6.2.2.1.3.01.00
            [Valor] => 14532.23
            [ValorF] => 14.532,23
            [TipoValor] => ending_balance
            [NaturezaValor] => D
            [PoderOrgao] => 10131
            [FinanceiroPermanente] => 
            [DividaConsolidada] => 
            [FonteRecurso] => 1.211.0000
            [ComplementoFonteRecurso] => 
            [NaturezaReceita] => 
            [NaturezaDespesa] => 3.3.90.39.03
            [FuncaoSubfuncao] => 10.122
            [AnoInscricaoRestosAPagar] => 
            [DespesasMDEeASPS] => 
        )

    [1128] => Array
        (
            [ContaContabil] => 6.2.2.1.3.01.00
            [Valor] => 2180
            [ValorF] => 2.180,00
            [TipoValor] => period_change
            [NaturezaValor] => C
            [PoderOrgao] => 10131
            [FinanceiroPermanente] => 
            [DividaConsolidada] => 
            [FonteRecurso] => 1.211.0000
            [ComplementoFonteRecurso] => 
            [NaturezaReceita] => 
            [NaturezaDespesa] => 3.3.90.39.03
            [FuncaoSubfuncao] => 10.122
            [AnoInscricaoRestosAPagar] => 
            [DespesasMDEeASPS] => 
        )

    [1129] => Array
        (
            [ContaContabil] => 6.2.2.1.3.01.00
            [Valor] => 2613.54
            [ValorF] => 2.613,54
            [TipoValor] => period_change
            [NaturezaValor] => D
            [PoderOrgao] => 10131
            [FinanceiroPermanente] => 
            [DividaConsolidada] => 
            [FonteRecurso] => 1.211.0000
            [ComplementoFonteRecurso] => 
            [NaturezaReceita] => 
            [NaturezaDespesa] => 3.3.90.39.03
            [FuncaoSubfuncao] => 10.122
            [AnoInscricaoRestosAPagar] => 
            [DespesasMDEeASPS] => 
        )

    [1130] => Array
        (
            [ContaContabil] => 6.2.2.1.3.01.00
            [Valor] => 409415.78
            [ValorF] => 409.415,78
            [TipoValor] => beginning_balance
            [NaturezaValor] => C
            [PoderOrgao] => 10131
            [FinanceiroPermanente] => 
            [DividaConsolidada] => 
            [FonteRecurso] => 1.211.0000
            [ComplementoFonteRecurso] => 
            [NaturezaReceita] => 
            [NaturezaDespesa] => 3.3.90.39.03
            [FuncaoSubfuncao] => 10.301
            [AnoInscricaoRestosAPagar] => 
            [DespesasMDEeASPS] => 
        )

    [1131] => Array
        (
            [ContaContabil] => 6.2.2.1.3.01.00
            [Valor] => 273558.35
            [ValorF] => 273.558,35
            [TipoValor] => beginning_balance
            [NaturezaValor] => D
            [PoderOrgao] => 10131
            [FinanceiroPermanente] => 
            [DividaConsolidada] => 
            [FonteRecurso] => 1.211.0000
            [ComplementoFonteRecurso] => 
            [NaturezaReceita] => 
            [NaturezaDespesa] => 3.3.90.39.03
            [FuncaoSubfuncao] => 10.301
            [AnoInscricaoRestosAPagar] => 
            [DespesasMDEeASPS] => 
        )

    [1132] => Array
        (
            [ContaContabil] => 6.2.2.1.3.01.00
            [Valor] => 490655.78
            [ValorF] => 490.655,78
            [TipoValor] => ending_balance
            [NaturezaValor] => C
            [PoderOrgao] => 10131
            [FinanceiroPermanente] => 
            [DividaConsolidada] => 
            [FonteRecurso] => 1.211.0000
            [ComplementoFonteRecurso] => 
            [NaturezaReceita] => 
            [NaturezaDespesa] => 3.3.90.39.03
            [FuncaoSubfuncao] => 10.301
            [AnoInscricaoRestosAPagar] => 
            [DespesasMDEeASPS] => 
        )

    [1133] => Array
        (
            [ContaContabil] => 6.2.2.1.3.01.00
            [Valor] => 348977.47
            [ValorF] => 348.977,47
            [TipoValor] => ending_balance
            [NaturezaValor] => D
            [PoderOrgao] => 10131
            [FinanceiroPermanente] => 
            [DividaConsolidada] => 
            [FonteRecurso] => 1.211.0000
            [ComplementoFonteRecurso] => 
            [NaturezaReceita] => 
            [NaturezaDespesa] => 3.3.90.39.03
            [FuncaoSubfuncao] => 10.301
            [AnoInscricaoRestosAPagar] => 
            [DespesasMDEeASPS] => 
        )

    [1134] => Array
        (
            [ContaContabil] => 6.2.2.1.3.01.00
            [Valor] => 81240
            [ValorF] => 81.240,00
            [TipoValor] => period_change
            [NaturezaValor] => C
            [PoderOrgao] => 10131
            [FinanceiroPermanente] => 
            [DividaConsolidada] => 
            [FonteRecurso] => 1.211.0000
            [ComplementoFonteRecurso] => 
            [NaturezaReceita] => 
            [NaturezaDespesa] => 3.3.90.39.03
            [FuncaoSubfuncao] => 10.301
            [AnoInscricaoRestosAPagar] => 
            [DespesasMDEeASPS] => 
        )

    [1135] => Array
        (
            [ContaContabil] => 6.2.2.1.3.01.00
            [Valor] => 75419.12
            [ValorF] => 75.419,12
            [TipoValor] => period_change
            [NaturezaValor] => D
            [PoderOrgao] => 10131
            [FinanceiroPermanente] => 
            [DividaConsolidada] => 
            [FonteRecurso] => 1.211.0000
            [ComplementoFonteRecurso] => 
            [NaturezaReceita] => 
            [NaturezaDespesa] => 3.3.90.39.03
            [FuncaoSubfuncao] => 10.301
            [AnoInscricaoRestosAPagar] => 
            [DespesasMDEeASPS] => 
        )

    [1136] => Array
        (
            [ContaContabil] => 6.2.2.1.3.01.00
            [Valor] => 381072.58
            [ValorF] => 381.072,58
            [TipoValor] => beginning_balance
            [NaturezaValor] => C
            [PoderOrgao] => 10131
            [FinanceiroPermanente] => 
            [DividaConsolidada] => 
            [FonteRecurso] => 1.211.0000
            [ComplementoFonteRecurso] => 
            [NaturezaReceita] => 
            [NaturezaDespesa] => 3.3.90.39.03
            [FuncaoSubfuncao] => 10.302
            [AnoInscricaoRestosAPagar] => 
            [DespesasMDEeASPS] => 
        )

    [1137] => Array
        (
            [ContaContabil] => 6.2.2.1.3.01.00
            [Valor] => 249046.54
            [ValorF] => 249.046,54
            [TipoValor] => beginning_balance
            [NaturezaValor] => D
            [PoderOrgao] => 10131
            [FinanceiroPermanente] => 
            [DividaConsolidada] => 
            [FonteRecurso] => 1.211.0000
            [ComplementoFonteRecurso] => 
            [NaturezaReceita] => 
            [NaturezaDespesa] => 3.3.90.39.03
            [FuncaoSubfuncao] => 10.302
            [AnoInscricaoRestosAPagar] => 
            [DespesasMDEeASPS] => 
        )

    [1138] => Array
        (
            [ContaContabil] => 6.2.2.1.3.01.00
            [Valor] => 444072.58
            [ValorF] => 444.072,58
            [TipoValor] => ending_balance
            [NaturezaValor] => C
            [PoderOrgao] => 10131
            [FinanceiroPermanente] => 
            [DividaConsolidada] => 
            [FonteRecurso] => 1.211.0000
            [ComplementoFonteRecurso] => 
            [NaturezaReceita] => 
            [NaturezaDespesa] => 3.3.90.39.03
            [FuncaoSubfuncao] => 10.302
            [AnoInscricaoRestosAPagar] => 
            [DespesasMDEeASPS] => 
        )

    [1139] => Array
        (
            [ContaContabil] => 6.2.2.1.3.01.00
            [Valor] => 277750.48
            [ValorF] => 277.750,48
            [TipoValor] => ending_balance
            [NaturezaValor] => D
            [PoderOrgao] => 10131
            [FinanceiroPermanente] => 
            [DividaConsolidada] => 
            [FonteRecurso] => 1.211.0000
            [ComplementoFonteRecurso] => 
            [NaturezaReceita] => 
            [NaturezaDespesa] => 3.3.90.39.03
            [FuncaoSubfuncao] => 10.302
            [AnoInscricaoRestosAPagar] => 
            [DespesasMDEeASPS] => 
        )

    [1140] => Array
        (
            [ContaContabil] => 6.2.2.1.3.01.00
            [Valor] => 63000
            [ValorF] => 63.000,00
            [TipoValor] => period_change
            [NaturezaValor] => C
            [PoderOrgao] => 10131
            [FinanceiroPermanente] => 
            [DividaConsolidada] => 
            [FonteRecurso] => 1.211.0000
            [ComplementoFonteRecurso] => 
            [NaturezaReceita] => 
            [NaturezaDespesa] => 3.3.90.39.03
            [FuncaoSubfuncao] => 10.302
            [AnoInscricaoRestosAPagar] => 
            [DespesasMDEeASPS] => 
        )

    [1141] => Array
        (
            [ContaContabil] => 6.2.2.1.3.01.00
            [Valor] => 28703.94
            [ValorF] => 28.703,94
            [TipoValor] => period_change
            [NaturezaValor] => D
            [PoderOrgao] => 10131
            [FinanceiroPermanente] => 
            [DividaConsolidada] => 
            [FonteRecurso] => 1.211.0000
            [ComplementoFonteRecurso] => 
            [NaturezaReceita] => 
            [NaturezaDespesa] => 3.3.90.39.03
            [FuncaoSubfuncao] => 10.302
            [AnoInscricaoRestosAPagar] => 
            [DespesasMDEeASPS] => 
        )

    [1142] => Array
        (
            [ContaContabil] => 6.2.2.1.3.01.00
            [Valor] => 239783.12
            [ValorF] => 239.783,12
            [TipoValor] => beginning_balance
            [NaturezaValor] => C
            [PoderOrgao] => 10131
            [FinanceiroPermanente] => 
            [DividaConsolidada] => 
            [FonteRecurso] => 1.211.0000
            [ComplementoFonteRecurso] => 
            [NaturezaReceita] => 
            [NaturezaDespesa] => 3.3.90.39.03
            [FuncaoSubfuncao] => 10.303
            [AnoInscricaoRestosAPagar] => 
            [DespesasMDEeASPS] => 
        )

    [1143] => Array
        (
            [ContaContabil] => 6.2.2.1.3.01.00
            [Valor] => 150527.38
            [ValorF] => 150.527,38
            [TipoValor] => beginning_balance
            [NaturezaValor] => D
            [PoderOrgao] => 10131
            [FinanceiroPermanente] => 
            [DividaConsolidada] => 
            [FonteRecurso] => 1.211.0000
            [ComplementoFonteRecurso] => 
            [NaturezaReceita] => 
            [NaturezaDespesa] => 3.3.90.39.03
            [FuncaoSubfuncao] => 10.303
            [AnoInscricaoRestosAPagar] => 
            [DespesasMDEeASPS] => 
        )

    [1144] => Array
        (
            [ContaContabil] => 6.2.2.1.3.01.00
            [Valor] => 246029.72
            [ValorF] => 246.029,72
            [TipoValor] => ending_balance
            [NaturezaValor] => C
            [PoderOrgao] => 10131
            [FinanceiroPermanente] => 
            [DividaConsolidada] => 
            [FonteRecurso] => 1.211.0000
            [ComplementoFonteRecurso] => 
            [NaturezaReceita] => 
            [NaturezaDespesa] => 3.3.90.39.03
            [FuncaoSubfuncao] => 10.303
            [AnoInscricaoRestosAPagar] => 
            [DespesasMDEeASPS] => 
        )

    [1145] => Array
        (
            [ContaContabil] => 6.2.2.1.3.01.00
            [Valor] => 172577.38
            [ValorF] => 172.577,38
            [TipoValor] => ending_balance
            [NaturezaValor] => D
            [PoderOrgao] => 10131
            [FinanceiroPermanente] => 
            [DividaConsolidada] => 
            [FonteRecurso] => 1.211.0000
            [ComplementoFonteRecurso] => 
            [NaturezaReceita] => 
            [NaturezaDespesa] => 3.3.90.39.03
            [FuncaoSubfuncao] => 10.303
            [AnoInscricaoRestosAPagar] => 
            [DespesasMDEeASPS] => 
        )

    [1146] => Array
        (
            [ContaContabil] => 6.2.2.1.3.01.00
            [Valor] => 6246.6
            [ValorF] => 6.246,60
            [TipoValor] => period_change
            [NaturezaValor] => C
            [PoderOrgao] => 10131
            [FinanceiroPermanente] => 
            [DividaConsolidada] => 
            [FonteRecurso] => 1.211.0000
            [ComplementoFonteRecurso] => 
            [NaturezaReceita] => 
            [NaturezaDespesa] => 3.3.90.39.03
            [FuncaoSubfuncao] => 10.303
            [AnoInscricaoRestosAPagar] => 
            [DespesasMDEeASPS] => 
        )

    [1147] => Array
        (
            [ContaContabil] => 6.2.2.1.3.01.00
            [Valor] => 22050
            [ValorF] => 22.050,00
            [TipoValor] => period_change
            [NaturezaValor] => D
            [PoderOrgao] => 10131
            [FinanceiroPermanente] => 
            [DividaConsolidada] => 
            [FonteRecurso] => 1.211.0000
            [ComplementoFonteRecurso] => 
            [NaturezaReceita] => 
            [NaturezaDespesa] => 3.3.90.39.03
            [FuncaoSubfuncao] => 10.303
            [AnoInscricaoRestosAPagar] => 
            [DespesasMDEeASPS] => 
        )

    [1148] => Array
        (
            [ContaContabil] => 6.2.2.1.3.01.00
            [Valor] => 28047.06
            [ValorF] => 28.047,06
            [TipoValor] => beginning_balance
            [NaturezaValor] => C
            [PoderOrgao] => 10131
            [FinanceiroPermanente] => 
            [DividaConsolidada] => 
            [FonteRecurso] => 1.211.0000
            [ComplementoFonteRecurso] => 
            [NaturezaReceita] => 
            [NaturezaDespesa] => 3.3.90.39.03
            [FuncaoSubfuncao] => 10.305
            [AnoInscricaoRestosAPagar] => 
            [DespesasMDEeASPS] => 
        )

    [1149] => Array
        (
            [ContaContabil] => 6.2.2.1.3.01.00
            [Valor] => 21638.61
            [ValorF] => 21.638,61
            [TipoValor] => beginning_balance
            [NaturezaValor] => D
            [PoderOrgao] => 10131
            [FinanceiroPermanente] => 
            [DividaConsolidada] => 
            [FonteRecurso] => 1.211.0000
            [ComplementoFonteRecurso] => 
            [NaturezaReceita] => 
            [NaturezaDespesa] => 3.3.90.39.03
            [FuncaoSubfuncao] => 10.305
            [AnoInscricaoRestosAPagar] => 
            [DespesasMDEeASPS] => 
        )

    [1150] => Array
        (
            [ContaContabil] => 6.2.2.1.3.01.00
            [Valor] => 28607.06
            [ValorF] => 28.607,06
            [TipoValor] => ending_balance
            [NaturezaValor] => C
            [PoderOrgao] => 10131
            [FinanceiroPermanente] => 
            [DividaConsolidada] => 
            [FonteRecurso] => 1.211.0000
            [ComplementoFonteRecurso] => 
            [NaturezaReceita] => 
            [NaturezaDespesa] => 3.3.90.39.03
            [FuncaoSubfuncao] => 10.305
            [AnoInscricaoRestosAPagar] => 
            [DespesasMDEeASPS] => 
        )

    [1151] => Array
        (
            [ContaContabil] => 6.2.2.1.3.01.00
            [Valor] => 27897.63
            [ValorF] => 27.897,63
            [TipoValor] => ending_balance
            [NaturezaValor] => D
            [PoderOrgao] => 10131
            [FinanceiroPermanente] => 
            [DividaConsolidada] => 
            [FonteRecurso] => 1.211.0000
            [ComplementoFonteRecurso] => 
            [NaturezaReceita] => 
            [NaturezaDespesa] => 3.3.90.39.03
            [FuncaoSubfuncao] => 10.305
            [AnoInscricaoRestosAPagar] => 
            [DespesasMDEeASPS] => 
        )

    [1152] => Array
        (
            [ContaContabil] => 6.2.2.1.3.01.00
            [Valor] => 560
            [ValorF] => 560,00
            [TipoValor] => period_change
            [NaturezaValor] => C
            [PoderOrgao] => 10131
            [FinanceiroPermanente] => 
            [DividaConsolidada] => 
            [FonteRecurso] => 1.211.0000
            [ComplementoFonteRecurso] => 
            [NaturezaReceita] => 
            [NaturezaDespesa] => 3.3.90.39.03
            [FuncaoSubfuncao] => 10.305
            [AnoInscricaoRestosAPagar] => 
            [DespesasMDEeASPS] => 
        )

    [1153] => Array
        (
            [ContaContabil] => 6.2.2.1.3.01.00
            [Valor] => 6259.02
            [ValorF] => 6.259,02
            [TipoValor] => period_change
            [NaturezaValor] => D
            [PoderOrgao] => 10131
            [FinanceiroPermanente] => 
            [DividaConsolidada] => 
            [FonteRecurso] => 1.211.0000
            [ComplementoFonteRecurso] => 
            [NaturezaReceita] => 
            [NaturezaDespesa] => 3.3.90.39.03
            [FuncaoSubfuncao] => 10.305
            [AnoInscricaoRestosAPagar] => 
            [DespesasMDEeASPS] => 
        )

    [1154] => Array
        (
            [ContaContabil] => 6.2.2.1.3.01.00
            [Valor] => 29886.92
            [ValorF] => 29.886,92
            [TipoValor] => beginning_balance
            [NaturezaValor] => C
            [PoderOrgao] => 10131
            [FinanceiroPermanente] => 
            [DividaConsolidada] => 
            [FonteRecurso] => 1.211.0000
            [ComplementoFonteRecurso] => 
            [NaturezaReceita] => 
            [NaturezaDespesa] => 3.3.90.39.03
            [FuncaoSubfuncao] => 10.785
            [AnoInscricaoRestosAPagar] => 
            [DespesasMDEeASPS] => 
        )

    [1155] => Array
        (
            [ContaContabil] => 6.2.2.1.3.01.00
            [Valor] => 20636.72
            [ValorF] => 20.636,72
            [TipoValor] => beginning_balance
            [NaturezaValor] => D
            [PoderOrgao] => 10131
            [FinanceiroPermanente] => 
            [DividaConsolidada] => 
            [FonteRecurso] => 1.211.0000
            [ComplementoFonteRecurso] => 
            [NaturezaReceita] => 
            [NaturezaDespesa] => 3.3.90.39.03
            [FuncaoSubfuncao] => 10.785
            [AnoInscricaoRestosAPagar] => 
            [DespesasMDEeASPS] => 
        )

    [1156] => Array
        (
            [ContaContabil] => 6.2.2.1.3.01.00
            [Valor] => 33268.72
            [ValorF] => 33.268,72
            [TipoValor] => ending_balance
            [NaturezaValor] => C
            [PoderOrgao] => 10131
            [FinanceiroPermanente] => 
            [DividaConsolidada] => 
            [FonteRecurso] => 1.211.0000
            [ComplementoFonteRecurso] => 
            [NaturezaReceita] => 
            [NaturezaDespesa] => 3.3.90.39.03
            [FuncaoSubfuncao] => 10.785
            [AnoInscricaoRestosAPagar] => 
            [DespesasMDEeASPS] => 
        )

    [1157] => Array
        (
            [ContaContabil] => 6.2.2.1.3.01.00
            [Valor] => 28580.25
            [ValorF] => 28.580,25
            [TipoValor] => ending_balance
            [NaturezaValor] => D
            [PoderOrgao] => 10131
            [FinanceiroPermanente] => 
            [DividaConsolidada] => 
            [FonteRecurso] => 1.211.0000
            [ComplementoFonteRecurso] => 
            [NaturezaReceita] => 
            [NaturezaDespesa] => 3.3.90.39.03
            [FuncaoSubfuncao] => 10.785
            [AnoInscricaoRestosAPagar] => 
            [DespesasMDEeASPS] => 
        )

    [1158] => Array
        (
            [ContaContabil] => 6.2.2.1.3.01.00
            [Valor] => 3381.8
            [ValorF] => 3.381,80
            [TipoValor] => period_change
            [NaturezaValor] => C
            [PoderOrgao] => 10131
            [FinanceiroPermanente] => 
            [DividaConsolidada] => 
            [FonteRecurso] => 1.211.0000
            [ComplementoFonteRecurso] => 
            [NaturezaReceita] => 
            [NaturezaDespesa] => 3.3.90.39.03
            [FuncaoSubfuncao] => 10.785
            [AnoInscricaoRestosAPagar] => 
            [DespesasMDEeASPS] => 
        )

    [1159] => Array
        (
            [ContaContabil] => 6.2.2.1.3.01.00
            [Valor] => 7943.53
            [ValorF] => 7.943,53
            [TipoValor] => period_change
            [NaturezaValor] => D
            [PoderOrgao] => 10131
            [FinanceiroPermanente] => 
            [DividaConsolidada] => 
            [FonteRecurso] => 1.211.0000
            [ComplementoFonteRecurso] => 
            [NaturezaReceita] => 
            [NaturezaDespesa] => 3.3.90.39.03
            [FuncaoSubfuncao] => 10.785
            [AnoInscricaoRestosAPagar] => 
            [DespesasMDEeASPS] => 
        )

    [1160] => Array
        (
            [ContaContabil] => 6.2.2.1.3.01.00
            [Valor] => 142805
            [ValorF] => 142.805,00
            [TipoValor] => beginning_balance
            [NaturezaValor] => C
            [PoderOrgao] => 10131
            [FinanceiroPermanente] => 
            [DividaConsolidada] => 
            [FonteRecurso] => 1.214.0000
            [ComplementoFonteRecurso] => 
            [NaturezaReceita] => 
            [NaturezaDespesa] => 3.3.90.39.03
            [FuncaoSubfuncao] => 10.301
            [AnoInscricaoRestosAPagar] => 
            [DespesasMDEeASPS] => 
        )

    [1161] => Array
        (
            [ContaContabil] => 6.2.2.1.3.01.00
            [Valor] => 97805
            [ValorF] => 97.805,00
            [TipoValor] => beginning_balance
            [NaturezaValor] => D
            [PoderOrgao] => 10131
            [FinanceiroPermanente] => 
            [DividaConsolidada] => 
            [FonteRecurso] => 1.214.0000
            [ComplementoFonteRecurso] => 
            [NaturezaReceita] => 
            [NaturezaDespesa] => 3.3.90.39.03
            [FuncaoSubfuncao] => 10.301
            [AnoInscricaoRestosAPagar] => 
            [DespesasMDEeASPS] => 
        )

    [1162] => Array
        (
            [ContaContabil] => 6.2.2.1.3.01.00
            [Valor] => 142805
            [ValorF] => 142.805,00
            [TipoValor] => ending_balance
            [NaturezaValor] => C
            [PoderOrgao] => 10131
            [FinanceiroPermanente] => 
            [DividaConsolidada] => 
            [FonteRecurso] => 1.214.0000
            [ComplementoFonteRecurso] => 
            [NaturezaReceita] => 
            [NaturezaDespesa] => 3.3.90.39.03
            [FuncaoSubfuncao] => 10.301
            [AnoInscricaoRestosAPagar] => 
            [DespesasMDEeASPS] => 
        )

    [1163] => Array
        (
            [ContaContabil] => 6.2.2.1.3.01.00
            [Valor] => 101405
            [ValorF] => 101.405,00
            [TipoValor] => ending_balance
            [NaturezaValor] => D
            [PoderOrgao] => 10131
            [FinanceiroPermanente] => 
            [DividaConsolidada] => 
            [FonteRecurso] => 1.214.0000
            [ComplementoFonteRecurso] => 
            [NaturezaReceita] => 
            [NaturezaDespesa] => 3.3.90.39.03
            [FuncaoSubfuncao] => 10.301
            [AnoInscricaoRestosAPagar] => 
            [DespesasMDEeASPS] => 
        )

    [1164] => Array
        (
            [ContaContabil] => 6.2.2.1.3.01.00
            [Valor] => 3600
            [ValorF] => 3.600,00
            [TipoValor] => period_change
            [NaturezaValor] => D
            [PoderOrgao] => 10131
            [FinanceiroPermanente] => 
            [DividaConsolidada] => 
            [FonteRecurso] => 1.214.0000
            [ComplementoFonteRecurso] => 
            [NaturezaReceita] => 
            [NaturezaDespesa] => 3.3.90.39.03
            [FuncaoSubfuncao] => 10.301
            [AnoInscricaoRestosAPagar] => 
            [DespesasMDEeASPS] => 
        )

    [1165] => Array
        (
            [ContaContabil] => 6.2.2.1.3.01.00
            [Valor] => 8250
            [ValorF] => 8.250,00
            [TipoValor] => beginning_balance
            [NaturezaValor] => C
            [PoderOrgao] => 10131
            [FinanceiroPermanente] => 
            [DividaConsolidada] => 
            [FonteRecurso] => 1.214.0000
            [ComplementoFonteRecurso] => 
            [NaturezaReceita] => 
            [NaturezaDespesa] => 3.3.90.39.03
            [FuncaoSubfuncao] => 10.302
            [AnoInscricaoRestosAPagar] => 
            [DespesasMDEeASPS] => 
        )

    [1166] => Array
        (
            [ContaContabil] => 6.2.2.1.3.01.00
            [Valor] => 6890
            [ValorF] => 6.890,00
            [TipoValor] => beginning_balance
            [NaturezaValor] => D
            [PoderOrgao] => 10131
            [FinanceiroPermanente] => 
            [DividaConsolidada] => 
            [FonteRecurso] => 1.214.0000
            [ComplementoFonteRecurso] => 
            [NaturezaReceita] => 
            [NaturezaDespesa] => 3.3.90.39.03
            [FuncaoSubfuncao] => 10.302
            [AnoInscricaoRestosAPagar] => 
            [DespesasMDEeASPS] => 
        )

    [1167] => Array
        (
            [ContaContabil] => 6.2.2.1.3.01.00
            [Valor] => 8250
            [ValorF] => 8.250,00
            [TipoValor] => ending_balance
            [NaturezaValor] => C
            [PoderOrgao] => 10131
            [FinanceiroPermanente] => 
            [DividaConsolidada] => 
            [FonteRecurso] => 1.214.0000
            [ComplementoFonteRecurso] => 
            [NaturezaReceita] => 
            [NaturezaDespesa] => 3.3.90.39.03
            [FuncaoSubfuncao] => 10.302
            [AnoInscricaoRestosAPagar] => 
            [DespesasMDEeASPS] => 
        )

    [1168] => Array
        (
            [ContaContabil] => 6.2.2.1.3.01.00
            [Valor] => 6890
            [ValorF] => 6.890,00
            [TipoValor] => ending_balance
            [NaturezaValor] => D
            [PoderOrgao] => 10131
            [FinanceiroPermanente] => 
            [DividaConsolidada] => 
            [FonteRecurso] => 1.214.0000
            [ComplementoFonteRecurso] => 
            [NaturezaReceita] => 
            [NaturezaDespesa] => 3.3.90.39.03
            [FuncaoSubfuncao] => 10.302
            [AnoInscricaoRestosAPagar] => 
            [DespesasMDEeASPS] => 
        )

    [1169] => Array
        (
            [ContaContabil] => 6.2.2.1.3.01.00
            [Valor] => 1100
            [ValorF] => 1.100,00
            [TipoValor] => beginning_balance
            [NaturezaValor] => C
            [PoderOrgao] => 10131
            [FinanceiroPermanente] => 
            [DividaConsolidada] => 
            [FonteRecurso] => 1.214.0000
            [ComplementoFonteRecurso] => 
            [NaturezaReceita] => 
            [NaturezaDespesa] => 3.3.90.39.03
            [FuncaoSubfuncao] => 10.303
            [AnoInscricaoRestosAPagar] => 
            [DespesasMDEeASPS] => 
        )

    [1170] => Array
        (
            [ContaContabil] => 6.2.2.1.3.01.00
            [Valor] => 1100
            [ValorF] => 1.100,00
            [TipoValor] => ending_balance
            [NaturezaValor] => C
            [PoderOrgao] => 10131
            [FinanceiroPermanente] => 
            [DividaConsolidada] => 
            [FonteRecurso] => 1.214.0000
            [ComplementoFonteRecurso] => 
            [NaturezaReceita] => 
            [NaturezaDespesa] => 3.3.90.39.03
            [FuncaoSubfuncao] => 10.303
            [AnoInscricaoRestosAPagar] => 
            [DespesasMDEeASPS] => 
        )

    [1171] => Array
        (
            [ContaContabil] => 6.2.2.1.3.01.00
            [Valor] => 5995
            [ValorF] => 5.995,00
            [TipoValor] => beginning_balance
            [NaturezaValor] => C
            [PoderOrgao] => 10131
            [FinanceiroPermanente] => 
            [DividaConsolidada] => 
            [FonteRecurso] => 1.214.0000
            [ComplementoFonteRecurso] => 
            [NaturezaReceita] => 
            [NaturezaDespesa] => 3.3.90.39.03
            [FuncaoSubfuncao] => 10.305
            [AnoInscricaoRestosAPagar] => 
            [DespesasMDEeASPS] => 
        )

    [1172] => Array
        (
            [ContaContabil] => 6.2.2.1.3.01.00
            [Valor] => 2365
            [ValorF] => 2.365,00
            [TipoValor] => beginning_balance
            [NaturezaValor] => D
            [PoderOrgao] => 10131
            [FinanceiroPermanente] => 
            [DividaConsolidada] => 
            [FonteRecurso] => 1.214.0000
            [ComplementoFonteRecurso] => 
            [NaturezaReceita] => 
            [NaturezaDespesa] => 3.3.90.39.03
            [FuncaoSubfuncao] => 10.305
            [AnoInscricaoRestosAPagar] => 
            [DespesasMDEeASPS] => 
        )

    [1173] => Array
        (
            [ContaContabil] => 6.2.2.1.3.01.00
            [Valor] => 14774.55
            [ValorF] => 14.774,55
            [TipoValor] => ending_balance
            [NaturezaValor] => C
            [PoderOrgao] => 10131
            [FinanceiroPermanente] => 
            [DividaConsolidada] => 
            [FonteRecurso] => 1.214.0000
            [ComplementoFonteRecurso] => 
            [NaturezaReceita] => 
            [NaturezaDespesa] => 3.3.90.39.03
            [FuncaoSubfuncao] => 10.305
            [AnoInscricaoRestosAPagar] => 
            [DespesasMDEeASPS] => 
        )

    [1174] => Array
        (
            [ContaContabil] => 6.2.2.1.3.01.00
            [Valor] => 2430
            [ValorF] => 2.430,00
            [TipoValor] => ending_balance
            [NaturezaValor] => D
            [PoderOrgao] => 10131
            [FinanceiroPermanente] => 
            [DividaConsolidada] => 
            [FonteRecurso] => 1.214.0000
            [ComplementoFonteRecurso] => 
            [NaturezaReceita] => 
            [NaturezaDespesa] => 3.3.90.39.03
            [FuncaoSubfuncao] => 10.305
            [AnoInscricaoRestosAPagar] => 
            [DespesasMDEeASPS] => 
        )

    [1175] => Array
        (
            [ContaContabil] => 6.2.2.1.3.01.00
            [Valor] => 8779.55
            [ValorF] => 8.779,55
            [TipoValor] => period_change
            [NaturezaValor] => C
            [PoderOrgao] => 10131
            [FinanceiroPermanente] => 
            [DividaConsolidada] => 
            [FonteRecurso] => 1.214.0000
            [ComplementoFonteRecurso] => 
            [NaturezaReceita] => 
            [NaturezaDespesa] => 3.3.90.39.03
            [FuncaoSubfuncao] => 10.305
            [AnoInscricaoRestosAPagar] => 
            [DespesasMDEeASPS] => 
        )

    [1176] => Array
        (
            [ContaContabil] => 6.2.2.1.3.01.00
            [Valor] => 65
            [ValorF] => 65,00
            [TipoValor] => period_change
            [NaturezaValor] => D
            [PoderOrgao] => 10131
            [FinanceiroPermanente] => 
            [DividaConsolidada] => 
            [FonteRecurso] => 1.214.0000
            [ComplementoFonteRecurso] => 
            [NaturezaReceita] => 
            [NaturezaDespesa] => 3.3.90.39.03
            [FuncaoSubfuncao] => 10.305
            [AnoInscricaoRestosAPagar] => 
            [DespesasMDEeASPS] => 
        )

    [1177] => Array
        (
            [ContaContabil] => 6.2.2.1.3.01.00
            [Valor] => 7620.47
            [ValorF] => 7.620,47
            [TipoValor] => beginning_balance
            [NaturezaValor] => C
            [PoderOrgao] => 10131
            [FinanceiroPermanente] => 
            [DividaConsolidada] => 
            [FonteRecurso] => 1.211.0000
            [ComplementoFonteRecurso] => 
            [NaturezaReceita] => 
            [NaturezaDespesa] => 3.3.90.40.04
            [FuncaoSubfuncao] => 10.122
            [AnoInscricaoRestosAPagar] => 
            [DespesasMDEeASPS] => 
        )

    [1178] => Array
        (
            [ContaContabil] => 6.2.2.1.3.01.00
            [Valor] => 5010.73
            [ValorF] => 5.010,73
            [TipoValor] => beginning_balance
            [NaturezaValor] => D
            [PoderOrgao] => 10131
            [FinanceiroPermanente] => 
            [DividaConsolidada] => 
            [FonteRecurso] => 1.211.0000
            [ComplementoFonteRecurso] => 
            [NaturezaReceita] => 
            [NaturezaDespesa] => 3.3.90.40.04
            [FuncaoSubfuncao] => 10.122
            [AnoInscricaoRestosAPagar] => 
            [DespesasMDEeASPS] => 
        )

    [1179] => Array
        (
            [ContaContabil] => 6.2.2.1.3.01.00
            [Valor] => 8037.47
            [ValorF] => 8.037,47
            [TipoValor] => ending_balance
            [NaturezaValor] => C
            [PoderOrgao] => 10131
            [FinanceiroPermanente] => 
            [DividaConsolidada] => 
            [FonteRecurso] => 1.211.0000
            [ComplementoFonteRecurso] => 
            [NaturezaReceita] => 
            [NaturezaDespesa] => 3.3.90.40.04
            [FuncaoSubfuncao] => 10.122
            [AnoInscricaoRestosAPagar] => 
            [DespesasMDEeASPS] => 
        )

    [1180] => Array
        (
            [ContaContabil] => 6.2.2.1.3.01.00
            [Valor] => 6139.88
            [ValorF] => 6.139,88
            [TipoValor] => ending_balance
            [NaturezaValor] => D
            [PoderOrgao] => 10131
            [FinanceiroPermanente] => 
            [DividaConsolidada] => 
            [FonteRecurso] => 1.211.0000
            [ComplementoFonteRecurso] => 
            [NaturezaReceita] => 
            [NaturezaDespesa] => 3.3.90.40.04
            [FuncaoSubfuncao] => 10.122
            [AnoInscricaoRestosAPagar] => 
            [DespesasMDEeASPS] => 
        )

    [1181] => Array
        (
            [ContaContabil] => 6.2.2.1.3.01.00
            [Valor] => 417
            [ValorF] => 417,00
            [TipoValor] => period_change
            [NaturezaValor] => C
            [PoderOrgao] => 10131
            [FinanceiroPermanente] => 
            [DividaConsolidada] => 
            [FonteRecurso] => 1.211.0000
            [ComplementoFonteRecurso] => 
            [NaturezaReceita] => 
            [NaturezaDespesa] => 3.3.90.40.04
            [FuncaoSubfuncao] => 10.122
            [AnoInscricaoRestosAPagar] => 
            [DespesasMDEeASPS] => 
        )

    [1182] => Array
        (
            [ContaContabil] => 6.2.2.1.3.01.00
            [Valor] => 1129.15
            [ValorF] => 1.129,15
            [TipoValor] => period_change
            [NaturezaValor] => D
            [PoderOrgao] => 10131
            [FinanceiroPermanente] => 
            [DividaConsolidada] => 
            [FonteRecurso] => 1.211.0000
            [ComplementoFonteRecurso] => 
            [NaturezaReceita] => 
            [NaturezaDespesa] => 3.3.90.40.04
            [FuncaoSubfuncao] => 10.122
            [AnoInscricaoRestosAPagar] => 
            [DespesasMDEeASPS] => 
        )

    [1183] => Array
        (
            [ContaContabil] => 6.2.2.1.3.01.00
            [Valor] => 15085.99
            [ValorF] => 15.085,99
            [TipoValor] => beginning_balance
            [NaturezaValor] => C
            [PoderOrgao] => 10131
            [FinanceiroPermanente] => 
            [DividaConsolidada] => 
            [FonteRecurso] => 1.211.0000
            [ComplementoFonteRecurso] => 
            [NaturezaReceita] => 
            [NaturezaDespesa] => 3.3.90.40.04
            [FuncaoSubfuncao] => 10.301
            [AnoInscricaoRestosAPagar] => 
            [DespesasMDEeASPS] => 
        )

    [1184] => Array
        (
            [ContaContabil] => 6.2.2.1.3.01.00
            [Valor] => 10557.73
            [ValorF] => 10.557,73
            [TipoValor] => beginning_balance
            [NaturezaValor] => D
            [PoderOrgao] => 10131
            [FinanceiroPermanente] => 
            [DividaConsolidada] => 
            [FonteRecurso] => 1.211.0000
            [ComplementoFonteRecurso] => 
            [NaturezaReceita] => 
            [NaturezaDespesa] => 3.3.90.40.04
            [FuncaoSubfuncao] => 10.301
            [AnoInscricaoRestosAPagar] => 
            [DespesasMDEeASPS] => 
        )

    [1185] => Array
        (
            [ContaContabil] => 6.2.2.1.3.01.00
            [Valor] => 15085.99
            [ValorF] => 15.085,99
            [TipoValor] => ending_balance
            [NaturezaValor] => C
            [PoderOrgao] => 10131
            [FinanceiroPermanente] => 
            [DividaConsolidada] => 
            [FonteRecurso] => 1.211.0000
            [ComplementoFonteRecurso] => 
            [NaturezaReceita] => 
            [NaturezaDespesa] => 3.3.90.40.04
            [FuncaoSubfuncao] => 10.301
            [AnoInscricaoRestosAPagar] => 
            [DespesasMDEeASPS] => 
        )

    [1186] => Array
        (
            [ContaContabil] => 6.2.2.1.3.01.00
            [Valor] => 12593.53
            [ValorF] => 12.593,53
            [TipoValor] => ending_balance
            [NaturezaValor] => D
            [PoderOrgao] => 10131
            [FinanceiroPermanente] => 
            [DividaConsolidada] => 
            [FonteRecurso] => 1.211.0000
            [ComplementoFonteRecurso] => 
            [NaturezaReceita] => 
            [NaturezaDespesa] => 3.3.90.40.04
            [FuncaoSubfuncao] => 10.301
            [AnoInscricaoRestosAPagar] => 
            [DespesasMDEeASPS] => 
        )

    [1187] => Array
        (
            [ContaContabil] => 6.2.2.1.3.01.00
            [Valor] => 2035.8
            [ValorF] => 2.035,80
            [TipoValor] => period_change
            [NaturezaValor] => D
            [PoderOrgao] => 10131
            [FinanceiroPermanente] => 
            [DividaConsolidada] => 
            [FonteRecurso] => 1.211.0000
            [ComplementoFonteRecurso] => 
            [NaturezaReceita] => 
            [NaturezaDespesa] => 3.3.90.40.04
            [FuncaoSubfuncao] => 10.301
            [AnoInscricaoRestosAPagar] => 
            [DespesasMDEeASPS] => 
        )

    [1188] => Array
        (
            [ContaContabil] => 6.2.2.1.3.01.00
            [Valor] => 150
            [ValorF] => 150,00
            [TipoValor] => beginning_balance
            [NaturezaValor] => C
            [PoderOrgao] => 10131
            [FinanceiroPermanente] => 
            [DividaConsolidada] => 
            [FonteRecurso] => 1.211.0000
            [ComplementoFonteRecurso] => 
            [NaturezaReceita] => 
            [NaturezaDespesa] => 3.3.90.40.04
            [FuncaoSubfuncao] => 10.302
            [AnoInscricaoRestosAPagar] => 
            [DespesasMDEeASPS] => 
        )

    [1189] => Array
        (
            [ContaContabil] => 6.2.2.1.3.01.00
            [Valor] => 150
            [ValorF] => 150,00
            [TipoValor] => beginning_balance
            [NaturezaValor] => D
            [PoderOrgao] => 10131
            [FinanceiroPermanente] => 
            [DividaConsolidada] => 
            [FonteRecurso] => 1.211.0000
            [ComplementoFonteRecurso] => 
            [NaturezaReceita] => 
            [NaturezaDespesa] => 3.3.90.40.04
            [FuncaoSubfuncao] => 10.302
            [AnoInscricaoRestosAPagar] => 
            [DespesasMDEeASPS] => 
        )

    [1190] => Array
        (
            [ContaContabil] => 6.2.2.1.3.01.00
            [Valor] => 150
            [ValorF] => 150,00
            [TipoValor] => ending_balance
            [NaturezaValor] => C
            [PoderOrgao] => 10131
            [FinanceiroPermanente] => 
            [DividaConsolidada] => 
            [FonteRecurso] => 1.211.0000
            [ComplementoFonteRecurso] => 
            [NaturezaReceita] => 
            [NaturezaDespesa] => 3.3.90.40.04
            [FuncaoSubfuncao] => 10.302
            [AnoInscricaoRestosAPagar] => 
            [DespesasMDEeASPS] => 
        )

    [1191] => Array
        (
            [ContaContabil] => 6.2.2.1.3.01.00
            [Valor] => 150
            [ValorF] => 150,00
            [TipoValor] => ending_balance
            [NaturezaValor] => D
            [PoderOrgao] => 10131
            [FinanceiroPermanente] => 
            [DividaConsolidada] => 
            [FonteRecurso] => 1.211.0000
            [ComplementoFonteRecurso] => 
            [NaturezaReceita] => 
            [NaturezaDespesa] => 3.3.90.40.04
            [FuncaoSubfuncao] => 10.302
            [AnoInscricaoRestosAPagar] => 
            [DespesasMDEeASPS] => 
        )

    [1192] => Array
        (
            [ContaContabil] => 6.2.2.1.3.01.00
            [Valor] => 192030.3
            [ValorF] => 192.030,30
            [TipoValor] => beginning_balance
            [NaturezaValor] => C
            [PoderOrgao] => 10131
            [FinanceiroPermanente] => 
            [DividaConsolidada] => 
            [FonteRecurso] => 1.211.0000
            [ComplementoFonteRecurso] => 
            [NaturezaReceita] => 
            [NaturezaDespesa] => 3.3.90.46.04
            [FuncaoSubfuncao] => 10.331
            [AnoInscricaoRestosAPagar] => 
            [DespesasMDEeASPS] => 
        )

    [1193] => Array
        (
            [ContaContabil] => 6.2.2.1.3.01.00
            [Valor] => 192030.3
            [ValorF] => 192.030,30
            [TipoValor] => beginning_balance
            [NaturezaValor] => D
            [PoderOrgao] => 10131
            [FinanceiroPermanente] => 
            [DividaConsolidada] => 
            [FonteRecurso] => 1.211.0000
            [ComplementoFonteRecurso] => 
            [NaturezaReceita] => 
            [NaturezaDespesa] => 3.3.90.46.04
            [FuncaoSubfuncao] => 10.331
            [AnoInscricaoRestosAPagar] => 
            [DespesasMDEeASPS] => 
        )

    [1194] => Array
        (
            [ContaContabil] => 6.2.2.1.3.01.00
            [Valor] => 217398.3
            [ValorF] => 217.398,30
            [TipoValor] => ending_balance
            [NaturezaValor] => C
            [PoderOrgao] => 10131
            [FinanceiroPermanente] => 
            [DividaConsolidada] => 
            [FonteRecurso] => 1.211.0000
            [ComplementoFonteRecurso] => 
            [NaturezaReceita] => 
            [NaturezaDespesa] => 3.3.90.46.04
            [FuncaoSubfuncao] => 10.331
            [AnoInscricaoRestosAPagar] => 
            [DespesasMDEeASPS] => 
        )

    [1195] => Array
        (
            [ContaContabil] => 6.2.2.1.3.01.00
            [Valor] => 217398.3
            [ValorF] => 217.398,30
            [TipoValor] => ending_balance
            [NaturezaValor] => D
            [PoderOrgao] => 10131
            [FinanceiroPermanente] => 
            [DividaConsolidada] => 
            [FonteRecurso] => 1.211.0000
            [ComplementoFonteRecurso] => 
            [NaturezaReceita] => 
            [NaturezaDespesa] => 3.3.90.46.04
            [FuncaoSubfuncao] => 10.331
            [AnoInscricaoRestosAPagar] => 
            [DespesasMDEeASPS] => 
        )

    [1196] => Array
        (
            [ContaContabil] => 6.2.2.1.3.01.00
            [Valor] => 25368
            [ValorF] => 25.368,00
            [TipoValor] => period_change
            [NaturezaValor] => C
            [PoderOrgao] => 10131
            [FinanceiroPermanente] => 
            [DividaConsolidada] => 
            [FonteRecurso] => 1.211.0000
            [ComplementoFonteRecurso] => 
            [NaturezaReceita] => 
            [NaturezaDespesa] => 3.3.90.46.04
            [FuncaoSubfuncao] => 10.331
            [AnoInscricaoRestosAPagar] => 
            [DespesasMDEeASPS] => 
        )

    [1197] => Array
        (
            [ContaContabil] => 6.2.2.1.3.01.00
            [Valor] => 25368
            [ValorF] => 25.368,00
            [TipoValor] => period_change
            [NaturezaValor] => D
            [PoderOrgao] => 10131
            [FinanceiroPermanente] => 
            [DividaConsolidada] => 
            [FonteRecurso] => 1.211.0000
            [ComplementoFonteRecurso] => 
            [NaturezaReceita] => 
            [NaturezaDespesa] => 3.3.90.46.04
            [FuncaoSubfuncao] => 10.331
            [AnoInscricaoRestosAPagar] => 
            [DespesasMDEeASPS] => 
        )

    [1198] => Array
        (
            [ContaContabil] => 6.2.2.1.3.01.00
            [Valor] => 7560
            [ValorF] => 7.560,00
            [TipoValor] => beginning_balance
            [NaturezaValor] => C
            [PoderOrgao] => 10131
            [FinanceiroPermanente] => 
            [DividaConsolidada] => 
            [FonteRecurso] => 1.211.0000
            [ComplementoFonteRecurso] => 
            [NaturezaReceita] => 
            [NaturezaDespesa] => 3.3.90.93.09
            [FuncaoSubfuncao] => 10.302
            [AnoInscricaoRestosAPagar] => 
            [DespesasMDEeASPS] => 
        )

    [1199] => Array
        (
            [ContaContabil] => 6.2.2.1.3.01.00
            [Valor] => 7060
            [ValorF] => 7.060,00
            [TipoValor] => beginning_balance
            [NaturezaValor] => D
            [PoderOrgao] => 10131
            [FinanceiroPermanente] => 
            [DividaConsolidada] => 
            [FonteRecurso] => 1.211.0000
            [ComplementoFonteRecurso] => 
            [NaturezaReceita] => 
            [NaturezaDespesa] => 3.3.90.93.09
            [FuncaoSubfuncao] => 10.302
            [AnoInscricaoRestosAPagar] => 
            [DespesasMDEeASPS] => 
        )

    [1200] => Array
        (
            [ContaContabil] => 6.2.2.1.3.01.00
            [Valor] => 8790
            [ValorF] => 8.790,00
            [TipoValor] => ending_balance
            [NaturezaValor] => C
            [PoderOrgao] => 10131
            [FinanceiroPermanente] => 
            [DividaConsolidada] => 
            [FonteRecurso] => 1.211.0000
            [ComplementoFonteRecurso] => 
            [NaturezaReceita] => 
            [NaturezaDespesa] => 3.3.90.93.09
            [FuncaoSubfuncao] => 10.302
            [AnoInscricaoRestosAPagar] => 
            [DespesasMDEeASPS] => 
        )

    [1201] => Array
        (
            [ContaContabil] => 6.2.2.1.3.01.00
            [Valor] => 8290
            [ValorF] => 8.290,00
            [TipoValor] => ending_balance
            [NaturezaValor] => D
            [PoderOrgao] => 10131
            [FinanceiroPermanente] => 
            [DividaConsolidada] => 
            [FonteRecurso] => 1.211.0000
            [ComplementoFonteRecurso] => 
            [NaturezaReceita] => 
            [NaturezaDespesa] => 3.3.90.93.09
            [FuncaoSubfuncao] => 10.302
            [AnoInscricaoRestosAPagar] => 
            [DespesasMDEeASPS] => 
        )

    [1202] => Array
        (
            [ContaContabil] => 6.2.2.1.3.01.00
            [Valor] => 1230
            [ValorF] => 1.230,00
            [TipoValor] => period_change
            [NaturezaValor] => C
            [PoderOrgao] => 10131
            [FinanceiroPermanente] => 
            [DividaConsolidada] => 
            [FonteRecurso] => 1.211.0000
            [ComplementoFonteRecurso] => 
            [NaturezaReceita] => 
            [NaturezaDespesa] => 3.3.90.93.09
            [FuncaoSubfuncao] => 10.302
            [AnoInscricaoRestosAPagar] => 
            [DespesasMDEeASPS] => 
        )

    [1203] => Array
        (
            [ContaContabil] => 6.2.2.1.3.01.00
            [Valor] => 1230
            [ValorF] => 1.230,00
            [TipoValor] => period_change
            [NaturezaValor] => D
            [PoderOrgao] => 10131
            [FinanceiroPermanente] => 
            [DividaConsolidada] => 
            [FonteRecurso] => 1.211.0000
            [ComplementoFonteRecurso] => 
            [NaturezaReceita] => 
            [NaturezaDespesa] => 3.3.90.93.09
            [FuncaoSubfuncao] => 10.302
            [AnoInscricaoRestosAPagar] => 
            [DespesasMDEeASPS] => 
        )

    [1204] => Array
        (
            [ContaContabil] => 6.2.2.1.3.01.00
            [Valor] => 9150
            [ValorF] => 9.150,00
            [TipoValor] => beginning_balance
            [NaturezaValor] => C
            [PoderOrgao] => 10131
            [FinanceiroPermanente] => 
            [DividaConsolidada] => 
            [FonteRecurso] => 1.211.0000
            [ComplementoFonteRecurso] => 
            [NaturezaReceita] => 
            [NaturezaDespesa] => 3.3.90.93.09
            [FuncaoSubfuncao] => 10.303
            [AnoInscricaoRestosAPagar] => 
            [DespesasMDEeASPS] => 
        )

    [1205] => Array
        (
            [ContaContabil] => 6.2.2.1.3.01.00
            [Valor] => 8800
            [ValorF] => 8.800,00
            [TipoValor] => beginning_balance
            [NaturezaValor] => D
            [PoderOrgao] => 10131
            [FinanceiroPermanente] => 
            [DividaConsolidada] => 
            [FonteRecurso] => 1.211.0000
            [ComplementoFonteRecurso] => 
            [NaturezaReceita] => 
            [NaturezaDespesa] => 3.3.90.93.09
            [FuncaoSubfuncao] => 10.303
            [AnoInscricaoRestosAPagar] => 
            [DespesasMDEeASPS] => 
        )

    [1206] => Array
        (
            [ContaContabil] => 6.2.2.1.3.01.00
            [Valor] => 10780
            [ValorF] => 10.780,00
            [TipoValor] => ending_balance
            [NaturezaValor] => C
            [PoderOrgao] => 10131
            [FinanceiroPermanente] => 
            [DividaConsolidada] => 
            [FonteRecurso] => 1.211.0000
            [ComplementoFonteRecurso] => 
            [NaturezaReceita] => 
            [NaturezaDespesa] => 3.3.90.93.09
            [FuncaoSubfuncao] => 10.303
            [AnoInscricaoRestosAPagar] => 
            [DespesasMDEeASPS] => 
        )

    [1207] => Array
        (
            [ContaContabil] => 6.2.2.1.3.01.00
            [Valor] => 9950
            [ValorF] => 9.950,00
            [TipoValor] => ending_balance
            [NaturezaValor] => D
            [PoderOrgao] => 10131
            [FinanceiroPermanente] => 
            [DividaConsolidada] => 
            [FonteRecurso] => 1.211.0000
            [ComplementoFonteRecurso] => 
            [NaturezaReceita] => 
            [NaturezaDespesa] => 3.3.90.93.09
            [FuncaoSubfuncao] => 10.303
            [AnoInscricaoRestosAPagar] => 
            [DespesasMDEeASPS] => 
        )

    [1208] => Array
        (
            [ContaContabil] => 6.2.2.1.3.01.00
            [Valor] => 1630
            [ValorF] => 1.630,00
            [TipoValor] => period_change
            [NaturezaValor] => C
            [PoderOrgao] => 10131
            [FinanceiroPermanente] => 
            [DividaConsolidada] => 
            [FonteRecurso] => 1.211.0000
            [ComplementoFonteRecurso] => 
            [NaturezaReceita] => 
            [NaturezaDespesa] => 3.3.90.93.09
            [FuncaoSubfuncao] => 10.303
            [AnoInscricaoRestosAPagar] => 
            [DespesasMDEeASPS] => 
        )

    [1209] => Array
        (
            [ContaContabil] => 6.2.2.1.3.01.00
            [Valor] => 1150
            [ValorF] => 1.150,00
            [TipoValor] => period_change
            [NaturezaValor] => D
            [PoderOrgao] => 10131
            [FinanceiroPermanente] => 
            [DividaConsolidada] => 
            [FonteRecurso] => 1.211.0000
            [ComplementoFonteRecurso] => 
            [NaturezaReceita] => 
            [NaturezaDespesa] => 3.3.90.93.09
            [FuncaoSubfuncao] => 10.303
            [AnoInscricaoRestosAPagar] => 
            [DespesasMDEeASPS] => 
        )

    [1210] => Array
        (
            [ContaContabil] => 6.2.2.1.3.01.00
            [Valor] => 445
            [ValorF] => 445,00
            [TipoValor] => beginning_balance
            [NaturezaValor] => C
            [PoderOrgao] => 10131
            [FinanceiroPermanente] => 
            [DividaConsolidada] => 
            [FonteRecurso] => 1.211.0000
            [ComplementoFonteRecurso] => 
            [NaturezaReceita] => 
            [NaturezaDespesa] => 3.3.90.93.09
            [FuncaoSubfuncao] => 10.785
            [AnoInscricaoRestosAPagar] => 
            [DespesasMDEeASPS] => 
        )

    [1211] => Array
        (
            [ContaContabil] => 6.2.2.1.3.01.00
            [Valor] => 445
            [ValorF] => 445,00
            [TipoValor] => beginning_balance
            [NaturezaValor] => D
            [PoderOrgao] => 10131
            [FinanceiroPermanente] => 
            [DividaConsolidada] => 
            [FonteRecurso] => 1.211.0000
            [ComplementoFonteRecurso] => 
            [NaturezaReceita] => 
            [NaturezaDespesa] => 3.3.90.93.09
            [FuncaoSubfuncao] => 10.785
            [AnoInscricaoRestosAPagar] => 
            [DespesasMDEeASPS] => 
        )

    [1212] => Array
        (
            [ContaContabil] => 6.2.2.1.3.01.00
            [Valor] => 445
            [ValorF] => 445,00
            [TipoValor] => ending_balance
            [NaturezaValor] => C
            [PoderOrgao] => 10131
            [FinanceiroPermanente] => 
            [DividaConsolidada] => 
            [FonteRecurso] => 1.211.0000
            [ComplementoFonteRecurso] => 
            [NaturezaReceita] => 
            [NaturezaDespesa] => 3.3.90.93.09
            [FuncaoSubfuncao] => 10.785
            [AnoInscricaoRestosAPagar] => 
            [DespesasMDEeASPS] => 
        )

    [1213] => Array
        (
            [ContaContabil] => 6.2.2.1.3.01.00
            [Valor] => 445
            [ValorF] => 445,00
            [TipoValor] => ending_balance
            [NaturezaValor] => D
            [PoderOrgao] => 10131
            [FinanceiroPermanente] => 
            [DividaConsolidada] => 
            [FonteRecurso] => 1.211.0000
            [ComplementoFonteRecurso] => 
            [NaturezaReceita] => 
            [NaturezaDespesa] => 3.3.90.93.09
            [FuncaoSubfuncao] => 10.785
            [AnoInscricaoRestosAPagar] => 
            [DespesasMDEeASPS] => 
        )

    [1214] => Array
        (
            [ContaContabil] => 6.2.2.1.3.01.00
            [Valor] => 45777.78
            [ValorF] => 45.777,78
            [TipoValor] => beginning_balance
            [NaturezaValor] => C
            [PoderOrgao] => 10131
            [FinanceiroPermanente] => 
            [DividaConsolidada] => 
            [FonteRecurso] => 1.211.0000
            [ComplementoFonteRecurso] => 
            [NaturezaReceita] => 
            [NaturezaDespesa] => 3.3.93.39.03
            [FuncaoSubfuncao] => 10.301
            [AnoInscricaoRestosAPagar] => 
            [DespesasMDEeASPS] => 
        )

    [1215] => Array
        (
            [ContaContabil] => 6.2.2.1.3.01.00
            [Valor] => 45777.78
            [ValorF] => 45.777,78
            [TipoValor] => beginning_balance
            [NaturezaValor] => D
            [PoderOrgao] => 10131
            [FinanceiroPermanente] => 
            [DividaConsolidada] => 
            [FonteRecurso] => 1.211.0000
            [ComplementoFonteRecurso] => 
            [NaturezaReceita] => 
            [NaturezaDespesa] => 3.3.93.39.03
            [FuncaoSubfuncao] => 10.301
            [AnoInscricaoRestosAPagar] => 
            [DespesasMDEeASPS] => 
        )

    [1216] => Array
        (
            [ContaContabil] => 6.2.2.1.3.01.00
            [Valor] => 45777.78
            [ValorF] => 45.777,78
            [TipoValor] => ending_balance
            [NaturezaValor] => C
            [PoderOrgao] => 10131
            [FinanceiroPermanente] => 
            [DividaConsolidada] => 
            [FonteRecurso] => 1.211.0000
            [ComplementoFonteRecurso] => 
            [NaturezaReceita] => 
            [NaturezaDespesa] => 3.3.93.39.03
            [FuncaoSubfuncao] => 10.301
            [AnoInscricaoRestosAPagar] => 
            [DespesasMDEeASPS] => 
        )

    [1217] => Array
        (
            [ContaContabil] => 6.2.2.1.3.01.00
            [Valor] => 45777.78
            [ValorF] => 45.777,78
            [TipoValor] => ending_balance
            [NaturezaValor] => D
            [PoderOrgao] => 10131
            [FinanceiroPermanente] => 
            [DividaConsolidada] => 
            [FonteRecurso] => 1.211.0000
            [ComplementoFonteRecurso] => 
            [NaturezaReceita] => 
            [NaturezaDespesa] => 3.3.93.39.03
            [FuncaoSubfuncao] => 10.301
            [AnoInscricaoRestosAPagar] => 
            [DespesasMDEeASPS] => 
        )

    [1218] => Array
        (
            [ContaContabil] => 6.2.2.1.3.01.00
            [Valor] => 120000
            [ValorF] => 120.000,00
            [TipoValor] => beginning_balance
            [NaturezaValor] => C
            [PoderOrgao] => 10131
            [FinanceiroPermanente] => 
            [DividaConsolidada] => 
            [FonteRecurso] => 1.211.0000
            [ComplementoFonteRecurso] => 
            [NaturezaReceita] => 
            [NaturezaDespesa] => 3.3.93.39.03
            [FuncaoSubfuncao] => 10.302
            [AnoInscricaoRestosAPagar] => 
            [DespesasMDEeASPS] => 
        )

    [1219] => Array
        (
            [ContaContabil] => 6.2.2.1.3.01.00
            [Valor] => 52794.28
            [ValorF] => 52.794,28
            [TipoValor] => beginning_balance
            [NaturezaValor] => D
            [PoderOrgao] => 10131
            [FinanceiroPermanente] => 
            [DividaConsolidada] => 
            [FonteRecurso] => 1.211.0000
            [ComplementoFonteRecurso] => 
            [NaturezaReceita] => 
            [NaturezaDespesa] => 3.3.93.39.03
            [FuncaoSubfuncao] => 10.302
            [AnoInscricaoRestosAPagar] => 
            [DespesasMDEeASPS] => 
        )

    [1220] => Array
        (
            [ContaContabil] => 6.2.2.1.3.01.00
            [Valor] => 120000
            [ValorF] => 120.000,00
            [TipoValor] => ending_balance
            [NaturezaValor] => C
            [PoderOrgao] => 10131
            [FinanceiroPermanente] => 
            [DividaConsolidada] => 
            [FonteRecurso] => 1.211.0000
            [ComplementoFonteRecurso] => 
            [NaturezaReceita] => 
            [NaturezaDespesa] => 3.3.93.39.03
            [FuncaoSubfuncao] => 10.302
            [AnoInscricaoRestosAPagar] => 
            [DespesasMDEeASPS] => 
        )

    [1221] => Array
        (
            [ContaContabil] => 6.2.2.1.3.01.00
            [Valor] => 66862.74
            [ValorF] => 66.862,74
            [TipoValor] => ending_balance
            [NaturezaValor] => D
            [PoderOrgao] => 10131
            [FinanceiroPermanente] => 
            [DividaConsolidada] => 
            [FonteRecurso] => 1.211.0000
            [ComplementoFonteRecurso] => 
            [NaturezaReceita] => 
            [NaturezaDespesa] => 3.3.93.39.03
            [FuncaoSubfuncao] => 10.302
            [AnoInscricaoRestosAPagar] => 
            [DespesasMDEeASPS] => 
        )

    [1222] => Array
        (
            [ContaContabil] => 6.2.2.1.3.01.00
            [Valor] => 14068.46
            [ValorF] => 14.068,46
            [TipoValor] => period_change
            [NaturezaValor] => D
            [PoderOrgao] => 10131
            [FinanceiroPermanente] => 
            [DividaConsolidada] => 
            [FonteRecurso] => 1.211.0000
            [ComplementoFonteRecurso] => 
            [NaturezaReceita] => 
            [NaturezaDespesa] => 3.3.93.39.03
            [FuncaoSubfuncao] => 10.302
            [AnoInscricaoRestosAPagar] => 
            [DespesasMDEeASPS] => 
        )

    [1223] => Array
        (
            [ContaContabil] => 6.2.2.1.3.01.00
            [Valor] => 27490
            [ValorF] => 27.490,00
            [TipoValor] => beginning_balance
            [NaturezaValor] => C
            [PoderOrgao] => 10131
            [FinanceiroPermanente] => 
            [DividaConsolidada] => 
            [FonteRecurso] => 1.211.0000
            [ComplementoFonteRecurso] => 
            [NaturezaReceita] => 
            [NaturezaDespesa] => 4.4.90.51.05
            [FuncaoSubfuncao] => 10.304
            [AnoInscricaoRestosAPagar] => 
            [DespesasMDEeASPS] => 
        )

    [1224] => Array
        (
            [ContaContabil] => 6.2.2.1.3.01.00
            [Valor] => 27490
            [ValorF] => 27.490,00
            [TipoValor] => beginning_balance
            [NaturezaValor] => D
            [PoderOrgao] => 10131
            [FinanceiroPermanente] => 
            [DividaConsolidada] => 
            [FonteRecurso] => 1.211.0000
            [ComplementoFonteRecurso] => 
            [NaturezaReceita] => 
            [NaturezaDespesa] => 4.4.90.51.05
            [FuncaoSubfuncao] => 10.304
            [AnoInscricaoRestosAPagar] => 
            [DespesasMDEeASPS] => 
        )

    [1225] => Array
        (
            [ContaContabil] => 6.2.2.1.3.01.00
            [Valor] => 27490
            [ValorF] => 27.490,00
            [TipoValor] => ending_balance
            [NaturezaValor] => C
            [PoderOrgao] => 10131
            [FinanceiroPermanente] => 
            [DividaConsolidada] => 
            [FonteRecurso] => 1.211.0000
            [ComplementoFonteRecurso] => 
            [NaturezaReceita] => 
            [NaturezaDespesa] => 4.4.90.51.05
            [FuncaoSubfuncao] => 10.304
            [AnoInscricaoRestosAPagar] => 
            [DespesasMDEeASPS] => 
        )

    [1226] => Array
        (
            [ContaContabil] => 6.2.2.1.3.01.00
            [Valor] => 27490
            [ValorF] => 27.490,00
            [TipoValor] => ending_balance
            [NaturezaValor] => D
            [PoderOrgao] => 10131
            [FinanceiroPermanente] => 
            [DividaConsolidada] => 
            [FonteRecurso] => 1.211.0000
            [ComplementoFonteRecurso] => 
            [NaturezaReceita] => 
            [NaturezaDespesa] => 4.4.90.51.05
            [FuncaoSubfuncao] => 10.304
            [AnoInscricaoRestosAPagar] => 
            [DespesasMDEeASPS] => 
        )

    [1227] => Array
        (
            [ContaContabil] => 6.2.2.1.3.01.00
            [Valor] => 851.67
            [ValorF] => 851,67
            [TipoValor] => beginning_balance
            [NaturezaValor] => C
            [PoderOrgao] => 10131
            [FinanceiroPermanente] => 
            [DividaConsolidada] => 
            [FonteRecurso] => 1.211.0000
            [ComplementoFonteRecurso] => 
            [NaturezaReceita] => 
            [NaturezaDespesa] => 4.4.90.51.05
            [FuncaoSubfuncao] => 10.785
            [AnoInscricaoRestosAPagar] => 
            [DespesasMDEeASPS] => 
        )

    [1228] => Array
        (
            [ContaContabil] => 6.2.2.1.3.01.00
            [Valor] => 851.67
            [ValorF] => 851,67
            [TipoValor] => beginning_balance
            [NaturezaValor] => D
            [PoderOrgao] => 10131
            [FinanceiroPermanente] => 
            [DividaConsolidada] => 
            [FonteRecurso] => 1.211.0000
            [ComplementoFonteRecurso] => 
            [NaturezaReceita] => 
            [NaturezaDespesa] => 4.4.90.51.05
            [FuncaoSubfuncao] => 10.785
            [AnoInscricaoRestosAPagar] => 
            [DespesasMDEeASPS] => 
        )

    [1229] => Array
        (
            [ContaContabil] => 6.2.2.1.3.01.00
            [Valor] => 851.67
            [ValorF] => 851,67
            [TipoValor] => ending_balance
            [NaturezaValor] => C
            [PoderOrgao] => 10131
            [FinanceiroPermanente] => 
            [DividaConsolidada] => 
            [FonteRecurso] => 1.211.0000
            [ComplementoFonteRecurso] => 
            [NaturezaReceita] => 
            [NaturezaDespesa] => 4.4.90.51.05
            [FuncaoSubfuncao] => 10.785
            [AnoInscricaoRestosAPagar] => 
            [DespesasMDEeASPS] => 
        )

    [1230] => Array
        (
            [ContaContabil] => 6.2.2.1.3.01.00
            [Valor] => 851.67
            [ValorF] => 851,67
            [TipoValor] => ending_balance
            [NaturezaValor] => D
            [PoderOrgao] => 10131
            [FinanceiroPermanente] => 
            [DividaConsolidada] => 
            [FonteRecurso] => 1.211.0000
            [ComplementoFonteRecurso] => 
            [NaturezaReceita] => 
            [NaturezaDespesa] => 4.4.90.51.05
            [FuncaoSubfuncao] => 10.785
            [AnoInscricaoRestosAPagar] => 
            [DespesasMDEeASPS] => 
        )

    [1231] => Array
        (
            [ContaContabil] => 6.2.2.1.3.01.00
            [Valor] => 1958
            [ValorF] => 1.958,00
            [TipoValor] => beginning_balance
            [NaturezaValor] => C
            [PoderOrgao] => 10131
            [FinanceiroPermanente] => 
            [DividaConsolidada] => 
            [FonteRecurso] => 1.211.0000
            [ComplementoFonteRecurso] => 
            [NaturezaReceita] => 
            [NaturezaDespesa] => 4.4.90.52.05
            [FuncaoSubfuncao] => 10.122
            [AnoInscricaoRestosAPagar] => 
            [DespesasMDEeASPS] => 
        )

    [1232] => Array
        (
            [ContaContabil] => 6.2.2.1.3.01.00
            [Valor] => 1958
            [ValorF] => 1.958,00
            [TipoValor] => beginning_balance
            [NaturezaValor] => D
            [PoderOrgao] => 10131
            [FinanceiroPermanente] => 
            [DividaConsolidada] => 
            [FonteRecurso] => 1.211.0000
            [ComplementoFonteRecurso] => 
            [NaturezaReceita] => 
            [NaturezaDespesa] => 4.4.90.52.05
            [FuncaoSubfuncao] => 10.122
            [AnoInscricaoRestosAPagar] => 
            [DespesasMDEeASPS] => 
        )

    [1233] => Array
        (
            [ContaContabil] => 6.2.2.1.3.01.00
            [Valor] => 1958
            [ValorF] => 1.958,00
            [TipoValor] => ending_balance
            [NaturezaValor] => C
            [PoderOrgao] => 10131
            [FinanceiroPermanente] => 
            [DividaConsolidada] => 
            [FonteRecurso] => 1.211.0000
            [ComplementoFonteRecurso] => 
            [NaturezaReceita] => 
            [NaturezaDespesa] => 4.4.90.52.05
            [FuncaoSubfuncao] => 10.122
            [AnoInscricaoRestosAPagar] => 
            [DespesasMDEeASPS] => 
        )

    [1234] => Array
        (
            [ContaContabil] => 6.2.2.1.3.01.00
            [Valor] => 1958
            [ValorF] => 1.958,00
            [TipoValor] => ending_balance
            [NaturezaValor] => D
            [PoderOrgao] => 10131
            [FinanceiroPermanente] => 
            [DividaConsolidada] => 
            [FonteRecurso] => 1.211.0000
            [ComplementoFonteRecurso] => 
            [NaturezaReceita] => 
            [NaturezaDespesa] => 4.4.90.52.05
            [FuncaoSubfuncao] => 10.122
            [AnoInscricaoRestosAPagar] => 
            [DespesasMDEeASPS] => 
        )

    [1235] => Array
        (
            [ContaContabil] => 6.2.2.1.3.01.00
            [Valor] => 22641
            [ValorF] => 22.641,00
            [TipoValor] => beginning_balance
            [NaturezaValor] => C
            [PoderOrgao] => 10131
            [FinanceiroPermanente] => 
            [DividaConsolidada] => 
            [FonteRecurso] => 1.211.0000
            [ComplementoFonteRecurso] => 
            [NaturezaReceita] => 
            [NaturezaDespesa] => 4.4.90.52.05
            [FuncaoSubfuncao] => 10.301
            [AnoInscricaoRestosAPagar] => 
            [DespesasMDEeASPS] => 
        )

    [1236] => Array
        (
            [ContaContabil] => 6.2.2.1.3.01.00
            [Valor] => 5447
            [ValorF] => 5.447,00
            [TipoValor] => beginning_balance
            [NaturezaValor] => D
            [PoderOrgao] => 10131
            [FinanceiroPermanente] => 
            [DividaConsolidada] => 
            [FonteRecurso] => 1.211.0000
            [ComplementoFonteRecurso] => 
            [NaturezaReceita] => 
            [NaturezaDespesa] => 4.4.90.52.05
            [FuncaoSubfuncao] => 10.301
            [AnoInscricaoRestosAPagar] => 
            [DespesasMDEeASPS] => 
        )

    [1237] => Array
        (
            [ContaContabil] => 6.2.2.1.3.01.00
            [Valor] => 22641
            [ValorF] => 22.641,00
            [TipoValor] => ending_balance
            [NaturezaValor] => C
            [PoderOrgao] => 10131
            [FinanceiroPermanente] => 
            [DividaConsolidada] => 
            [FonteRecurso] => 1.211.0000
            [ComplementoFonteRecurso] => 
            [NaturezaReceita] => 
            [NaturezaDespesa] => 4.4.90.52.05
            [FuncaoSubfuncao] => 10.301
            [AnoInscricaoRestosAPagar] => 
            [DespesasMDEeASPS] => 
        )

    [1238] => Array
        (
            [ContaContabil] => 6.2.2.1.3.01.00
            [Valor] => 19037
            [ValorF] => 19.037,00
            [TipoValor] => ending_balance
            [NaturezaValor] => D
            [PoderOrgao] => 10131
            [FinanceiroPermanente] => 
            [DividaConsolidada] => 
            [FonteRecurso] => 1.211.0000
            [ComplementoFonteRecurso] => 
            [NaturezaReceita] => 
            [NaturezaDespesa] => 4.4.90.52.05
            [FuncaoSubfuncao] => 10.301
            [AnoInscricaoRestosAPagar] => 
            [DespesasMDEeASPS] => 
        )

    [1239] => Array
        (
            [ContaContabil] => 6.2.2.1.3.01.00
            [Valor] => 13590
            [ValorF] => 13.590,00
            [TipoValor] => period_change
            [NaturezaValor] => D
            [PoderOrgao] => 10131
            [FinanceiroPermanente] => 
            [DividaConsolidada] => 
            [FonteRecurso] => 1.211.0000
            [ComplementoFonteRecurso] => 
            [NaturezaReceita] => 
            [NaturezaDespesa] => 4.4.90.52.05
            [FuncaoSubfuncao] => 10.301
            [AnoInscricaoRestosAPagar] => 
            [DespesasMDEeASPS] => 
        )

    [1240] => Array
        (
            [ContaContabil] => 6.2.2.1.3.01.00
            [Valor] => 5500
            [ValorF] => 5.500,00
            [TipoValor] => beginning_balance
            [NaturezaValor] => C
            [PoderOrgao] => 10131
            [FinanceiroPermanente] => 
            [DividaConsolidada] => 
            [FonteRecurso] => 1.211.0000
            [ComplementoFonteRecurso] => 
            [NaturezaReceita] => 
            [NaturezaDespesa] => 4.4.90.52.05
            [FuncaoSubfuncao] => 10.302
            [AnoInscricaoRestosAPagar] => 
            [DespesasMDEeASPS] => 
        )

    [1241] => Array
        (
            [ContaContabil] => 6.2.2.1.3.01.00
            [Valor] => 5500
            [ValorF] => 5.500,00
            [TipoValor] => beginning_balance
            [NaturezaValor] => D
            [PoderOrgao] => 10131
            [FinanceiroPermanente] => 
            [DividaConsolidada] => 
            [FonteRecurso] => 1.211.0000
            [ComplementoFonteRecurso] => 
            [NaturezaReceita] => 
            [NaturezaDespesa] => 4.4.90.52.05
            [FuncaoSubfuncao] => 10.302
            [AnoInscricaoRestosAPagar] => 
            [DespesasMDEeASPS] => 
        )

    [1242] => Array
        (
            [ContaContabil] => 6.2.2.1.3.01.00
            [Valor] => 5500
            [ValorF] => 5.500,00
            [TipoValor] => ending_balance
            [NaturezaValor] => C
            [PoderOrgao] => 10131
            [FinanceiroPermanente] => 
            [DividaConsolidada] => 
            [FonteRecurso] => 1.211.0000
            [ComplementoFonteRecurso] => 
            [NaturezaReceita] => 
            [NaturezaDespesa] => 4.4.90.52.05
            [FuncaoSubfuncao] => 10.302
            [AnoInscricaoRestosAPagar] => 
            [DespesasMDEeASPS] => 
        )

    [1243] => Array
        (
            [ContaContabil] => 6.2.2.1.3.01.00
            [Valor] => 5500
            [ValorF] => 5.500,00
            [TipoValor] => ending_balance
            [NaturezaValor] => D
            [PoderOrgao] => 10131
            [FinanceiroPermanente] => 
            [DividaConsolidada] => 
            [FonteRecurso] => 1.211.0000
            [ComplementoFonteRecurso] => 
            [NaturezaReceita] => 
            [NaturezaDespesa] => 4.4.90.52.05
            [FuncaoSubfuncao] => 10.302
            [AnoInscricaoRestosAPagar] => 
            [DespesasMDEeASPS] => 
        )

    [1244] => Array
        (
            [ContaContabil] => 6.2.2.1.3.01.00
            [Valor] => 118.12
            [ValorF] => 118,12
            [TipoValor] => beginning_balance
            [NaturezaValor] => C
            [PoderOrgao] => 10131
            [FinanceiroPermanente] => 
            [DividaConsolidada] => 
            [FonteRecurso] => 1.211.0000
            [ComplementoFonteRecurso] => 
            [NaturezaReceita] => 
            [NaturezaDespesa] => 4.4.90.52.05
            [FuncaoSubfuncao] => 10.304
            [AnoInscricaoRestosAPagar] => 
            [DespesasMDEeASPS] => 
        )

    [1245] => Array
        (
            [ContaContabil] => 6.2.2.1.3.01.00
            [Valor] => 118.12
            [ValorF] => 118,12
            [TipoValor] => beginning_balance
            [NaturezaValor] => D
            [PoderOrgao] => 10131
            [FinanceiroPermanente] => 
            [DividaConsolidada] => 
            [FonteRecurso] => 1.211.0000
            [ComplementoFonteRecurso] => 
            [NaturezaReceita] => 
            [NaturezaDespesa] => 4.4.90.52.05
            [FuncaoSubfuncao] => 10.304
            [AnoInscricaoRestosAPagar] => 
            [DespesasMDEeASPS] => 
        )

    [1246] => Array
        (
            [ContaContabil] => 6.2.2.1.3.01.00
            [Valor] => 118.12
            [ValorF] => 118,12
            [TipoValor] => ending_balance
            [NaturezaValor] => C
            [PoderOrgao] => 10131
            [FinanceiroPermanente] => 
            [DividaConsolidada] => 
            [FonteRecurso] => 1.211.0000
            [ComplementoFonteRecurso] => 
            [NaturezaReceita] => 
            [NaturezaDespesa] => 4.4.90.52.05
            [FuncaoSubfuncao] => 10.304
            [AnoInscricaoRestosAPagar] => 
            [DespesasMDEeASPS] => 
        )

    [1247] => Array
        (
            [ContaContabil] => 6.2.2.1.3.01.00
            [Valor] => 118.12
            [ValorF] => 118,12
            [TipoValor] => ending_balance
            [NaturezaValor] => D
            [PoderOrgao] => 10131
            [FinanceiroPermanente] => 
            [DividaConsolidada] => 
            [FonteRecurso] => 1.211.0000
            [ComplementoFonteRecurso] => 
            [NaturezaReceita] => 
            [NaturezaDespesa] => 4.4.90.52.05
            [FuncaoSubfuncao] => 10.304
            [AnoInscricaoRestosAPagar] => 
            [DespesasMDEeASPS] => 
        )

    [1248] => Array
        (
            [ContaContabil] => 6.2.2.1.3.01.00
            [Valor] => 753
            [ValorF] => 753,00
            [TipoValor] => beginning_balance
            [NaturezaValor] => C
            [PoderOrgao] => 10131
            [FinanceiroPermanente] => 
            [DividaConsolidada] => 
            [FonteRecurso] => 1.211.0000
            [ComplementoFonteRecurso] => 
            [NaturezaReceita] => 
            [NaturezaDespesa] => 4.4.90.52.05
            [FuncaoSubfuncao] => 10.305
            [AnoInscricaoRestosAPagar] => 
            [DespesasMDEeASPS] => 
        )

    [1249] => Array
        (
            [ContaContabil] => 6.2.2.1.3.01.00
            [Valor] => 255
            [ValorF] => 255,00
            [TipoValor] => beginning_balance
            [NaturezaValor] => D
            [PoderOrgao] => 10131
            [FinanceiroPermanente] => 
            [DividaConsolidada] => 
            [FonteRecurso] => 1.211.0000
            [ComplementoFonteRecurso] => 
            [NaturezaReceita] => 
            [NaturezaDespesa] => 4.4.90.52.05
            [FuncaoSubfuncao] => 10.305
            [AnoInscricaoRestosAPagar] => 
            [DespesasMDEeASPS] => 
        )

    [1250] => Array
        (
            [ContaContabil] => 6.2.2.1.3.01.00
            [Valor] => 949.15
            [ValorF] => 949,15
            [TipoValor] => ending_balance
            [NaturezaValor] => C
            [PoderOrgao] => 10131
            [FinanceiroPermanente] => 
            [DividaConsolidada] => 
            [FonteRecurso] => 1.211.0000
            [ComplementoFonteRecurso] => 
            [NaturezaReceita] => 
            [NaturezaDespesa] => 4.4.90.52.05
            [FuncaoSubfuncao] => 10.305
            [AnoInscricaoRestosAPagar] => 
            [DespesasMDEeASPS] => 
        )

    [1251] => Array
        (
            [ContaContabil] => 6.2.2.1.3.01.00
            [Valor] => 451.15
            [ValorF] => 451,15
            [TipoValor] => ending_balance
            [NaturezaValor] => D
            [PoderOrgao] => 10131
            [FinanceiroPermanente] => 
            [DividaConsolidada] => 
            [FonteRecurso] => 1.211.0000
            [ComplementoFonteRecurso] => 
            [NaturezaReceita] => 
            [NaturezaDespesa] => 4.4.90.52.05
            [FuncaoSubfuncao] => 10.305
            [AnoInscricaoRestosAPagar] => 
            [DespesasMDEeASPS] => 
        )

    [1252] => Array
        (
            [ContaContabil] => 6.2.2.1.3.01.00
            [Valor] => 196.15
            [ValorF] => 196,15
            [TipoValor] => period_change
            [NaturezaValor] => C
            [PoderOrgao] => 10131
            [FinanceiroPermanente] => 
            [DividaConsolidada] => 
            [FonteRecurso] => 1.211.0000
            [ComplementoFonteRecurso] => 
            [NaturezaReceita] => 
            [NaturezaDespesa] => 4.4.90.52.05
            [FuncaoSubfuncao] => 10.305
            [AnoInscricaoRestosAPagar] => 
            [DespesasMDEeASPS] => 
        )

    [1253] => Array
        (
            [ContaContabil] => 6.2.2.1.3.01.00
            [Valor] => 196.15
            [ValorF] => 196,15
            [TipoValor] => period_change
            [NaturezaValor] => D
            [PoderOrgao] => 10131
            [FinanceiroPermanente] => 
            [DividaConsolidada] => 
            [FonteRecurso] => 1.211.0000
            [ComplementoFonteRecurso] => 
            [NaturezaReceita] => 
            [NaturezaDespesa] => 4.4.90.52.05
            [FuncaoSubfuncao] => 10.305
            [AnoInscricaoRestosAPagar] => 
            [DespesasMDEeASPS] => 
        )

    [1254] => Array
        (
            [ContaContabil] => 6.2.2.1.3.01.00
            [Valor] => 18827
            [ValorF] => 18.827,00
            [TipoValor] => beginning_balance
            [NaturezaValor] => C
            [PoderOrgao] => 10131
            [FinanceiroPermanente] => 
            [DividaConsolidada] => 
            [FonteRecurso] => 1.290.0000
            [ComplementoFonteRecurso] => 
            [NaturezaReceita] => 
            [NaturezaDespesa] => 4.4.90.52.05
            [FuncaoSubfuncao] => 10.305
            [AnoInscricaoRestosAPagar] => 
            [DespesasMDEeASPS] => 
        )

    [1255] => Array
        (
            [ContaContabil] => 6.2.2.1.3.01.00
            [Valor] => 18827
            [ValorF] => 18.827,00
            [TipoValor] => beginning_balance
            [NaturezaValor] => D
            [PoderOrgao] => 10131
            [FinanceiroPermanente] => 
            [DividaConsolidada] => 
            [FonteRecurso] => 1.290.0000
            [ComplementoFonteRecurso] => 
            [NaturezaReceita] => 
            [NaturezaDespesa] => 4.4.90.52.05
            [FuncaoSubfuncao] => 10.305
            [AnoInscricaoRestosAPagar] => 
            [DespesasMDEeASPS] => 
        )

    [1256] => Array
        (
            [ContaContabil] => 6.2.2.1.3.01.00
            [Valor] => 21000.85
            [ValorF] => 21.000,85
            [TipoValor] => ending_balance
            [NaturezaValor] => C
            [PoderOrgao] => 10131
            [FinanceiroPermanente] => 
            [DividaConsolidada] => 
            [FonteRecurso] => 1.290.0000
            [ComplementoFonteRecurso] => 
            [NaturezaReceita] => 
            [NaturezaDespesa] => 4.4.90.52.05
            [FuncaoSubfuncao] => 10.305
            [AnoInscricaoRestosAPagar] => 
            [DespesasMDEeASPS] => 
        )

    [1257] => Array
        (
            [ContaContabil] => 6.2.2.1.3.01.00
            [Valor] => 19350.85
            [ValorF] => 19.350,85
            [TipoValor] => ending_balance
            [NaturezaValor] => D
            [PoderOrgao] => 10131
            [FinanceiroPermanente] => 
            [DividaConsolidada] => 
            [FonteRecurso] => 1.290.0000
            [ComplementoFonteRecurso] => 
            [NaturezaReceita] => 
            [NaturezaDespesa] => 4.4.90.52.05
            [FuncaoSubfuncao] => 10.305
            [AnoInscricaoRestosAPagar] => 
            [DespesasMDEeASPS] => 
        )

    [1258] => Array
        (
            [ContaContabil] => 6.2.2.1.3.01.00
            [Valor] => 2173.85
            [ValorF] => 2.173,85
            [TipoValor] => period_change
            [NaturezaValor] => C
            [PoderOrgao] => 10131
            [FinanceiroPermanente] => 
            [DividaConsolidada] => 
            [FonteRecurso] => 1.290.0000
            [ComplementoFonteRecurso] => 
            [NaturezaReceita] => 
            [NaturezaDespesa] => 4.4.90.52.05
            [FuncaoSubfuncao] => 10.305
            [AnoInscricaoRestosAPagar] => 
            [DespesasMDEeASPS] => 
        )

    [1259] => Array
        (
            [ContaContabil] => 6.2.2.1.3.01.00
            [Valor] => 523.85
            [ValorF] => 523,85
            [TipoValor] => period_change
            [NaturezaValor] => D
            [PoderOrgao] => 10131
            [FinanceiroPermanente] => 
            [DividaConsolidada] => 
            [FonteRecurso] => 1.290.0000
            [ComplementoFonteRecurso] => 
            [NaturezaReceita] => 
            [NaturezaDespesa] => 4.4.90.52.05
            [FuncaoSubfuncao] => 10.305
            [AnoInscricaoRestosAPagar] => 
            [DespesasMDEeASPS] => 
        )

    [1260] => Array
        (
            [ContaContabil] => 6.2.2.1.3.01.00
            [Valor] => 2550
            [ValorF] => 2.550,00
            [TipoValor] => beginning_balance
            [NaturezaValor] => C
            [PoderOrgao] => 10131
            [FinanceiroPermanente] => 
            [DividaConsolidada] => 
            [FonteRecurso] => 1.930.0000
            [ComplementoFonteRecurso] => 
            [NaturezaReceita] => 
            [NaturezaDespesa] => 4.4.90.52.05
            [FuncaoSubfuncao] => 10.301
            [AnoInscricaoRestosAPagar] => 
            [DespesasMDEeASPS] => 
        )

    [1261] => Array
        (
            [ContaContabil] => 6.2.2.1.3.01.00
            [Valor] => 2550
            [ValorF] => 2.550,00
            [TipoValor] => beginning_balance
            [NaturezaValor] => D
            [PoderOrgao] => 10131
            [FinanceiroPermanente] => 
            [DividaConsolidada] => 
            [FonteRecurso] => 1.930.0000
            [ComplementoFonteRecurso] => 
            [NaturezaReceita] => 
            [NaturezaDespesa] => 4.4.90.52.05
            [FuncaoSubfuncao] => 10.301
            [AnoInscricaoRestosAPagar] => 
            [DespesasMDEeASPS] => 
        )

    [1262] => Array
        (
            [ContaContabil] => 6.2.2.1.3.01.00
            [Valor] => 2550
            [ValorF] => 2.550,00
            [TipoValor] => ending_balance
            [NaturezaValor] => C
            [PoderOrgao] => 10131
            [FinanceiroPermanente] => 
            [DividaConsolidada] => 
            [FonteRecurso] => 1.930.0000
            [ComplementoFonteRecurso] => 
            [NaturezaReceita] => 
            [NaturezaDespesa] => 4.4.90.52.05
            [FuncaoSubfuncao] => 10.301
            [AnoInscricaoRestosAPagar] => 
            [DespesasMDEeASPS] => 
        )

    [1263] => Array
        (
            [ContaContabil] => 6.2.2.1.3.01.00
            [Valor] => 2550
            [ValorF] => 2.550,00
            [TipoValor] => ending_balance
            [NaturezaValor] => D
            [PoderOrgao] => 10131
            [FinanceiroPermanente] => 
            [DividaConsolidada] => 
            [FonteRecurso] => 1.930.0000
            [ComplementoFonteRecurso] => 
            [NaturezaReceita] => 
            [NaturezaDespesa] => 4.4.90.52.05
            [FuncaoSubfuncao] => 10.301
            [AnoInscricaoRestosAPagar] => 
            [DespesasMDEeASPS] => 
        )

    [1264] => Array
        (
            [ContaContabil] => 6.2.2.1.3.01.00
            [Valor] => 4734.52
            [ValorF] => 4.734,52
            [TipoValor] => beginning_balance
            [NaturezaValor] => C
            [PoderOrgao] => 10131
            [FinanceiroPermanente] => 
            [DividaConsolidada] => 
            [FonteRecurso] => 1.213.0000
            [ComplementoFonteRecurso] => 
            [NaturezaReceita] => 
            [NaturezaDespesa] => 4.4.90.52.05
            [FuncaoSubfuncao] => 10.301
            [AnoInscricaoRestosAPagar] => 
            [DespesasMDEeASPS] => 
        )

    [1265] => Array
        (
            [ContaContabil] => 6.2.2.1.3.01.00
            [Valor] => 4734.52
            [ValorF] => 4.734,52
            [TipoValor] => beginning_balance
            [NaturezaValor] => D
            [PoderOrgao] => 10131
            [FinanceiroPermanente] => 
            [DividaConsolidada] => 
            [FonteRecurso] => 1.213.0000
            [ComplementoFonteRecurso] => 
            [NaturezaReceita] => 
            [NaturezaDespesa] => 4.4.90.52.05
            [FuncaoSubfuncao] => 10.301
            [AnoInscricaoRestosAPagar] => 
            [DespesasMDEeASPS] => 
        )

    [1266] => Array
        (
            [ContaContabil] => 6.2.2.1.3.01.00
            [Valor] => 4734.52
            [ValorF] => 4.734,52
            [TipoValor] => ending_balance
            [NaturezaValor] => C
            [PoderOrgao] => 10131
            [FinanceiroPermanente] => 
            [DividaConsolidada] => 
            [FonteRecurso] => 1.213.0000
            [ComplementoFonteRecurso] => 
            [NaturezaReceita] => 
            [NaturezaDespesa] => 4.4.90.52.05
            [FuncaoSubfuncao] => 10.301
            [AnoInscricaoRestosAPagar] => 
            [DespesasMDEeASPS] => 
        )

    [1267] => Array
        (
            [ContaContabil] => 6.2.2.1.3.01.00
            [Valor] => 4734.52
            [ValorF] => 4.734,52
            [TipoValor] => ending_balance
            [NaturezaValor] => D
            [PoderOrgao] => 10131
            [FinanceiroPermanente] => 
            [DividaConsolidada] => 
            [FonteRecurso] => 1.213.0000
            [ComplementoFonteRecurso] => 
            [NaturezaReceita] => 
            [NaturezaDespesa] => 4.4.90.52.05
            [FuncaoSubfuncao] => 10.301
            [AnoInscricaoRestosAPagar] => 
            [DespesasMDEeASPS] => 
        )

    [1268] => Array
        (
            [ContaContabil] => 6.2.2.1.3.01.00
            [Valor] => 266
            [ValorF] => 266,00
            [TipoValor] => beginning_balance
            [NaturezaValor] => C
            [PoderOrgao] => 10131
            [FinanceiroPermanente] => 
            [DividaConsolidada] => 
            [FonteRecurso] => 1.215.0000
            [ComplementoFonteRecurso] => 
            [NaturezaReceita] => 
            [NaturezaDespesa] => 4.4.90.52.05
            [FuncaoSubfuncao] => 10.303
            [AnoInscricaoRestosAPagar] => 
            [DespesasMDEeASPS] => 
        )

    [1269] => Array
        (
            [ContaContabil] => 6.2.2.1.3.01.00
            [Valor] => 266
            [ValorF] => 266,00
            [TipoValor] => beginning_balance
            [NaturezaValor] => D
            [PoderOrgao] => 10131
            [FinanceiroPermanente] => 
            [DividaConsolidada] => 
            [FonteRecurso] => 1.215.0000
            [ComplementoFonteRecurso] => 
            [NaturezaReceita] => 
            [NaturezaDespesa] => 4.4.90.52.05
            [FuncaoSubfuncao] => 10.303
            [AnoInscricaoRestosAPagar] => 
            [DespesasMDEeASPS] => 
        )

    [1270] => Array
        (
            [ContaContabil] => 6.2.2.1.3.01.00
            [Valor] => 266
            [ValorF] => 266,00
            [TipoValor] => ending_balance
            [NaturezaValor] => C
            [PoderOrgao] => 10131
            [FinanceiroPermanente] => 
            [DividaConsolidada] => 
            [FonteRecurso] => 1.215.0000
            [ComplementoFonteRecurso] => 
            [NaturezaReceita] => 
            [NaturezaDespesa] => 4.4.90.52.05
            [FuncaoSubfuncao] => 10.303
            [AnoInscricaoRestosAPagar] => 
            [DespesasMDEeASPS] => 
        )

    [1271] => Array
        (
            [ContaContabil] => 6.2.2.1.3.01.00
            [Valor] => 266
            [ValorF] => 266,00
            [TipoValor] => ending_balance
            [NaturezaValor] => D
            [PoderOrgao] => 10131
            [FinanceiroPermanente] => 
            [DividaConsolidada] => 
            [FonteRecurso] => 1.215.0000
            [ComplementoFonteRecurso] => 
            [NaturezaReceita] => 
            [NaturezaDespesa] => 4.4.90.52.05
            [FuncaoSubfuncao] => 10.303
            [AnoInscricaoRestosAPagar] => 
            [DespesasMDEeASPS] => 
        )

    [1272] => Array
        (
            [ContaContabil] => 6.2.2.1.3.01.00
            [Valor] => 2766.96
            [ValorF] => 2.766,96
            [TipoValor] => beginning_balance
            [NaturezaValor] => C
            [PoderOrgao] => 10131
            [FinanceiroPermanente] => 
            [DividaConsolidada] => 
            [FonteRecurso] => 1.214.0000
            [ComplementoFonteRecurso] => 
            [NaturezaReceita] => 
            [NaturezaDespesa] => 4.4.90.52.05
            [FuncaoSubfuncao] => 10.305
            [AnoInscricaoRestosAPagar] => 
            [DespesasMDEeASPS] => 
        )

    [1273] => Array
        (
            [ContaContabil] => 6.2.2.1.3.01.00
            [Valor] => 2517.96
            [ValorF] => 2.517,96
            [TipoValor] => beginning_balance
            [NaturezaValor] => D
            [PoderOrgao] => 10131
            [FinanceiroPermanente] => 
            [DividaConsolidada] => 
            [FonteRecurso] => 1.214.0000
            [ComplementoFonteRecurso] => 
            [NaturezaReceita] => 
            [NaturezaDespesa] => 4.4.90.52.05
            [FuncaoSubfuncao] => 10.305
            [AnoInscricaoRestosAPagar] => 
            [DespesasMDEeASPS] => 
        )

    [1274] => Array
        (
            [ContaContabil] => 6.2.2.1.3.01.00
            [Valor] => 9856.96
            [ValorF] => 9.856,96
            [TipoValor] => ending_balance
            [NaturezaValor] => C
            [PoderOrgao] => 10131
            [FinanceiroPermanente] => 
            [DividaConsolidada] => 
            [FonteRecurso] => 1.214.0000
            [ComplementoFonteRecurso] => 
            [NaturezaReceita] => 
            [NaturezaDespesa] => 4.4.90.52.05
            [FuncaoSubfuncao] => 10.305
            [AnoInscricaoRestosAPagar] => 
            [DespesasMDEeASPS] => 
        )

    [1275] => Array
        (
            [ContaContabil] => 6.2.2.1.3.01.00
            [Valor] => 7117.96
            [ValorF] => 7.117,96
            [TipoValor] => ending_balance
            [NaturezaValor] => D
            [PoderOrgao] => 10131
            [FinanceiroPermanente] => 
            [DividaConsolidada] => 
            [FonteRecurso] => 1.214.0000
            [ComplementoFonteRecurso] => 
            [NaturezaReceita] => 
            [NaturezaDespesa] => 4.4.90.52.05
            [FuncaoSubfuncao] => 10.305
            [AnoInscricaoRestosAPagar] => 
            [DespesasMDEeASPS] => 
        )

    [1276] => Array
        (
            [ContaContabil] => 6.2.2.1.3.01.00
            [Valor] => 7090
            [ValorF] => 7.090,00
            [TipoValor] => period_change
            [NaturezaValor] => C
            [PoderOrgao] => 10131
            [FinanceiroPermanente] => 
            [DividaConsolidada] => 
            [FonteRecurso] => 1.214.0000
            [ComplementoFonteRecurso] => 
            [NaturezaReceita] => 
            [NaturezaDespesa] => 4.4.90.52.05
            [FuncaoSubfuncao] => 10.305
            [AnoInscricaoRestosAPagar] => 
            [DespesasMDEeASPS] => 
        )

    [1277] => Array
        (
            [ContaContabil] => 6.2.2.1.3.01.00
            [Valor] => 4600
            [ValorF] => 4.600,00
            [TipoValor] => period_change
            [NaturezaValor] => D
            [PoderOrgao] => 10131
            [FinanceiroPermanente] => 
            [DividaConsolidada] => 
            [FonteRecurso] => 1.214.0000
            [ComplementoFonteRecurso] => 
            [NaturezaReceita] => 
            [NaturezaDespesa] => 4.4.90.52.05
            [FuncaoSubfuncao] => 10.305
            [AnoInscricaoRestosAPagar] => 
            [DespesasMDEeASPS] => 
        )

    [1278] => Array
        (
            [ContaContabil] => 6.2.2.1.3.01.00
            [Valor] => 3008
            [ValorF] => 3.008,00
            [TipoValor] => beginning_balance
            [NaturezaValor] => C
            [PoderOrgao] => 10131
            [FinanceiroPermanente] => 
            [DividaConsolidada] => 
            [FonteRecurso] => 1.215.0000
            [ComplementoFonteRecurso] => 
            [NaturezaReceita] => 
            [NaturezaDespesa] => 4.4.90.52.05
            [FuncaoSubfuncao] => 10.301
            [AnoInscricaoRestosAPagar] => 
            [DespesasMDEeASPS] => 
        )

    [1279] => Array
        (
            [ContaContabil] => 6.2.2.1.3.01.00
            [Valor] => 3008
            [ValorF] => 3.008,00
            [TipoValor] => beginning_balance
            [NaturezaValor] => D
            [PoderOrgao] => 10131
            [FinanceiroPermanente] => 
            [DividaConsolidada] => 
            [FonteRecurso] => 1.215.0000
            [ComplementoFonteRecurso] => 
            [NaturezaReceita] => 
            [NaturezaDespesa] => 4.4.90.52.05
            [FuncaoSubfuncao] => 10.301
            [AnoInscricaoRestosAPagar] => 
            [DespesasMDEeASPS] => 
        )

    [1280] => Array
        (
            [ContaContabil] => 6.2.2.1.3.01.00
            [Valor] => 3008
            [ValorF] => 3.008,00
            [TipoValor] => ending_balance
            [NaturezaValor] => C
            [PoderOrgao] => 10131
            [FinanceiroPermanente] => 
            [DividaConsolidada] => 
            [FonteRecurso] => 1.215.0000
            [ComplementoFonteRecurso] => 
            [NaturezaReceita] => 
            [NaturezaDespesa] => 4.4.90.52.05
            [FuncaoSubfuncao] => 10.301
            [AnoInscricaoRestosAPagar] => 
            [DespesasMDEeASPS] => 
        )

    [1281] => Array
        (
            [ContaContabil] => 6.2.2.1.3.01.00
            [Valor] => 3008
            [ValorF] => 3.008,00
            [TipoValor] => ending_balance
            [NaturezaValor] => D
            [PoderOrgao] => 10131
            [FinanceiroPermanente] => 
            [DividaConsolidada] => 
            [FonteRecurso] => 1.215.0000
            [ComplementoFonteRecurso] => 
            [NaturezaReceita] => 
            [NaturezaDespesa] => 4.4.90.52.05
            [FuncaoSubfuncao] => 10.301
            [AnoInscricaoRestosAPagar] => 
            [DespesasMDEeASPS] => 
        )

    [1282] => Array
        (
            [ContaContabil] => 6.2.2.1.3.03.00
            [Valor] => 105349.61
            [ValorF] => 105.349,61
            [TipoValor] => beginning_balance
            [NaturezaValor] => C
            [PoderOrgao] => 10131
            [FinanceiroPermanente] => 
            [DividaConsolidada] => 
            [FonteRecurso] => 1.211.0000
            [ComplementoFonteRecurso] => 
            [NaturezaReceita] => 
            [NaturezaDespesa] => 3.1.90.04.00
            [FuncaoSubfuncao] => 10.301
            [AnoInscricaoRestosAPagar] => 
            [DespesasMDEeASPS] => 
        )

    [1283] => Array
        (
            [ContaContabil] => 6.2.2.1.3.03.00
            [Valor] => 102607.36
            [ValorF] => 102.607,36
            [TipoValor] => beginning_balance
            [NaturezaValor] => D
            [PoderOrgao] => 10131
            [FinanceiroPermanente] => 
            [DividaConsolidada] => 
            [FonteRecurso] => 1.211.0000
            [ComplementoFonteRecurso] => 
            [NaturezaReceita] => 
            [NaturezaDespesa] => 3.1.90.04.00
            [FuncaoSubfuncao] => 10.301
            [AnoInscricaoRestosAPagar] => 
            [DespesasMDEeASPS] => 
        )

    [1284] => Array
        (
            [ContaContabil] => 6.2.2.1.3.03.00
            [Valor] => 106274.39
            [ValorF] => 106.274,39
            [TipoValor] => ending_balance
            [NaturezaValor] => C
            [PoderOrgao] => 10131
            [FinanceiroPermanente] => 
            [DividaConsolidada] => 
            [FonteRecurso] => 1.211.0000
            [ComplementoFonteRecurso] => 
            [NaturezaReceita] => 
            [NaturezaDespesa] => 3.1.90.04.00
            [FuncaoSubfuncao] => 10.301
            [AnoInscricaoRestosAPagar] => 
            [DespesasMDEeASPS] => 
        )

    [1285] => Array
        (
            [ContaContabil] => 6.2.2.1.3.03.00
            [Valor] => 105349.61
            [ValorF] => 105.349,61
            [TipoValor] => ending_balance
            [NaturezaValor] => D
            [PoderOrgao] => 10131
            [FinanceiroPermanente] => 
            [DividaConsolidada] => 
            [FonteRecurso] => 1.211.0000
            [ComplementoFonteRecurso] => 
            [NaturezaReceita] => 
            [NaturezaDespesa] => 3.1.90.04.00
            [FuncaoSubfuncao] => 10.301
            [AnoInscricaoRestosAPagar] => 
            [DespesasMDEeASPS] => 
        )

    [1286] => Array
        (
            [ContaContabil] => 6.2.2.1.3.03.00
            [Valor] => 924.78
            [ValorF] => 924,78
            [TipoValor] => period_change
            [NaturezaValor] => C
            [PoderOrgao] => 10131
            [FinanceiroPermanente] => 
            [DividaConsolidada] => 
            [FonteRecurso] => 1.211.0000
            [ComplementoFonteRecurso] => 
            [NaturezaReceita] => 
            [NaturezaDespesa] => 3.1.90.04.00
            [FuncaoSubfuncao] => 10.301
            [AnoInscricaoRestosAPagar] => 
            [DespesasMDEeASPS] => 
        )

    [1287] => Array
        (
            [ContaContabil] => 6.2.2.1.3.03.00
            [Valor] => 2742.25
            [ValorF] => 2.742,25
            [TipoValor] => period_change
            [NaturezaValor] => D
            [PoderOrgao] => 10131
            [FinanceiroPermanente] => 
            [DividaConsolidada] => 
            [FonteRecurso] => 1.211.0000
            [ComplementoFonteRecurso] => 
            [NaturezaReceita] => 
            [NaturezaDespesa] => 3.1.90.04.00
            [FuncaoSubfuncao] => 10.301
            [AnoInscricaoRestosAPagar] => 
            [DespesasMDEeASPS] => 
        )

    [1288] => Array
        (
            [ContaContabil] => 6.2.2.1.3.03.00
            [Valor] => 103800.22
            [ValorF] => 103.800,22
            [TipoValor] => beginning_balance
            [NaturezaValor] => C
            [PoderOrgao] => 10131
            [FinanceiroPermanente] => 
            [DividaConsolidada] => 
            [FonteRecurso] => 1.211.0000
            [ComplementoFonteRecurso] => 
            [NaturezaReceita] => 
            [NaturezaDespesa] => 3.1.90.04.00
            [FuncaoSubfuncao] => 10.302
            [AnoInscricaoRestosAPagar] => 
            [DespesasMDEeASPS] => 
        )

    [1289] => Array
        (
            [ContaContabil] => 6.2.2.1.3.03.00
            [Valor] => 99627.62
            [ValorF] => 99.627,62
            [TipoValor] => beginning_balance
            [NaturezaValor] => D
            [PoderOrgao] => 10131
            [FinanceiroPermanente] => 
            [DividaConsolidada] => 
            [FonteRecurso] => 1.211.0000
            [ComplementoFonteRecurso] => 
            [NaturezaReceita] => 
            [NaturezaDespesa] => 3.1.90.04.00
            [FuncaoSubfuncao] => 10.302
            [AnoInscricaoRestosAPagar] => 
            [DespesasMDEeASPS] => 
        )

    [1290] => Array
        (
            [ContaContabil] => 6.2.2.1.3.03.00
            [Valor] => 123951.86
            [ValorF] => 123.951,86
            [TipoValor] => ending_balance
            [NaturezaValor] => C
            [PoderOrgao] => 10131
            [FinanceiroPermanente] => 
            [DividaConsolidada] => 
            [FonteRecurso] => 1.211.0000
            [ComplementoFonteRecurso] => 
            [NaturezaReceita] => 
            [NaturezaDespesa] => 3.1.90.04.00
            [FuncaoSubfuncao] => 10.302
            [AnoInscricaoRestosAPagar] => 
            [DespesasMDEeASPS] => 
        )

    [1291] => Array
        (
            [ContaContabil] => 6.2.2.1.3.03.00
            [Valor] => 120454.47
            [ValorF] => 120.454,47
            [TipoValor] => ending_balance
            [NaturezaValor] => D
            [PoderOrgao] => 10131
            [FinanceiroPermanente] => 
            [DividaConsolidada] => 
            [FonteRecurso] => 1.211.0000
            [ComplementoFonteRecurso] => 
            [NaturezaReceita] => 
            [NaturezaDespesa] => 3.1.90.04.00
            [FuncaoSubfuncao] => 10.302
            [AnoInscricaoRestosAPagar] => 
            [DespesasMDEeASPS] => 
        )

    [1292] => Array
        (
            [ContaContabil] => 6.2.2.1.3.03.00
            [Valor] => 20151.64
            [ValorF] => 20.151,64
            [TipoValor] => period_change
            [NaturezaValor] => C
            [PoderOrgao] => 10131
            [FinanceiroPermanente] => 
            [DividaConsolidada] => 
            [FonteRecurso] => 1.211.0000
            [ComplementoFonteRecurso] => 
            [NaturezaReceita] => 
            [NaturezaDespesa] => 3.1.90.04.00
            [FuncaoSubfuncao] => 10.302
            [AnoInscricaoRestosAPagar] => 
            [DespesasMDEeASPS] => 
        )

    [1293] => Array
        (
            [ContaContabil] => 6.2.2.1.3.03.00
            [Valor] => 20826.85
            [ValorF] => 20.826,85
            [TipoValor] => period_change
            [NaturezaValor] => D
            [PoderOrgao] => 10131
            [FinanceiroPermanente] => 
            [DividaConsolidada] => 
            [FonteRecurso] => 1.211.0000
            [ComplementoFonteRecurso] => 
            [NaturezaReceita] => 
            [NaturezaDespesa] => 3.1.90.04.00
            [FuncaoSubfuncao] => 10.302
            [AnoInscricaoRestosAPagar] => 
            [DespesasMDEeASPS] => 
        )

    [1294] => Array
        (
            [ContaContabil] => 6.2.2.1.3.03.00
            [Valor] => 5871.63
            [ValorF] => 5.871,63
            [TipoValor] => beginning_balance
            [NaturezaValor] => C
            [PoderOrgao] => 10131
            [FinanceiroPermanente] => 
            [DividaConsolidada] => 
            [FonteRecurso] => 1.214.0000
            [ComplementoFonteRecurso] => 
            [NaturezaReceita] => 
            [NaturezaDespesa] => 3.1.90.04.00
            [FuncaoSubfuncao] => 10.301
            [AnoInscricaoRestosAPagar] => 
            [DespesasMDEeASPS] => 
        )

    [1295] => Array
        (
            [ContaContabil] => 6.2.2.1.3.03.00
            [Valor] => 5871.63
            [ValorF] => 5.871,63
            [TipoValor] => beginning_balance
            [NaturezaValor] => D
            [PoderOrgao] => 10131
            [FinanceiroPermanente] => 
            [DividaConsolidada] => 
            [FonteRecurso] => 1.214.0000
            [ComplementoFonteRecurso] => 
            [NaturezaReceita] => 
            [NaturezaDespesa] => 3.1.90.04.00
            [FuncaoSubfuncao] => 10.301
            [AnoInscricaoRestosAPagar] => 
            [DespesasMDEeASPS] => 
        )

    [1296] => Array
        (
            [ContaContabil] => 6.2.2.1.3.03.00
            [Valor] => 10275.35
            [ValorF] => 10.275,35
            [TipoValor] => ending_balance
            [NaturezaValor] => C
            [PoderOrgao] => 10131
            [FinanceiroPermanente] => 
            [DividaConsolidada] => 
            [FonteRecurso] => 1.214.0000
            [ComplementoFonteRecurso] => 
            [NaturezaReceita] => 
            [NaturezaDespesa] => 3.1.90.04.00
            [FuncaoSubfuncao] => 10.301
            [AnoInscricaoRestosAPagar] => 
            [DespesasMDEeASPS] => 
        )

    [1297] => Array
        (
            [ContaContabil] => 6.2.2.1.3.03.00
            [Valor] => 10275.35
            [ValorF] => 10.275,35
            [TipoValor] => ending_balance
            [NaturezaValor] => D
            [PoderOrgao] => 10131
            [FinanceiroPermanente] => 
            [DividaConsolidada] => 
            [FonteRecurso] => 1.214.0000
            [ComplementoFonteRecurso] => 
            [NaturezaReceita] => 
            [NaturezaDespesa] => 3.1.90.04.00
            [FuncaoSubfuncao] => 10.301
            [AnoInscricaoRestosAPagar] => 
            [DespesasMDEeASPS] => 
        )

    [1298] => Array
        (
            [ContaContabil] => 6.2.2.1.3.03.00
            [Valor] => 4403.72
            [ValorF] => 4.403,72
            [TipoValor] => period_change
            [NaturezaValor] => C
            [PoderOrgao] => 10131
            [FinanceiroPermanente] => 
            [DividaConsolidada] => 
            [FonteRecurso] => 1.214.0000
            [ComplementoFonteRecurso] => 
            [NaturezaReceita] => 
            [NaturezaDespesa] => 3.1.90.04.00
            [FuncaoSubfuncao] => 10.301
            [AnoInscricaoRestosAPagar] => 
            [DespesasMDEeASPS] => 
        )

    [1299] => Array
        (
            [ContaContabil] => 6.2.2.1.3.03.00
            [Valor] => 4403.72
            [ValorF] => 4.403,72
            [TipoValor] => period_change
            [NaturezaValor] => D
            [PoderOrgao] => 10131
            [FinanceiroPermanente] => 
            [DividaConsolidada] => 
            [FonteRecurso] => 1.214.0000
            [ComplementoFonteRecurso] => 
            [NaturezaReceita] => 
            [NaturezaDespesa] => 3.1.90.04.00
            [FuncaoSubfuncao] => 10.301
            [AnoInscricaoRestosAPagar] => 
            [DespesasMDEeASPS] => 
        )

    [1300] => Array
        (
            [ContaContabil] => 6.2.2.1.3.03.00
            [Valor] => 219271.03
            [ValorF] => 219.271,03
            [TipoValor] => beginning_balance
            [NaturezaValor] => C
            [PoderOrgao] => 10131
            [FinanceiroPermanente] => 
            [DividaConsolidada] => 
            [FonteRecurso] => 1.211.0000
            [ComplementoFonteRecurso] => 
            [NaturezaReceita] => 
            [NaturezaDespesa] => 3.1.90.11.01
            [FuncaoSubfuncao] => 10.122
            [AnoInscricaoRestosAPagar] => 
            [DespesasMDEeASPS] => 
        )

    [1301] => Array
        (
            [ContaContabil] => 6.2.2.1.3.03.00
            [Valor] => 219271.03
            [ValorF] => 219.271,03
            [TipoValor] => beginning_balance
            [NaturezaValor] => D
            [PoderOrgao] => 10131
            [FinanceiroPermanente] => 
            [DividaConsolidada] => 
            [FonteRecurso] => 1.211.0000
            [ComplementoFonteRecurso] => 
            [NaturezaReceita] => 
            [NaturezaDespesa] => 3.1.90.11.01
            [FuncaoSubfuncao] => 10.122
            [AnoInscricaoRestosAPagar] => 
            [DespesasMDEeASPS] => 
        )

    [1302] => Array
        (
            [ContaContabil] => 6.2.2.1.3.03.00
            [Valor] => 246193.51
            [ValorF] => 246.193,51
            [TipoValor] => ending_balance
            [NaturezaValor] => C
            [PoderOrgao] => 10131
            [FinanceiroPermanente] => 
            [DividaConsolidada] => 
            [FonteRecurso] => 1.211.0000
            [ComplementoFonteRecurso] => 
            [NaturezaReceita] => 
            [NaturezaDespesa] => 3.1.90.11.01
            [FuncaoSubfuncao] => 10.122
            [AnoInscricaoRestosAPagar] => 
            [DespesasMDEeASPS] => 
        )

    [1303] => Array
        (
            [ContaContabil] => 6.2.2.1.3.03.00
            [Valor] => 246193.51
            [ValorF] => 246.193,51
            [TipoValor] => ending_balance
            [NaturezaValor] => D
            [PoderOrgao] => 10131
            [FinanceiroPermanente] => 
            [DividaConsolidada] => 
            [FonteRecurso] => 1.211.0000
            [ComplementoFonteRecurso] => 
            [NaturezaReceita] => 
            [NaturezaDespesa] => 3.1.90.11.01
            [FuncaoSubfuncao] => 10.122
            [AnoInscricaoRestosAPagar] => 
            [DespesasMDEeASPS] => 
        )

    [1304] => Array
        (
            [ContaContabil] => 6.2.2.1.3.03.00
            [Valor] => 26922.48
            [ValorF] => 26.922,48
            [TipoValor] => period_change
            [NaturezaValor] => C
            [PoderOrgao] => 10131
            [FinanceiroPermanente] => 
            [DividaConsolidada] => 
            [FonteRecurso] => 1.211.0000
            [ComplementoFonteRecurso] => 
            [NaturezaReceita] => 
            [NaturezaDespesa] => 3.1.90.11.01
            [FuncaoSubfuncao] => 10.122
            [AnoInscricaoRestosAPagar] => 
            [DespesasMDEeASPS] => 
        )

    [1305] => Array
        (
            [ContaContabil] => 6.2.2.1.3.03.00
            [Valor] => 26922.48
            [ValorF] => 26.922,48
            [TipoValor] => period_change
            [NaturezaValor] => D
            [PoderOrgao] => 10131
            [FinanceiroPermanente] => 
            [DividaConsolidada] => 
            [FonteRecurso] => 1.211.0000
            [ComplementoFonteRecurso] => 
            [NaturezaReceita] => 
            [NaturezaDespesa] => 3.1.90.11.01
            [FuncaoSubfuncao] => 10.122
            [AnoInscricaoRestosAPagar] => 
            [DespesasMDEeASPS] => 
        )

    [1306] => Array
        (
            [ContaContabil] => 6.2.2.1.3.03.00
            [Valor] => 99761.09
            [ValorF] => 99.761,09
            [TipoValor] => beginning_balance
            [NaturezaValor] => C
            [PoderOrgao] => 10131
            [FinanceiroPermanente] => 
            [DividaConsolidada] => 
            [FonteRecurso] => 1.211.0000
            [ComplementoFonteRecurso] => 
            [NaturezaReceita] => 
            [NaturezaDespesa] => 3.1.90.11.01
            [FuncaoSubfuncao] => 10.272
            [AnoInscricaoRestosAPagar] => 
            [DespesasMDEeASPS] => 
        )

    [1307] => Array
        (
            [ContaContabil] => 6.2.2.1.3.03.00
            [Valor] => 99761.09
            [ValorF] => 99.761,09
            [TipoValor] => beginning_balance
            [NaturezaValor] => D
            [PoderOrgao] => 10131
            [FinanceiroPermanente] => 
            [DividaConsolidada] => 
            [FonteRecurso] => 1.211.0000
            [ComplementoFonteRecurso] => 
            [NaturezaReceita] => 
            [NaturezaDespesa] => 3.1.90.11.01
            [FuncaoSubfuncao] => 10.272
            [AnoInscricaoRestosAPagar] => 
            [DespesasMDEeASPS] => 
        )

    [1308] => Array
        (
            [ContaContabil] => 6.2.2.1.3.03.00
            [Valor] => 108333.87
            [ValorF] => 108.333,87
            [TipoValor] => ending_balance
            [NaturezaValor] => C
            [PoderOrgao] => 10131
            [FinanceiroPermanente] => 
            [DividaConsolidada] => 
            [FonteRecurso] => 1.211.0000
            [ComplementoFonteRecurso] => 
            [NaturezaReceita] => 
            [NaturezaDespesa] => 3.1.90.11.01
            [FuncaoSubfuncao] => 10.272
            [AnoInscricaoRestosAPagar] => 
            [DespesasMDEeASPS] => 
        )

    [1309] => Array
        (
            [ContaContabil] => 6.2.2.1.3.03.00
            [Valor] => 108333.87
            [ValorF] => 108.333,87
            [TipoValor] => ending_balance
            [NaturezaValor] => D
            [PoderOrgao] => 10131
            [FinanceiroPermanente] => 
            [DividaConsolidada] => 
            [FonteRecurso] => 1.211.0000
            [ComplementoFonteRecurso] => 
            [NaturezaReceita] => 
            [NaturezaDespesa] => 3.1.90.11.01
            [FuncaoSubfuncao] => 10.272
            [AnoInscricaoRestosAPagar] => 
            [DespesasMDEeASPS] => 
        )

    [1310] => Array
        (
            [ContaContabil] => 6.2.2.1.3.03.00
            [Valor] => 8572.78
            [ValorF] => 8.572,78
            [TipoValor] => period_change
            [NaturezaValor] => C
            [PoderOrgao] => 10131
            [FinanceiroPermanente] => 
            [DividaConsolidada] => 
            [FonteRecurso] => 1.211.0000
            [ComplementoFonteRecurso] => 
            [NaturezaReceita] => 
            [NaturezaDespesa] => 3.1.90.11.01
            [FuncaoSubfuncao] => 10.272
            [AnoInscricaoRestosAPagar] => 
            [DespesasMDEeASPS] => 
        )

    [1311] => Array
        (
            [ContaContabil] => 6.2.2.1.3.03.00
            [Valor] => 8572.78
            [ValorF] => 8.572,78
            [TipoValor] => period_change
            [NaturezaValor] => D
            [PoderOrgao] => 10131
            [FinanceiroPermanente] => 
            [DividaConsolidada] => 
            [FonteRecurso] => 1.211.0000
            [ComplementoFonteRecurso] => 
            [NaturezaReceita] => 
            [NaturezaDespesa] => 3.1.90.11.01
            [FuncaoSubfuncao] => 10.272
            [AnoInscricaoRestosAPagar] => 
            [DespesasMDEeASPS] => 
        )

    [1312] => Array
        (
            [ContaContabil] => 6.2.2.1.3.03.00
            [Valor] => 85448.91
            [ValorF] => 85.448,91
            [TipoValor] => beginning_balance
            [NaturezaValor] => C
            [PoderOrgao] => 10131
            [FinanceiroPermanente] => 
            [DividaConsolidada] => 
            [FonteRecurso] => 1.211.0000
            [ComplementoFonteRecurso] => 
            [NaturezaReceita] => 
            [NaturezaDespesa] => 3.1.90.11.01
            [FuncaoSubfuncao] => 10.301
            [AnoInscricaoRestosAPagar] => 
            [DespesasMDEeASPS] => 
        )

    [1313] => Array
        (
            [ContaContabil] => 6.2.2.1.3.03.00
            [Valor] => 85448.91
            [ValorF] => 85.448,91
            [TipoValor] => beginning_balance
            [NaturezaValor] => D
            [PoderOrgao] => 10131
            [FinanceiroPermanente] => 
            [DividaConsolidada] => 
            [FonteRecurso] => 1.211.0000
            [ComplementoFonteRecurso] => 
            [NaturezaReceita] => 
            [NaturezaDespesa] => 3.1.90.11.01
            [FuncaoSubfuncao] => 10.301
            [AnoInscricaoRestosAPagar] => 
            [DespesasMDEeASPS] => 
        )

    [1314] => Array
        (
            [ContaContabil] => 6.2.2.1.3.03.00
            [Valor] => 89871.58
            [ValorF] => 89.871,58
            [TipoValor] => ending_balance
            [NaturezaValor] => C
            [PoderOrgao] => 10131
            [FinanceiroPermanente] => 
            [DividaConsolidada] => 
            [FonteRecurso] => 1.211.0000
            [ComplementoFonteRecurso] => 
            [NaturezaReceita] => 
            [NaturezaDespesa] => 3.1.90.11.01
            [FuncaoSubfuncao] => 10.301
            [AnoInscricaoRestosAPagar] => 
            [DespesasMDEeASPS] => 
        )

    [1315] => Array
        (
            [ContaContabil] => 6.2.2.1.3.03.00
            [Valor] => 89871.58
            [ValorF] => 89.871,58
            [TipoValor] => ending_balance
            [NaturezaValor] => D
            [PoderOrgao] => 10131
            [FinanceiroPermanente] => 
            [DividaConsolidada] => 
            [FonteRecurso] => 1.211.0000
            [ComplementoFonteRecurso] => 
            [NaturezaReceita] => 
            [NaturezaDespesa] => 3.1.90.11.01
            [FuncaoSubfuncao] => 10.301
            [AnoInscricaoRestosAPagar] => 
            [DespesasMDEeASPS] => 
        )

    [1316] => Array
        (
            [ContaContabil] => 6.2.2.1.3.03.00
            [Valor] => 4422.67
            [ValorF] => 4.422,67
            [TipoValor] => period_change
            [NaturezaValor] => C
            [PoderOrgao] => 10131
            [FinanceiroPermanente] => 
            [DividaConsolidada] => 
            [FonteRecurso] => 1.211.0000
            [ComplementoFonteRecurso] => 
            [NaturezaReceita] => 
            [NaturezaDespesa] => 3.1.90.11.01
            [FuncaoSubfuncao] => 10.301
            [AnoInscricaoRestosAPagar] => 
            [DespesasMDEeASPS] => 
        )

    [1317] => Array
        (
            [ContaContabil] => 6.2.2.1.3.03.00
            [Valor] => 4422.67
            [ValorF] => 4.422,67
            [TipoValor] => period_change
            [NaturezaValor] => D
            [PoderOrgao] => 10131
            [FinanceiroPermanente] => 
            [DividaConsolidada] => 
            [FonteRecurso] => 1.211.0000
            [ComplementoFonteRecurso] => 
            [NaturezaReceita] => 
            [NaturezaDespesa] => 3.1.90.11.01
            [FuncaoSubfuncao] => 10.301
            [AnoInscricaoRestosAPagar] => 
            [DespesasMDEeASPS] => 
        )

    [1318] => Array
        (
            [ContaContabil] => 6.2.2.1.3.03.00
            [Valor] => 279952.13
            [ValorF] => 279.952,13
            [TipoValor] => beginning_balance
            [NaturezaValor] => C
            [PoderOrgao] => 10131
            [FinanceiroPermanente] => 
            [DividaConsolidada] => 
            [FonteRecurso] => 1.211.0000
            [ComplementoFonteRecurso] => 
            [NaturezaReceita] => 
            [NaturezaDespesa] => 3.1.90.11.01
            [FuncaoSubfuncao] => 10.302
            [AnoInscricaoRestosAPagar] => 
            [DespesasMDEeASPS] => 
        )

    [1319] => Array
        (
            [ContaContabil] => 6.2.2.1.3.03.00
            [Valor] => 279952.13
            [ValorF] => 279.952,13
            [TipoValor] => beginning_balance
            [NaturezaValor] => D
            [PoderOrgao] => 10131
            [FinanceiroPermanente] => 
            [DividaConsolidada] => 
            [FonteRecurso] => 1.211.0000
            [ComplementoFonteRecurso] => 
            [NaturezaReceita] => 
            [NaturezaDespesa] => 3.1.90.11.01
            [FuncaoSubfuncao] => 10.302
            [AnoInscricaoRestosAPagar] => 
            [DespesasMDEeASPS] => 
        )

    [1320] => Array
        (
            [ContaContabil] => 6.2.2.1.3.03.00
            [Valor] => 284002.54
            [ValorF] => 284.002,54
            [TipoValor] => ending_balance
            [NaturezaValor] => C
            [PoderOrgao] => 10131
            [FinanceiroPermanente] => 
            [DividaConsolidada] => 
            [FonteRecurso] => 1.211.0000
            [ComplementoFonteRecurso] => 
            [NaturezaReceita] => 
            [NaturezaDespesa] => 3.1.90.11.01
            [FuncaoSubfuncao] => 10.302
            [AnoInscricaoRestosAPagar] => 
            [DespesasMDEeASPS] => 
        )

    [1321] => Array
        (
            [ContaContabil] => 6.2.2.1.3.03.00
            [Valor] => 284002.54
            [ValorF] => 284.002,54
            [TipoValor] => ending_balance
            [NaturezaValor] => D
            [PoderOrgao] => 10131
            [FinanceiroPermanente] => 
            [DividaConsolidada] => 
            [FonteRecurso] => 1.211.0000
            [ComplementoFonteRecurso] => 
            [NaturezaReceita] => 
            [NaturezaDespesa] => 3.1.90.11.01
            [FuncaoSubfuncao] => 10.302
            [AnoInscricaoRestosAPagar] => 
            [DespesasMDEeASPS] => 
        )

    [1322] => Array
        (
            [ContaContabil] => 6.2.2.1.3.03.00
            [Valor] => 4050.41
            [ValorF] => 4.050,41
            [TipoValor] => period_change
            [NaturezaValor] => C
            [PoderOrgao] => 10131
            [FinanceiroPermanente] => 
            [DividaConsolidada] => 
            [FonteRecurso] => 1.211.0000
            [ComplementoFonteRecurso] => 
            [NaturezaReceita] => 
            [NaturezaDespesa] => 3.1.90.11.01
            [FuncaoSubfuncao] => 10.302
            [AnoInscricaoRestosAPagar] => 
            [DespesasMDEeASPS] => 
        )

    [1323] => Array
        (
            [ContaContabil] => 6.2.2.1.3.03.00
            [Valor] => 4050.41
            [ValorF] => 4.050,41
            [TipoValor] => period_change
            [NaturezaValor] => D
            [PoderOrgao] => 10131
            [FinanceiroPermanente] => 
            [DividaConsolidada] => 
            [FonteRecurso] => 1.211.0000
            [ComplementoFonteRecurso] => 
            [NaturezaReceita] => 
            [NaturezaDespesa] => 3.1.90.11.01
            [FuncaoSubfuncao] => 10.302
            [AnoInscricaoRestosAPagar] => 
            [DespesasMDEeASPS] => 
        )

    [1324] => Array
        (
            [ContaContabil] => 6.2.2.1.3.03.00
            [Valor] => 66929.38
            [ValorF] => 66.929,38
            [TipoValor] => beginning_balance
            [NaturezaValor] => C
            [PoderOrgao] => 10131
            [FinanceiroPermanente] => 
            [DividaConsolidada] => 
            [FonteRecurso] => 1.211.0000
            [ComplementoFonteRecurso] => 
            [NaturezaReceita] => 
            [NaturezaDespesa] => 3.1.90.11.01
            [FuncaoSubfuncao] => 10.305
            [AnoInscricaoRestosAPagar] => 
            [DespesasMDEeASPS] => 
        )

    [1325] => Array
        (
            [ContaContabil] => 6.2.2.1.3.03.00
            [Valor] => 66929.38
            [ValorF] => 66.929,38
            [TipoValor] => beginning_balance
            [NaturezaValor] => D
            [PoderOrgao] => 10131
            [FinanceiroPermanente] => 
            [DividaConsolidada] => 
            [FonteRecurso] => 1.211.0000
            [ComplementoFonteRecurso] => 
            [NaturezaReceita] => 
            [NaturezaDespesa] => 3.1.90.11.01
            [FuncaoSubfuncao] => 10.305
            [AnoInscricaoRestosAPagar] => 
            [DespesasMDEeASPS] => 
        )

    [1326] => Array
        (
            [ContaContabil] => 6.2.2.1.3.03.00
            [Valor] => 72080.12
            [ValorF] => 72.080,12
            [TipoValor] => ending_balance
            [NaturezaValor] => C
            [PoderOrgao] => 10131
            [FinanceiroPermanente] => 
            [DividaConsolidada] => 
            [FonteRecurso] => 1.211.0000
            [ComplementoFonteRecurso] => 
            [NaturezaReceita] => 
            [NaturezaDespesa] => 3.1.90.11.01
            [FuncaoSubfuncao] => 10.305
            [AnoInscricaoRestosAPagar] => 
            [DespesasMDEeASPS] => 
        )

    [1327] => Array
        (
            [ContaContabil] => 6.2.2.1.3.03.00
            [Valor] => 72080.12
            [ValorF] => 72.080,12
            [TipoValor] => ending_balance
            [NaturezaValor] => D
            [PoderOrgao] => 10131
            [FinanceiroPermanente] => 
            [DividaConsolidada] => 
            [FonteRecurso] => 1.211.0000
            [ComplementoFonteRecurso] => 
            [NaturezaReceita] => 
            [NaturezaDespesa] => 3.1.90.11.01
            [FuncaoSubfuncao] => 10.305
            [AnoInscricaoRestosAPagar] => 
            [DespesasMDEeASPS] => 
        )

    [1328] => Array
        (
            [ContaContabil] => 6.2.2.1.3.03.00
            [Valor] => 5150.74
            [ValorF] => 5.150,74
            [TipoValor] => period_change
            [NaturezaValor] => C
            [PoderOrgao] => 10131
            [FinanceiroPermanente] => 
            [DividaConsolidada] => 
            [FonteRecurso] => 1.211.0000
            [ComplementoFonteRecurso] => 
            [NaturezaReceita] => 
            [NaturezaDespesa] => 3.1.90.11.01
            [FuncaoSubfuncao] => 10.305
            [AnoInscricaoRestosAPagar] => 
            [DespesasMDEeASPS] => 
        )

    [1329] => Array
        (
            [ContaContabil] => 6.2.2.1.3.03.00
            [Valor] => 5150.74
            [ValorF] => 5.150,74
            [TipoValor] => period_change
            [NaturezaValor] => D
            [PoderOrgao] => 10131
            [FinanceiroPermanente] => 
            [DividaConsolidada] => 
            [FonteRecurso] => 1.211.0000
            [ComplementoFonteRecurso] => 
            [NaturezaReceita] => 
            [NaturezaDespesa] => 3.1.90.11.01
            [FuncaoSubfuncao] => 10.305
            [AnoInscricaoRestosAPagar] => 
            [DespesasMDEeASPS] => 
        )

    [1330] => Array
        (
            [ContaContabil] => 6.2.2.1.3.03.00
            [Valor] => 124471.48
            [ValorF] => 124.471,48
            [TipoValor] => beginning_balance
            [NaturezaValor] => C
            [PoderOrgao] => 10131
            [FinanceiroPermanente] => 
            [DividaConsolidada] => 
            [FonteRecurso] => 1.211.0000
            [ComplementoFonteRecurso] => 
            [NaturezaReceita] => 
            [NaturezaDespesa] => 3.1.90.11.01
            [FuncaoSubfuncao] => 10.785
            [AnoInscricaoRestosAPagar] => 
            [DespesasMDEeASPS] => 
        )

    [1331] => Array
        (
            [ContaContabil] => 6.2.2.1.3.03.00
            [Valor] => 124471.48
            [ValorF] => 124.471,48
            [TipoValor] => beginning_balance
            [NaturezaValor] => D
            [PoderOrgao] => 10131
            [FinanceiroPermanente] => 
            [DividaConsolidada] => 
            [FonteRecurso] => 1.211.0000
            [ComplementoFonteRecurso] => 
            [NaturezaReceita] => 
            [NaturezaDespesa] => 3.1.90.11.01
            [FuncaoSubfuncao] => 10.785
            [AnoInscricaoRestosAPagar] => 
            [DespesasMDEeASPS] => 
        )

    [1332] => Array
        (
            [ContaContabil] => 6.2.2.1.3.03.00
            [Valor] => 139137.88
            [ValorF] => 139.137,88
            [TipoValor] => ending_balance
            [NaturezaValor] => C
            [PoderOrgao] => 10131
            [FinanceiroPermanente] => 
            [DividaConsolidada] => 
            [FonteRecurso] => 1.211.0000
            [ComplementoFonteRecurso] => 
            [NaturezaReceita] => 
            [NaturezaDespesa] => 3.1.90.11.01
            [FuncaoSubfuncao] => 10.785
            [AnoInscricaoRestosAPagar] => 
            [DespesasMDEeASPS] => 
        )

    [1333] => Array
        (
            [ContaContabil] => 6.2.2.1.3.03.00
            [Valor] => 139137.88
            [ValorF] => 139.137,88
            [TipoValor] => ending_balance
            [NaturezaValor] => D
            [PoderOrgao] => 10131
            [FinanceiroPermanente] => 
            [DividaConsolidada] => 
            [FonteRecurso] => 1.211.0000
            [ComplementoFonteRecurso] => 
            [NaturezaReceita] => 
            [NaturezaDespesa] => 3.1.90.11.01
            [FuncaoSubfuncao] => 10.785
            [AnoInscricaoRestosAPagar] => 
            [DespesasMDEeASPS] => 
        )

    [1334] => Array
        (
            [ContaContabil] => 6.2.2.1.3.03.00
            [Valor] => 14666.4
            [ValorF] => 14.666,40
            [TipoValor] => period_change
            [NaturezaValor] => C
            [PoderOrgao] => 10131
            [FinanceiroPermanente] => 
            [DividaConsolidada] => 
            [FonteRecurso] => 1.211.0000
            [ComplementoFonteRecurso] => 
            [NaturezaReceita] => 
            [NaturezaDespesa] => 3.1.90.11.01
            [FuncaoSubfuncao] => 10.785
            [AnoInscricaoRestosAPagar] => 
            [DespesasMDEeASPS] => 
        )

    [1335] => Array
        (
            [ContaContabil] => 6.2.2.1.3.03.00
            [Valor] => 14666.4
            [ValorF] => 14.666,40
            [TipoValor] => period_change
            [NaturezaValor] => D
            [PoderOrgao] => 10131
            [FinanceiroPermanente] => 
            [DividaConsolidada] => 
            [FonteRecurso] => 1.211.0000
            [ComplementoFonteRecurso] => 
            [NaturezaReceita] => 
            [NaturezaDespesa] => 3.1.90.11.01
            [FuncaoSubfuncao] => 10.785
            [AnoInscricaoRestosAPagar] => 
            [DespesasMDEeASPS] => 
        )

    [1336] => Array
        (
            [ContaContabil] => 6.2.2.1.3.03.00
            [Valor] => 66994.76
            [ValorF] => 66.994,76
            [TipoValor] => beginning_balance
            [NaturezaValor] => C
            [PoderOrgao] => 10131
            [FinanceiroPermanente] => 
            [DividaConsolidada] => 
            [FonteRecurso] => 1.290.0000
            [ComplementoFonteRecurso] => 
            [NaturezaReceita] => 
            [NaturezaDespesa] => 3.1.90.11.01
            [FuncaoSubfuncao] => 10.302
            [AnoInscricaoRestosAPagar] => 
            [DespesasMDEeASPS] => 
        )

    [1337] => Array
        (
            [ContaContabil] => 6.2.2.1.3.03.00
            [Valor] => 66994.76
            [ValorF] => 66.994,76
            [TipoValor] => beginning_balance
            [NaturezaValor] => D
            [PoderOrgao] => 10131
            [FinanceiroPermanente] => 
            [DividaConsolidada] => 
            [FonteRecurso] => 1.290.0000
            [ComplementoFonteRecurso] => 
            [NaturezaReceita] => 
            [NaturezaDespesa] => 3.1.90.11.01
            [FuncaoSubfuncao] => 10.302
            [AnoInscricaoRestosAPagar] => 
            [DespesasMDEeASPS] => 
        )

    [1338] => Array
        (
            [ContaContabil] => 6.2.2.1.3.03.00
            [Valor] => 88948.46
            [ValorF] => 88.948,46
            [TipoValor] => ending_balance
            [NaturezaValor] => C
            [PoderOrgao] => 10131
            [FinanceiroPermanente] => 
            [DividaConsolidada] => 
            [FonteRecurso] => 1.290.0000
            [ComplementoFonteRecurso] => 
            [NaturezaReceita] => 
            [NaturezaDespesa] => 3.1.90.11.01
            [FuncaoSubfuncao] => 10.302
            [AnoInscricaoRestosAPagar] => 
            [DespesasMDEeASPS] => 
        )

    [1339] => Array
        (
            [ContaContabil] => 6.2.2.1.3.03.00
            [Valor] => 88948.46
            [ValorF] => 88.948,46
            [TipoValor] => ending_balance
            [NaturezaValor] => D
            [PoderOrgao] => 10131
            [FinanceiroPermanente] => 
            [DividaConsolidada] => 
            [FonteRecurso] => 1.290.0000
            [ComplementoFonteRecurso] => 
            [NaturezaReceita] => 
            [NaturezaDespesa] => 3.1.90.11.01
            [FuncaoSubfuncao] => 10.302
            [AnoInscricaoRestosAPagar] => 
            [DespesasMDEeASPS] => 
        )

    [1340] => Array
        (
            [ContaContabil] => 6.2.2.1.3.03.00
            [Valor] => 21953.7
            [ValorF] => 21.953,70
            [TipoValor] => period_change
            [NaturezaValor] => C
            [PoderOrgao] => 10131
            [FinanceiroPermanente] => 
            [DividaConsolidada] => 
            [FonteRecurso] => 1.290.0000
            [ComplementoFonteRecurso] => 
            [NaturezaReceita] => 
            [NaturezaDespesa] => 3.1.90.11.01
            [FuncaoSubfuncao] => 10.302
            [AnoInscricaoRestosAPagar] => 
            [DespesasMDEeASPS] => 
        )

    [1341] => Array
        (
            [ContaContabil] => 6.2.2.1.3.03.00
            [Valor] => 21953.7
            [ValorF] => 21.953,70
            [TipoValor] => period_change
            [NaturezaValor] => D
            [PoderOrgao] => 10131
            [FinanceiroPermanente] => 
            [DividaConsolidada] => 
            [FonteRecurso] => 1.290.0000
            [ComplementoFonteRecurso] => 
            [NaturezaReceita] => 
            [NaturezaDespesa] => 3.1.90.11.01
            [FuncaoSubfuncao] => 10.302
            [AnoInscricaoRestosAPagar] => 
            [DespesasMDEeASPS] => 
        )

    [1342] => Array
        (
            [ContaContabil] => 6.2.2.1.3.03.00
            [Valor] => 55705.67
            [ValorF] => 55.705,67
            [TipoValor] => beginning_balance
            [NaturezaValor] => C
            [PoderOrgao] => 10131
            [FinanceiroPermanente] => 
            [DividaConsolidada] => 
            [FonteRecurso] => 1.213.0000
            [ComplementoFonteRecurso] => 
            [NaturezaReceita] => 
            [NaturezaDespesa] => 3.1.90.11.01
            [FuncaoSubfuncao] => 10.301
            [AnoInscricaoRestosAPagar] => 
            [DespesasMDEeASPS] => 
        )

    [1343] => Array
        (
            [ContaContabil] => 6.2.2.1.3.03.00
            [Valor] => 55705.67
            [ValorF] => 55.705,67
            [TipoValor] => beginning_balance
            [NaturezaValor] => D
            [PoderOrgao] => 10131
            [FinanceiroPermanente] => 
            [DividaConsolidada] => 
            [FonteRecurso] => 1.213.0000
            [ComplementoFonteRecurso] => 
            [NaturezaReceita] => 
            [NaturezaDespesa] => 3.1.90.11.01
            [FuncaoSubfuncao] => 10.301
            [AnoInscricaoRestosAPagar] => 
            [DespesasMDEeASPS] => 
        )

    [1344] => Array
        (
            [ContaContabil] => 6.2.2.1.3.03.00
            [Valor] => 55885.67
            [ValorF] => 55.885,67
            [TipoValor] => ending_balance
            [NaturezaValor] => C
            [PoderOrgao] => 10131
            [FinanceiroPermanente] => 
            [DividaConsolidada] => 
            [FonteRecurso] => 1.213.0000
            [ComplementoFonteRecurso] => 
            [NaturezaReceita] => 
            [NaturezaDespesa] => 3.1.90.11.01
            [FuncaoSubfuncao] => 10.301
            [AnoInscricaoRestosAPagar] => 
            [DespesasMDEeASPS] => 
        )

    [1345] => Array
        (
            [ContaContabil] => 6.2.2.1.3.03.00
            [Valor] => 55885.67
            [ValorF] => 55.885,67
            [TipoValor] => ending_balance
            [NaturezaValor] => D
            [PoderOrgao] => 10131
            [FinanceiroPermanente] => 
            [DividaConsolidada] => 
            [FonteRecurso] => 1.213.0000
            [ComplementoFonteRecurso] => 
            [NaturezaReceita] => 
            [NaturezaDespesa] => 3.1.90.11.01
            [FuncaoSubfuncao] => 10.301
            [AnoInscricaoRestosAPagar] => 
            [DespesasMDEeASPS] => 
        )

    [1346] => Array
        (
            [ContaContabil] => 6.2.2.1.3.03.00
            [Valor] => 180
            [ValorF] => 180,00
            [TipoValor] => period_change
            [NaturezaValor] => C
            [PoderOrgao] => 10131
            [FinanceiroPermanente] => 
            [DividaConsolidada] => 
            [FonteRecurso] => 1.213.0000
            [ComplementoFonteRecurso] => 
            [NaturezaReceita] => 
            [NaturezaDespesa] => 3.1.90.11.01
            [FuncaoSubfuncao] => 10.301
            [AnoInscricaoRestosAPagar] => 
            [DespesasMDEeASPS] => 
        )

    [1347] => Array
        (
            [ContaContabil] => 6.2.2.1.3.03.00
            [Valor] => 180
            [ValorF] => 180,00
            [TipoValor] => period_change
            [NaturezaValor] => D
            [PoderOrgao] => 10131
            [FinanceiroPermanente] => 
            [DividaConsolidada] => 
            [FonteRecurso] => 1.213.0000
            [ComplementoFonteRecurso] => 
            [NaturezaReceita] => 
            [NaturezaDespesa] => 3.1.90.11.01
            [FuncaoSubfuncao] => 10.301
            [AnoInscricaoRestosAPagar] => 
            [DespesasMDEeASPS] => 
        )

    [1348] => Array
        (
            [ContaContabil] => 6.2.2.1.3.03.00
            [Valor] => 60062.37
            [ValorF] => 60.062,37
            [TipoValor] => beginning_balance
            [NaturezaValor] => C
            [PoderOrgao] => 10131
            [FinanceiroPermanente] => 
            [DividaConsolidada] => 
            [FonteRecurso] => 1.213.0000
            [ComplementoFonteRecurso] => 
            [NaturezaReceita] => 
            [NaturezaDespesa] => 3.1.90.11.01
            [FuncaoSubfuncao] => 10.301
            [AnoInscricaoRestosAPagar] => 
            [DespesasMDEeASPS] => 
        )

    [1349] => Array
        (
            [ContaContabil] => 6.2.2.1.3.03.00
            [Valor] => 60062.37
            [ValorF] => 60.062,37
            [TipoValor] => beginning_balance
            [NaturezaValor] => D
            [PoderOrgao] => 10131
            [FinanceiroPermanente] => 
            [DividaConsolidada] => 
            [FonteRecurso] => 1.213.0000
            [ComplementoFonteRecurso] => 
            [NaturezaReceita] => 
            [NaturezaDespesa] => 3.1.90.11.01
            [FuncaoSubfuncao] => 10.301
            [AnoInscricaoRestosAPagar] => 
            [DespesasMDEeASPS] => 
        )

    [1350] => Array
        (
            [ContaContabil] => 6.2.2.1.3.03.00
            [Valor] => 60062.37
            [ValorF] => 60.062,37
            [TipoValor] => ending_balance
            [NaturezaValor] => C
            [PoderOrgao] => 10131
            [FinanceiroPermanente] => 
            [DividaConsolidada] => 
            [FonteRecurso] => 1.213.0000
            [ComplementoFonteRecurso] => 
            [NaturezaReceita] => 
            [NaturezaDespesa] => 3.1.90.11.01
            [FuncaoSubfuncao] => 10.301
            [AnoInscricaoRestosAPagar] => 
            [DespesasMDEeASPS] => 
        )

    [1351] => Array
        (
            [ContaContabil] => 6.2.2.1.3.03.00
            [Valor] => 60062.37
            [ValorF] => 60.062,37
            [TipoValor] => ending_balance
            [NaturezaValor] => D
            [PoderOrgao] => 10131
            [FinanceiroPermanente] => 
            [DividaConsolidada] => 
            [FonteRecurso] => 1.213.0000
            [ComplementoFonteRecurso] => 
            [NaturezaReceita] => 
            [NaturezaDespesa] => 3.1.90.11.01
            [FuncaoSubfuncao] => 10.301
            [AnoInscricaoRestosAPagar] => 
            [DespesasMDEeASPS] => 
        )

    [1352] => Array
        (
            [ContaContabil] => 6.2.2.1.3.03.00
            [Valor] => 12019.18
            [ValorF] => 12.019,18
            [TipoValor] => beginning_balance
            [NaturezaValor] => C
            [PoderOrgao] => 10131
            [FinanceiroPermanente] => 
            [DividaConsolidada] => 
            [FonteRecurso] => 1.213.0000
            [ComplementoFonteRecurso] => 
            [NaturezaReceita] => 
            [NaturezaDespesa] => 3.1.90.11.01
            [FuncaoSubfuncao] => 10.301
            [AnoInscricaoRestosAPagar] => 
            [DespesasMDEeASPS] => 
        )

    [1353] => Array
        (
            [ContaContabil] => 6.2.2.1.3.03.00
            [Valor] => 12019.18
            [ValorF] => 12.019,18
            [TipoValor] => beginning_balance
            [NaturezaValor] => D
            [PoderOrgao] => 10131
            [FinanceiroPermanente] => 
            [DividaConsolidada] => 
            [FonteRecurso] => 1.213.0000
            [ComplementoFonteRecurso] => 
            [NaturezaReceita] => 
            [NaturezaDespesa] => 3.1.90.11.01
            [FuncaoSubfuncao] => 10.301
            [AnoInscricaoRestosAPagar] => 
            [DespesasMDEeASPS] => 
        )

    [1354] => Array
        (
            [ContaContabil] => 6.2.2.1.3.03.00
            [Valor] => 12019.18
            [ValorF] => 12.019,18
            [TipoValor] => ending_balance
            [NaturezaValor] => C
            [PoderOrgao] => 10131
            [FinanceiroPermanente] => 
            [DividaConsolidada] => 
            [FonteRecurso] => 1.213.0000
            [ComplementoFonteRecurso] => 
            [NaturezaReceita] => 
            [NaturezaDespesa] => 3.1.90.11.01
            [FuncaoSubfuncao] => 10.301
            [AnoInscricaoRestosAPagar] => 
            [DespesasMDEeASPS] => 
        )

    [1355] => Array
        (
            [ContaContabil] => 6.2.2.1.3.03.00
            [Valor] => 12019.18
            [ValorF] => 12.019,18
            [TipoValor] => ending_balance
            [NaturezaValor] => D
            [PoderOrgao] => 10131
            [FinanceiroPermanente] => 
            [DividaConsolidada] => 
            [FonteRecurso] => 1.213.0000
            [ComplementoFonteRecurso] => 
            [NaturezaReceita] => 
            [NaturezaDespesa] => 3.1.90.11.01
            [FuncaoSubfuncao] => 10.301
            [AnoInscricaoRestosAPagar] => 
            [DespesasMDEeASPS] => 
        )

    [1356] => Array
        (
            [ContaContabil] => 6.2.2.1.3.03.00
            [Valor] => 492039.28
            [ValorF] => 492.039,28
            [TipoValor] => beginning_balance
            [NaturezaValor] => C
            [PoderOrgao] => 10131
            [FinanceiroPermanente] => 
            [DividaConsolidada] => 
            [FonteRecurso] => 1.214.0000
            [ComplementoFonteRecurso] => 
            [NaturezaReceita] => 
            [NaturezaDespesa] => 3.1.90.11.01
            [FuncaoSubfuncao] => 10.301
            [AnoInscricaoRestosAPagar] => 
            [DespesasMDEeASPS] => 
        )

    [1357] => Array
        (
            [ContaContabil] => 6.2.2.1.3.03.00
            [Valor] => 492039.28
            [ValorF] => 492.039,28
            [TipoValor] => beginning_balance
            [NaturezaValor] => D
            [PoderOrgao] => 10131
            [FinanceiroPermanente] => 
            [DividaConsolidada] => 
            [FonteRecurso] => 1.214.0000
            [ComplementoFonteRecurso] => 
            [NaturezaReceita] => 
            [NaturezaDespesa] => 3.1.90.11.01
            [FuncaoSubfuncao] => 10.301
            [AnoInscricaoRestosAPagar] => 
            [DespesasMDEeASPS] => 
        )

    [1358] => Array
        (
            [ContaContabil] => 6.2.2.1.3.03.00
            [Valor] => 537177.99
            [ValorF] => 537.177,99
            [TipoValor] => ending_balance
            [NaturezaValor] => C
            [PoderOrgao] => 10131
            [FinanceiroPermanente] => 
            [DividaConsolidada] => 
            [FonteRecurso] => 1.214.0000
            [ComplementoFonteRecurso] => 
            [NaturezaReceita] => 
            [NaturezaDespesa] => 3.1.90.11.01
            [FuncaoSubfuncao] => 10.301
            [AnoInscricaoRestosAPagar] => 
            [DespesasMDEeASPS] => 
        )

    [1359] => Array
        (
            [ContaContabil] => 6.2.2.1.3.03.00
            [Valor] => 537177.99
            [ValorF] => 537.177,99
            [TipoValor] => ending_balance
            [NaturezaValor] => D
            [PoderOrgao] => 10131
            [FinanceiroPermanente] => 
            [DividaConsolidada] => 
            [FonteRecurso] => 1.214.0000
            [ComplementoFonteRecurso] => 
            [NaturezaReceita] => 
            [NaturezaDespesa] => 3.1.90.11.01
            [FuncaoSubfuncao] => 10.301
            [AnoInscricaoRestosAPagar] => 
            [DespesasMDEeASPS] => 
        )

    [1360] => Array
        (
            [ContaContabil] => 6.2.2.1.3.03.00
            [Valor] => 45138.71
            [ValorF] => 45.138,71
            [TipoValor] => period_change
            [NaturezaValor] => C
            [PoderOrgao] => 10131
            [FinanceiroPermanente] => 
            [DividaConsolidada] => 
            [FonteRecurso] => 1.214.0000
            [ComplementoFonteRecurso] => 
            [NaturezaReceita] => 
            [NaturezaDespesa] => 3.1.90.11.01
            [FuncaoSubfuncao] => 10.301
            [AnoInscricaoRestosAPagar] => 
            [DespesasMDEeASPS] => 
        )

    [1361] => Array
        (
            [ContaContabil] => 6.2.2.1.3.03.00
            [Valor] => 45138.71
            [ValorF] => 45.138,71
            [TipoValor] => period_change
            [NaturezaValor] => D
            [PoderOrgao] => 10131
            [FinanceiroPermanente] => 
            [DividaConsolidada] => 
            [FonteRecurso] => 1.214.0000
            [ComplementoFonteRecurso] => 
            [NaturezaReceita] => 
            [NaturezaDespesa] => 3.1.90.11.01
            [FuncaoSubfuncao] => 10.301
            [AnoInscricaoRestosAPagar] => 
            [DespesasMDEeASPS] => 
        )

    [1362] => Array
        (
            [ContaContabil] => 6.2.2.1.3.03.00
            [Valor] => 49391.76
            [ValorF] => 49.391,76
            [TipoValor] => beginning_balance
            [NaturezaValor] => C
            [PoderOrgao] => 10131
            [FinanceiroPermanente] => 
            [DividaConsolidada] => 
            [FonteRecurso] => 1.214.0000
            [ComplementoFonteRecurso] => 
            [NaturezaReceita] => 
            [NaturezaDespesa] => 3.1.90.11.01
            [FuncaoSubfuncao] => 10.305
            [AnoInscricaoRestosAPagar] => 
            [DespesasMDEeASPS] => 
        )

    [1363] => Array
        (
            [ContaContabil] => 6.2.2.1.3.03.00
            [Valor] => 49391.76
            [ValorF] => 49.391,76
            [TipoValor] => beginning_balance
            [NaturezaValor] => D
            [PoderOrgao] => 10131
            [FinanceiroPermanente] => 
            [DividaConsolidada] => 
            [FonteRecurso] => 1.214.0000
            [ComplementoFonteRecurso] => 
            [NaturezaReceita] => 
            [NaturezaDespesa] => 3.1.90.11.01
            [FuncaoSubfuncao] => 10.305
            [AnoInscricaoRestosAPagar] => 
            [DespesasMDEeASPS] => 
        )

    [1364] => Array
        (
            [ContaContabil] => 6.2.2.1.3.03.00
            [Valor] => 57718.49
            [ValorF] => 57.718,49
            [TipoValor] => ending_balance
            [NaturezaValor] => C
            [PoderOrgao] => 10131
            [FinanceiroPermanente] => 
            [DividaConsolidada] => 
            [FonteRecurso] => 1.214.0000
            [ComplementoFonteRecurso] => 
            [NaturezaReceita] => 
            [NaturezaDespesa] => 3.1.90.11.01
            [FuncaoSubfuncao] => 10.305
            [AnoInscricaoRestosAPagar] => 
            [DespesasMDEeASPS] => 
        )

    [1365] => Array
        (
            [ContaContabil] => 6.2.2.1.3.03.00
            [Valor] => 57718.49
            [ValorF] => 57.718,49
            [TipoValor] => ending_balance
            [NaturezaValor] => D
            [PoderOrgao] => 10131
            [FinanceiroPermanente] => 
            [DividaConsolidada] => 
            [FonteRecurso] => 1.214.0000
            [ComplementoFonteRecurso] => 
            [NaturezaReceita] => 
            [NaturezaDespesa] => 3.1.90.11.01
            [FuncaoSubfuncao] => 10.305
            [AnoInscricaoRestosAPagar] => 
            [DespesasMDEeASPS] => 
        )

    [1366] => Array
        (
            [ContaContabil] => 6.2.2.1.3.03.00
            [Valor] => 8326.73
            [ValorF] => 8.326,73
            [TipoValor] => period_change
            [NaturezaValor] => C
            [PoderOrgao] => 10131
            [FinanceiroPermanente] => 
            [DividaConsolidada] => 
            [FonteRecurso] => 1.214.0000
            [ComplementoFonteRecurso] => 
            [NaturezaReceita] => 
            [NaturezaDespesa] => 3.1.90.11.01
            [FuncaoSubfuncao] => 10.305
            [AnoInscricaoRestosAPagar] => 
            [DespesasMDEeASPS] => 
        )

    [1367] => Array
        (
            [ContaContabil] => 6.2.2.1.3.03.00
            [Valor] => 8326.73
            [ValorF] => 8.326,73
            [TipoValor] => period_change
            [NaturezaValor] => D
            [PoderOrgao] => 10131
            [FinanceiroPermanente] => 
            [DividaConsolidada] => 
            [FonteRecurso] => 1.214.0000
            [ComplementoFonteRecurso] => 
            [NaturezaReceita] => 
            [NaturezaDespesa] => 3.1.90.11.01
            [FuncaoSubfuncao] => 10.305
            [AnoInscricaoRestosAPagar] => 
            [DespesasMDEeASPS] => 
        )

    [1368] => Array
        (
            [ContaContabil] => 6.2.2.1.3.03.00
            [Valor] => 24014.71
            [ValorF] => 24.014,71
            [TipoValor] => beginning_balance
            [NaturezaValor] => C
            [PoderOrgao] => 10131
            [FinanceiroPermanente] => 
            [DividaConsolidada] => 
            [FonteRecurso] => 1.214.0000
            [ComplementoFonteRecurso] => 
            [NaturezaReceita] => 
            [NaturezaDespesa] => 3.1.90.11.01
            [FuncaoSubfuncao] => 10.301
            [AnoInscricaoRestosAPagar] => 
            [DespesasMDEeASPS] => 
        )

    [1369] => Array
        (
            [ContaContabil] => 6.2.2.1.3.03.00
            [Valor] => 24014.71
            [ValorF] => 24.014,71
            [TipoValor] => beginning_balance
            [NaturezaValor] => D
            [PoderOrgao] => 10131
            [FinanceiroPermanente] => 
            [DividaConsolidada] => 
            [FonteRecurso] => 1.214.0000
            [ComplementoFonteRecurso] => 
            [NaturezaReceita] => 
            [NaturezaDespesa] => 3.1.90.11.01
            [FuncaoSubfuncao] => 10.301
            [AnoInscricaoRestosAPagar] => 
            [DespesasMDEeASPS] => 
        )

    [1370] => Array
        (
            [ContaContabil] => 6.2.2.1.3.03.00
            [Valor] => 64341
            [ValorF] => 64.341,00
            [TipoValor] => ending_balance
            [NaturezaValor] => C
            [PoderOrgao] => 10131
            [FinanceiroPermanente] => 
            [DividaConsolidada] => 
            [FonteRecurso] => 1.214.0000
            [ComplementoFonteRecurso] => 
            [NaturezaReceita] => 
            [NaturezaDespesa] => 3.1.90.11.01
            [FuncaoSubfuncao] => 10.301
            [AnoInscricaoRestosAPagar] => 
            [DespesasMDEeASPS] => 
        )

    [1371] => Array
        (
            [ContaContabil] => 6.2.2.1.3.03.00
            [Valor] => 64341
            [ValorF] => 64.341,00
            [TipoValor] => ending_balance
            [NaturezaValor] => D
            [PoderOrgao] => 10131
            [FinanceiroPermanente] => 
            [DividaConsolidada] => 
            [FonteRecurso] => 1.214.0000
            [ComplementoFonteRecurso] => 
            [NaturezaReceita] => 
            [NaturezaDespesa] => 3.1.90.11.01
            [FuncaoSubfuncao] => 10.301
            [AnoInscricaoRestosAPagar] => 
            [DespesasMDEeASPS] => 
        )

    [1372] => Array
        (
            [ContaContabil] => 6.2.2.1.3.03.00
            [Valor] => 40326.29
            [ValorF] => 40.326,29
            [TipoValor] => period_change
            [NaturezaValor] => C
            [PoderOrgao] => 10131
            [FinanceiroPermanente] => 
            [DividaConsolidada] => 
            [FonteRecurso] => 1.214.0000
            [ComplementoFonteRecurso] => 
            [NaturezaReceita] => 
            [NaturezaDespesa] => 3.1.90.11.01
            [FuncaoSubfuncao] => 10.301
            [AnoInscricaoRestosAPagar] => 
            [DespesasMDEeASPS] => 
        )

    [1373] => Array
        (
            [ContaContabil] => 6.2.2.1.3.03.00
            [Valor] => 40326.29
            [ValorF] => 40.326,29
            [TipoValor] => period_change
            [NaturezaValor] => D
            [PoderOrgao] => 10131
            [FinanceiroPermanente] => 
            [DividaConsolidada] => 
            [FonteRecurso] => 1.214.0000
            [ComplementoFonteRecurso] => 
            [NaturezaReceita] => 
            [NaturezaDespesa] => 3.1.90.11.01
            [FuncaoSubfuncao] => 10.301
            [AnoInscricaoRestosAPagar] => 
            [DespesasMDEeASPS] => 
        )

    [1374] => Array
        (
            [ContaContabil] => 6.2.2.1.3.03.00
            [Valor] => 31436.68
            [ValorF] => 31.436,68
            [TipoValor] => beginning_balance
            [NaturezaValor] => C
            [PoderOrgao] => 10131
            [FinanceiroPermanente] => 
            [DividaConsolidada] => 
            [FonteRecurso] => 1.214.0000
            [ComplementoFonteRecurso] => 
            [NaturezaReceita] => 
            [NaturezaDespesa] => 3.1.90.11.01
            [FuncaoSubfuncao] => 10.305
            [AnoInscricaoRestosAPagar] => 
            [DespesasMDEeASPS] => 
        )

    [1375] => Array
        (
            [ContaContabil] => 6.2.2.1.3.03.00
            [Valor] => 31436.68
            [ValorF] => 31.436,68
            [TipoValor] => beginning_balance
            [NaturezaValor] => D
            [PoderOrgao] => 10131
            [FinanceiroPermanente] => 
            [DividaConsolidada] => 
            [FonteRecurso] => 1.214.0000
            [ComplementoFonteRecurso] => 
            [NaturezaReceita] => 
            [NaturezaDespesa] => 3.1.90.11.01
            [FuncaoSubfuncao] => 10.305
            [AnoInscricaoRestosAPagar] => 
            [DespesasMDEeASPS] => 
        )

    [1376] => Array
        (
            [ContaContabil] => 6.2.2.1.3.03.00
            [Valor] => 40299.67
            [ValorF] => 40.299,67
            [TipoValor] => ending_balance
            [NaturezaValor] => C
            [PoderOrgao] => 10131
            [FinanceiroPermanente] => 
            [DividaConsolidada] => 
            [FonteRecurso] => 1.214.0000
            [ComplementoFonteRecurso] => 
            [NaturezaReceita] => 
            [NaturezaDespesa] => 3.1.90.11.01
            [FuncaoSubfuncao] => 10.305
            [AnoInscricaoRestosAPagar] => 
            [DespesasMDEeASPS] => 
        )

    [1377] => Array
        (
            [ContaContabil] => 6.2.2.1.3.03.00
            [Valor] => 40299.67
            [ValorF] => 40.299,67
            [TipoValor] => ending_balance
            [NaturezaValor] => D
            [PoderOrgao] => 10131
            [FinanceiroPermanente] => 
            [DividaConsolidada] => 
            [FonteRecurso] => 1.214.0000
            [ComplementoFonteRecurso] => 
            [NaturezaReceita] => 
            [NaturezaDespesa] => 3.1.90.11.01
            [FuncaoSubfuncao] => 10.305
            [AnoInscricaoRestosAPagar] => 
            [DespesasMDEeASPS] => 
        )

    [1378] => Array
        (
            [ContaContabil] => 6.2.2.1.3.03.00
            [Valor] => 8862.99
            [ValorF] => 8.862,99
            [TipoValor] => period_change
            [NaturezaValor] => C
            [PoderOrgao] => 10131
            [FinanceiroPermanente] => 
            [DividaConsolidada] => 
            [FonteRecurso] => 1.214.0000
            [ComplementoFonteRecurso] => 
            [NaturezaReceita] => 
            [NaturezaDespesa] => 3.1.90.11.01
            [FuncaoSubfuncao] => 10.305
            [AnoInscricaoRestosAPagar] => 
            [DespesasMDEeASPS] => 
        )

    [1379] => Array
        (
            [ContaContabil] => 6.2.2.1.3.03.00
            [Valor] => 8862.99
            [ValorF] => 8.862,99
            [TipoValor] => period_change
            [NaturezaValor] => D
            [PoderOrgao] => 10131
            [FinanceiroPermanente] => 
            [DividaConsolidada] => 
            [FonteRecurso] => 1.214.0000
            [ComplementoFonteRecurso] => 
            [NaturezaReceita] => 
            [NaturezaDespesa] => 3.1.90.11.01
            [FuncaoSubfuncao] => 10.305
            [AnoInscricaoRestosAPagar] => 
            [DespesasMDEeASPS] => 
        )

    [1380] => Array
        (
            [ContaContabil] => 6.2.2.1.3.03.00
            [Valor] => 24192.55
            [ValorF] => 24.192,55
            [TipoValor] => beginning_balance
            [NaturezaValor] => C
            [PoderOrgao] => 10131
            [FinanceiroPermanente] => 
            [DividaConsolidada] => 
            [FonteRecurso] => 1.211.0000
            [ComplementoFonteRecurso] => 
            [NaturezaReceita] => 
            [NaturezaDespesa] => 3.1.90.13.01
            [FuncaoSubfuncao] => 10.122
            [AnoInscricaoRestosAPagar] => 
            [DespesasMDEeASPS] => 
        )

    [1381] => Array
        (
            [ContaContabil] => 6.2.2.1.3.03.00
            [Valor] => 20680.84
            [ValorF] => 20.680,84
            [TipoValor] => beginning_balance
            [NaturezaValor] => D
            [PoderOrgao] => 10131
            [FinanceiroPermanente] => 
            [DividaConsolidada] => 
            [FonteRecurso] => 1.211.0000
            [ComplementoFonteRecurso] => 
            [NaturezaReceita] => 
            [NaturezaDespesa] => 3.1.90.13.01
            [FuncaoSubfuncao] => 10.122
            [AnoInscricaoRestosAPagar] => 
            [DespesasMDEeASPS] => 
        )

    [1382] => Array
        (
            [ContaContabil] => 6.2.2.1.3.03.00
            [Valor] => 26885.21
            [ValorF] => 26.885,21
            [TipoValor] => ending_balance
            [NaturezaValor] => C
            [PoderOrgao] => 10131
            [FinanceiroPermanente] => 
            [DividaConsolidada] => 
            [FonteRecurso] => 1.211.0000
            [ComplementoFonteRecurso] => 
            [NaturezaReceita] => 
            [NaturezaDespesa] => 3.1.90.13.01
            [FuncaoSubfuncao] => 10.122
            [AnoInscricaoRestosAPagar] => 
            [DespesasMDEeASPS] => 
        )

    [1383] => Array
        (
            [ContaContabil] => 6.2.2.1.3.03.00
            [Valor] => 24192.55
            [ValorF] => 24.192,55
            [TipoValor] => ending_balance
            [NaturezaValor] => D
            [PoderOrgao] => 10131
            [FinanceiroPermanente] => 
            [DividaConsolidada] => 
            [FonteRecurso] => 1.211.0000
            [ComplementoFonteRecurso] => 
            [NaturezaReceita] => 
            [NaturezaDespesa] => 3.1.90.13.01
            [FuncaoSubfuncao] => 10.122
            [AnoInscricaoRestosAPagar] => 
            [DespesasMDEeASPS] => 
        )

    [1384] => Array
        (
            [ContaContabil] => 6.2.2.1.3.03.00
            [Valor] => 2692.66
            [ValorF] => 2.692,66
            [TipoValor] => period_change
            [NaturezaValor] => C
            [PoderOrgao] => 10131
            [FinanceiroPermanente] => 
            [DividaConsolidada] => 
            [FonteRecurso] => 1.211.0000
            [ComplementoFonteRecurso] => 
            [NaturezaReceita] => 
            [NaturezaDespesa] => 3.1.90.13.01
            [FuncaoSubfuncao] => 10.122
            [AnoInscricaoRestosAPagar] => 
            [DespesasMDEeASPS] => 
        )

    [1385] => Array
        (
            [ContaContabil] => 6.2.2.1.3.03.00
            [Valor] => 3511.71
            [ValorF] => 3.511,71
            [TipoValor] => period_change
            [NaturezaValor] => D
            [PoderOrgao] => 10131
            [FinanceiroPermanente] => 
            [DividaConsolidada] => 
            [FonteRecurso] => 1.211.0000
            [ComplementoFonteRecurso] => 
            [NaturezaReceita] => 
            [NaturezaDespesa] => 3.1.90.13.01
            [FuncaoSubfuncao] => 10.122
            [AnoInscricaoRestosAPagar] => 
            [DespesasMDEeASPS] => 
        )

    [1386] => Array
        (
            [ContaContabil] => 6.2.2.1.3.03.00
            [Valor] => 67189.76
            [ValorF] => 67.189,76
            [TipoValor] => beginning_balance
            [NaturezaValor] => C
            [PoderOrgao] => 10131
            [FinanceiroPermanente] => 
            [DividaConsolidada] => 
            [FonteRecurso] => 1.211.0000
            [ComplementoFonteRecurso] => 
            [NaturezaReceita] => 
            [NaturezaDespesa] => 3.1.90.13.01
            [FuncaoSubfuncao] => 10.301
            [AnoInscricaoRestosAPagar] => 
            [DespesasMDEeASPS] => 
        )

    [1387] => Array
        (
            [ContaContabil] => 6.2.2.1.3.03.00
            [Valor] => 59607.37
            [ValorF] => 59.607,37
            [TipoValor] => beginning_balance
            [NaturezaValor] => D
            [PoderOrgao] => 10131
            [FinanceiroPermanente] => 
            [DividaConsolidada] => 
            [FonteRecurso] => 1.211.0000
            [ComplementoFonteRecurso] => 
            [NaturezaReceita] => 
            [NaturezaDespesa] => 3.1.90.13.01
            [FuncaoSubfuncao] => 10.301
            [AnoInscricaoRestosAPagar] => 
            [DespesasMDEeASPS] => 
        )

    [1388] => Array
        (
            [ContaContabil] => 6.2.2.1.3.03.00
            [Valor] => 74992.89
            [ValorF] => 74.992,89
            [TipoValor] => ending_balance
            [NaturezaValor] => C
            [PoderOrgao] => 10131
            [FinanceiroPermanente] => 
            [DividaConsolidada] => 
            [FonteRecurso] => 1.211.0000
            [ComplementoFonteRecurso] => 
            [NaturezaReceita] => 
            [NaturezaDespesa] => 3.1.90.13.01
            [FuncaoSubfuncao] => 10.301
            [AnoInscricaoRestosAPagar] => 
            [DespesasMDEeASPS] => 
        )

    [1389] => Array
        (
            [ContaContabil] => 6.2.2.1.3.03.00
            [Valor] => 67189.76
            [ValorF] => 67.189,76
            [TipoValor] => ending_balance
            [NaturezaValor] => D
            [PoderOrgao] => 10131
            [FinanceiroPermanente] => 
            [DividaConsolidada] => 
            [FonteRecurso] => 1.211.0000
            [ComplementoFonteRecurso] => 
            [NaturezaReceita] => 
            [NaturezaDespesa] => 3.1.90.13.01
            [FuncaoSubfuncao] => 10.301
            [AnoInscricaoRestosAPagar] => 
            [DespesasMDEeASPS] => 
        )

    [1390] => Array
        (
            [ContaContabil] => 6.2.2.1.3.03.00
            [Valor] => 7803.13
            [ValorF] => 7.803,13
            [TipoValor] => period_change
            [NaturezaValor] => C
            [PoderOrgao] => 10131
            [FinanceiroPermanente] => 
            [DividaConsolidada] => 
            [FonteRecurso] => 1.211.0000
            [ComplementoFonteRecurso] => 
            [NaturezaReceita] => 
            [NaturezaDespesa] => 3.1.90.13.01
            [FuncaoSubfuncao] => 10.301
            [AnoInscricaoRestosAPagar] => 
            [DespesasMDEeASPS] => 
        )

    [1391] => Array
        (
            [ContaContabil] => 6.2.2.1.3.03.00
            [Valor] => 7582.39
            [ValorF] => 7.582,39
            [TipoValor] => period_change
            [NaturezaValor] => D
            [PoderOrgao] => 10131
            [FinanceiroPermanente] => 
            [DividaConsolidada] => 
            [FonteRecurso] => 1.211.0000
            [ComplementoFonteRecurso] => 
            [NaturezaReceita] => 
            [NaturezaDespesa] => 3.1.90.13.01
            [FuncaoSubfuncao] => 10.301
            [AnoInscricaoRestosAPagar] => 
            [DespesasMDEeASPS] => 
        )

    [1392] => Array
        (
            [ContaContabil] => 6.2.2.1.3.03.00
            [Valor] => 13758.59
            [ValorF] => 13.758,59
            [TipoValor] => beginning_balance
            [NaturezaValor] => C
            [PoderOrgao] => 10131
            [FinanceiroPermanente] => 
            [DividaConsolidada] => 
            [FonteRecurso] => 1.211.0000
            [ComplementoFonteRecurso] => 
            [NaturezaReceita] => 
            [NaturezaDespesa] => 3.1.90.13.01
            [FuncaoSubfuncao] => 10.305
            [AnoInscricaoRestosAPagar] => 
            [DespesasMDEeASPS] => 
        )

    [1393] => Array
        (
            [ContaContabil] => 6.2.2.1.3.03.00
            [Valor] => 12244.71
            [ValorF] => 12.244,71
            [TipoValor] => beginning_balance
            [NaturezaValor] => D
            [PoderOrgao] => 10131
            [FinanceiroPermanente] => 
            [DividaConsolidada] => 
            [FonteRecurso] => 1.211.0000
            [ComplementoFonteRecurso] => 
            [NaturezaReceita] => 
            [NaturezaDespesa] => 3.1.90.13.01
            [FuncaoSubfuncao] => 10.305
            [AnoInscricaoRestosAPagar] => 
            [DespesasMDEeASPS] => 
        )

    [1394] => Array
        (
            [ContaContabil] => 6.2.2.1.3.03.00
            [Valor] => 15272.47
            [ValorF] => 15.272,47
            [TipoValor] => ending_balance
            [NaturezaValor] => C
            [PoderOrgao] => 10131
            [FinanceiroPermanente] => 
            [DividaConsolidada] => 
            [FonteRecurso] => 1.211.0000
            [ComplementoFonteRecurso] => 
            [NaturezaReceita] => 
            [NaturezaDespesa] => 3.1.90.13.01
            [FuncaoSubfuncao] => 10.305
            [AnoInscricaoRestosAPagar] => 
            [DespesasMDEeASPS] => 
        )

    [1395] => Array
        (
            [ContaContabil] => 6.2.2.1.3.03.00
            [Valor] => 13758.59
            [ValorF] => 13.758,59
            [TipoValor] => ending_balance
            [NaturezaValor] => D
            [PoderOrgao] => 10131
            [FinanceiroPermanente] => 
            [DividaConsolidada] => 
            [FonteRecurso] => 1.211.0000
            [ComplementoFonteRecurso] => 
            [NaturezaReceita] => 
            [NaturezaDespesa] => 3.1.90.13.01
            [FuncaoSubfuncao] => 10.305
            [AnoInscricaoRestosAPagar] => 
            [DespesasMDEeASPS] => 
        )

    [1396] => Array
        (
            [ContaContabil] => 6.2.2.1.3.03.00
            [Valor] => 1513.88
            [ValorF] => 1.513,88
            [TipoValor] => period_change
            [NaturezaValor] => C
            [PoderOrgao] => 10131
            [FinanceiroPermanente] => 
            [DividaConsolidada] => 
            [FonteRecurso] => 1.211.0000
            [ComplementoFonteRecurso] => 
            [NaturezaReceita] => 
            [NaturezaDespesa] => 3.1.90.13.01
            [FuncaoSubfuncao] => 10.305
            [AnoInscricaoRestosAPagar] => 
            [DespesasMDEeASPS] => 
        )

    [1397] => Array
        (
            [ContaContabil] => 6.2.2.1.3.03.00
            [Valor] => 1513.88
            [ValorF] => 1.513,88
            [TipoValor] => period_change
            [NaturezaValor] => D
            [PoderOrgao] => 10131
            [FinanceiroPermanente] => 
            [DividaConsolidada] => 
            [FonteRecurso] => 1.211.0000
            [ComplementoFonteRecurso] => 
            [NaturezaReceita] => 
            [NaturezaDespesa] => 3.1.90.13.01
            [FuncaoSubfuncao] => 10.305
            [AnoInscricaoRestosAPagar] => 
            [DespesasMDEeASPS] => 
        )

    [1398] => Array
        (
            [ContaContabil] => 6.2.2.1.3.03.00
            [Valor] => 17177.11
            [ValorF] => 17.177,11
            [TipoValor] => beginning_balance
            [NaturezaValor] => C
            [PoderOrgao] => 10131
            [FinanceiroPermanente] => 
            [DividaConsolidada] => 
            [FonteRecurso] => 1.211.0000
            [ComplementoFonteRecurso] => 
            [NaturezaReceita] => 
            [NaturezaDespesa] => 3.1.90.16.01
            [FuncaoSubfuncao] => 10.301
            [AnoInscricaoRestosAPagar] => 
            [DespesasMDEeASPS] => 
        )

    [1399] => Array
        (
            [ContaContabil] => 6.2.2.1.3.03.00
            [Valor] => 17177.11
            [ValorF] => 17.177,11
            [TipoValor] => beginning_balance
            [NaturezaValor] => D
            [PoderOrgao] => 10131
            [FinanceiroPermanente] => 
            [DividaConsolidada] => 
            [FonteRecurso] => 1.211.0000
            [ComplementoFonteRecurso] => 
            [NaturezaReceita] => 
            [NaturezaDespesa] => 3.1.90.16.01
            [FuncaoSubfuncao] => 10.301
            [AnoInscricaoRestosAPagar] => 
            [DespesasMDEeASPS] => 
        )

    [1400] => Array
        (
            [ContaContabil] => 6.2.2.1.3.03.00
            [Valor] => 20045.64
            [ValorF] => 20.045,64
            [TipoValor] => ending_balance
            [NaturezaValor] => C
            [PoderOrgao] => 10131
            [FinanceiroPermanente] => 
            [DividaConsolidada] => 
            [FonteRecurso] => 1.211.0000
            [ComplementoFonteRecurso] => 
            [NaturezaReceita] => 
            [NaturezaDespesa] => 3.1.90.16.01
            [FuncaoSubfuncao] => 10.301
            [AnoInscricaoRestosAPagar] => 
            [DespesasMDEeASPS] => 
        )

    [1401] => Array
        (
            [ContaContabil] => 6.2.2.1.3.03.00
            [Valor] => 20045.64
            [ValorF] => 20.045,64
            [TipoValor] => ending_balance
            [NaturezaValor] => D
            [PoderOrgao] => 10131
            [FinanceiroPermanente] => 
            [DividaConsolidada] => 
            [FonteRecurso] => 1.211.0000
            [ComplementoFonteRecurso] => 
            [NaturezaReceita] => 
            [NaturezaDespesa] => 3.1.90.16.01
            [FuncaoSubfuncao] => 10.301
            [AnoInscricaoRestosAPagar] => 
            [DespesasMDEeASPS] => 
        )

    [1402] => Array
        (
            [ContaContabil] => 6.2.2.1.3.03.00
            [Valor] => 2868.53
            [ValorF] => 2.868,53
            [TipoValor] => period_change
            [NaturezaValor] => C
            [PoderOrgao] => 10131
            [FinanceiroPermanente] => 
            [DividaConsolidada] => 
            [FonteRecurso] => 1.211.0000
            [ComplementoFonteRecurso] => 
            [NaturezaReceita] => 
            [NaturezaDespesa] => 3.1.90.16.01
            [FuncaoSubfuncao] => 10.301
            [AnoInscricaoRestosAPagar] => 
            [DespesasMDEeASPS] => 
        )

    [1403] => Array
        (
            [ContaContabil] => 6.2.2.1.3.03.00
            [Valor] => 2868.53
            [ValorF] => 2.868,53
            [TipoValor] => period_change
            [NaturezaValor] => D
            [PoderOrgao] => 10131
            [FinanceiroPermanente] => 
            [DividaConsolidada] => 
            [FonteRecurso] => 1.211.0000
            [ComplementoFonteRecurso] => 
            [NaturezaReceita] => 
            [NaturezaDespesa] => 3.1.90.16.01
            [FuncaoSubfuncao] => 10.301
            [AnoInscricaoRestosAPagar] => 
            [DespesasMDEeASPS] => 
        )

    [1404] => Array
        (
            [ContaContabil] => 6.2.2.1.3.03.00
            [Valor] => 2189.51
            [ValorF] => 2.189,51
            [TipoValor] => beginning_balance
            [NaturezaValor] => C
            [PoderOrgao] => 10131
            [FinanceiroPermanente] => 
            [DividaConsolidada] => 
            [FonteRecurso] => 1.211.0000
            [ComplementoFonteRecurso] => 
            [NaturezaReceita] => 
            [NaturezaDespesa] => 3.1.90.16.01
            [FuncaoSubfuncao] => 10.302
            [AnoInscricaoRestosAPagar] => 
            [DespesasMDEeASPS] => 
        )

    [1405] => Array
        (
            [ContaContabil] => 6.2.2.1.3.03.00
            [Valor] => 2189.51
            [ValorF] => 2.189,51
            [TipoValor] => beginning_balance
            [NaturezaValor] => D
            [PoderOrgao] => 10131
            [FinanceiroPermanente] => 
            [DividaConsolidada] => 
            [FonteRecurso] => 1.211.0000
            [ComplementoFonteRecurso] => 
            [NaturezaReceita] => 
            [NaturezaDespesa] => 3.1.90.16.01
            [FuncaoSubfuncao] => 10.302
            [AnoInscricaoRestosAPagar] => 
            [DespesasMDEeASPS] => 
        )

    [1406] => Array
        (
            [ContaContabil] => 6.2.2.1.3.03.00
            [Valor] => 2363.42
            [ValorF] => 2.363,42
            [TipoValor] => ending_balance
            [NaturezaValor] => C
            [PoderOrgao] => 10131
            [FinanceiroPermanente] => 
            [DividaConsolidada] => 
            [FonteRecurso] => 1.211.0000
            [ComplementoFonteRecurso] => 
            [NaturezaReceita] => 
            [NaturezaDespesa] => 3.1.90.16.01
            [FuncaoSubfuncao] => 10.302
            [AnoInscricaoRestosAPagar] => 
            [DespesasMDEeASPS] => 
        )

    [1407] => Array
        (
            [ContaContabil] => 6.2.2.1.3.03.00
            [Valor] => 2363.42
            [ValorF] => 2.363,42
            [TipoValor] => ending_balance
            [NaturezaValor] => D
            [PoderOrgao] => 10131
            [FinanceiroPermanente] => 
            [DividaConsolidada] => 
            [FonteRecurso] => 1.211.0000
            [ComplementoFonteRecurso] => 
            [NaturezaReceita] => 
            [NaturezaDespesa] => 3.1.90.16.01
            [FuncaoSubfuncao] => 10.302
            [AnoInscricaoRestosAPagar] => 
            [DespesasMDEeASPS] => 
        )

    [1408] => Array
        (
            [ContaContabil] => 6.2.2.1.3.03.00
            [Valor] => 173.91
            [ValorF] => 173,91
            [TipoValor] => period_change
            [NaturezaValor] => C
            [PoderOrgao] => 10131
            [FinanceiroPermanente] => 
            [DividaConsolidada] => 
            [FonteRecurso] => 1.211.0000
            [ComplementoFonteRecurso] => 
            [NaturezaReceita] => 
            [NaturezaDespesa] => 3.1.90.16.01
            [FuncaoSubfuncao] => 10.302
            [AnoInscricaoRestosAPagar] => 
            [DespesasMDEeASPS] => 
        )

    [1409] => Array
        (
            [ContaContabil] => 6.2.2.1.3.03.00
            [Valor] => 173.91
            [ValorF] => 173,91
            [TipoValor] => period_change
            [NaturezaValor] => D
            [PoderOrgao] => 10131
            [FinanceiroPermanente] => 
            [DividaConsolidada] => 
            [FonteRecurso] => 1.211.0000
            [ComplementoFonteRecurso] => 
            [NaturezaReceita] => 
            [NaturezaDespesa] => 3.1.90.16.01
            [FuncaoSubfuncao] => 10.302
            [AnoInscricaoRestosAPagar] => 
            [DespesasMDEeASPS] => 
        )

    [1410] => Array
        (
            [ContaContabil] => 6.2.2.1.3.03.00
            [Valor] => 203.17
            [ValorF] => 203,17
            [TipoValor] => beginning_balance
            [NaturezaValor] => C
            [PoderOrgao] => 10131
            [FinanceiroPermanente] => 
            [DividaConsolidada] => 
            [FonteRecurso] => 1.211.0000
            [ComplementoFonteRecurso] => 
            [NaturezaReceita] => 
            [NaturezaDespesa] => 3.1.90.16.01
            [FuncaoSubfuncao] => 10.305
            [AnoInscricaoRestosAPagar] => 
            [DespesasMDEeASPS] => 
        )

    [1411] => Array
        (
            [ContaContabil] => 6.2.2.1.3.03.00
            [Valor] => 203.17
            [ValorF] => 203,17
            [TipoValor] => beginning_balance
            [NaturezaValor] => D
            [PoderOrgao] => 10131
            [FinanceiroPermanente] => 
            [DividaConsolidada] => 
            [FonteRecurso] => 1.211.0000
            [ComplementoFonteRecurso] => 
            [NaturezaReceita] => 
            [NaturezaDespesa] => 3.1.90.16.01
            [FuncaoSubfuncao] => 10.305
            [AnoInscricaoRestosAPagar] => 
            [DespesasMDEeASPS] => 
        )

    [1412] => Array
        (
            [ContaContabil] => 6.2.2.1.3.03.00
            [Valor] => 203.17
            [ValorF] => 203,17
            [TipoValor] => ending_balance
            [NaturezaValor] => C
            [PoderOrgao] => 10131
            [FinanceiroPermanente] => 
            [DividaConsolidada] => 
            [FonteRecurso] => 1.211.0000
            [ComplementoFonteRecurso] => 
            [NaturezaReceita] => 
            [NaturezaDespesa] => 3.1.90.16.01
            [FuncaoSubfuncao] => 10.305
            [AnoInscricaoRestosAPagar] => 
            [DespesasMDEeASPS] => 
        )

    [1413] => Array
        (
            [ContaContabil] => 6.2.2.1.3.03.00
            [Valor] => 203.17
            [ValorF] => 203,17
            [TipoValor] => ending_balance
            [NaturezaValor] => D
            [PoderOrgao] => 10131
            [FinanceiroPermanente] => 
            [DividaConsolidada] => 
            [FonteRecurso] => 1.211.0000
            [ComplementoFonteRecurso] => 
            [NaturezaReceita] => 
            [NaturezaDespesa] => 3.1.90.16.01
            [FuncaoSubfuncao] => 10.305
            [AnoInscricaoRestosAPagar] => 
            [DespesasMDEeASPS] => 
        )

    [1414] => Array
        (
            [ContaContabil] => 6.2.2.1.3.03.00
            [Valor] => 37596.91
            [ValorF] => 37.596,91
            [TipoValor] => beginning_balance
            [NaturezaValor] => C
            [PoderOrgao] => 10131
            [FinanceiroPermanente] => 
            [DividaConsolidada] => 
            [FonteRecurso] => 1.211.0000
            [ComplementoFonteRecurso] => 
            [NaturezaReceita] => 
            [NaturezaDespesa] => 3.1.90.16.01
            [FuncaoSubfuncao] => 10.785
            [AnoInscricaoRestosAPagar] => 
            [DespesasMDEeASPS] => 
        )

    [1415] => Array
        (
            [ContaContabil] => 6.2.2.1.3.03.00
            [Valor] => 37596.91
            [ValorF] => 37.596,91
            [TipoValor] => beginning_balance
            [NaturezaValor] => D
            [PoderOrgao] => 10131
            [FinanceiroPermanente] => 
            [DividaConsolidada] => 
            [FonteRecurso] => 1.211.0000
            [ComplementoFonteRecurso] => 
            [NaturezaReceita] => 
            [NaturezaDespesa] => 3.1.90.16.01
            [FuncaoSubfuncao] => 10.785
            [AnoInscricaoRestosAPagar] => 
            [DespesasMDEeASPS] => 
        )

    [1416] => Array
        (
            [ContaContabil] => 6.2.2.1.3.03.00
            [Valor] => 42383.47
            [ValorF] => 42.383,47
            [TipoValor] => ending_balance
            [NaturezaValor] => C
            [PoderOrgao] => 10131
            [FinanceiroPermanente] => 
            [DividaConsolidada] => 
            [FonteRecurso] => 1.211.0000
            [ComplementoFonteRecurso] => 
            [NaturezaReceita] => 
            [NaturezaDespesa] => 3.1.90.16.01
            [FuncaoSubfuncao] => 10.785
            [AnoInscricaoRestosAPagar] => 
            [DespesasMDEeASPS] => 
        )

    [1417] => Array
        (
            [ContaContabil] => 6.2.2.1.3.03.00
            [Valor] => 42383.47
            [ValorF] => 42.383,47
            [TipoValor] => ending_balance
            [NaturezaValor] => D
            [PoderOrgao] => 10131
            [FinanceiroPermanente] => 
            [DividaConsolidada] => 
            [FonteRecurso] => 1.211.0000
            [ComplementoFonteRecurso] => 
            [NaturezaReceita] => 
            [NaturezaDespesa] => 3.1.90.16.01
            [FuncaoSubfuncao] => 10.785
            [AnoInscricaoRestosAPagar] => 
            [DespesasMDEeASPS] => 
        )

    [1418] => Array
        (
            [ContaContabil] => 6.2.2.1.3.03.00
            [Valor] => 4786.56
            [ValorF] => 4.786,56
            [TipoValor] => period_change
            [NaturezaValor] => C
            [PoderOrgao] => 10131
            [FinanceiroPermanente] => 
            [DividaConsolidada] => 
            [FonteRecurso] => 1.211.0000
            [ComplementoFonteRecurso] => 
            [NaturezaReceita] => 
            [NaturezaDespesa] => 3.1.90.16.01
            [FuncaoSubfuncao] => 10.785
            [AnoInscricaoRestosAPagar] => 
            [DespesasMDEeASPS] => 
        )

    [1419] => Array
        (
            [ContaContabil] => 6.2.2.1.3.03.00
            [Valor] => 4786.56
            [ValorF] => 4.786,56
            [TipoValor] => period_change
            [NaturezaValor] => D
            [PoderOrgao] => 10131
            [FinanceiroPermanente] => 
            [DividaConsolidada] => 
            [FonteRecurso] => 1.211.0000
            [ComplementoFonteRecurso] => 
            [NaturezaReceita] => 
            [NaturezaDespesa] => 3.1.90.16.01
            [FuncaoSubfuncao] => 10.785
            [AnoInscricaoRestosAPagar] => 
            [DespesasMDEeASPS] => 
        )

    [1420] => Array
        (
            [ContaContabil] => 6.2.2.1.3.03.00
            [Valor] => 2706.17
            [ValorF] => 2.706,17
            [TipoValor] => beginning_balance
            [NaturezaValor] => C
            [PoderOrgao] => 10131
            [FinanceiroPermanente] => 
            [DividaConsolidada] => 
            [FonteRecurso] => 1.214.0000
            [ComplementoFonteRecurso] => 
            [NaturezaReceita] => 
            [NaturezaDespesa] => 3.1.90.16.01
            [FuncaoSubfuncao] => 10.301
            [AnoInscricaoRestosAPagar] => 
            [DespesasMDEeASPS] => 
        )

    [1421] => Array
        (
            [ContaContabil] => 6.2.2.1.3.03.00
            [Valor] => 2706.17
            [ValorF] => 2.706,17
            [TipoValor] => beginning_balance
            [NaturezaValor] => D
            [PoderOrgao] => 10131
            [FinanceiroPermanente] => 
            [DividaConsolidada] => 
            [FonteRecurso] => 1.214.0000
            [ComplementoFonteRecurso] => 
            [NaturezaReceita] => 
            [NaturezaDespesa] => 3.1.90.16.01
            [FuncaoSubfuncao] => 10.301
            [AnoInscricaoRestosAPagar] => 
            [DespesasMDEeASPS] => 
        )

    [1422] => Array
        (
            [ContaContabil] => 6.2.2.1.3.03.00
            [Valor] => 2706.17
            [ValorF] => 2.706,17
            [TipoValor] => ending_balance
            [NaturezaValor] => C
            [PoderOrgao] => 10131
            [FinanceiroPermanente] => 
            [DividaConsolidada] => 
            [FonteRecurso] => 1.214.0000
            [ComplementoFonteRecurso] => 
            [NaturezaReceita] => 
            [NaturezaDespesa] => 3.1.90.16.01
            [FuncaoSubfuncao] => 10.301
            [AnoInscricaoRestosAPagar] => 
            [DespesasMDEeASPS] => 
        )

    [1423] => Array
        (
            [ContaContabil] => 6.2.2.1.3.03.00
            [Valor] => 2706.17
            [ValorF] => 2.706,17
            [TipoValor] => ending_balance
            [NaturezaValor] => D
            [PoderOrgao] => 10131
            [FinanceiroPermanente] => 
            [DividaConsolidada] => 
            [FonteRecurso] => 1.214.0000
            [ComplementoFonteRecurso] => 
            [NaturezaReceita] => 
            [NaturezaDespesa] => 3.1.90.16.01
            [FuncaoSubfuncao] => 10.301
            [AnoInscricaoRestosAPagar] => 
            [DespesasMDEeASPS] => 
        )

    [1424] => Array
        (
            [ContaContabil] => 6.2.2.1.3.03.00
            [Valor] => 8360.32
            [ValorF] => 8.360,32
            [TipoValor] => beginning_balance
            [NaturezaValor] => C
            [PoderOrgao] => 10131
            [FinanceiroPermanente] => 
            [DividaConsolidada] => 
            [FonteRecurso] => 1.211.0000
            [ComplementoFonteRecurso] => 
            [NaturezaReceita] => 
            [NaturezaDespesa] => 3.1.90.94.09
            [FuncaoSubfuncao] => 10.122
            [AnoInscricaoRestosAPagar] => 
            [DespesasMDEeASPS] => 
        )

    [1425] => Array
        (
            [ContaContabil] => 6.2.2.1.3.03.00
            [Valor] => 8360.32
            [ValorF] => 8.360,32
            [TipoValor] => beginning_balance
            [NaturezaValor] => D
            [PoderOrgao] => 10131
            [FinanceiroPermanente] => 
            [DividaConsolidada] => 
            [FonteRecurso] => 1.211.0000
            [ComplementoFonteRecurso] => 
            [NaturezaReceita] => 
            [NaturezaDespesa] => 3.1.90.94.09
            [FuncaoSubfuncao] => 10.122
            [AnoInscricaoRestosAPagar] => 
            [DespesasMDEeASPS] => 
        )

    [1426] => Array
        (
            [ContaContabil] => 6.2.2.1.3.03.00
            [Valor] => 8360.32
            [ValorF] => 8.360,32
            [TipoValor] => ending_balance
            [NaturezaValor] => C
            [PoderOrgao] => 10131
            [FinanceiroPermanente] => 
            [DividaConsolidada] => 
            [FonteRecurso] => 1.211.0000
            [ComplementoFonteRecurso] => 
            [NaturezaReceita] => 
            [NaturezaDespesa] => 3.1.90.94.09
            [FuncaoSubfuncao] => 10.122
            [AnoInscricaoRestosAPagar] => 
            [DespesasMDEeASPS] => 
        )

    [1427] => Array
        (
            [ContaContabil] => 6.2.2.1.3.03.00
            [Valor] => 8360.32
            [ValorF] => 8.360,32
            [TipoValor] => ending_balance
            [NaturezaValor] => D
            [PoderOrgao] => 10131
            [FinanceiroPermanente] => 
            [DividaConsolidada] => 
            [FonteRecurso] => 1.211.0000
            [ComplementoFonteRecurso] => 
            [NaturezaReceita] => 
            [NaturezaDespesa] => 3.1.90.94.09
            [FuncaoSubfuncao] => 10.122
            [AnoInscricaoRestosAPagar] => 
            [DespesasMDEeASPS] => 
        )

    [1428] => Array
        (
            [ContaContabil] => 6.2.2.1.3.03.00
            [Valor] => 5084.15
            [ValorF] => 5.084,15
            [TipoValor] => beginning_balance
            [NaturezaValor] => C
            [PoderOrgao] => 10131
            [FinanceiroPermanente] => 
            [DividaConsolidada] => 
            [FonteRecurso] => 1.211.0000
            [ComplementoFonteRecurso] => 
            [NaturezaReceita] => 
            [NaturezaDespesa] => 3.1.90.94.09
            [FuncaoSubfuncao] => 10.301
            [AnoInscricaoRestosAPagar] => 
            [DespesasMDEeASPS] => 
        )

    [1429] => Array
        (
            [ContaContabil] => 6.2.2.1.3.03.00
            [Valor] => 5084.15
            [ValorF] => 5.084,15
            [TipoValor] => beginning_balance
            [NaturezaValor] => D
            [PoderOrgao] => 10131
            [FinanceiroPermanente] => 
            [DividaConsolidada] => 
            [FonteRecurso] => 1.211.0000
            [ComplementoFonteRecurso] => 
            [NaturezaReceita] => 
            [NaturezaDespesa] => 3.1.90.94.09
            [FuncaoSubfuncao] => 10.301
            [AnoInscricaoRestosAPagar] => 
            [DespesasMDEeASPS] => 
        )

    [1430] => Array
        (
            [ContaContabil] => 6.2.2.1.3.03.00
            [Valor] => 5084.15
            [ValorF] => 5.084,15
            [TipoValor] => ending_balance
            [NaturezaValor] => C
            [PoderOrgao] => 10131
            [FinanceiroPermanente] => 
            [DividaConsolidada] => 
            [FonteRecurso] => 1.211.0000
            [ComplementoFonteRecurso] => 
            [NaturezaReceita] => 
            [NaturezaDespesa] => 3.1.90.94.09
            [FuncaoSubfuncao] => 10.301
            [AnoInscricaoRestosAPagar] => 
            [DespesasMDEeASPS] => 
        )

    [1431] => Array
        (
            [ContaContabil] => 6.2.2.1.3.03.00
            [Valor] => 5084.15
            [ValorF] => 5.084,15
            [TipoValor] => ending_balance
            [NaturezaValor] => D
            [PoderOrgao] => 10131
            [FinanceiroPermanente] => 
            [DividaConsolidada] => 
            [FonteRecurso] => 1.211.0000
            [ComplementoFonteRecurso] => 
            [NaturezaReceita] => 
            [NaturezaDespesa] => 3.1.90.94.09
            [FuncaoSubfuncao] => 10.301
            [AnoInscricaoRestosAPagar] => 
            [DespesasMDEeASPS] => 
        )

    [1432] => Array
        (
            [ContaContabil] => 6.2.2.1.3.03.00
            [Valor] => 13547.12
            [ValorF] => 13.547,12
            [TipoValor] => beginning_balance
            [NaturezaValor] => C
            [PoderOrgao] => 10131
            [FinanceiroPermanente] => 
            [DividaConsolidada] => 
            [FonteRecurso] => 1.211.0000
            [ComplementoFonteRecurso] => 
            [NaturezaReceita] => 
            [NaturezaDespesa] => 3.1.90.94.09
            [FuncaoSubfuncao] => 10.302
            [AnoInscricaoRestosAPagar] => 
            [DespesasMDEeASPS] => 
        )

    [1433] => Array
        (
            [ContaContabil] => 6.2.2.1.3.03.00
            [Valor] => 13547.12
            [ValorF] => 13.547,12
            [TipoValor] => beginning_balance
            [NaturezaValor] => D
            [PoderOrgao] => 10131
            [FinanceiroPermanente] => 
            [DividaConsolidada] => 
            [FonteRecurso] => 1.211.0000
            [ComplementoFonteRecurso] => 
            [NaturezaReceita] => 
            [NaturezaDespesa] => 3.1.90.94.09
            [FuncaoSubfuncao] => 10.302
            [AnoInscricaoRestosAPagar] => 
            [DespesasMDEeASPS] => 
        )

    [1434] => Array
        (
            [ContaContabil] => 6.2.2.1.3.03.00
            [Valor] => 13547.12
            [ValorF] => 13.547,12
            [TipoValor] => ending_balance
            [NaturezaValor] => C
            [PoderOrgao] => 10131
            [FinanceiroPermanente] => 
            [DividaConsolidada] => 
            [FonteRecurso] => 1.211.0000
            [ComplementoFonteRecurso] => 
            [NaturezaReceita] => 
            [NaturezaDespesa] => 3.1.90.94.09
            [FuncaoSubfuncao] => 10.302
            [AnoInscricaoRestosAPagar] => 
            [DespesasMDEeASPS] => 
        )

    [1435] => Array
        (
            [ContaContabil] => 6.2.2.1.3.03.00
            [Valor] => 13547.12
            [ValorF] => 13.547,12
            [TipoValor] => ending_balance
            [NaturezaValor] => D
            [PoderOrgao] => 10131
            [FinanceiroPermanente] => 
            [DividaConsolidada] => 
            [FonteRecurso] => 1.211.0000
            [ComplementoFonteRecurso] => 
            [NaturezaReceita] => 
            [NaturezaDespesa] => 3.1.90.94.09
            [FuncaoSubfuncao] => 10.302
            [AnoInscricaoRestosAPagar] => 
            [DespesasMDEeASPS] => 
        )

    [1436] => Array
        (
            [ContaContabil] => 6.2.2.1.3.03.00
            [Valor] => 14424.7
            [ValorF] => 14.424,70
            [TipoValor] => beginning_balance
            [NaturezaValor] => C
            [PoderOrgao] => 10131
            [FinanceiroPermanente] => 
            [DividaConsolidada] => 
            [FonteRecurso] => 1.211.0000
            [ComplementoFonteRecurso] => 
            [NaturezaReceita] => 
            [NaturezaDespesa] => 3.1.91.13.01
            [FuncaoSubfuncao] => 10.122
            [AnoInscricaoRestosAPagar] => 
            [DespesasMDEeASPS] => 
        )

    [1437] => Array
        (
            [ContaContabil] => 6.2.2.1.3.03.00
            [Valor] => 12202.4
            [ValorF] => 12.202,40
            [TipoValor] => beginning_balance
            [NaturezaValor] => D
            [PoderOrgao] => 10131
            [FinanceiroPermanente] => 
            [DividaConsolidada] => 
            [FonteRecurso] => 1.211.0000
            [ComplementoFonteRecurso] => 
            [NaturezaReceita] => 
            [NaturezaDespesa] => 3.1.91.13.01
            [FuncaoSubfuncao] => 10.122
            [AnoInscricaoRestosAPagar] => 
            [DespesasMDEeASPS] => 
        )

    [1438] => Array
        (
            [ContaContabil] => 6.2.2.1.3.03.00
            [Valor] => 16647
            [ValorF] => 16.647,00
            [TipoValor] => ending_balance
            [NaturezaValor] => C
            [PoderOrgao] => 10131
            [FinanceiroPermanente] => 
            [DividaConsolidada] => 
            [FonteRecurso] => 1.211.0000
            [ComplementoFonteRecurso] => 
            [NaturezaReceita] => 
            [NaturezaDespesa] => 3.1.91.13.01
            [FuncaoSubfuncao] => 10.122
            [AnoInscricaoRestosAPagar] => 
            [DespesasMDEeASPS] => 
        )

    [1439] => Array
        (
            [ContaContabil] => 6.2.2.1.3.03.00
            [Valor] => 14424.7
            [ValorF] => 14.424,70
            [TipoValor] => ending_balance
            [NaturezaValor] => D
            [PoderOrgao] => 10131
            [FinanceiroPermanente] => 
            [DividaConsolidada] => 
            [FonteRecurso] => 1.211.0000
            [ComplementoFonteRecurso] => 
            [NaturezaReceita] => 
            [NaturezaDespesa] => 3.1.91.13.01
            [FuncaoSubfuncao] => 10.122
            [AnoInscricaoRestosAPagar] => 
            [DespesasMDEeASPS] => 
        )

    [1440] => Array
        (
            [ContaContabil] => 6.2.2.1.3.03.00
            [Valor] => 2222.3
            [ValorF] => 2.222,30
            [TipoValor] => period_change
            [NaturezaValor] => C
            [PoderOrgao] => 10131
            [FinanceiroPermanente] => 
            [DividaConsolidada] => 
            [FonteRecurso] => 1.211.0000
            [ComplementoFonteRecurso] => 
            [NaturezaReceita] => 
            [NaturezaDespesa] => 3.1.91.13.01
            [FuncaoSubfuncao] => 10.122
            [AnoInscricaoRestosAPagar] => 
            [DespesasMDEeASPS] => 
        )

    [1441] => Array
        (
            [ContaContabil] => 6.2.2.1.3.03.00
            [Valor] => 2222.3
            [ValorF] => 2.222,30
            [TipoValor] => period_change
            [NaturezaValor] => D
            [PoderOrgao] => 10131
            [FinanceiroPermanente] => 
            [DividaConsolidada] => 
            [FonteRecurso] => 1.211.0000
            [ComplementoFonteRecurso] => 
            [NaturezaReceita] => 
            [NaturezaDespesa] => 3.1.91.13.01
            [FuncaoSubfuncao] => 10.122
            [AnoInscricaoRestosAPagar] => 
            [DespesasMDEeASPS] => 
        )

    [1442] => Array
        (
            [ContaContabil] => 6.2.2.1.3.03.00
            [Valor] => 63483.47
            [ValorF] => 63.483,47
            [TipoValor] => beginning_balance
            [NaturezaValor] => C
            [PoderOrgao] => 10131
            [FinanceiroPermanente] => 
            [DividaConsolidada] => 
            [FonteRecurso] => 1.211.0000
            [ComplementoFonteRecurso] => 
            [NaturezaReceita] => 
            [NaturezaDespesa] => 3.1.91.13.01
            [FuncaoSubfuncao] => 10.301
            [AnoInscricaoRestosAPagar] => 
            [DespesasMDEeASPS] => 
        )

    [1443] => Array
        (
            [ContaContabil] => 6.2.2.1.3.03.00
            [Valor] => 55496.61
            [ValorF] => 55.496,61
            [TipoValor] => beginning_balance
            [NaturezaValor] => D
            [PoderOrgao] => 10131
            [FinanceiroPermanente] => 
            [DividaConsolidada] => 
            [FonteRecurso] => 1.211.0000
            [ComplementoFonteRecurso] => 
            [NaturezaReceita] => 
            [NaturezaDespesa] => 3.1.91.13.01
            [FuncaoSubfuncao] => 10.301
            [AnoInscricaoRestosAPagar] => 
            [DespesasMDEeASPS] => 
        )

    [1444] => Array
        (
            [ContaContabil] => 6.2.2.1.3.03.00
            [Valor] => 72510.72
            [ValorF] => 72.510,72
            [TipoValor] => ending_balance
            [NaturezaValor] => C
            [PoderOrgao] => 10131
            [FinanceiroPermanente] => 
            [DividaConsolidada] => 
            [FonteRecurso] => 1.211.0000
            [ComplementoFonteRecurso] => 
            [NaturezaReceita] => 
            [NaturezaDespesa] => 3.1.91.13.01
            [FuncaoSubfuncao] => 10.301
            [AnoInscricaoRestosAPagar] => 
            [DespesasMDEeASPS] => 
        )

    [1445] => Array
        (
            [ContaContabil] => 6.2.2.1.3.03.00
            [Valor] => 63483.47
            [ValorF] => 63.483,47
            [TipoValor] => ending_balance
            [NaturezaValor] => D
            [PoderOrgao] => 10131
            [FinanceiroPermanente] => 
            [DividaConsolidada] => 
            [FonteRecurso] => 1.211.0000
            [ComplementoFonteRecurso] => 
            [NaturezaReceita] => 
            [NaturezaDespesa] => 3.1.91.13.01
            [FuncaoSubfuncao] => 10.301
            [AnoInscricaoRestosAPagar] => 
            [DespesasMDEeASPS] => 
        )

    [1446] => Array
        (
            [ContaContabil] => 6.2.2.1.3.03.00
            [Valor] => 9027.25
            [ValorF] => 9.027,25
            [TipoValor] => period_change
            [NaturezaValor] => C
            [PoderOrgao] => 10131
            [FinanceiroPermanente] => 
            [DividaConsolidada] => 
            [FonteRecurso] => 1.211.0000
            [ComplementoFonteRecurso] => 
            [NaturezaReceita] => 
            [NaturezaDespesa] => 3.1.91.13.01
            [FuncaoSubfuncao] => 10.301
            [AnoInscricaoRestosAPagar] => 
            [DespesasMDEeASPS] => 
        )

    [1447] => Array
        (
            [ContaContabil] => 6.2.2.1.3.03.00
            [Valor] => 7986.86
            [ValorF] => 7.986,86
            [TipoValor] => period_change
            [NaturezaValor] => D
            [PoderOrgao] => 10131
            [FinanceiroPermanente] => 
            [DividaConsolidada] => 
            [FonteRecurso] => 1.211.0000
            [ComplementoFonteRecurso] => 
            [NaturezaReceita] => 
            [NaturezaDespesa] => 3.1.91.13.01
            [FuncaoSubfuncao] => 10.301
            [AnoInscricaoRestosAPagar] => 
            [DespesasMDEeASPS] => 
        )

    [1448] => Array
        (
            [ContaContabil] => 6.2.2.1.3.03.00
            [Valor] => 66701.65
            [ValorF] => 66.701,65
            [TipoValor] => beginning_balance
            [NaturezaValor] => C
            [PoderOrgao] => 10131
            [FinanceiroPermanente] => 
            [DividaConsolidada] => 
            [FonteRecurso] => 1.211.0000
            [ComplementoFonteRecurso] => 
            [NaturezaReceita] => 
            [NaturezaDespesa] => 3.1.91.13.01
            [FuncaoSubfuncao] => 10.302
            [AnoInscricaoRestosAPagar] => 
            [DespesasMDEeASPS] => 
        )

    [1449] => Array
        (
            [ContaContabil] => 6.2.2.1.3.03.00
            [Valor] => 52766.61
            [ValorF] => 52.766,61
            [TipoValor] => beginning_balance
            [NaturezaValor] => D
            [PoderOrgao] => 10131
            [FinanceiroPermanente] => 
            [DividaConsolidada] => 
            [FonteRecurso] => 1.211.0000
            [ComplementoFonteRecurso] => 
            [NaturezaReceita] => 
            [NaturezaDespesa] => 3.1.91.13.01
            [FuncaoSubfuncao] => 10.302
            [AnoInscricaoRestosAPagar] => 
            [DespesasMDEeASPS] => 
        )

    [1450] => Array
        (
            [ContaContabil] => 6.2.2.1.3.03.00
            [Valor] => 73038.74
            [ValorF] => 73.038,74
            [TipoValor] => ending_balance
            [NaturezaValor] => C
            [PoderOrgao] => 10131
            [FinanceiroPermanente] => 
            [DividaConsolidada] => 
            [FonteRecurso] => 1.211.0000
            [ComplementoFonteRecurso] => 
            [NaturezaReceita] => 
            [NaturezaDespesa] => 3.1.91.13.01
            [FuncaoSubfuncao] => 10.302
            [AnoInscricaoRestosAPagar] => 
            [DespesasMDEeASPS] => 
        )

    [1451] => Array
        (
            [ContaContabil] => 6.2.2.1.3.03.00
            [Valor] => 66701.65
            [ValorF] => 66.701,65
            [TipoValor] => ending_balance
            [NaturezaValor] => D
            [PoderOrgao] => 10131
            [FinanceiroPermanente] => 
            [DividaConsolidada] => 
            [FonteRecurso] => 1.211.0000
            [ComplementoFonteRecurso] => 
            [NaturezaReceita] => 
            [NaturezaDespesa] => 3.1.91.13.01
            [FuncaoSubfuncao] => 10.302
            [AnoInscricaoRestosAPagar] => 
            [DespesasMDEeASPS] => 
        )

    [1452] => Array
        (
            [ContaContabil] => 6.2.2.1.3.03.00
            [Valor] => 6337.09
            [ValorF] => 6.337,09
            [TipoValor] => period_change
            [NaturezaValor] => C
            [PoderOrgao] => 10131
            [FinanceiroPermanente] => 
            [DividaConsolidada] => 
            [FonteRecurso] => 1.211.0000
            [ComplementoFonteRecurso] => 
            [NaturezaReceita] => 
            [NaturezaDespesa] => 3.1.91.13.01
            [FuncaoSubfuncao] => 10.302
            [AnoInscricaoRestosAPagar] => 
            [DespesasMDEeASPS] => 
        )

    [1453] => Array
        (
            [ContaContabil] => 6.2.2.1.3.03.00
            [Valor] => 13935.04
            [ValorF] => 13.935,04
            [TipoValor] => period_change
            [NaturezaValor] => D
            [PoderOrgao] => 10131
            [FinanceiroPermanente] => 
            [DividaConsolidada] => 
            [FonteRecurso] => 1.211.0000
            [ComplementoFonteRecurso] => 
            [NaturezaReceita] => 
            [NaturezaDespesa] => 3.1.91.13.01
            [FuncaoSubfuncao] => 10.302
            [AnoInscricaoRestosAPagar] => 
            [DespesasMDEeASPS] => 
        )

    [1454] => Array
        (
            [ContaContabil] => 6.2.2.1.3.03.00
            [Valor] => 8601.86
            [ValorF] => 8.601,86
            [TipoValor] => beginning_balance
            [NaturezaValor] => C
            [PoderOrgao] => 10131
            [FinanceiroPermanente] => 
            [DividaConsolidada] => 
            [FonteRecurso] => 1.211.0000
            [ComplementoFonteRecurso] => 
            [NaturezaReceita] => 
            [NaturezaDespesa] => 3.1.91.13.01
            [FuncaoSubfuncao] => 10.305
            [AnoInscricaoRestosAPagar] => 
            [DespesasMDEeASPS] => 
        )

    [1455] => Array
        (
            [ContaContabil] => 6.2.2.1.3.03.00
            [Valor] => 7449.55
            [ValorF] => 7.449,55
            [TipoValor] => beginning_balance
            [NaturezaValor] => D
            [PoderOrgao] => 10131
            [FinanceiroPermanente] => 
            [DividaConsolidada] => 
            [FonteRecurso] => 1.211.0000
            [ComplementoFonteRecurso] => 
            [NaturezaReceita] => 
            [NaturezaDespesa] => 3.1.91.13.01
            [FuncaoSubfuncao] => 10.305
            [AnoInscricaoRestosAPagar] => 
            [DespesasMDEeASPS] => 
        )

    [1456] => Array
        (
            [ContaContabil] => 6.2.2.1.3.03.00
            [Valor] => 9754.17
            [ValorF] => 9.754,17
            [TipoValor] => ending_balance
            [NaturezaValor] => C
            [PoderOrgao] => 10131
            [FinanceiroPermanente] => 
            [DividaConsolidada] => 
            [FonteRecurso] => 1.211.0000
            [ComplementoFonteRecurso] => 
            [NaturezaReceita] => 
            [NaturezaDespesa] => 3.1.91.13.01
            [FuncaoSubfuncao] => 10.305
            [AnoInscricaoRestosAPagar] => 
            [DespesasMDEeASPS] => 
        )

    [1457] => Array
        (
            [ContaContabil] => 6.2.2.1.3.03.00
            [Valor] => 8601.86
            [ValorF] => 8.601,86
            [TipoValor] => ending_balance
            [NaturezaValor] => D
            [PoderOrgao] => 10131
            [FinanceiroPermanente] => 
            [DividaConsolidada] => 
            [FonteRecurso] => 1.211.0000
            [ComplementoFonteRecurso] => 
            [NaturezaReceita] => 
            [NaturezaDespesa] => 3.1.91.13.01
            [FuncaoSubfuncao] => 10.305
            [AnoInscricaoRestosAPagar] => 
            [DespesasMDEeASPS] => 
        )

    [1458] => Array
        (
            [ContaContabil] => 6.2.2.1.3.03.00
            [Valor] => 1152.31
            [ValorF] => 1.152,31
            [TipoValor] => period_change
            [NaturezaValor] => C
            [PoderOrgao] => 10131
            [FinanceiroPermanente] => 
            [DividaConsolidada] => 
            [FonteRecurso] => 1.211.0000
            [ComplementoFonteRecurso] => 
            [NaturezaReceita] => 
            [NaturezaDespesa] => 3.1.91.13.01
            [FuncaoSubfuncao] => 10.305
            [AnoInscricaoRestosAPagar] => 
            [DespesasMDEeASPS] => 
        )

    [1459] => Array
        (
            [ContaContabil] => 6.2.2.1.3.03.00
            [Valor] => 1152.31
            [ValorF] => 1.152,31
            [TipoValor] => period_change
            [NaturezaValor] => D
            [PoderOrgao] => 10131
            [FinanceiroPermanente] => 
            [DividaConsolidada] => 
            [FonteRecurso] => 1.211.0000
            [ComplementoFonteRecurso] => 
            [NaturezaReceita] => 
            [NaturezaDespesa] => 3.1.91.13.01
            [FuncaoSubfuncao] => 10.305
            [AnoInscricaoRestosAPagar] => 
            [DespesasMDEeASPS] => 
        )

    [1460] => Array
        (
            [ContaContabil] => 6.2.2.1.3.03.00
            [Valor] => 18376.41
            [ValorF] => 18.376,41
            [TipoValor] => beginning_balance
            [NaturezaValor] => C
            [PoderOrgao] => 10131
            [FinanceiroPermanente] => 
            [DividaConsolidada] => 
            [FonteRecurso] => 1.211.0000
            [ComplementoFonteRecurso] => 
            [NaturezaReceita] => 
            [NaturezaDespesa] => 3.1.91.13.01
            [FuncaoSubfuncao] => 10.785
            [AnoInscricaoRestosAPagar] => 
            [DespesasMDEeASPS] => 
        )

    [1461] => Array
        (
            [ContaContabil] => 6.2.2.1.3.03.00
            [Valor] => 15870.68
            [ValorF] => 15.870,68
            [TipoValor] => beginning_balance
            [NaturezaValor] => D
            [PoderOrgao] => 10131
            [FinanceiroPermanente] => 
            [DividaConsolidada] => 
            [FonteRecurso] => 1.211.0000
            [ComplementoFonteRecurso] => 
            [NaturezaReceita] => 
            [NaturezaDespesa] => 3.1.91.13.01
            [FuncaoSubfuncao] => 10.785
            [AnoInscricaoRestosAPagar] => 
            [DespesasMDEeASPS] => 
        )

    [1462] => Array
        (
            [ContaContabil] => 6.2.2.1.3.03.00
            [Valor] => 20864.14
            [ValorF] => 20.864,14
            [TipoValor] => ending_balance
            [NaturezaValor] => C
            [PoderOrgao] => 10131
            [FinanceiroPermanente] => 
            [DividaConsolidada] => 
            [FonteRecurso] => 1.211.0000
            [ComplementoFonteRecurso] => 
            [NaturezaReceita] => 
            [NaturezaDespesa] => 3.1.91.13.01
            [FuncaoSubfuncao] => 10.785
            [AnoInscricaoRestosAPagar] => 
            [DespesasMDEeASPS] => 
        )

    [1463] => Array
        (
            [ContaContabil] => 6.2.2.1.3.03.00
            [Valor] => 18376.41
            [ValorF] => 18.376,41
            [TipoValor] => ending_balance
            [NaturezaValor] => D
            [PoderOrgao] => 10131
            [FinanceiroPermanente] => 
            [DividaConsolidada] => 
            [FonteRecurso] => 1.211.0000
            [ComplementoFonteRecurso] => 
            [NaturezaReceita] => 
            [NaturezaDespesa] => 3.1.91.13.01
            [FuncaoSubfuncao] => 10.785
            [AnoInscricaoRestosAPagar] => 
            [DespesasMDEeASPS] => 
        )

    [1464] => Array
        (
            [ContaContabil] => 6.2.2.1.3.03.00
            [Valor] => 2487.73
            [ValorF] => 2.487,73
            [TipoValor] => period_change
            [NaturezaValor] => C
            [PoderOrgao] => 10131
            [FinanceiroPermanente] => 
            [DividaConsolidada] => 
            [FonteRecurso] => 1.211.0000
            [ComplementoFonteRecurso] => 
            [NaturezaReceita] => 
            [NaturezaDespesa] => 3.1.91.13.01
            [FuncaoSubfuncao] => 10.785
            [AnoInscricaoRestosAPagar] => 
            [DespesasMDEeASPS] => 
        )

    [1465] => Array
        (
            [ContaContabil] => 6.2.2.1.3.03.00
            [Valor] => 2505.73
            [ValorF] => 2.505,73
            [TipoValor] => period_change
            [NaturezaValor] => D
            [PoderOrgao] => 10131
            [FinanceiroPermanente] => 
            [DividaConsolidada] => 
            [FonteRecurso] => 1.211.0000
            [ComplementoFonteRecurso] => 
            [NaturezaReceita] => 
            [NaturezaDespesa] => 3.1.91.13.01
            [FuncaoSubfuncao] => 10.785
            [AnoInscricaoRestosAPagar] => 
            [DespesasMDEeASPS] => 
        )

    [1466] => Array
        (
            [ContaContabil] => 6.2.2.1.3.03.00
            [Valor] => 31086.37
            [ValorF] => 31.086,37
            [TipoValor] => beginning_balance
            [NaturezaValor] => C
            [PoderOrgao] => 10131
            [FinanceiroPermanente] => 
            [DividaConsolidada] => 
            [FonteRecurso] => 1.211.0000
            [ComplementoFonteRecurso] => 
            [NaturezaReceita] => 
            [NaturezaDespesa] => 3.3.71.00.00
            [FuncaoSubfuncao] => 10.302
            [AnoInscricaoRestosAPagar] => 
            [DespesasMDEeASPS] => 
        )

    [1467] => Array
        (
            [ContaContabil] => 6.2.2.1.3.03.00
            [Valor] => 31086.37
            [ValorF] => 31.086,37
            [TipoValor] => beginning_balance
            [NaturezaValor] => D
            [PoderOrgao] => 10131
            [FinanceiroPermanente] => 
            [DividaConsolidada] => 
            [FonteRecurso] => 1.211.0000
            [ComplementoFonteRecurso] => 
            [NaturezaReceita] => 
            [NaturezaDespesa] => 3.3.71.00.00
            [FuncaoSubfuncao] => 10.302
            [AnoInscricaoRestosAPagar] => 
            [DespesasMDEeASPS] => 
        )

    [1468] => Array
        (
            [ContaContabil] => 6.2.2.1.3.03.00
            [Valor] => 35527.28
            [ValorF] => 35.527,28
            [TipoValor] => ending_balance
            [NaturezaValor] => C
            [PoderOrgao] => 10131
            [FinanceiroPermanente] => 
            [DividaConsolidada] => 
            [FonteRecurso] => 1.211.0000
            [ComplementoFonteRecurso] => 
            [NaturezaReceita] => 
            [NaturezaDespesa] => 3.3.71.00.00
            [FuncaoSubfuncao] => 10.302
            [AnoInscricaoRestosAPagar] => 
            [DespesasMDEeASPS] => 
        )

    [1469] => Array
        (
            [ContaContabil] => 6.2.2.1.3.03.00
            [Valor] => 35527.28
            [ValorF] => 35.527,28
            [TipoValor] => ending_balance
            [NaturezaValor] => D
            [PoderOrgao] => 10131
            [FinanceiroPermanente] => 
            [DividaConsolidada] => 
            [FonteRecurso] => 1.211.0000
            [ComplementoFonteRecurso] => 
            [NaturezaReceita] => 
            [NaturezaDespesa] => 3.3.71.00.00
            [FuncaoSubfuncao] => 10.302
            [AnoInscricaoRestosAPagar] => 
            [DespesasMDEeASPS] => 
        )

    [1470] => Array
        (
            [ContaContabil] => 6.2.2.1.3.03.00
            [Valor] => 4440.91
            [ValorF] => 4.440,91
            [TipoValor] => period_change
            [NaturezaValor] => C
            [PoderOrgao] => 10131
            [FinanceiroPermanente] => 
            [DividaConsolidada] => 
            [FonteRecurso] => 1.211.0000
            [ComplementoFonteRecurso] => 
            [NaturezaReceita] => 
            [NaturezaDespesa] => 3.3.71.00.00
            [FuncaoSubfuncao] => 10.302
            [AnoInscricaoRestosAPagar] => 
            [DespesasMDEeASPS] => 
        )

    [1471] => Array
        (
            [ContaContabil] => 6.2.2.1.3.03.00
            [Valor] => 4440.91
            [ValorF] => 4.440,91
            [TipoValor] => period_change
            [NaturezaValor] => D
            [PoderOrgao] => 10131
            [FinanceiroPermanente] => 
            [DividaConsolidada] => 
            [FonteRecurso] => 1.211.0000
            [ComplementoFonteRecurso] => 
            [NaturezaReceita] => 
            [NaturezaDespesa] => 3.3.71.00.00
            [FuncaoSubfuncao] => 10.302
            [AnoInscricaoRestosAPagar] => 
            [DespesasMDEeASPS] => 
        )

    [1472] => Array
        (
            [ContaContabil] => 6.2.2.1.3.03.00
            [Valor] => 5105.1
            [ValorF] => 5.105,10
            [TipoValor] => beginning_balance
            [NaturezaValor] => C
            [PoderOrgao] => 10131
            [FinanceiroPermanente] => 
            [DividaConsolidada] => 
            [FonteRecurso] => 1.211.0000
            [ComplementoFonteRecurso] => 
            [NaturezaReceita] => 
            [NaturezaDespesa] => 3.3.71.00.00
            [FuncaoSubfuncao] => 10.303
            [AnoInscricaoRestosAPagar] => 
            [DespesasMDEeASPS] => 
        )

    [1473] => Array
        (
            [ContaContabil] => 6.2.2.1.3.03.00
            [Valor] => 5105.1
            [ValorF] => 5.105,10
            [TipoValor] => beginning_balance
            [NaturezaValor] => D
            [PoderOrgao] => 10131
            [FinanceiroPermanente] => 
            [DividaConsolidada] => 
            [FonteRecurso] => 1.211.0000
            [ComplementoFonteRecurso] => 
            [NaturezaReceita] => 
            [NaturezaDespesa] => 3.3.71.00.00
            [FuncaoSubfuncao] => 10.303
            [AnoInscricaoRestosAPagar] => 
            [DespesasMDEeASPS] => 
        )

    [1474] => Array
        (
            [ContaContabil] => 6.2.2.1.3.03.00
            [Valor] => 5834.4
            [ValorF] => 5.834,40
            [TipoValor] => ending_balance
            [NaturezaValor] => C
            [PoderOrgao] => 10131
            [FinanceiroPermanente] => 
            [DividaConsolidada] => 
            [FonteRecurso] => 1.211.0000
            [ComplementoFonteRecurso] => 
            [NaturezaReceita] => 
            [NaturezaDespesa] => 3.3.71.00.00
            [FuncaoSubfuncao] => 10.303
            [AnoInscricaoRestosAPagar] => 
            [DespesasMDEeASPS] => 
        )

    [1475] => Array
        (
            [ContaContabil] => 6.2.2.1.3.03.00
            [Valor] => 5834.4
            [ValorF] => 5.834,40
            [TipoValor] => ending_balance
            [NaturezaValor] => D
            [PoderOrgao] => 10131
            [FinanceiroPermanente] => 
            [DividaConsolidada] => 
            [FonteRecurso] => 1.211.0000
            [ComplementoFonteRecurso] => 
            [NaturezaReceita] => 
            [NaturezaDespesa] => 3.3.71.00.00
            [FuncaoSubfuncao] => 10.303
            [AnoInscricaoRestosAPagar] => 
            [DespesasMDEeASPS] => 
        )

    [1476] => Array
        (
            [ContaContabil] => 6.2.2.1.3.03.00
            [Valor] => 729.3
            [ValorF] => 729,30
            [TipoValor] => period_change
            [NaturezaValor] => C
            [PoderOrgao] => 10131
            [FinanceiroPermanente] => 
            [DividaConsolidada] => 
            [FonteRecurso] => 1.211.0000
            [ComplementoFonteRecurso] => 
            [NaturezaReceita] => 
            [NaturezaDespesa] => 3.3.71.00.00
            [FuncaoSubfuncao] => 10.303
            [AnoInscricaoRestosAPagar] => 
            [DespesasMDEeASPS] => 
        )

    [1477] => Array
        (
            [ContaContabil] => 6.2.2.1.3.03.00
            [Valor] => 729.3
            [ValorF] => 729,30
            [TipoValor] => period_change
            [NaturezaValor] => D
            [PoderOrgao] => 10131
            [FinanceiroPermanente] => 
            [DividaConsolidada] => 
            [FonteRecurso] => 1.211.0000
            [ComplementoFonteRecurso] => 
            [NaturezaReceita] => 
            [NaturezaDespesa] => 3.3.71.00.00
            [FuncaoSubfuncao] => 10.303
            [AnoInscricaoRestosAPagar] => 
            [DespesasMDEeASPS] => 
        )

    [1478] => Array
        (
            [ContaContabil] => 6.2.2.1.3.03.00
            [Valor] => 4103.15
            [ValorF] => 4.103,15
            [TipoValor] => beginning_balance
            [NaturezaValor] => C
            [PoderOrgao] => 10131
            [FinanceiroPermanente] => 
            [DividaConsolidada] => 
            [FonteRecurso] => 1.214.0000
            [ComplementoFonteRecurso] => 
            [NaturezaReceita] => 
            [NaturezaDespesa] => 3.3.71.00.00
            [FuncaoSubfuncao] => 10.302
            [AnoInscricaoRestosAPagar] => 
            [DespesasMDEeASPS] => 
        )

    [1479] => Array
        (
            [ContaContabil] => 6.2.2.1.3.03.00
            [Valor] => 4103.15
            [ValorF] => 4.103,15
            [TipoValor] => beginning_balance
            [NaturezaValor] => D
            [PoderOrgao] => 10131
            [FinanceiroPermanente] => 
            [DividaConsolidada] => 
            [FonteRecurso] => 1.214.0000
            [ComplementoFonteRecurso] => 
            [NaturezaReceita] => 
            [NaturezaDespesa] => 3.3.71.00.00
            [FuncaoSubfuncao] => 10.302
            [AnoInscricaoRestosAPagar] => 
            [DespesasMDEeASPS] => 
        )

    [1480] => Array
        (
            [ContaContabil] => 6.2.2.1.3.03.00
            [Valor] => 8206.3
            [ValorF] => 8.206,30
            [TipoValor] => ending_balance
            [NaturezaValor] => C
            [PoderOrgao] => 10131
            [FinanceiroPermanente] => 
            [DividaConsolidada] => 
            [FonteRecurso] => 1.214.0000
            [ComplementoFonteRecurso] => 
            [NaturezaReceita] => 
            [NaturezaDespesa] => 3.3.71.00.00
            [FuncaoSubfuncao] => 10.302
            [AnoInscricaoRestosAPagar] => 
            [DespesasMDEeASPS] => 
        )

    [1481] => Array
        (
            [ContaContabil] => 6.2.2.1.3.03.00
            [Valor] => 8206.3
            [ValorF] => 8.206,30
            [TipoValor] => ending_balance
            [NaturezaValor] => D
            [PoderOrgao] => 10131
            [FinanceiroPermanente] => 
            [DividaConsolidada] => 
            [FonteRecurso] => 1.214.0000
            [ComplementoFonteRecurso] => 
            [NaturezaReceita] => 
            [NaturezaDespesa] => 3.3.71.00.00
            [FuncaoSubfuncao] => 10.302
            [AnoInscricaoRestosAPagar] => 
            [DespesasMDEeASPS] => 
        )

    [1482] => Array
        (
            [ContaContabil] => 6.2.2.1.3.03.00
            [Valor] => 4103.15
            [ValorF] => 4.103,15
            [TipoValor] => period_change
            [NaturezaValor] => C
            [PoderOrgao] => 10131
            [FinanceiroPermanente] => 
            [DividaConsolidada] => 
            [FonteRecurso] => 1.214.0000
            [ComplementoFonteRecurso] => 
            [NaturezaReceita] => 
            [NaturezaDespesa] => 3.3.71.00.00
            [FuncaoSubfuncao] => 10.302
            [AnoInscricaoRestosAPagar] => 
            [DespesasMDEeASPS] => 
        )

    [1483] => Array
        (
            [ContaContabil] => 6.2.2.1.3.03.00
            [Valor] => 4103.15
            [ValorF] => 4.103,15
            [TipoValor] => period_change
            [NaturezaValor] => D
            [PoderOrgao] => 10131
            [FinanceiroPermanente] => 
            [DividaConsolidada] => 
            [FonteRecurso] => 1.214.0000
            [ComplementoFonteRecurso] => 
            [NaturezaReceita] => 
            [NaturezaDespesa] => 3.3.71.00.00
            [FuncaoSubfuncao] => 10.302
            [AnoInscricaoRestosAPagar] => 
            [DespesasMDEeASPS] => 
        )

    [1484] => Array
        (
            [ContaContabil] => 6.2.2.1.3.03.00
            [Valor] => 132.42
            [ValorF] => 132,42
            [TipoValor] => beginning_balance
            [NaturezaValor] => C
            [PoderOrgao] => 10131
            [FinanceiroPermanente] => 
            [DividaConsolidada] => 
            [FonteRecurso] => 1.211.0000
            [ComplementoFonteRecurso] => 
            [NaturezaReceita] => 
            [NaturezaDespesa] => 3.3.90.14.01
            [FuncaoSubfuncao] => 10.122
            [AnoInscricaoRestosAPagar] => 
            [DespesasMDEeASPS] => 
        )

    [1485] => Array
        (
            [ContaContabil] => 6.2.2.1.3.03.00
            [Valor] => 132.42
            [ValorF] => 132,42
            [TipoValor] => beginning_balance
            [NaturezaValor] => D
            [PoderOrgao] => 10131
            [FinanceiroPermanente] => 
            [DividaConsolidada] => 
            [FonteRecurso] => 1.211.0000
            [ComplementoFonteRecurso] => 
            [NaturezaReceita] => 
            [NaturezaDespesa] => 3.3.90.14.01
            [FuncaoSubfuncao] => 10.122
            [AnoInscricaoRestosAPagar] => 
            [DespesasMDEeASPS] => 
        )

    [1486] => Array
        (
            [ContaContabil] => 6.2.2.1.3.03.00
            [Valor] => 132.42
            [ValorF] => 132,42
            [TipoValor] => ending_balance
            [NaturezaValor] => C
            [PoderOrgao] => 10131
            [FinanceiroPermanente] => 
            [DividaConsolidada] => 
            [FonteRecurso] => 1.211.0000
            [ComplementoFonteRecurso] => 
            [NaturezaReceita] => 
            [NaturezaDespesa] => 3.3.90.14.01
            [FuncaoSubfuncao] => 10.122
            [AnoInscricaoRestosAPagar] => 
            [DespesasMDEeASPS] => 
        )

    [1487] => Array
        (
            [ContaContabil] => 6.2.2.1.3.03.00
            [Valor] => 132.42
            [ValorF] => 132,42
            [TipoValor] => ending_balance
            [NaturezaValor] => D
            [PoderOrgao] => 10131
            [FinanceiroPermanente] => 
            [DividaConsolidada] => 
            [FonteRecurso] => 1.211.0000
            [ComplementoFonteRecurso] => 
            [NaturezaReceita] => 
            [NaturezaDespesa] => 3.3.90.14.01
            [FuncaoSubfuncao] => 10.122
            [AnoInscricaoRestosAPagar] => 
            [DespesasMDEeASPS] => 
        )

    [1488] => Array
        (
            [ContaContabil] => 6.2.2.1.3.03.00
            [Valor] => 41.82
            [ValorF] => 41,82
            [TipoValor] => beginning_balance
            [NaturezaValor] => C
            [PoderOrgao] => 10131
            [FinanceiroPermanente] => 
            [DividaConsolidada] => 
            [FonteRecurso] => 1.211.0000
            [ComplementoFonteRecurso] => 
            [NaturezaReceita] => 
            [NaturezaDespesa] => 3.3.90.14.01
            [FuncaoSubfuncao] => 10.305
            [AnoInscricaoRestosAPagar] => 
            [DespesasMDEeASPS] => 
        )

    [1489] => Array
        (
            [ContaContabil] => 6.2.2.1.3.03.00
            [Valor] => 41.82
            [ValorF] => 41,82
            [TipoValor] => beginning_balance
            [NaturezaValor] => D
            [PoderOrgao] => 10131
            [FinanceiroPermanente] => 
            [DividaConsolidada] => 
            [FonteRecurso] => 1.211.0000
            [ComplementoFonteRecurso] => 
            [NaturezaReceita] => 
            [NaturezaDespesa] => 3.3.90.14.01
            [FuncaoSubfuncao] => 10.305
            [AnoInscricaoRestosAPagar] => 
            [DespesasMDEeASPS] => 
        )

    [1490] => Array
        (
            [ContaContabil] => 6.2.2.1.3.03.00
            [Valor] => 41.82
            [ValorF] => 41,82
            [TipoValor] => ending_balance
            [NaturezaValor] => C
            [PoderOrgao] => 10131
            [FinanceiroPermanente] => 
            [DividaConsolidada] => 
            [FonteRecurso] => 1.211.0000
            [ComplementoFonteRecurso] => 
            [NaturezaReceita] => 
            [NaturezaDespesa] => 3.3.90.14.01
            [FuncaoSubfuncao] => 10.305
            [AnoInscricaoRestosAPagar] => 
            [DespesasMDEeASPS] => 
        )

    [1491] => Array
        (
            [ContaContabil] => 6.2.2.1.3.03.00
            [Valor] => 41.82
            [ValorF] => 41,82
            [TipoValor] => ending_balance
            [NaturezaValor] => D
            [PoderOrgao] => 10131
            [FinanceiroPermanente] => 
            [DividaConsolidada] => 
            [FonteRecurso] => 1.211.0000
            [ComplementoFonteRecurso] => 
            [NaturezaReceita] => 
            [NaturezaDespesa] => 3.3.90.14.01
            [FuncaoSubfuncao] => 10.305
            [AnoInscricaoRestosAPagar] => 
            [DespesasMDEeASPS] => 
        )

    [1492] => Array
        (
            [ContaContabil] => 6.2.2.1.3.03.00
            [Valor] => 33695.1
            [ValorF] => 33.695,10
            [TipoValor] => beginning_balance
            [NaturezaValor] => C
            [PoderOrgao] => 10131
            [FinanceiroPermanente] => 
            [DividaConsolidada] => 
            [FonteRecurso] => 1.211.0000
            [ComplementoFonteRecurso] => 
            [NaturezaReceita] => 
            [NaturezaDespesa] => 3.3.90.14.01
            [FuncaoSubfuncao] => 10.785
            [AnoInscricaoRestosAPagar] => 
            [DespesasMDEeASPS] => 
        )

    [1493] => Array
        (
            [ContaContabil] => 6.2.2.1.3.03.00
            [Valor] => 33221.21
            [ValorF] => 33.221,21
            [TipoValor] => beginning_balance
            [NaturezaValor] => D
            [PoderOrgao] => 10131
            [FinanceiroPermanente] => 
            [DividaConsolidada] => 
            [FonteRecurso] => 1.211.0000
            [ComplementoFonteRecurso] => 
            [NaturezaReceita] => 
            [NaturezaDespesa] => 3.3.90.14.01
            [FuncaoSubfuncao] => 10.785
            [AnoInscricaoRestosAPagar] => 
            [DespesasMDEeASPS] => 
        )

    [1494] => Array
        (
            [ContaContabil] => 6.2.2.1.3.03.00
            [Valor] => 38420.13
            [ValorF] => 38.420,13
            [TipoValor] => ending_balance
            [NaturezaValor] => C
            [PoderOrgao] => 10131
            [FinanceiroPermanente] => 
            [DividaConsolidada] => 
            [FonteRecurso] => 1.211.0000
            [ComplementoFonteRecurso] => 
            [NaturezaReceita] => 
            [NaturezaDespesa] => 3.3.90.14.01
            [FuncaoSubfuncao] => 10.785
            [AnoInscricaoRestosAPagar] => 
            [DespesasMDEeASPS] => 
        )

    [1495] => Array
        (
            [ContaContabil] => 6.2.2.1.3.03.00
            [Valor] => 37639.63
            [ValorF] => 37.639,63
            [TipoValor] => ending_balance
            [NaturezaValor] => D
            [PoderOrgao] => 10131
            [FinanceiroPermanente] => 
            [DividaConsolidada] => 
            [FonteRecurso] => 1.211.0000
            [ComplementoFonteRecurso] => 
            [NaturezaReceita] => 
            [NaturezaDespesa] => 3.3.90.14.01
            [FuncaoSubfuncao] => 10.785
            [AnoInscricaoRestosAPagar] => 
            [DespesasMDEeASPS] => 
        )

    [1496] => Array
        (
            [ContaContabil] => 6.2.2.1.3.03.00
            [Valor] => 4725.03
            [ValorF] => 4.725,03
            [TipoValor] => period_change
            [NaturezaValor] => C
            [PoderOrgao] => 10131
            [FinanceiroPermanente] => 
            [DividaConsolidada] => 
            [FonteRecurso] => 1.211.0000
            [ComplementoFonteRecurso] => 
            [NaturezaReceita] => 
            [NaturezaDespesa] => 3.3.90.14.01
            [FuncaoSubfuncao] => 10.785
            [AnoInscricaoRestosAPagar] => 
            [DespesasMDEeASPS] => 
        )

    [1497] => Array
        (
            [ContaContabil] => 6.2.2.1.3.03.00
            [Valor] => 4418.42
            [ValorF] => 4.418,42
            [TipoValor] => period_change
            [NaturezaValor] => D
            [PoderOrgao] => 10131
            [FinanceiroPermanente] => 
            [DividaConsolidada] => 
            [FonteRecurso] => 1.211.0000
            [ComplementoFonteRecurso] => 
            [NaturezaReceita] => 
            [NaturezaDespesa] => 3.3.90.14.01
            [FuncaoSubfuncao] => 10.785
            [AnoInscricaoRestosAPagar] => 
            [DespesasMDEeASPS] => 
        )

    [1498] => Array
        (
            [ContaContabil] => 6.2.2.1.3.03.00
            [Valor] => 11838.71
            [ValorF] => 11.838,71
            [TipoValor] => beginning_balance
            [NaturezaValor] => C
            [PoderOrgao] => 10131
            [FinanceiroPermanente] => 
            [DividaConsolidada] => 
            [FonteRecurso] => 1.211.0000
            [ComplementoFonteRecurso] => 
            [NaturezaReceita] => 
            [NaturezaDespesa] => 3.3.90.30.03
            [FuncaoSubfuncao] => 10.122
            [AnoInscricaoRestosAPagar] => 
            [DespesasMDEeASPS] => 
        )

    [1499] => Array
        (
            [ContaContabil] => 6.2.2.1.3.03.00
            [Valor] => 11838.71
            [ValorF] => 11.838,71
            [TipoValor] => beginning_balance
            [NaturezaValor] => D
            [PoderOrgao] => 10131
            [FinanceiroPermanente] => 
            [DividaConsolidada] => 
            [FonteRecurso] => 1.211.0000
            [ComplementoFonteRecurso] => 
            [NaturezaReceita] => 
            [NaturezaDespesa] => 3.3.90.30.03
            [FuncaoSubfuncao] => 10.122
            [AnoInscricaoRestosAPagar] => 
            [DespesasMDEeASPS] => 
        )

    [1500] => Array
        (
            [ContaContabil] => 6.2.2.1.3.03.00
            [Valor] => 12202.71
            [ValorF] => 12.202,71
            [TipoValor] => ending_balance
            [NaturezaValor] => C
            [PoderOrgao] => 10131
            [FinanceiroPermanente] => 
            [DividaConsolidada] => 
            [FonteRecurso] => 1.211.0000
            [ComplementoFonteRecurso] => 
            [NaturezaReceita] => 
            [NaturezaDespesa] => 3.3.90.30.03
            [FuncaoSubfuncao] => 10.122
            [AnoInscricaoRestosAPagar] => 
            [DespesasMDEeASPS] => 
        )

    [1501] => Array
        (
            [ContaContabil] => 6.2.2.1.3.03.00
            [Valor] => 12202.71
            [ValorF] => 12.202,71
            [TipoValor] => ending_balance
            [NaturezaValor] => D
            [PoderOrgao] => 10131
            [FinanceiroPermanente] => 
            [DividaConsolidada] => 
            [FonteRecurso] => 1.211.0000
            [ComplementoFonteRecurso] => 
            [NaturezaReceita] => 
            [NaturezaDespesa] => 3.3.90.30.03
            [FuncaoSubfuncao] => 10.122
            [AnoInscricaoRestosAPagar] => 
            [DespesasMDEeASPS] => 
        )

    [1502] => Array
        (
            [ContaContabil] => 6.2.2.1.3.03.00
            [Valor] => 364
            [ValorF] => 364,00
            [TipoValor] => period_change
            [NaturezaValor] => C
            [PoderOrgao] => 10131
            [FinanceiroPermanente] => 
            [DividaConsolidada] => 
            [FonteRecurso] => 1.211.0000
            [ComplementoFonteRecurso] => 
            [NaturezaReceita] => 
            [NaturezaDespesa] => 3.3.90.30.03
            [FuncaoSubfuncao] => 10.122
            [AnoInscricaoRestosAPagar] => 
            [DespesasMDEeASPS] => 
        )

    [1503] => Array
        (
            [ContaContabil] => 6.2.2.1.3.03.00
            [Valor] => 364
            [ValorF] => 364,00
            [TipoValor] => period_change
            [NaturezaValor] => D
            [PoderOrgao] => 10131
            [FinanceiroPermanente] => 
            [DividaConsolidada] => 
            [FonteRecurso] => 1.211.0000
            [ComplementoFonteRecurso] => 
            [NaturezaReceita] => 
            [NaturezaDespesa] => 3.3.90.30.03
            [FuncaoSubfuncao] => 10.122
            [AnoInscricaoRestosAPagar] => 
            [DespesasMDEeASPS] => 
        )

    [1504] => Array
        (
            [ContaContabil] => 6.2.2.1.3.03.00
            [Valor] => 9953.17
            [ValorF] => 9.953,17
            [TipoValor] => beginning_balance
            [NaturezaValor] => C
            [PoderOrgao] => 10131
            [FinanceiroPermanente] => 
            [DividaConsolidada] => 
            [FonteRecurso] => 1.211.0000
            [ComplementoFonteRecurso] => 
            [NaturezaReceita] => 
            [NaturezaDespesa] => 3.3.90.30.03
            [FuncaoSubfuncao] => 10.301
            [AnoInscricaoRestosAPagar] => 
            [DespesasMDEeASPS] => 
        )

    [1505] => Array
        (
            [ContaContabil] => 6.2.2.1.3.03.00
            [Valor] => 9594.17
            [ValorF] => 9.594,17
            [TipoValor] => beginning_balance
            [NaturezaValor] => D
            [PoderOrgao] => 10131
            [FinanceiroPermanente] => 
            [DividaConsolidada] => 
            [FonteRecurso] => 1.211.0000
            [ComplementoFonteRecurso] => 
            [NaturezaReceita] => 
            [NaturezaDespesa] => 3.3.90.30.03
            [FuncaoSubfuncao] => 10.301
            [AnoInscricaoRestosAPagar] => 
            [DespesasMDEeASPS] => 
        )

    [1506] => Array
        (
            [ContaContabil] => 6.2.2.1.3.03.00
            [Valor] => 14083.73
            [ValorF] => 14.083,73
            [TipoValor] => ending_balance
            [NaturezaValor] => C
            [PoderOrgao] => 10131
            [FinanceiroPermanente] => 
            [DividaConsolidada] => 
            [FonteRecurso] => 1.211.0000
            [ComplementoFonteRecurso] => 
            [NaturezaReceita] => 
            [NaturezaDespesa] => 3.3.90.30.03
            [FuncaoSubfuncao] => 10.301
            [AnoInscricaoRestosAPagar] => 
            [DespesasMDEeASPS] => 
        )

    [1507] => Array
        (
            [ContaContabil] => 6.2.2.1.3.03.00
            [Valor] => 13526.49
            [ValorF] => 13.526,49
            [TipoValor] => ending_balance
            [NaturezaValor] => D
            [PoderOrgao] => 10131
            [FinanceiroPermanente] => 
            [DividaConsolidada] => 
            [FonteRecurso] => 1.211.0000
            [ComplementoFonteRecurso] => 
            [NaturezaReceita] => 
            [NaturezaDespesa] => 3.3.90.30.03
            [FuncaoSubfuncao] => 10.301
            [AnoInscricaoRestosAPagar] => 
            [DespesasMDEeASPS] => 
        )

    [1508] => Array
        (
            [ContaContabil] => 6.2.2.1.3.03.00
            [Valor] => 4130.56
            [ValorF] => 4.130,56
            [TipoValor] => period_change
            [NaturezaValor] => C
            [PoderOrgao] => 10131
            [FinanceiroPermanente] => 
            [DividaConsolidada] => 
            [FonteRecurso] => 1.211.0000
            [ComplementoFonteRecurso] => 
            [NaturezaReceita] => 
            [NaturezaDespesa] => 3.3.90.30.03
            [FuncaoSubfuncao] => 10.301
            [AnoInscricaoRestosAPagar] => 
            [DespesasMDEeASPS] => 
        )

    [1509] => Array
        (
            [ContaContabil] => 6.2.2.1.3.03.00
            [Valor] => 3932.32
            [ValorF] => 3.932,32
            [TipoValor] => period_change
            [NaturezaValor] => D
            [PoderOrgao] => 10131
            [FinanceiroPermanente] => 
            [DividaConsolidada] => 
            [FonteRecurso] => 1.211.0000
            [ComplementoFonteRecurso] => 
            [NaturezaReceita] => 
            [NaturezaDespesa] => 3.3.90.30.03
            [FuncaoSubfuncao] => 10.301
            [AnoInscricaoRestosAPagar] => 
            [DespesasMDEeASPS] => 
        )

    [1510] => Array
        (
            [ContaContabil] => 6.2.2.1.3.03.00
            [Valor] => 30166.87
            [ValorF] => 30.166,87
            [TipoValor] => beginning_balance
            [NaturezaValor] => C
            [PoderOrgao] => 10131
            [FinanceiroPermanente] => 
            [DividaConsolidada] => 
            [FonteRecurso] => 1.211.0000
            [ComplementoFonteRecurso] => 
            [NaturezaReceita] => 
            [NaturezaDespesa] => 3.3.90.30.03
            [FuncaoSubfuncao] => 10.302
            [AnoInscricaoRestosAPagar] => 
            [DespesasMDEeASPS] => 
        )

    [1511] => Array
        (
            [ContaContabil] => 6.2.2.1.3.03.00
            [Valor] => 30166.87
            [ValorF] => 30.166,87
            [TipoValor] => beginning_balance
            [NaturezaValor] => D
            [PoderOrgao] => 10131
            [FinanceiroPermanente] => 
            [DividaConsolidada] => 
            [FonteRecurso] => 1.211.0000
            [ComplementoFonteRecurso] => 
            [NaturezaReceita] => 
            [NaturezaDespesa] => 3.3.90.30.03
            [FuncaoSubfuncao] => 10.302
            [AnoInscricaoRestosAPagar] => 
            [DespesasMDEeASPS] => 
        )

    [1512] => Array
        (
            [ContaContabil] => 6.2.2.1.3.03.00
            [Valor] => 30640.07
            [ValorF] => 30.640,07
            [TipoValor] => ending_balance
            [NaturezaValor] => C
            [PoderOrgao] => 10131
            [FinanceiroPermanente] => 
            [DividaConsolidada] => 
            [FonteRecurso] => 1.211.0000
            [ComplementoFonteRecurso] => 
            [NaturezaReceita] => 
            [NaturezaDespesa] => 3.3.90.30.03
            [FuncaoSubfuncao] => 10.302
            [AnoInscricaoRestosAPagar] => 
            [DespesasMDEeASPS] => 
        )

    [1513] => Array
        (
            [ContaContabil] => 6.2.2.1.3.03.00
            [Valor] => 30640.07
            [ValorF] => 30.640,07
            [TipoValor] => ending_balance
            [NaturezaValor] => D
            [PoderOrgao] => 10131
            [FinanceiroPermanente] => 
            [DividaConsolidada] => 
            [FonteRecurso] => 1.211.0000
            [ComplementoFonteRecurso] => 
            [NaturezaReceita] => 
            [NaturezaDespesa] => 3.3.90.30.03
            [FuncaoSubfuncao] => 10.302
            [AnoInscricaoRestosAPagar] => 
            [DespesasMDEeASPS] => 
        )

    [1514] => Array
        (
            [ContaContabil] => 6.2.2.1.3.03.00
            [Valor] => 473.2
            [ValorF] => 473,20
            [TipoValor] => period_change
            [NaturezaValor] => C
            [PoderOrgao] => 10131
            [FinanceiroPermanente] => 
            [DividaConsolidada] => 
            [FonteRecurso] => 1.211.0000
            [ComplementoFonteRecurso] => 
            [NaturezaReceita] => 
            [NaturezaDespesa] => 3.3.90.30.03
            [FuncaoSubfuncao] => 10.302
            [AnoInscricaoRestosAPagar] => 
            [DespesasMDEeASPS] => 
        )

    [1515] => Array
        (
            [ContaContabil] => 6.2.2.1.3.03.00
            [Valor] => 473.2
            [ValorF] => 473,20
            [TipoValor] => period_change
            [NaturezaValor] => D
            [PoderOrgao] => 10131
            [FinanceiroPermanente] => 
            [DividaConsolidada] => 
            [FonteRecurso] => 1.211.0000
            [ComplementoFonteRecurso] => 
            [NaturezaReceita] => 
            [NaturezaDespesa] => 3.3.90.30.03
            [FuncaoSubfuncao] => 10.302
            [AnoInscricaoRestosAPagar] => 
            [DespesasMDEeASPS] => 
        )

    [1516] => Array
        (
            [ContaContabil] => 6.2.2.1.3.03.00
            [Valor] => 134756.54
            [ValorF] => 134.756,54
            [TipoValor] => beginning_balance
            [NaturezaValor] => C
            [PoderOrgao] => 10131
            [FinanceiroPermanente] => 
            [DividaConsolidada] => 
            [FonteRecurso] => 1.211.0000
            [ComplementoFonteRecurso] => 
            [NaturezaReceita] => 
            [NaturezaDespesa] => 3.3.90.30.03
            [FuncaoSubfuncao] => 10.303
            [AnoInscricaoRestosAPagar] => 
            [DespesasMDEeASPS] => 
        )

    [1517] => Array
        (
            [ContaContabil] => 6.2.2.1.3.03.00
            [Valor] => 108298.51
            [ValorF] => 108.298,51
            [TipoValor] => beginning_balance
            [NaturezaValor] => D
            [PoderOrgao] => 10131
            [FinanceiroPermanente] => 
            [DividaConsolidada] => 
            [FonteRecurso] => 1.211.0000
            [ComplementoFonteRecurso] => 
            [NaturezaReceita] => 
            [NaturezaDespesa] => 3.3.90.30.03
            [FuncaoSubfuncao] => 10.303
            [AnoInscricaoRestosAPagar] => 
            [DespesasMDEeASPS] => 
        )

    [1518] => Array
        (
            [ContaContabil] => 6.2.2.1.3.03.00
            [Valor] => 170439.51
            [ValorF] => 170.439,51
            [TipoValor] => ending_balance
            [NaturezaValor] => C
            [PoderOrgao] => 10131
            [FinanceiroPermanente] => 
            [DividaConsolidada] => 
            [FonteRecurso] => 1.211.0000
            [ComplementoFonteRecurso] => 
            [NaturezaReceita] => 
            [NaturezaDespesa] => 3.3.90.30.03
            [FuncaoSubfuncao] => 10.303
            [AnoInscricaoRestosAPagar] => 
            [DespesasMDEeASPS] => 
        )

    [1519] => Array
        (
            [ContaContabil] => 6.2.2.1.3.03.00
            [Valor] => 170439.51
            [ValorF] => 170.439,51
            [TipoValor] => ending_balance
            [NaturezaValor] => D
            [PoderOrgao] => 10131
            [FinanceiroPermanente] => 
            [DividaConsolidada] => 
            [FonteRecurso] => 1.211.0000
            [ComplementoFonteRecurso] => 
            [NaturezaReceita] => 
            [NaturezaDespesa] => 3.3.90.30.03
            [FuncaoSubfuncao] => 10.303
            [AnoInscricaoRestosAPagar] => 
            [DespesasMDEeASPS] => 
        )

    [1520] => Array
        (
            [ContaContabil] => 6.2.2.1.3.03.00
            [Valor] => 35682.97
            [ValorF] => 35.682,97
            [TipoValor] => period_change
            [NaturezaValor] => C
            [PoderOrgao] => 10131
            [FinanceiroPermanente] => 
            [DividaConsolidada] => 
            [FonteRecurso] => 1.211.0000
            [ComplementoFonteRecurso] => 
            [NaturezaReceita] => 
            [NaturezaDespesa] => 3.3.90.30.03
            [FuncaoSubfuncao] => 10.303
            [AnoInscricaoRestosAPagar] => 
            [DespesasMDEeASPS] => 
        )

    [1521] => Array
        (
            [ContaContabil] => 6.2.2.1.3.03.00
            [Valor] => 62141
            [ValorF] => 62.141,00
            [TipoValor] => period_change
            [NaturezaValor] => D
            [PoderOrgao] => 10131
            [FinanceiroPermanente] => 
            [DividaConsolidada] => 
            [FonteRecurso] => 1.211.0000
            [ComplementoFonteRecurso] => 
            [NaturezaReceita] => 
            [NaturezaDespesa] => 3.3.90.30.03
            [FuncaoSubfuncao] => 10.303
            [AnoInscricaoRestosAPagar] => 
            [DespesasMDEeASPS] => 
        )

    [1522] => Array
        (
            [ContaContabil] => 6.2.2.1.3.03.00
            [Valor] => 966
            [ValorF] => 966,00
            [TipoValor] => beginning_balance
            [NaturezaValor] => C
            [PoderOrgao] => 10131
            [FinanceiroPermanente] => 
            [DividaConsolidada] => 
            [FonteRecurso] => 1.211.0000
            [ComplementoFonteRecurso] => 
            [NaturezaReceita] => 
            [NaturezaDespesa] => 3.3.90.30.03
            [FuncaoSubfuncao] => 10.304
            [AnoInscricaoRestosAPagar] => 
            [DespesasMDEeASPS] => 
        )

    [1523] => Array
        (
            [ContaContabil] => 6.2.2.1.3.03.00
            [Valor] => 966
            [ValorF] => 966,00
            [TipoValor] => beginning_balance
            [NaturezaValor] => D
            [PoderOrgao] => 10131
            [FinanceiroPermanente] => 
            [DividaConsolidada] => 
            [FonteRecurso] => 1.211.0000
            [ComplementoFonteRecurso] => 
            [NaturezaReceita] => 
            [NaturezaDespesa] => 3.3.90.30.03
            [FuncaoSubfuncao] => 10.304
            [AnoInscricaoRestosAPagar] => 
            [DespesasMDEeASPS] => 
        )

    [1524] => Array
        (
            [ContaContabil] => 6.2.2.1.3.03.00
            [Valor] => 966
            [ValorF] => 966,00
            [TipoValor] => ending_balance
            [NaturezaValor] => C
            [PoderOrgao] => 10131
            [FinanceiroPermanente] => 
            [DividaConsolidada] => 
            [FonteRecurso] => 1.211.0000
            [ComplementoFonteRecurso] => 
            [NaturezaReceita] => 
            [NaturezaDespesa] => 3.3.90.30.03
            [FuncaoSubfuncao] => 10.304
            [AnoInscricaoRestosAPagar] => 
            [DespesasMDEeASPS] => 
        )

    [1525] => Array
        (
            [ContaContabil] => 6.2.2.1.3.03.00
            [Valor] => 966
            [ValorF] => 966,00
            [TipoValor] => ending_balance
            [NaturezaValor] => D
            [PoderOrgao] => 10131
            [FinanceiroPermanente] => 
            [DividaConsolidada] => 
            [FonteRecurso] => 1.211.0000
            [ComplementoFonteRecurso] => 
            [NaturezaReceita] => 
            [NaturezaDespesa] => 3.3.90.30.03
            [FuncaoSubfuncao] => 10.304
            [AnoInscricaoRestosAPagar] => 
            [DespesasMDEeASPS] => 
        )

    [1526] => Array
        (
            [ContaContabil] => 6.2.2.1.3.03.00
            [Valor] => 28686.09
            [ValorF] => 28.686,09
            [TipoValor] => beginning_balance
            [NaturezaValor] => C
            [PoderOrgao] => 10131
            [FinanceiroPermanente] => 
            [DividaConsolidada] => 
            [FonteRecurso] => 1.211.0000
            [ComplementoFonteRecurso] => 
            [NaturezaReceita] => 
            [NaturezaDespesa] => 3.3.90.30.03
            [FuncaoSubfuncao] => 10.305
            [AnoInscricaoRestosAPagar] => 
            [DespesasMDEeASPS] => 
        )

    [1527] => Array
        (
            [ContaContabil] => 6.2.2.1.3.03.00
            [Valor] => 28686.09
            [ValorF] => 28.686,09
            [TipoValor] => beginning_balance
            [NaturezaValor] => D
            [PoderOrgao] => 10131
            [FinanceiroPermanente] => 
            [DividaConsolidada] => 
            [FonteRecurso] => 1.211.0000
            [ComplementoFonteRecurso] => 
            [NaturezaReceita] => 
            [NaturezaDespesa] => 3.3.90.30.03
            [FuncaoSubfuncao] => 10.305
            [AnoInscricaoRestosAPagar] => 
            [DespesasMDEeASPS] => 
        )

    [1528] => Array
        (
            [ContaContabil] => 6.2.2.1.3.03.00
            [Valor] => 28686.09
            [ValorF] => 28.686,09
            [TipoValor] => ending_balance
            [NaturezaValor] => C
            [PoderOrgao] => 10131
            [FinanceiroPermanente] => 
            [DividaConsolidada] => 
            [FonteRecurso] => 1.211.0000
            [ComplementoFonteRecurso] => 
            [NaturezaReceita] => 
            [NaturezaDespesa] => 3.3.90.30.03
            [FuncaoSubfuncao] => 10.305
            [AnoInscricaoRestosAPagar] => 
            [DespesasMDEeASPS] => 
        )

    [1529] => Array
        (
            [ContaContabil] => 6.2.2.1.3.03.00
            [Valor] => 28686.09
            [ValorF] => 28.686,09
            [TipoValor] => ending_balance
            [NaturezaValor] => D
            [PoderOrgao] => 10131
            [FinanceiroPermanente] => 
            [DividaConsolidada] => 
            [FonteRecurso] => 1.211.0000
            [ComplementoFonteRecurso] => 
            [NaturezaReceita] => 
            [NaturezaDespesa] => 3.3.90.30.03
            [FuncaoSubfuncao] => 10.305
            [AnoInscricaoRestosAPagar] => 
            [DespesasMDEeASPS] => 
        )

    [1530] => Array
        (
            [ContaContabil] => 6.2.2.1.3.03.00
            [Valor] => 69102.5
            [ValorF] => 69.102,50
            [TipoValor] => beginning_balance
            [NaturezaValor] => C
            [PoderOrgao] => 10131
            [FinanceiroPermanente] => 
            [DividaConsolidada] => 
            [FonteRecurso] => 1.211.0000
            [ComplementoFonteRecurso] => 
            [NaturezaReceita] => 
            [NaturezaDespesa] => 3.3.90.30.03
            [FuncaoSubfuncao] => 10.785
            [AnoInscricaoRestosAPagar] => 
            [DespesasMDEeASPS] => 
        )

    [1531] => Array
        (
            [ContaContabil] => 6.2.2.1.3.03.00
            [Valor] => 67035.39
            [ValorF] => 67.035,39
            [TipoValor] => beginning_balance
            [NaturezaValor] => D
            [PoderOrgao] => 10131
            [FinanceiroPermanente] => 
            [DividaConsolidada] => 
            [FonteRecurso] => 1.211.0000
            [ComplementoFonteRecurso] => 
            [NaturezaReceita] => 
            [NaturezaDespesa] => 3.3.90.30.03
            [FuncaoSubfuncao] => 10.785
            [AnoInscricaoRestosAPagar] => 
            [DespesasMDEeASPS] => 
        )

    [1532] => Array
        (
            [ContaContabil] => 6.2.2.1.3.03.00
            [Valor] => 77014.03
            [ValorF] => 77.014,03
            [TipoValor] => ending_balance
            [NaturezaValor] => C
            [PoderOrgao] => 10131
            [FinanceiroPermanente] => 
            [DividaConsolidada] => 
            [FonteRecurso] => 1.211.0000
            [ComplementoFonteRecurso] => 
            [NaturezaReceita] => 
            [NaturezaDespesa] => 3.3.90.30.03
            [FuncaoSubfuncao] => 10.785
            [AnoInscricaoRestosAPagar] => 
            [DespesasMDEeASPS] => 
        )

    [1533] => Array
        (
            [ContaContabil] => 6.2.2.1.3.03.00
            [Valor] => 76329.03
            [ValorF] => 76.329,03
            [TipoValor] => ending_balance
            [NaturezaValor] => D
            [PoderOrgao] => 10131
            [FinanceiroPermanente] => 
            [DividaConsolidada] => 
            [FonteRecurso] => 1.211.0000
            [ComplementoFonteRecurso] => 
            [NaturezaReceita] => 
            [NaturezaDespesa] => 3.3.90.30.03
            [FuncaoSubfuncao] => 10.785
            [AnoInscricaoRestosAPagar] => 
            [DespesasMDEeASPS] => 
        )

    [1534] => Array
        (
            [ContaContabil] => 6.2.2.1.3.03.00
            [Valor] => 7911.53
            [ValorF] => 7.911,53
            [TipoValor] => period_change
            [NaturezaValor] => C
            [PoderOrgao] => 10131
            [FinanceiroPermanente] => 
            [DividaConsolidada] => 
            [FonteRecurso] => 1.211.0000
            [ComplementoFonteRecurso] => 
            [NaturezaReceita] => 
            [NaturezaDespesa] => 3.3.90.30.03
            [FuncaoSubfuncao] => 10.785
            [AnoInscricaoRestosAPagar] => 
            [DespesasMDEeASPS] => 
        )

    [1535] => Array
        (
            [ContaContabil] => 6.2.2.1.3.03.00
            [Valor] => 9293.64
            [ValorF] => 9.293,64
            [TipoValor] => period_change
            [NaturezaValor] => D
            [PoderOrgao] => 10131
            [FinanceiroPermanente] => 
            [DividaConsolidada] => 
            [FonteRecurso] => 1.211.0000
            [ComplementoFonteRecurso] => 
            [NaturezaReceita] => 
            [NaturezaDespesa] => 3.3.90.30.03
            [FuncaoSubfuncao] => 10.785
            [AnoInscricaoRestosAPagar] => 
            [DespesasMDEeASPS] => 
        )

    [1536] => Array
        (
            [ContaContabil] => 6.2.2.1.3.03.00
            [Valor] => 2718.8
            [ValorF] => 2.718,80
            [TipoValor] => beginning_balance
            [NaturezaValor] => C
            [PoderOrgao] => 10131
            [FinanceiroPermanente] => 
            [DividaConsolidada] => 
            [FonteRecurso] => 1.290.0000
            [ComplementoFonteRecurso] => 
            [NaturezaReceita] => 
            [NaturezaDespesa] => 3.3.90.30.03
            [FuncaoSubfuncao] => 10.305
            [AnoInscricaoRestosAPagar] => 
            [DespesasMDEeASPS] => 
        )

    [1537] => Array
        (
            [ContaContabil] => 6.2.2.1.3.03.00
            [Valor] => 2718.8
            [ValorF] => 2.718,80
            [TipoValor] => beginning_balance
            [NaturezaValor] => D
            [PoderOrgao] => 10131
            [FinanceiroPermanente] => 
            [DividaConsolidada] => 
            [FonteRecurso] => 1.290.0000
            [ComplementoFonteRecurso] => 
            [NaturezaReceita] => 
            [NaturezaDespesa] => 3.3.90.30.03
            [FuncaoSubfuncao] => 10.305
            [AnoInscricaoRestosAPagar] => 
            [DespesasMDEeASPS] => 
        )

    [1538] => Array
        (
            [ContaContabil] => 6.2.2.1.3.03.00
            [Valor] => 2718.8
            [ValorF] => 2.718,80
            [TipoValor] => ending_balance
            [NaturezaValor] => C
            [PoderOrgao] => 10131
            [FinanceiroPermanente] => 
            [DividaConsolidada] => 
            [FonteRecurso] => 1.290.0000
            [ComplementoFonteRecurso] => 
            [NaturezaReceita] => 
            [NaturezaDespesa] => 3.3.90.30.03
            [FuncaoSubfuncao] => 10.305
            [AnoInscricaoRestosAPagar] => 
            [DespesasMDEeASPS] => 
        )

    [1539] => Array
        (
            [ContaContabil] => 6.2.2.1.3.03.00
            [Valor] => 2718.8
            [ValorF] => 2.718,80
            [TipoValor] => ending_balance
            [NaturezaValor] => D
            [PoderOrgao] => 10131
            [FinanceiroPermanente] => 
            [DividaConsolidada] => 
            [FonteRecurso] => 1.290.0000
            [ComplementoFonteRecurso] => 
            [NaturezaReceita] => 
            [NaturezaDespesa] => 3.3.90.30.03
            [FuncaoSubfuncao] => 10.305
            [AnoInscricaoRestosAPagar] => 
            [DespesasMDEeASPS] => 
        )

    [1540] => Array
        (
            [ContaContabil] => 6.2.2.1.3.03.00
            [Valor] => 43695.17
            [ValorF] => 43.695,17
            [TipoValor] => beginning_balance
            [NaturezaValor] => C
            [PoderOrgao] => 10131
            [FinanceiroPermanente] => 
            [DividaConsolidada] => 
            [FonteRecurso] => 1.213.0000
            [ComplementoFonteRecurso] => 
            [NaturezaReceita] => 
            [NaturezaDespesa] => 3.3.90.30.03
            [FuncaoSubfuncao] => 10.301
            [AnoInscricaoRestosAPagar] => 
            [DespesasMDEeASPS] => 
        )

    [1541] => Array
        (
            [ContaContabil] => 6.2.2.1.3.03.00
            [Valor] => 43695.17
            [ValorF] => 43.695,17
            [TipoValor] => beginning_balance
            [NaturezaValor] => D
            [PoderOrgao] => 10131
            [FinanceiroPermanente] => 
            [DividaConsolidada] => 
            [FonteRecurso] => 1.213.0000
            [ComplementoFonteRecurso] => 
            [NaturezaReceita] => 
            [NaturezaDespesa] => 3.3.90.30.03
            [FuncaoSubfuncao] => 10.301
            [AnoInscricaoRestosAPagar] => 
            [DespesasMDEeASPS] => 
        )

    [1542] => Array
        (
            [ContaContabil] => 6.2.2.1.3.03.00
            [Valor] => 43695.17
            [ValorF] => 43.695,17
            [TipoValor] => ending_balance
            [NaturezaValor] => C
            [PoderOrgao] => 10131
            [FinanceiroPermanente] => 
            [DividaConsolidada] => 
            [FonteRecurso] => 1.213.0000
            [ComplementoFonteRecurso] => 
            [NaturezaReceita] => 
            [NaturezaDespesa] => 3.3.90.30.03
            [FuncaoSubfuncao] => 10.301
            [AnoInscricaoRestosAPagar] => 
            [DespesasMDEeASPS] => 
        )

    [1543] => Array
        (
            [ContaContabil] => 6.2.2.1.3.03.00
            [Valor] => 43695.17
            [ValorF] => 43.695,17
            [TipoValor] => ending_balance
            [NaturezaValor] => D
            [PoderOrgao] => 10131
            [FinanceiroPermanente] => 
            [DividaConsolidada] => 
            [FonteRecurso] => 1.213.0000
            [ComplementoFonteRecurso] => 
            [NaturezaReceita] => 
            [NaturezaDespesa] => 3.3.90.30.03
            [FuncaoSubfuncao] => 10.301
            [AnoInscricaoRestosAPagar] => 
            [DespesasMDEeASPS] => 
        )

    [1544] => Array
        (
            [ContaContabil] => 6.2.2.1.3.03.00
            [Valor] => 2076.8
            [ValorF] => 2.076,80
            [TipoValor] => beginning_balance
            [NaturezaValor] => C
            [PoderOrgao] => 10131
            [FinanceiroPermanente] => 
            [DividaConsolidada] => 
            [FonteRecurso] => 1.214.0000
            [ComplementoFonteRecurso] => 
            [NaturezaReceita] => 
            [NaturezaDespesa] => 3.3.90.30.03
            [FuncaoSubfuncao] => 10.305
            [AnoInscricaoRestosAPagar] => 
            [DespesasMDEeASPS] => 
        )

    [1545] => Array
        (
            [ContaContabil] => 6.2.2.1.3.03.00
            [Valor] => 2076.8
            [ValorF] => 2.076,80
            [TipoValor] => beginning_balance
            [NaturezaValor] => D
            [PoderOrgao] => 10131
            [FinanceiroPermanente] => 
            [DividaConsolidada] => 
            [FonteRecurso] => 1.214.0000
            [ComplementoFonteRecurso] => 
            [NaturezaReceita] => 
            [NaturezaDespesa] => 3.3.90.30.03
            [FuncaoSubfuncao] => 10.305
            [AnoInscricaoRestosAPagar] => 
            [DespesasMDEeASPS] => 
        )

    [1546] => Array
        (
            [ContaContabil] => 6.2.2.1.3.03.00
            [Valor] => 2076.8
            [ValorF] => 2.076,80
            [TipoValor] => ending_balance
            [NaturezaValor] => C
            [PoderOrgao] => 10131
            [FinanceiroPermanente] => 
            [DividaConsolidada] => 
            [FonteRecurso] => 1.214.0000
            [ComplementoFonteRecurso] => 
            [NaturezaReceita] => 
            [NaturezaDespesa] => 3.3.90.30.03
            [FuncaoSubfuncao] => 10.305
            [AnoInscricaoRestosAPagar] => 
            [DespesasMDEeASPS] => 
        )

    [1547] => Array
        (
            [ContaContabil] => 6.2.2.1.3.03.00
            [Valor] => 2076.8
            [ValorF] => 2.076,80
            [TipoValor] => ending_balance
            [NaturezaValor] => D
            [PoderOrgao] => 10131
            [FinanceiroPermanente] => 
            [DividaConsolidada] => 
            [FonteRecurso] => 1.214.0000
            [ComplementoFonteRecurso] => 
            [NaturezaReceita] => 
            [NaturezaDespesa] => 3.3.90.30.03
            [FuncaoSubfuncao] => 10.305
            [AnoInscricaoRestosAPagar] => 
            [DespesasMDEeASPS] => 
        )

    [1548] => Array
        (
            [ContaContabil] => 6.2.2.1.3.03.00
            [Valor] => 8510.9
            [ValorF] => 8.510,90
            [TipoValor] => beginning_balance
            [NaturezaValor] => C
            [PoderOrgao] => 10131
            [FinanceiroPermanente] => 
            [DividaConsolidada] => 
            [FonteRecurso] => 1.214.0000
            [ComplementoFonteRecurso] => 
            [NaturezaReceita] => 
            [NaturezaDespesa] => 3.3.90.30.03
            [FuncaoSubfuncao] => 10.305
            [AnoInscricaoRestosAPagar] => 
            [DespesasMDEeASPS] => 
        )

    [1549] => Array
        (
            [ContaContabil] => 6.2.2.1.3.03.00
            [Valor] => 8510.9
            [ValorF] => 8.510,90
            [TipoValor] => beginning_balance
            [NaturezaValor] => D
            [PoderOrgao] => 10131
            [FinanceiroPermanente] => 
            [DividaConsolidada] => 
            [FonteRecurso] => 1.214.0000
            [ComplementoFonteRecurso] => 
            [NaturezaReceita] => 
            [NaturezaDespesa] => 3.3.90.30.03
            [FuncaoSubfuncao] => 10.305
            [AnoInscricaoRestosAPagar] => 
            [DespesasMDEeASPS] => 
        )

    [1550] => Array
        (
            [ContaContabil] => 6.2.2.1.3.03.00
            [Valor] => 20056.9
            [ValorF] => 20.056,90
            [TipoValor] => ending_balance
            [NaturezaValor] => C
            [PoderOrgao] => 10131
            [FinanceiroPermanente] => 
            [DividaConsolidada] => 
            [FonteRecurso] => 1.214.0000
            [ComplementoFonteRecurso] => 
            [NaturezaReceita] => 
            [NaturezaDespesa] => 3.3.90.30.03
            [FuncaoSubfuncao] => 10.305
            [AnoInscricaoRestosAPagar] => 
            [DespesasMDEeASPS] => 
        )

    [1551] => Array
        (
            [ContaContabil] => 6.2.2.1.3.03.00
            [Valor] => 20056.9
            [ValorF] => 20.056,90
            [TipoValor] => ending_balance
            [NaturezaValor] => D
            [PoderOrgao] => 10131
            [FinanceiroPermanente] => 
            [DividaConsolidada] => 
            [FonteRecurso] => 1.214.0000
            [ComplementoFonteRecurso] => 
            [NaturezaReceita] => 
            [NaturezaDespesa] => 3.3.90.30.03
            [FuncaoSubfuncao] => 10.305
            [AnoInscricaoRestosAPagar] => 
            [DespesasMDEeASPS] => 
        )

    [1552] => Array
        (
            [ContaContabil] => 6.2.2.1.3.03.00
            [Valor] => 11546
            [ValorF] => 11.546,00
            [TipoValor] => period_change
            [NaturezaValor] => C
            [PoderOrgao] => 10131
            [FinanceiroPermanente] => 
            [DividaConsolidada] => 
            [FonteRecurso] => 1.214.0000
            [ComplementoFonteRecurso] => 
            [NaturezaReceita] => 
            [NaturezaDespesa] => 3.3.90.30.03
            [FuncaoSubfuncao] => 10.305
            [AnoInscricaoRestosAPagar] => 
            [DespesasMDEeASPS] => 
        )

    [1553] => Array
        (
            [ContaContabil] => 6.2.2.1.3.03.00
            [Valor] => 11546
            [ValorF] => 11.546,00
            [TipoValor] => period_change
            [NaturezaValor] => D
            [PoderOrgao] => 10131
            [FinanceiroPermanente] => 
            [DividaConsolidada] => 
            [FonteRecurso] => 1.214.0000
            [ComplementoFonteRecurso] => 
            [NaturezaReceita] => 
            [NaturezaDespesa] => 3.3.90.30.03
            [FuncaoSubfuncao] => 10.305
            [AnoInscricaoRestosAPagar] => 
            [DespesasMDEeASPS] => 
        )

    [1554] => Array
        (
            [ContaContabil] => 6.2.2.1.3.03.00
            [Valor] => 2184.06
            [ValorF] => 2.184,06
            [TipoValor] => beginning_balance
            [NaturezaValor] => C
            [PoderOrgao] => 10131
            [FinanceiroPermanente] => 
            [DividaConsolidada] => 
            [FonteRecurso] => 1.214.0000
            [ComplementoFonteRecurso] => 
            [NaturezaReceita] => 
            [NaturezaDespesa] => 3.3.90.30.03
            [FuncaoSubfuncao] => 10.301
            [AnoInscricaoRestosAPagar] => 
            [DespesasMDEeASPS] => 
        )

    [1555] => Array
        (
            [ContaContabil] => 6.2.2.1.3.03.00
            [Valor] => 2184.06
            [ValorF] => 2.184,06
            [TipoValor] => beginning_balance
            [NaturezaValor] => D
            [PoderOrgao] => 10131
            [FinanceiroPermanente] => 
            [DividaConsolidada] => 
            [FonteRecurso] => 1.214.0000
            [ComplementoFonteRecurso] => 
            [NaturezaReceita] => 
            [NaturezaDespesa] => 3.3.90.30.03
            [FuncaoSubfuncao] => 10.301
            [AnoInscricaoRestosAPagar] => 
            [DespesasMDEeASPS] => 
        )

    [1556] => Array
        (
            [ContaContabil] => 6.2.2.1.3.03.00
            [Valor] => 2184.06
            [ValorF] => 2.184,06
            [TipoValor] => ending_balance
            [NaturezaValor] => C
            [PoderOrgao] => 10131
            [FinanceiroPermanente] => 
            [DividaConsolidada] => 
            [FonteRecurso] => 1.214.0000
            [ComplementoFonteRecurso] => 
            [NaturezaReceita] => 
            [NaturezaDespesa] => 3.3.90.30.03
            [FuncaoSubfuncao] => 10.301
            [AnoInscricaoRestosAPagar] => 
            [DespesasMDEeASPS] => 
        )

    [1557] => Array
        (
            [ContaContabil] => 6.2.2.1.3.03.00
            [Valor] => 2184.06
            [ValorF] => 2.184,06
            [TipoValor] => ending_balance
            [NaturezaValor] => D
            [PoderOrgao] => 10131
            [FinanceiroPermanente] => 
            [DividaConsolidada] => 
            [FonteRecurso] => 1.214.0000
            [ComplementoFonteRecurso] => 
            [NaturezaReceita] => 
            [NaturezaDespesa] => 3.3.90.30.03
            [FuncaoSubfuncao] => 10.301
            [AnoInscricaoRestosAPagar] => 
            [DespesasMDEeASPS] => 
        )

    [1558] => Array
        (
            [ContaContabil] => 6.2.2.1.3.03.00
            [Valor] => 16906.68
            [ValorF] => 16.906,68
            [TipoValor] => beginning_balance
            [NaturezaValor] => C
            [PoderOrgao] => 10131
            [FinanceiroPermanente] => 
            [DividaConsolidada] => 
            [FonteRecurso] => 1.211.0000
            [ComplementoFonteRecurso] => 
            [NaturezaReceita] => 
            [NaturezaDespesa] => 3.3.90.32.03
            [FuncaoSubfuncao] => 10.303
            [AnoInscricaoRestosAPagar] => 
            [DespesasMDEeASPS] => 
        )

    [1559] => Array
        (
            [ContaContabil] => 6.2.2.1.3.03.00
            [Valor] => 16012.01
            [ValorF] => 16.012,01
            [TipoValor] => beginning_balance
            [NaturezaValor] => D
            [PoderOrgao] => 10131
            [FinanceiroPermanente] => 
            [DividaConsolidada] => 
            [FonteRecurso] => 1.211.0000
            [ComplementoFonteRecurso] => 
            [NaturezaReceita] => 
            [NaturezaDespesa] => 3.3.90.32.03
            [FuncaoSubfuncao] => 10.303
            [AnoInscricaoRestosAPagar] => 
            [DespesasMDEeASPS] => 
        )

    [1560] => Array
        (
            [ContaContabil] => 6.2.2.1.3.03.00
            [Valor] => 20489.27
            [ValorF] => 20.489,27
            [TipoValor] => ending_balance
            [NaturezaValor] => C
            [PoderOrgao] => 10131
            [FinanceiroPermanente] => 
            [DividaConsolidada] => 
            [FonteRecurso] => 1.211.0000
            [ComplementoFonteRecurso] => 
            [NaturezaReceita] => 
            [NaturezaDespesa] => 3.3.90.32.03
            [FuncaoSubfuncao] => 10.303
            [AnoInscricaoRestosAPagar] => 
            [DespesasMDEeASPS] => 
        )

    [1561] => Array
        (
            [ContaContabil] => 6.2.2.1.3.03.00
            [Valor] => 20489.27
            [ValorF] => 20.489,27
            [TipoValor] => ending_balance
            [NaturezaValor] => D
            [PoderOrgao] => 10131
            [FinanceiroPermanente] => 
            [DividaConsolidada] => 
            [FonteRecurso] => 1.211.0000
            [ComplementoFonteRecurso] => 
            [NaturezaReceita] => 
            [NaturezaDespesa] => 3.3.90.32.03
            [FuncaoSubfuncao] => 10.303
            [AnoInscricaoRestosAPagar] => 
            [DespesasMDEeASPS] => 
        )

    [1562] => Array
        (
            [ContaContabil] => 6.2.2.1.3.03.00
            [Valor] => 3582.59
            [ValorF] => 3.582,59
            [TipoValor] => period_change
            [NaturezaValor] => C
            [PoderOrgao] => 10131
            [FinanceiroPermanente] => 
            [DividaConsolidada] => 
            [FonteRecurso] => 1.211.0000
            [ComplementoFonteRecurso] => 
            [NaturezaReceita] => 
            [NaturezaDespesa] => 3.3.90.32.03
            [FuncaoSubfuncao] => 10.303
            [AnoInscricaoRestosAPagar] => 
            [DespesasMDEeASPS] => 
        )

    [1563] => Array
        (
            [ContaContabil] => 6.2.2.1.3.03.00
            [Valor] => 4477.26
            [ValorF] => 4.477,26
            [TipoValor] => period_change
            [NaturezaValor] => D
            [PoderOrgao] => 10131
            [FinanceiroPermanente] => 
            [DividaConsolidada] => 
            [FonteRecurso] => 1.211.0000
            [ComplementoFonteRecurso] => 
            [NaturezaReceita] => 
            [NaturezaDespesa] => 3.3.90.32.03
            [FuncaoSubfuncao] => 10.303
            [AnoInscricaoRestosAPagar] => 
            [DespesasMDEeASPS] => 
        )

    [1564] => Array
        (
            [ContaContabil] => 6.2.2.1.3.03.00
            [Valor] => 3310
            [ValorF] => 3.310,00
            [TipoValor] => beginning_balance
            [NaturezaValor] => C
            [PoderOrgao] => 10131
            [FinanceiroPermanente] => 
            [DividaConsolidada] => 
            [FonteRecurso] => 1.211.0000
            [ComplementoFonteRecurso] => 
            [NaturezaReceita] => 
            [NaturezaDespesa] => 3.3.90.32.03
            [FuncaoSubfuncao] => 10.305
            [AnoInscricaoRestosAPagar] => 
            [DespesasMDEeASPS] => 
        )

    [1565] => Array
        (
            [ContaContabil] => 6.2.2.1.3.03.00
            [Valor] => 3310
            [ValorF] => 3.310,00
            [TipoValor] => beginning_balance
            [NaturezaValor] => D
            [PoderOrgao] => 10131
            [FinanceiroPermanente] => 
            [DividaConsolidada] => 
            [FonteRecurso] => 1.211.0000
            [ComplementoFonteRecurso] => 
            [NaturezaReceita] => 
            [NaturezaDespesa] => 3.3.90.32.03
            [FuncaoSubfuncao] => 10.305
            [AnoInscricaoRestosAPagar] => 
            [DespesasMDEeASPS] => 
        )

    [1566] => Array
        (
            [ContaContabil] => 6.2.2.1.3.03.00
            [Valor] => 3310
            [ValorF] => 3.310,00
            [TipoValor] => ending_balance
            [NaturezaValor] => C
            [PoderOrgao] => 10131
            [FinanceiroPermanente] => 
            [DividaConsolidada] => 
            [FonteRecurso] => 1.211.0000
            [ComplementoFonteRecurso] => 
            [NaturezaReceita] => 
            [NaturezaDespesa] => 3.3.90.32.03
            [FuncaoSubfuncao] => 10.305
            [AnoInscricaoRestosAPagar] => 
            [DespesasMDEeASPS] => 
        )

    [1567] => Array
        (
            [ContaContabil] => 6.2.2.1.3.03.00
            [Valor] => 3310
            [ValorF] => 3.310,00
            [TipoValor] => ending_balance
            [NaturezaValor] => D
            [PoderOrgao] => 10131
            [FinanceiroPermanente] => 
            [DividaConsolidada] => 
            [FonteRecurso] => 1.211.0000
            [ComplementoFonteRecurso] => 
            [NaturezaReceita] => 
            [NaturezaDespesa] => 3.3.90.32.03
            [FuncaoSubfuncao] => 10.305
            [AnoInscricaoRestosAPagar] => 
            [DespesasMDEeASPS] => 
        )

    [1568] => Array
        (
            [ContaContabil] => 6.2.2.1.3.03.00
            [Valor] => 52246.58
            [ValorF] => 52.246,58
            [TipoValor] => beginning_balance
            [NaturezaValor] => C
            [PoderOrgao] => 10131
            [FinanceiroPermanente] => 
            [DividaConsolidada] => 
            [FonteRecurso] => 1.213.0000
            [ComplementoFonteRecurso] => 
            [NaturezaReceita] => 
            [NaturezaDespesa] => 3.3.90.32.03
            [FuncaoSubfuncao] => 10.303
            [AnoInscricaoRestosAPagar] => 
            [DespesasMDEeASPS] => 
        )

    [1569] => Array
        (
            [ContaContabil] => 6.2.2.1.3.03.00
            [Valor] => 52246.58
            [ValorF] => 52.246,58
            [TipoValor] => beginning_balance
            [NaturezaValor] => D
            [PoderOrgao] => 10131
            [FinanceiroPermanente] => 
            [DividaConsolidada] => 
            [FonteRecurso] => 1.213.0000
            [ComplementoFonteRecurso] => 
            [NaturezaReceita] => 
            [NaturezaDespesa] => 3.3.90.32.03
            [FuncaoSubfuncao] => 10.303
            [AnoInscricaoRestosAPagar] => 
            [DespesasMDEeASPS] => 
        )

    [1570] => Array
        (
            [ContaContabil] => 6.2.2.1.3.03.00
            [Valor] => 62308.49
            [ValorF] => 62.308,49
            [TipoValor] => ending_balance
            [NaturezaValor] => C
            [PoderOrgao] => 10131
            [FinanceiroPermanente] => 
            [DividaConsolidada] => 
            [FonteRecurso] => 1.213.0000
            [ComplementoFonteRecurso] => 
            [NaturezaReceita] => 
            [NaturezaDespesa] => 3.3.90.32.03
            [FuncaoSubfuncao] => 10.303
            [AnoInscricaoRestosAPagar] => 
            [DespesasMDEeASPS] => 
        )

    [1571] => Array
        (
            [ContaContabil] => 6.2.2.1.3.03.00
            [Valor] => 62308.49
            [ValorF] => 62.308,49
            [TipoValor] => ending_balance
            [NaturezaValor] => D
            [PoderOrgao] => 10131
            [FinanceiroPermanente] => 
            [DividaConsolidada] => 
            [FonteRecurso] => 1.213.0000
            [ComplementoFonteRecurso] => 
            [NaturezaReceita] => 
            [NaturezaDespesa] => 3.3.90.32.03
            [FuncaoSubfuncao] => 10.303
            [AnoInscricaoRestosAPagar] => 
            [DespesasMDEeASPS] => 
        )

    [1572] => Array
        (
            [ContaContabil] => 6.2.2.1.3.03.00
            [Valor] => 10061.91
            [ValorF] => 10.061,91
            [TipoValor] => period_change
            [NaturezaValor] => C
            [PoderOrgao] => 10131
            [FinanceiroPermanente] => 
            [DividaConsolidada] => 
            [FonteRecurso] => 1.213.0000
            [ComplementoFonteRecurso] => 
            [NaturezaReceita] => 
            [NaturezaDespesa] => 3.3.90.32.03
            [FuncaoSubfuncao] => 10.303
            [AnoInscricaoRestosAPagar] => 
            [DespesasMDEeASPS] => 
        )

    [1573] => Array
        (
            [ContaContabil] => 6.2.2.1.3.03.00
            [Valor] => 10061.91
            [ValorF] => 10.061,91
            [TipoValor] => period_change
            [NaturezaValor] => D
            [PoderOrgao] => 10131
            [FinanceiroPermanente] => 
            [DividaConsolidada] => 
            [FonteRecurso] => 1.213.0000
            [ComplementoFonteRecurso] => 
            [NaturezaReceita] => 
            [NaturezaDespesa] => 3.3.90.32.03
            [FuncaoSubfuncao] => 10.303
            [AnoInscricaoRestosAPagar] => 
            [DespesasMDEeASPS] => 
        )

    [1574] => Array
        (
            [ContaContabil] => 6.2.2.1.3.03.00
            [Valor] => 380
            [ValorF] => 380,00
            [TipoValor] => beginning_balance
            [NaturezaValor] => C
            [PoderOrgao] => 10131
            [FinanceiroPermanente] => 
            [DividaConsolidada] => 
            [FonteRecurso] => 1.214.0000
            [ComplementoFonteRecurso] => 
            [NaturezaReceita] => 
            [NaturezaDespesa] => 3.3.90.32.03
            [FuncaoSubfuncao] => 10.303
            [AnoInscricaoRestosAPagar] => 
            [DespesasMDEeASPS] => 
        )

    [1575] => Array
        (
            [ContaContabil] => 6.2.2.1.3.03.00
            [Valor] => 380
            [ValorF] => 380,00
            [TipoValor] => beginning_balance
            [NaturezaValor] => D
            [PoderOrgao] => 10131
            [FinanceiroPermanente] => 
            [DividaConsolidada] => 
            [FonteRecurso] => 1.214.0000
            [ComplementoFonteRecurso] => 
            [NaturezaReceita] => 
            [NaturezaDespesa] => 3.3.90.32.03
            [FuncaoSubfuncao] => 10.303
            [AnoInscricaoRestosAPagar] => 
            [DespesasMDEeASPS] => 
        )

    [1576] => Array
        (
            [ContaContabil] => 6.2.2.1.3.03.00
            [Valor] => 380
            [ValorF] => 380,00
            [TipoValor] => ending_balance
            [NaturezaValor] => C
            [PoderOrgao] => 10131
            [FinanceiroPermanente] => 
            [DividaConsolidada] => 
            [FonteRecurso] => 1.214.0000
            [ComplementoFonteRecurso] => 
            [NaturezaReceita] => 
            [NaturezaDespesa] => 3.3.90.32.03
            [FuncaoSubfuncao] => 10.303
            [AnoInscricaoRestosAPagar] => 
            [DespesasMDEeASPS] => 
        )

    [1577] => Array
        (
            [ContaContabil] => 6.2.2.1.3.03.00
            [Valor] => 380
            [ValorF] => 380,00
            [TipoValor] => ending_balance
            [NaturezaValor] => D
            [PoderOrgao] => 10131
            [FinanceiroPermanente] => 
            [DividaConsolidada] => 
            [FonteRecurso] => 1.214.0000
            [ComplementoFonteRecurso] => 
            [NaturezaReceita] => 
            [NaturezaDespesa] => 3.3.90.32.03
            [FuncaoSubfuncao] => 10.303
            [AnoInscricaoRestosAPagar] => 
            [DespesasMDEeASPS] => 
        )

    [1578] => Array
        (
            [ContaContabil] => 6.2.2.1.3.03.00
            [Valor] => 30195.47
            [ValorF] => 30.195,47
            [TipoValor] => beginning_balance
            [NaturezaValor] => C
            [PoderOrgao] => 10131
            [FinanceiroPermanente] => 
            [DividaConsolidada] => 
            [FonteRecurso] => 1.214.0000
            [ComplementoFonteRecurso] => 
            [NaturezaReceita] => 
            [NaturezaDespesa] => 3.3.90.32.03
            [FuncaoSubfuncao] => 10.303
            [AnoInscricaoRestosAPagar] => 
            [DespesasMDEeASPS] => 
        )

    [1579] => Array
        (
            [ContaContabil] => 6.2.2.1.3.03.00
            [Valor] => 26649.72
            [ValorF] => 26.649,72
            [TipoValor] => beginning_balance
            [NaturezaValor] => D
            [PoderOrgao] => 10131
            [FinanceiroPermanente] => 
            [DividaConsolidada] => 
            [FonteRecurso] => 1.214.0000
            [ComplementoFonteRecurso] => 
            [NaturezaReceita] => 
            [NaturezaDespesa] => 3.3.90.32.03
            [FuncaoSubfuncao] => 10.303
            [AnoInscricaoRestosAPagar] => 
            [DespesasMDEeASPS] => 
        )

    [1580] => Array
        (
            [ContaContabil] => 6.2.2.1.3.03.00
            [Valor] => 30765.47
            [ValorF] => 30.765,47
            [TipoValor] => ending_balance
            [NaturezaValor] => C
            [PoderOrgao] => 10131
            [FinanceiroPermanente] => 
            [DividaConsolidada] => 
            [FonteRecurso] => 1.214.0000
            [ComplementoFonteRecurso] => 
            [NaturezaReceita] => 
            [NaturezaDespesa] => 3.3.90.32.03
            [FuncaoSubfuncao] => 10.303
            [AnoInscricaoRestosAPagar] => 
            [DespesasMDEeASPS] => 
        )

    [1581] => Array
        (
            [ContaContabil] => 6.2.2.1.3.03.00
            [Valor] => 30765.47
            [ValorF] => 30.765,47
            [TipoValor] => ending_balance
            [NaturezaValor] => D
            [PoderOrgao] => 10131
            [FinanceiroPermanente] => 
            [DividaConsolidada] => 
            [FonteRecurso] => 1.214.0000
            [ComplementoFonteRecurso] => 
            [NaturezaReceita] => 
            [NaturezaDespesa] => 3.3.90.32.03
            [FuncaoSubfuncao] => 10.303
            [AnoInscricaoRestosAPagar] => 
            [DespesasMDEeASPS] => 
        )

    [1582] => Array
        (
            [ContaContabil] => 6.2.2.1.3.03.00
            [Valor] => 570
            [ValorF] => 570,00
            [TipoValor] => period_change
            [NaturezaValor] => C
            [PoderOrgao] => 10131
            [FinanceiroPermanente] => 
            [DividaConsolidada] => 
            [FonteRecurso] => 1.214.0000
            [ComplementoFonteRecurso] => 
            [NaturezaReceita] => 
            [NaturezaDespesa] => 3.3.90.32.03
            [FuncaoSubfuncao] => 10.303
            [AnoInscricaoRestosAPagar] => 
            [DespesasMDEeASPS] => 
        )

    [1583] => Array
        (
            [ContaContabil] => 6.2.2.1.3.03.00
            [Valor] => 4115.75
            [ValorF] => 4.115,75
            [TipoValor] => period_change
            [NaturezaValor] => D
            [PoderOrgao] => 10131
            [FinanceiroPermanente] => 
            [DividaConsolidada] => 
            [FonteRecurso] => 1.214.0000
            [ComplementoFonteRecurso] => 
            [NaturezaReceita] => 
            [NaturezaDespesa] => 3.3.90.32.03
            [FuncaoSubfuncao] => 10.303
            [AnoInscricaoRestosAPagar] => 
            [DespesasMDEeASPS] => 
        )

    [1584] => Array
        (
            [ContaContabil] => 6.2.2.1.3.03.00
            [Valor] => 34888.93
            [ValorF] => 34.888,93
            [TipoValor] => beginning_balance
            [NaturezaValor] => C
            [PoderOrgao] => 10131
            [FinanceiroPermanente] => 
            [DividaConsolidada] => 
            [FonteRecurso] => 1.211.0000
            [ComplementoFonteRecurso] => 
            [NaturezaReceita] => 
            [NaturezaDespesa] => 3.3.90.33.03
            [FuncaoSubfuncao] => 10.785
            [AnoInscricaoRestosAPagar] => 
            [DespesasMDEeASPS] => 
        )

    [1585] => Array
        (
            [ContaContabil] => 6.2.2.1.3.03.00
            [Valor] => 34888.93
            [ValorF] => 34.888,93
            [TipoValor] => beginning_balance
            [NaturezaValor] => D
            [PoderOrgao] => 10131
            [FinanceiroPermanente] => 
            [DividaConsolidada] => 
            [FonteRecurso] => 1.211.0000
            [ComplementoFonteRecurso] => 
            [NaturezaReceita] => 
            [NaturezaDespesa] => 3.3.90.33.03
            [FuncaoSubfuncao] => 10.785
            [AnoInscricaoRestosAPagar] => 
            [DespesasMDEeASPS] => 
        )

    [1586] => Array
        (
            [ContaContabil] => 6.2.2.1.3.03.00
            [Valor] => 34888.93
            [ValorF] => 34.888,93
            [TipoValor] => ending_balance
            [NaturezaValor] => C
            [PoderOrgao] => 10131
            [FinanceiroPermanente] => 
            [DividaConsolidada] => 
            [FonteRecurso] => 1.211.0000
            [ComplementoFonteRecurso] => 
            [NaturezaReceita] => 
            [NaturezaDespesa] => 3.3.90.33.03
            [FuncaoSubfuncao] => 10.785
            [AnoInscricaoRestosAPagar] => 
            [DespesasMDEeASPS] => 
        )

    [1587] => Array
        (
            [ContaContabil] => 6.2.2.1.3.03.00
            [Valor] => 34888.93
            [ValorF] => 34.888,93
            [TipoValor] => ending_balance
            [NaturezaValor] => D
            [PoderOrgao] => 10131
            [FinanceiroPermanente] => 
            [DividaConsolidada] => 
            [FonteRecurso] => 1.211.0000
            [ComplementoFonteRecurso] => 
            [NaturezaReceita] => 
            [NaturezaDespesa] => 3.3.90.33.03
            [FuncaoSubfuncao] => 10.785
            [AnoInscricaoRestosAPagar] => 
            [DespesasMDEeASPS] => 
        )

    [1588] => Array
        (
            [ContaContabil] => 6.2.2.1.3.03.00
            [Valor] => 4750
            [ValorF] => 4.750,00
            [TipoValor] => beginning_balance
            [NaturezaValor] => C
            [PoderOrgao] => 10131
            [FinanceiroPermanente] => 
            [DividaConsolidada] => 
            [FonteRecurso] => 1.211.0000
            [ComplementoFonteRecurso] => 
            [NaturezaReceita] => 
            [NaturezaDespesa] => 3.3.90.36.03
            [FuncaoSubfuncao] => 10.302
            [AnoInscricaoRestosAPagar] => 
            [DespesasMDEeASPS] => 
        )

    [1589] => Array
        (
            [ContaContabil] => 6.2.2.1.3.03.00
            [Valor] => 4750
            [ValorF] => 4.750,00
            [TipoValor] => beginning_balance
            [NaturezaValor] => D
            [PoderOrgao] => 10131
            [FinanceiroPermanente] => 
            [DividaConsolidada] => 
            [FonteRecurso] => 1.211.0000
            [ComplementoFonteRecurso] => 
            [NaturezaReceita] => 
            [NaturezaDespesa] => 3.3.90.36.03
            [FuncaoSubfuncao] => 10.302
            [AnoInscricaoRestosAPagar] => 
            [DespesasMDEeASPS] => 
        )

    [1590] => Array
        (
            [ContaContabil] => 6.2.2.1.3.03.00
            [Valor] => 6250
            [ValorF] => 6.250,00
            [TipoValor] => ending_balance
            [NaturezaValor] => C
            [PoderOrgao] => 10131
            [FinanceiroPermanente] => 
            [DividaConsolidada] => 
            [FonteRecurso] => 1.211.0000
            [ComplementoFonteRecurso] => 
            [NaturezaReceita] => 
            [NaturezaDespesa] => 3.3.90.36.03
            [FuncaoSubfuncao] => 10.302
            [AnoInscricaoRestosAPagar] => 
            [DespesasMDEeASPS] => 
        )

    [1591] => Array
        (
            [ContaContabil] => 6.2.2.1.3.03.00
            [Valor] => 6250
            [ValorF] => 6.250,00
            [TipoValor] => ending_balance
            [NaturezaValor] => D
            [PoderOrgao] => 10131
            [FinanceiroPermanente] => 
            [DividaConsolidada] => 
            [FonteRecurso] => 1.211.0000
            [ComplementoFonteRecurso] => 
            [NaturezaReceita] => 
            [NaturezaDespesa] => 3.3.90.36.03
            [FuncaoSubfuncao] => 10.302
            [AnoInscricaoRestosAPagar] => 
            [DespesasMDEeASPS] => 
        )

    [1592] => Array
        (
            [ContaContabil] => 6.2.2.1.3.03.00
            [Valor] => 1500
            [ValorF] => 1.500,00
            [TipoValor] => period_change
            [NaturezaValor] => C
            [PoderOrgao] => 10131
            [FinanceiroPermanente] => 
            [DividaConsolidada] => 
            [FonteRecurso] => 1.211.0000
            [ComplementoFonteRecurso] => 
            [NaturezaReceita] => 
            [NaturezaDespesa] => 3.3.90.36.03
            [FuncaoSubfuncao] => 10.302
            [AnoInscricaoRestosAPagar] => 
            [DespesasMDEeASPS] => 
        )

    [1593] => Array
        (
            [ContaContabil] => 6.2.2.1.3.03.00
            [Valor] => 1500
            [ValorF] => 1.500,00
            [TipoValor] => period_change
            [NaturezaValor] => D
            [PoderOrgao] => 10131
            [FinanceiroPermanente] => 
            [DividaConsolidada] => 
            [FonteRecurso] => 1.211.0000
            [ComplementoFonteRecurso] => 
            [NaturezaReceita] => 
            [NaturezaDespesa] => 3.3.90.36.03
            [FuncaoSubfuncao] => 10.302
            [AnoInscricaoRestosAPagar] => 
            [DespesasMDEeASPS] => 
        )

    [1594] => Array
        (
            [ContaContabil] => 6.2.2.1.3.03.00
            [Valor] => 300
            [ValorF] => 300,00
            [TipoValor] => beginning_balance
            [NaturezaValor] => C
            [PoderOrgao] => 10131
            [FinanceiroPermanente] => 
            [DividaConsolidada] => 
            [FonteRecurso] => 1.211.0000
            [ComplementoFonteRecurso] => 
            [NaturezaReceita] => 
            [NaturezaDespesa] => 3.3.90.36.03
            [FuncaoSubfuncao] => 10.303
            [AnoInscricaoRestosAPagar] => 
            [DespesasMDEeASPS] => 
        )

    [1595] => Array
        (
            [ContaContabil] => 6.2.2.1.3.03.00
            [Valor] => 300
            [ValorF] => 300,00
            [TipoValor] => beginning_balance
            [NaturezaValor] => D
            [PoderOrgao] => 10131
            [FinanceiroPermanente] => 
            [DividaConsolidada] => 
            [FonteRecurso] => 1.211.0000
            [ComplementoFonteRecurso] => 
            [NaturezaReceita] => 
            [NaturezaDespesa] => 3.3.90.36.03
            [FuncaoSubfuncao] => 10.303
            [AnoInscricaoRestosAPagar] => 
            [DespesasMDEeASPS] => 
        )

    [1596] => Array
        (
            [ContaContabil] => 6.2.2.1.3.03.00
            [Valor] => 5300
            [ValorF] => 5.300,00
            [TipoValor] => ending_balance
            [NaturezaValor] => C
            [PoderOrgao] => 10131
            [FinanceiroPermanente] => 
            [DividaConsolidada] => 
            [FonteRecurso] => 1.211.0000
            [ComplementoFonteRecurso] => 
            [NaturezaReceita] => 
            [NaturezaDespesa] => 3.3.90.36.03
            [FuncaoSubfuncao] => 10.303
            [AnoInscricaoRestosAPagar] => 
            [DespesasMDEeASPS] => 
        )

    [1597] => Array
        (
            [ContaContabil] => 6.2.2.1.3.03.00
            [Valor] => 5300
            [ValorF] => 5.300,00
            [TipoValor] => ending_balance
            [NaturezaValor] => D
            [PoderOrgao] => 10131
            [FinanceiroPermanente] => 
            [DividaConsolidada] => 
            [FonteRecurso] => 1.211.0000
            [ComplementoFonteRecurso] => 
            [NaturezaReceita] => 
            [NaturezaDespesa] => 3.3.90.36.03
            [FuncaoSubfuncao] => 10.303
            [AnoInscricaoRestosAPagar] => 
            [DespesasMDEeASPS] => 
        )

    [1598] => Array
        (
            [ContaContabil] => 6.2.2.1.3.03.00
            [Valor] => 5000
            [ValorF] => 5.000,00
            [TipoValor] => period_change
            [NaturezaValor] => C
            [PoderOrgao] => 10131
            [FinanceiroPermanente] => 
            [DividaConsolidada] => 
            [FonteRecurso] => 1.211.0000
            [ComplementoFonteRecurso] => 
            [NaturezaReceita] => 
            [NaturezaDespesa] => 3.3.90.36.03
            [FuncaoSubfuncao] => 10.303
            [AnoInscricaoRestosAPagar] => 
            [DespesasMDEeASPS] => 
        )

    [1599] => Array
        (
            [ContaContabil] => 6.2.2.1.3.03.00
            [Valor] => 5000
            [ValorF] => 5.000,00
            [TipoValor] => period_change
            [NaturezaValor] => D
            [PoderOrgao] => 10131
            [FinanceiroPermanente] => 
            [DividaConsolidada] => 
            [FonteRecurso] => 1.211.0000
            [ComplementoFonteRecurso] => 
            [NaturezaReceita] => 
            [NaturezaDespesa] => 3.3.90.36.03
            [FuncaoSubfuncao] => 10.303
            [AnoInscricaoRestosAPagar] => 
            [DespesasMDEeASPS] => 
        )

    [1600] => Array
        (
            [ContaContabil] => 6.2.2.1.3.03.00
            [Valor] => 10463.72
            [ValorF] => 10.463,72
            [TipoValor] => beginning_balance
            [NaturezaValor] => C
            [PoderOrgao] => 10131
            [FinanceiroPermanente] => 
            [DividaConsolidada] => 
            [FonteRecurso] => 1.211.0000
            [ComplementoFonteRecurso] => 
            [NaturezaReceita] => 
            [NaturezaDespesa] => 3.3.90.39.03
            [FuncaoSubfuncao] => 10.122
            [AnoInscricaoRestosAPagar] => 
            [DespesasMDEeASPS] => 
        )

    [1601] => Array
        (
            [ContaContabil] => 6.2.2.1.3.03.00
            [Valor] => 10193.22
            [ValorF] => 10.193,22
            [TipoValor] => beginning_balance
            [NaturezaValor] => D
            [PoderOrgao] => 10131
            [FinanceiroPermanente] => 
            [DividaConsolidada] => 
            [FonteRecurso] => 1.211.0000
            [ComplementoFonteRecurso] => 
            [NaturezaReceita] => 
            [NaturezaDespesa] => 3.3.90.39.03
            [FuncaoSubfuncao] => 10.122
            [AnoInscricaoRestosAPagar] => 
            [DespesasMDEeASPS] => 
        )

    [1602] => Array
        (
            [ContaContabil] => 6.2.2.1.3.03.00
            [Valor] => 12477.26
            [ValorF] => 12.477,26
            [TipoValor] => ending_balance
            [NaturezaValor] => C
            [PoderOrgao] => 10131
            [FinanceiroPermanente] => 
            [DividaConsolidada] => 
            [FonteRecurso] => 1.211.0000
            [ComplementoFonteRecurso] => 
            [NaturezaReceita] => 
            [NaturezaDespesa] => 3.3.90.39.03
            [FuncaoSubfuncao] => 10.122
            [AnoInscricaoRestosAPagar] => 
            [DespesasMDEeASPS] => 
        )

    [1603] => Array
        (
            [ContaContabil] => 6.2.2.1.3.03.00
            [Valor] => 12477.26
            [ValorF] => 12.477,26
            [TipoValor] => ending_balance
            [NaturezaValor] => D
            [PoderOrgao] => 10131
            [FinanceiroPermanente] => 
            [DividaConsolidada] => 
            [FonteRecurso] => 1.211.0000
            [ComplementoFonteRecurso] => 
            [NaturezaReceita] => 
            [NaturezaDespesa] => 3.3.90.39.03
            [FuncaoSubfuncao] => 10.122
            [AnoInscricaoRestosAPagar] => 
            [DespesasMDEeASPS] => 
        )

    [1604] => Array
        (
            [ContaContabil] => 6.2.2.1.3.03.00
            [Valor] => 2013.54
            [ValorF] => 2.013,54
            [TipoValor] => period_change
            [NaturezaValor] => C
            [PoderOrgao] => 10131
            [FinanceiroPermanente] => 
            [DividaConsolidada] => 
            [FonteRecurso] => 1.211.0000
            [ComplementoFonteRecurso] => 
            [NaturezaReceita] => 
            [NaturezaDespesa] => 3.3.90.39.03
            [FuncaoSubfuncao] => 10.122
            [AnoInscricaoRestosAPagar] => 
            [DespesasMDEeASPS] => 
        )

    [1605] => Array
        (
            [ContaContabil] => 6.2.2.1.3.03.00
            [Valor] => 2284.04
            [ValorF] => 2.284,04
            [TipoValor] => period_change
            [NaturezaValor] => D
            [PoderOrgao] => 10131
            [FinanceiroPermanente] => 
            [DividaConsolidada] => 
            [FonteRecurso] => 1.211.0000
            [ComplementoFonteRecurso] => 
            [NaturezaReceita] => 
            [NaturezaDespesa] => 3.3.90.39.03
            [FuncaoSubfuncao] => 10.122
            [AnoInscricaoRestosAPagar] => 
            [DespesasMDEeASPS] => 
        )

    [1606] => Array
        (
            [ContaContabil] => 6.2.2.1.3.03.00
            [Valor] => 273288.37
            [ValorF] => 273.288,37
            [TipoValor] => beginning_balance
            [NaturezaValor] => C
            [PoderOrgao] => 10131
            [FinanceiroPermanente] => 
            [DividaConsolidada] => 
            [FonteRecurso] => 1.211.0000
            [ComplementoFonteRecurso] => 
            [NaturezaReceita] => 
            [NaturezaDespesa] => 3.3.90.39.03
            [FuncaoSubfuncao] => 10.301
            [AnoInscricaoRestosAPagar] => 
            [DespesasMDEeASPS] => 
        )

    [1607] => Array
        (
            [ContaContabil] => 6.2.2.1.3.03.00
            [Valor] => 268989.74
            [ValorF] => 268.989,74
            [TipoValor] => beginning_balance
            [NaturezaValor] => D
            [PoderOrgao] => 10131
            [FinanceiroPermanente] => 
            [DividaConsolidada] => 
            [FonteRecurso] => 1.211.0000
            [ComplementoFonteRecurso] => 
            [NaturezaReceita] => 
            [NaturezaDespesa] => 3.3.90.39.03
            [FuncaoSubfuncao] => 10.301
            [AnoInscricaoRestosAPagar] => 
            [DespesasMDEeASPS] => 
        )

    [1608] => Array
        (
            [ContaContabil] => 6.2.2.1.3.03.00
            [Valor] => 348427.49
            [ValorF] => 348.427,49
            [TipoValor] => ending_balance
            [NaturezaValor] => C
            [PoderOrgao] => 10131
            [FinanceiroPermanente] => 
            [DividaConsolidada] => 
            [FonteRecurso] => 1.211.0000
            [ComplementoFonteRecurso] => 
            [NaturezaReceita] => 
            [NaturezaDespesa] => 3.3.90.39.03
            [FuncaoSubfuncao] => 10.301
            [AnoInscricaoRestosAPagar] => 
            [DespesasMDEeASPS] => 
        )

    [1609] => Array
        (
            [ContaContabil] => 6.2.2.1.3.03.00
            [Valor] => 347657.49
            [ValorF] => 347.657,49
            [TipoValor] => ending_balance
            [NaturezaValor] => D
            [PoderOrgao] => 10131
            [FinanceiroPermanente] => 
            [DividaConsolidada] => 
            [FonteRecurso] => 1.211.0000
            [ComplementoFonteRecurso] => 
            [NaturezaReceita] => 
            [NaturezaDespesa] => 3.3.90.39.03
            [FuncaoSubfuncao] => 10.301
            [AnoInscricaoRestosAPagar] => 
            [DespesasMDEeASPS] => 
        )

    [1610] => Array
        (
            [ContaContabil] => 6.2.2.1.3.03.00
            [Valor] => 75139.12
            [ValorF] => 75.139,12
            [TipoValor] => period_change
            [NaturezaValor] => C
            [PoderOrgao] => 10131
            [FinanceiroPermanente] => 
            [DividaConsolidada] => 
            [FonteRecurso] => 1.211.0000
            [ComplementoFonteRecurso] => 
            [NaturezaReceita] => 
            [NaturezaDespesa] => 3.3.90.39.03
            [FuncaoSubfuncao] => 10.301
            [AnoInscricaoRestosAPagar] => 
            [DespesasMDEeASPS] => 
        )

    [1611] => Array
        (
            [ContaContabil] => 6.2.2.1.3.03.00
            [Valor] => 78667.75
            [ValorF] => 78.667,75
            [TipoValor] => period_change
            [NaturezaValor] => D
            [PoderOrgao] => 10131
            [FinanceiroPermanente] => 
            [DividaConsolidada] => 
            [FonteRecurso] => 1.211.0000
            [ComplementoFonteRecurso] => 
            [NaturezaReceita] => 
            [NaturezaDespesa] => 3.3.90.39.03
            [FuncaoSubfuncao] => 10.301
            [AnoInscricaoRestosAPagar] => 
            [DespesasMDEeASPS] => 
        )

    [1612] => Array
        (
            [ContaContabil] => 6.2.2.1.3.03.00
            [Valor] => 248911.55
            [ValorF] => 248.911,55
            [TipoValor] => beginning_balance
            [NaturezaValor] => C
            [PoderOrgao] => 10131
            [FinanceiroPermanente] => 
            [DividaConsolidada] => 
            [FonteRecurso] => 1.211.0000
            [ComplementoFonteRecurso] => 
            [NaturezaReceita] => 
            [NaturezaDespesa] => 3.3.90.39.03
            [FuncaoSubfuncao] => 10.302
            [AnoInscricaoRestosAPagar] => 
            [DespesasMDEeASPS] => 
        )

    [1613] => Array
        (
            [ContaContabil] => 6.2.2.1.3.03.00
            [Valor] => 245498.32
            [ValorF] => 245.498,32
            [TipoValor] => beginning_balance
            [NaturezaValor] => D
            [PoderOrgao] => 10131
            [FinanceiroPermanente] => 
            [DividaConsolidada] => 
            [FonteRecurso] => 1.211.0000
            [ComplementoFonteRecurso] => 
            [NaturezaReceita] => 
            [NaturezaDespesa] => 3.3.90.39.03
            [FuncaoSubfuncao] => 10.302
            [AnoInscricaoRestosAPagar] => 
            [DespesasMDEeASPS] => 
        )

    [1614] => Array
        (
            [ContaContabil] => 6.2.2.1.3.03.00
            [Valor] => 277615.49
            [ValorF] => 277.615,49
            [TipoValor] => ending_balance
            [NaturezaValor] => C
            [PoderOrgao] => 10131
            [FinanceiroPermanente] => 
            [DividaConsolidada] => 
            [FonteRecurso] => 1.211.0000
            [ComplementoFonteRecurso] => 
            [NaturezaReceita] => 
            [NaturezaDespesa] => 3.3.90.39.03
            [FuncaoSubfuncao] => 10.302
            [AnoInscricaoRestosAPagar] => 
            [DespesasMDEeASPS] => 
        )

    [1615] => Array
        (
            [ContaContabil] => 6.2.2.1.3.03.00
            [Valor] => 277615.49
            [ValorF] => 277.615,49
            [TipoValor] => ending_balance
            [NaturezaValor] => D
            [PoderOrgao] => 10131
            [FinanceiroPermanente] => 
            [DividaConsolidada] => 
            [FonteRecurso] => 1.211.0000
            [ComplementoFonteRecurso] => 
            [NaturezaReceita] => 
            [NaturezaDespesa] => 3.3.90.39.03
            [FuncaoSubfuncao] => 10.302
            [AnoInscricaoRestosAPagar] => 
            [DespesasMDEeASPS] => 
        )

    [1616] => Array
        (
            [ContaContabil] => 6.2.2.1.3.03.00
            [Valor] => 28703.94
            [ValorF] => 28.703,94
            [TipoValor] => period_change
            [NaturezaValor] => C
            [PoderOrgao] => 10131
            [FinanceiroPermanente] => 
            [DividaConsolidada] => 
            [FonteRecurso] => 1.211.0000
            [ComplementoFonteRecurso] => 
            [NaturezaReceita] => 
            [NaturezaDespesa] => 3.3.90.39.03
            [FuncaoSubfuncao] => 10.302
            [AnoInscricaoRestosAPagar] => 
            [DespesasMDEeASPS] => 
        )

    [1617] => Array
        (
            [ContaContabil] => 6.2.2.1.3.03.00
            [Valor] => 32117.17
            [ValorF] => 32.117,17
            [TipoValor] => period_change
            [NaturezaValor] => D
            [PoderOrgao] => 10131
            [FinanceiroPermanente] => 
            [DividaConsolidada] => 
            [FonteRecurso] => 1.211.0000
            [ComplementoFonteRecurso] => 
            [NaturezaReceita] => 
            [NaturezaDespesa] => 3.3.90.39.03
            [FuncaoSubfuncao] => 10.302
            [AnoInscricaoRestosAPagar] => 
            [DespesasMDEeASPS] => 
        )

    [1618] => Array
        (
            [ContaContabil] => 6.2.2.1.3.03.00
            [Valor] => 145088.28
            [ValorF] => 145.088,28
            [TipoValor] => beginning_balance
            [NaturezaValor] => C
            [PoderOrgao] => 10131
            [FinanceiroPermanente] => 
            [DividaConsolidada] => 
            [FonteRecurso] => 1.211.0000
            [ComplementoFonteRecurso] => 
            [NaturezaReceita] => 
            [NaturezaDespesa] => 3.3.90.39.03
            [FuncaoSubfuncao] => 10.303
            [AnoInscricaoRestosAPagar] => 
            [DespesasMDEeASPS] => 
        )

    [1619] => Array
        (
            [ContaContabil] => 6.2.2.1.3.03.00
            [Valor] => 140588.28
            [ValorF] => 140.588,28
            [TipoValor] => beginning_balance
            [NaturezaValor] => D
            [PoderOrgao] => 10131
            [FinanceiroPermanente] => 
            [DividaConsolidada] => 
            [FonteRecurso] => 1.211.0000
            [ComplementoFonteRecurso] => 
            [NaturezaReceita] => 
            [NaturezaDespesa] => 3.3.90.39.03
            [FuncaoSubfuncao] => 10.303
            [AnoInscricaoRestosAPagar] => 
            [DespesasMDEeASPS] => 
        )

    [1620] => Array
        (
            [ContaContabil] => 6.2.2.1.3.03.00
            [Valor] => 167138.28
            [ValorF] => 167.138,28
            [TipoValor] => ending_balance
            [NaturezaValor] => C
            [PoderOrgao] => 10131
            [FinanceiroPermanente] => 
            [DividaConsolidada] => 
            [FonteRecurso] => 1.211.0000
            [ComplementoFonteRecurso] => 
            [NaturezaReceita] => 
            [NaturezaDespesa] => 3.3.90.39.03
            [FuncaoSubfuncao] => 10.303
            [AnoInscricaoRestosAPagar] => 
            [DespesasMDEeASPS] => 
        )

    [1621] => Array
        (
            [ContaContabil] => 6.2.2.1.3.03.00
            [Valor] => 161138.28
            [ValorF] => 161.138,28
            [TipoValor] => ending_balance
            [NaturezaValor] => D
            [PoderOrgao] => 10131
            [FinanceiroPermanente] => 
            [DividaConsolidada] => 
            [FonteRecurso] => 1.211.0000
            [ComplementoFonteRecurso] => 
            [NaturezaReceita] => 
            [NaturezaDespesa] => 3.3.90.39.03
            [FuncaoSubfuncao] => 10.303
            [AnoInscricaoRestosAPagar] => 
            [DespesasMDEeASPS] => 
        )

    [1622] => Array
        (
            [ContaContabil] => 6.2.2.1.3.03.00
            [Valor] => 22050
            [ValorF] => 22.050,00
            [TipoValor] => period_change
            [NaturezaValor] => C
            [PoderOrgao] => 10131
            [FinanceiroPermanente] => 
            [DividaConsolidada] => 
            [FonteRecurso] => 1.211.0000
            [ComplementoFonteRecurso] => 
            [NaturezaReceita] => 
            [NaturezaDespesa] => 3.3.90.39.03
            [FuncaoSubfuncao] => 10.303
            [AnoInscricaoRestosAPagar] => 
            [DespesasMDEeASPS] => 
        )

    [1623] => Array
        (
            [ContaContabil] => 6.2.2.1.3.03.00
            [Valor] => 20550
            [ValorF] => 20.550,00
            [TipoValor] => period_change
            [NaturezaValor] => D
            [PoderOrgao] => 10131
            [FinanceiroPermanente] => 
            [DividaConsolidada] => 
            [FonteRecurso] => 1.211.0000
            [ComplementoFonteRecurso] => 
            [NaturezaReceita] => 
            [NaturezaDespesa] => 3.3.90.39.03
            [FuncaoSubfuncao] => 10.303
            [AnoInscricaoRestosAPagar] => 
            [DespesasMDEeASPS] => 
        )

    [1624] => Array
        (
            [ContaContabil] => 6.2.2.1.3.03.00
            [Valor] => 21438.62
            [ValorF] => 21.438,62
            [TipoValor] => beginning_balance
            [NaturezaValor] => C
            [PoderOrgao] => 10131
            [FinanceiroPermanente] => 
            [DividaConsolidada] => 
            [FonteRecurso] => 1.211.0000
            [ComplementoFonteRecurso] => 
            [NaturezaReceita] => 
            [NaturezaDespesa] => 3.3.90.39.03
            [FuncaoSubfuncao] => 10.305
            [AnoInscricaoRestosAPagar] => 
            [DespesasMDEeASPS] => 
        )

    [1625] => Array
        (
            [ContaContabil] => 6.2.2.1.3.03.00
            [Valor] => 21438.62
            [ValorF] => 21.438,62
            [TipoValor] => beginning_balance
            [NaturezaValor] => D
            [PoderOrgao] => 10131
            [FinanceiroPermanente] => 
            [DividaConsolidada] => 
            [FonteRecurso] => 1.211.0000
            [ComplementoFonteRecurso] => 
            [NaturezaReceita] => 
            [NaturezaDespesa] => 3.3.90.39.03
            [FuncaoSubfuncao] => 10.305
            [AnoInscricaoRestosAPagar] => 
            [DespesasMDEeASPS] => 
        )

    [1626] => Array
        (
            [ContaContabil] => 6.2.2.1.3.03.00
            [Valor] => 27697.64
            [ValorF] => 27.697,64
            [TipoValor] => ending_balance
            [NaturezaValor] => C
            [PoderOrgao] => 10131
            [FinanceiroPermanente] => 
            [DividaConsolidada] => 
            [FonteRecurso] => 1.211.0000
            [ComplementoFonteRecurso] => 
            [NaturezaReceita] => 
            [NaturezaDespesa] => 3.3.90.39.03
            [FuncaoSubfuncao] => 10.305
            [AnoInscricaoRestosAPagar] => 
            [DespesasMDEeASPS] => 
        )

    [1627] => Array
        (
            [ContaContabil] => 6.2.2.1.3.03.00
            [Valor] => 27137.64
            [ValorF] => 27.137,64
            [TipoValor] => ending_balance
            [NaturezaValor] => D
            [PoderOrgao] => 10131
            [FinanceiroPermanente] => 
            [DividaConsolidada] => 
            [FonteRecurso] => 1.211.0000
            [ComplementoFonteRecurso] => 
            [NaturezaReceita] => 
            [NaturezaDespesa] => 3.3.90.39.03
            [FuncaoSubfuncao] => 10.305
            [AnoInscricaoRestosAPagar] => 
            [DespesasMDEeASPS] => 
        )

    [1628] => Array
        (
            [ContaContabil] => 6.2.2.1.3.03.00
            [Valor] => 6259.02
            [ValorF] => 6.259,02
            [TipoValor] => period_change
            [NaturezaValor] => C
            [PoderOrgao] => 10131
            [FinanceiroPermanente] => 
            [DividaConsolidada] => 
            [FonteRecurso] => 1.211.0000
            [ComplementoFonteRecurso] => 
            [NaturezaReceita] => 
            [NaturezaDespesa] => 3.3.90.39.03
            [FuncaoSubfuncao] => 10.305
            [AnoInscricaoRestosAPagar] => 
            [DespesasMDEeASPS] => 
        )

    [1629] => Array
        (
            [ContaContabil] => 6.2.2.1.3.03.00
            [Valor] => 5699.02
            [ValorF] => 5.699,02
            [TipoValor] => period_change
            [NaturezaValor] => D
            [PoderOrgao] => 10131
            [FinanceiroPermanente] => 
            [DividaConsolidada] => 
            [FonteRecurso] => 1.211.0000
            [ComplementoFonteRecurso] => 
            [NaturezaReceita] => 
            [NaturezaDespesa] => 3.3.90.39.03
            [FuncaoSubfuncao] => 10.305
            [AnoInscricaoRestosAPagar] => 
            [DespesasMDEeASPS] => 
        )

    [1630] => Array
        (
            [ContaContabil] => 6.2.2.1.3.03.00
            [Valor] => 20636.71
            [ValorF] => 20.636,71
            [TipoValor] => beginning_balance
            [NaturezaValor] => C
            [PoderOrgao] => 10131
            [FinanceiroPermanente] => 
            [DividaConsolidada] => 
            [FonteRecurso] => 1.211.0000
            [ComplementoFonteRecurso] => 
            [NaturezaReceita] => 
            [NaturezaDespesa] => 3.3.90.39.03
            [FuncaoSubfuncao] => 10.785
            [AnoInscricaoRestosAPagar] => 
            [DespesasMDEeASPS] => 
        )

    [1631] => Array
        (
            [ContaContabil] => 6.2.2.1.3.03.00
            [Valor] => 20636.71
            [ValorF] => 20.636,71
            [TipoValor] => beginning_balance
            [NaturezaValor] => D
            [PoderOrgao] => 10131
            [FinanceiroPermanente] => 
            [DividaConsolidada] => 
            [FonteRecurso] => 1.211.0000
            [ComplementoFonteRecurso] => 
            [NaturezaReceita] => 
            [NaturezaDespesa] => 3.3.90.39.03
            [FuncaoSubfuncao] => 10.785
            [AnoInscricaoRestosAPagar] => 
            [DespesasMDEeASPS] => 
        )

    [1632] => Array
        (
            [ContaContabil] => 6.2.2.1.3.03.00
            [Valor] => 28580.24
            [ValorF] => 28.580,24
            [TipoValor] => ending_balance
            [NaturezaValor] => C
            [PoderOrgao] => 10131
            [FinanceiroPermanente] => 
            [DividaConsolidada] => 
            [FonteRecurso] => 1.211.0000
            [ComplementoFonteRecurso] => 
            [NaturezaReceita] => 
            [NaturezaDespesa] => 3.3.90.39.03
            [FuncaoSubfuncao] => 10.785
            [AnoInscricaoRestosAPagar] => 
            [DespesasMDEeASPS] => 
        )

    [1633] => Array
        (
            [ContaContabil] => 6.2.2.1.3.03.00
            [Valor] => 28257.24
            [ValorF] => 28.257,24
            [TipoValor] => ending_balance
            [NaturezaValor] => D
            [PoderOrgao] => 10131
            [FinanceiroPermanente] => 
            [DividaConsolidada] => 
            [FonteRecurso] => 1.211.0000
            [ComplementoFonteRecurso] => 
            [NaturezaReceita] => 
            [NaturezaDespesa] => 3.3.90.39.03
            [FuncaoSubfuncao] => 10.785
            [AnoInscricaoRestosAPagar] => 
            [DespesasMDEeASPS] => 
        )

    [1634] => Array
        (
            [ContaContabil] => 6.2.2.1.3.03.00
            [Valor] => 7943.53
            [ValorF] => 7.943,53
            [TipoValor] => period_change
            [NaturezaValor] => C
            [PoderOrgao] => 10131
            [FinanceiroPermanente] => 
            [DividaConsolidada] => 
            [FonteRecurso] => 1.211.0000
            [ComplementoFonteRecurso] => 
            [NaturezaReceita] => 
            [NaturezaDespesa] => 3.3.90.39.03
            [FuncaoSubfuncao] => 10.785
            [AnoInscricaoRestosAPagar] => 
            [DespesasMDEeASPS] => 
        )

    [1635] => Array
        (
            [ContaContabil] => 6.2.2.1.3.03.00
            [Valor] => 7620.53
            [ValorF] => 7.620,53
            [TipoValor] => period_change
            [NaturezaValor] => D
            [PoderOrgao] => 10131
            [FinanceiroPermanente] => 
            [DividaConsolidada] => 
            [FonteRecurso] => 1.211.0000
            [ComplementoFonteRecurso] => 
            [NaturezaReceita] => 
            [NaturezaDespesa] => 3.3.90.39.03
            [FuncaoSubfuncao] => 10.785
            [AnoInscricaoRestosAPagar] => 
            [DespesasMDEeASPS] => 
        )

    [1636] => Array
        (
            [ContaContabil] => 6.2.2.1.3.03.00
            [Valor] => 97805
            [ValorF] => 97.805,00
            [TipoValor] => beginning_balance
            [NaturezaValor] => C
            [PoderOrgao] => 10131
            [FinanceiroPermanente] => 
            [DividaConsolidada] => 
            [FonteRecurso] => 1.214.0000
            [ComplementoFonteRecurso] => 
            [NaturezaReceita] => 
            [NaturezaDespesa] => 3.3.90.39.03
            [FuncaoSubfuncao] => 10.301
            [AnoInscricaoRestosAPagar] => 
            [DespesasMDEeASPS] => 
        )

    [1637] => Array
        (
            [ContaContabil] => 6.2.2.1.3.03.00
            [Valor] => 97805
            [ValorF] => 97.805,00
            [TipoValor] => beginning_balance
            [NaturezaValor] => D
            [PoderOrgao] => 10131
            [FinanceiroPermanente] => 
            [DividaConsolidada] => 
            [FonteRecurso] => 1.214.0000
            [ComplementoFonteRecurso] => 
            [NaturezaReceita] => 
            [NaturezaDespesa] => 3.3.90.39.03
            [FuncaoSubfuncao] => 10.301
            [AnoInscricaoRestosAPagar] => 
            [DespesasMDEeASPS] => 
        )

    [1638] => Array
        (
            [ContaContabil] => 6.2.2.1.3.03.00
            [Valor] => 101405
            [ValorF] => 101.405,00
            [TipoValor] => ending_balance
            [NaturezaValor] => C
            [PoderOrgao] => 10131
            [FinanceiroPermanente] => 
            [DividaConsolidada] => 
            [FonteRecurso] => 1.214.0000
            [ComplementoFonteRecurso] => 
            [NaturezaReceita] => 
            [NaturezaDespesa] => 3.3.90.39.03
            [FuncaoSubfuncao] => 10.301
            [AnoInscricaoRestosAPagar] => 
            [DespesasMDEeASPS] => 
        )

    [1639] => Array
        (
            [ContaContabil] => 6.2.2.1.3.03.00
            [Valor] => 101405
            [ValorF] => 101.405,00
            [TipoValor] => ending_balance
            [NaturezaValor] => D
            [PoderOrgao] => 10131
            [FinanceiroPermanente] => 
            [DividaConsolidada] => 
            [FonteRecurso] => 1.214.0000
            [ComplementoFonteRecurso] => 
            [NaturezaReceita] => 
            [NaturezaDespesa] => 3.3.90.39.03
            [FuncaoSubfuncao] => 10.301
            [AnoInscricaoRestosAPagar] => 
            [DespesasMDEeASPS] => 
        )

    [1640] => Array
        (
            [ContaContabil] => 6.2.2.1.3.03.00
            [Valor] => 3600
            [ValorF] => 3.600,00
            [TipoValor] => period_change
            [NaturezaValor] => C
            [PoderOrgao] => 10131
            [FinanceiroPermanente] => 
            [DividaConsolidada] => 
            [FonteRecurso] => 1.214.0000
            [ComplementoFonteRecurso] => 
            [NaturezaReceita] => 
            [NaturezaDespesa] => 3.3.90.39.03
            [FuncaoSubfuncao] => 10.301
            [AnoInscricaoRestosAPagar] => 
            [DespesasMDEeASPS] => 
        )

    [1641] => Array
        (
            [ContaContabil] => 6.2.2.1.3.03.00
            [Valor] => 3600
            [ValorF] => 3.600,00
            [TipoValor] => period_change
            [NaturezaValor] => D
            [PoderOrgao] => 10131
            [FinanceiroPermanente] => 
            [DividaConsolidada] => 
            [FonteRecurso] => 1.214.0000
            [ComplementoFonteRecurso] => 
            [NaturezaReceita] => 
            [NaturezaDespesa] => 3.3.90.39.03
            [FuncaoSubfuncao] => 10.301
            [AnoInscricaoRestosAPagar] => 
            [DespesasMDEeASPS] => 
        )

    [1642] => Array
        (
            [ContaContabil] => 6.2.2.1.3.03.00
            [Valor] => 5315
            [ValorF] => 5.315,00
            [TipoValor] => beginning_balance
            [NaturezaValor] => C
            [PoderOrgao] => 10131
            [FinanceiroPermanente] => 
            [DividaConsolidada] => 
            [FonteRecurso] => 1.214.0000
            [ComplementoFonteRecurso] => 
            [NaturezaReceita] => 
            [NaturezaDespesa] => 3.3.90.39.03
            [FuncaoSubfuncao] => 10.302
            [AnoInscricaoRestosAPagar] => 
            [DespesasMDEeASPS] => 
        )

    [1643] => Array
        (
            [ContaContabil] => 6.2.2.1.3.03.00
            [Valor] => 4635
            [ValorF] => 4.635,00
            [TipoValor] => beginning_balance
            [NaturezaValor] => D
            [PoderOrgao] => 10131
            [FinanceiroPermanente] => 
            [DividaConsolidada] => 
            [FonteRecurso] => 1.214.0000
            [ComplementoFonteRecurso] => 
            [NaturezaReceita] => 
            [NaturezaDespesa] => 3.3.90.39.03
            [FuncaoSubfuncao] => 10.302
            [AnoInscricaoRestosAPagar] => 
            [DespesasMDEeASPS] => 
        )

    [1644] => Array
        (
            [ContaContabil] => 6.2.2.1.3.03.00
            [Valor] => 5315
            [ValorF] => 5.315,00
            [TipoValor] => ending_balance
            [NaturezaValor] => C
            [PoderOrgao] => 10131
            [FinanceiroPermanente] => 
            [DividaConsolidada] => 
            [FonteRecurso] => 1.214.0000
            [ComplementoFonteRecurso] => 
            [NaturezaReceita] => 
            [NaturezaDespesa] => 3.3.90.39.03
            [FuncaoSubfuncao] => 10.302
            [AnoInscricaoRestosAPagar] => 
            [DespesasMDEeASPS] => 
        )

    [1645] => Array
        (
            [ContaContabil] => 6.2.2.1.3.03.00
            [Valor] => 5315
            [ValorF] => 5.315,00
            [TipoValor] => ending_balance
            [NaturezaValor] => D
            [PoderOrgao] => 10131
            [FinanceiroPermanente] => 
            [DividaConsolidada] => 
            [FonteRecurso] => 1.214.0000
            [ComplementoFonteRecurso] => 
            [NaturezaReceita] => 
            [NaturezaDespesa] => 3.3.90.39.03
            [FuncaoSubfuncao] => 10.302
            [AnoInscricaoRestosAPagar] => 
            [DespesasMDEeASPS] => 
        )

    [1646] => Array
        (
            [ContaContabil] => 6.2.2.1.3.03.00
            [Valor] => 680
            [ValorF] => 680,00
            [TipoValor] => period_change
            [NaturezaValor] => D
            [PoderOrgao] => 10131
            [FinanceiroPermanente] => 
            [DividaConsolidada] => 
            [FonteRecurso] => 1.214.0000
            [ComplementoFonteRecurso] => 
            [NaturezaReceita] => 
            [NaturezaDespesa] => 3.3.90.39.03
            [FuncaoSubfuncao] => 10.302
            [AnoInscricaoRestosAPagar] => 
            [DespesasMDEeASPS] => 
        )

    [1647] => Array
        (
            [ContaContabil] => 6.2.2.1.3.03.00
            [Valor] => 2365
            [ValorF] => 2.365,00
            [TipoValor] => beginning_balance
            [NaturezaValor] => C
            [PoderOrgao] => 10131
            [FinanceiroPermanente] => 
            [DividaConsolidada] => 
            [FonteRecurso] => 1.214.0000
            [ComplementoFonteRecurso] => 
            [NaturezaReceita] => 
            [NaturezaDespesa] => 3.3.90.39.03
            [FuncaoSubfuncao] => 10.305
            [AnoInscricaoRestosAPagar] => 
            [DespesasMDEeASPS] => 
        )

    [1648] => Array
        (
            [ContaContabil] => 6.2.2.1.3.03.00
            [Valor] => 2365
            [ValorF] => 2.365,00
            [TipoValor] => beginning_balance
            [NaturezaValor] => D
            [PoderOrgao] => 10131
            [FinanceiroPermanente] => 
            [DividaConsolidada] => 
            [FonteRecurso] => 1.214.0000
            [ComplementoFonteRecurso] => 
            [NaturezaReceita] => 
            [NaturezaDespesa] => 3.3.90.39.03
            [FuncaoSubfuncao] => 10.305
            [AnoInscricaoRestosAPagar] => 
            [DespesasMDEeASPS] => 
        )

    [1649] => Array
        (
            [ContaContabil] => 6.2.2.1.3.03.00
            [Valor] => 2430
            [ValorF] => 2.430,00
            [TipoValor] => ending_balance
            [NaturezaValor] => C
            [PoderOrgao] => 10131
            [FinanceiroPermanente] => 
            [DividaConsolidada] => 
            [FonteRecurso] => 1.214.0000
            [ComplementoFonteRecurso] => 
            [NaturezaReceita] => 
            [NaturezaDespesa] => 3.3.90.39.03
            [FuncaoSubfuncao] => 10.305
            [AnoInscricaoRestosAPagar] => 
            [DespesasMDEeASPS] => 
        )

    [1650] => Array
        (
            [ContaContabil] => 6.2.2.1.3.03.00
            [Valor] => 2430
            [ValorF] => 2.430,00
            [TipoValor] => ending_balance
            [NaturezaValor] => D
            [PoderOrgao] => 10131
            [FinanceiroPermanente] => 
            [DividaConsolidada] => 
            [FonteRecurso] => 1.214.0000
            [ComplementoFonteRecurso] => 
            [NaturezaReceita] => 
            [NaturezaDespesa] => 3.3.90.39.03
            [FuncaoSubfuncao] => 10.305
            [AnoInscricaoRestosAPagar] => 
            [DespesasMDEeASPS] => 
        )

    [1651] => Array
        (
            [ContaContabil] => 6.2.2.1.3.03.00
            [Valor] => 65
            [ValorF] => 65,00
            [TipoValor] => period_change
            [NaturezaValor] => C
            [PoderOrgao] => 10131
            [FinanceiroPermanente] => 
            [DividaConsolidada] => 
            [FonteRecurso] => 1.214.0000
            [ComplementoFonteRecurso] => 
            [NaturezaReceita] => 
            [NaturezaDespesa] => 3.3.90.39.03
            [FuncaoSubfuncao] => 10.305
            [AnoInscricaoRestosAPagar] => 
            [DespesasMDEeASPS] => 
        )

    [1652] => Array
        (
            [ContaContabil] => 6.2.2.1.3.03.00
            [Valor] => 65
            [ValorF] => 65,00
            [TipoValor] => period_change
            [NaturezaValor] => D
            [PoderOrgao] => 10131
            [FinanceiroPermanente] => 
            [DividaConsolidada] => 
            [FonteRecurso] => 1.214.0000
            [ComplementoFonteRecurso] => 
            [NaturezaReceita] => 
            [NaturezaDespesa] => 3.3.90.39.03
            [FuncaoSubfuncao] => 10.305
            [AnoInscricaoRestosAPagar] => 
            [DespesasMDEeASPS] => 
        )

    [1653] => Array
        (
            [ContaContabil] => 6.2.2.1.3.03.00
            [Valor] => 5010.73
            [ValorF] => 5.010,73
            [TipoValor] => beginning_balance
            [NaturezaValor] => C
            [PoderOrgao] => 10131
            [FinanceiroPermanente] => 
            [DividaConsolidada] => 
            [FonteRecurso] => 1.211.0000
            [ComplementoFonteRecurso] => 
            [NaturezaReceita] => 
            [NaturezaDespesa] => 3.3.90.40.04
            [FuncaoSubfuncao] => 10.122
            [AnoInscricaoRestosAPagar] => 
            [DespesasMDEeASPS] => 
        )

    [1654] => Array
        (
            [ContaContabil] => 6.2.2.1.3.03.00
            [Valor] => 5010.73
            [ValorF] => 5.010,73
            [TipoValor] => beginning_balance
            [NaturezaValor] => D
            [PoderOrgao] => 10131
            [FinanceiroPermanente] => 
            [DividaConsolidada] => 
            [FonteRecurso] => 1.211.0000
            [ComplementoFonteRecurso] => 
            [NaturezaReceita] => 
            [NaturezaDespesa] => 3.3.90.40.04
            [FuncaoSubfuncao] => 10.122
            [AnoInscricaoRestosAPagar] => 
            [DespesasMDEeASPS] => 
        )

    [1655] => Array
        (
            [ContaContabil] => 6.2.2.1.3.03.00
            [Valor] => 6139.88
            [ValorF] => 6.139,88
            [TipoValor] => ending_balance
            [NaturezaValor] => C
            [PoderOrgao] => 10131
            [FinanceiroPermanente] => 
            [DividaConsolidada] => 
            [FonteRecurso] => 1.211.0000
            [ComplementoFonteRecurso] => 
            [NaturezaReceita] => 
            [NaturezaDespesa] => 3.3.90.40.04
            [FuncaoSubfuncao] => 10.122
            [AnoInscricaoRestosAPagar] => 
            [DespesasMDEeASPS] => 
        )

    [1656] => Array
        (
            [ContaContabil] => 6.2.2.1.3.03.00
            [Valor] => 6139.88
            [ValorF] => 6.139,88
            [TipoValor] => ending_balance
            [NaturezaValor] => D
            [PoderOrgao] => 10131
            [FinanceiroPermanente] => 
            [DividaConsolidada] => 
            [FonteRecurso] => 1.211.0000
            [ComplementoFonteRecurso] => 
            [NaturezaReceita] => 
            [NaturezaDespesa] => 3.3.90.40.04
            [FuncaoSubfuncao] => 10.122
            [AnoInscricaoRestosAPagar] => 
            [DespesasMDEeASPS] => 
        )

    [1657] => Array
        (
            [ContaContabil] => 6.2.2.1.3.03.00
            [Valor] => 1129.15
            [ValorF] => 1.129,15
            [TipoValor] => period_change
            [NaturezaValor] => C
            [PoderOrgao] => 10131
            [FinanceiroPermanente] => 
            [DividaConsolidada] => 
            [FonteRecurso] => 1.211.0000
            [ComplementoFonteRecurso] => 
            [NaturezaReceita] => 
            [NaturezaDespesa] => 3.3.90.40.04
            [FuncaoSubfuncao] => 10.122
            [AnoInscricaoRestosAPagar] => 
            [DespesasMDEeASPS] => 
        )

    [1658] => Array
        (
            [ContaContabil] => 6.2.2.1.3.03.00
            [Valor] => 1129.15
            [ValorF] => 1.129,15
            [TipoValor] => period_change
            [NaturezaValor] => D
            [PoderOrgao] => 10131
            [FinanceiroPermanente] => 
            [DividaConsolidada] => 
            [FonteRecurso] => 1.211.0000
            [ComplementoFonteRecurso] => 
            [NaturezaReceita] => 
            [NaturezaDespesa] => 3.3.90.40.04
            [FuncaoSubfuncao] => 10.122
            [AnoInscricaoRestosAPagar] => 
            [DespesasMDEeASPS] => 
        )

    [1659] => Array
        (
            [ContaContabil] => 6.2.2.1.3.03.00
            [Valor] => 10557.73
            [ValorF] => 10.557,73
            [TipoValor] => beginning_balance
            [NaturezaValor] => C
            [PoderOrgao] => 10131
            [FinanceiroPermanente] => 
            [DividaConsolidada] => 
            [FonteRecurso] => 1.211.0000
            [ComplementoFonteRecurso] => 
            [NaturezaReceita] => 
            [NaturezaDespesa] => 3.3.90.40.04
            [FuncaoSubfuncao] => 10.301
            [AnoInscricaoRestosAPagar] => 
            [DespesasMDEeASPS] => 
        )

    [1660] => Array
        (
            [ContaContabil] => 6.2.2.1.3.03.00
            [Valor] => 10557.73
            [ValorF] => 10.557,73
            [TipoValor] => beginning_balance
            [NaturezaValor] => D
            [PoderOrgao] => 10131
            [FinanceiroPermanente] => 
            [DividaConsolidada] => 
            [FonteRecurso] => 1.211.0000
            [ComplementoFonteRecurso] => 
            [NaturezaReceita] => 
            [NaturezaDespesa] => 3.3.90.40.04
            [FuncaoSubfuncao] => 10.301
            [AnoInscricaoRestosAPagar] => 
            [DespesasMDEeASPS] => 
        )

    [1661] => Array
        (
            [ContaContabil] => 6.2.2.1.3.03.00
            [Valor] => 12593.53
            [ValorF] => 12.593,53
            [TipoValor] => ending_balance
            [NaturezaValor] => C
            [PoderOrgao] => 10131
            [FinanceiroPermanente] => 
            [DividaConsolidada] => 
            [FonteRecurso] => 1.211.0000
            [ComplementoFonteRecurso] => 
            [NaturezaReceita] => 
            [NaturezaDespesa] => 3.3.90.40.04
            [FuncaoSubfuncao] => 10.301
            [AnoInscricaoRestosAPagar] => 
            [DespesasMDEeASPS] => 
        )

    [1662] => Array
        (
            [ContaContabil] => 6.2.2.1.3.03.00
            [Valor] => 12593.53
            [ValorF] => 12.593,53
            [TipoValor] => ending_balance
            [NaturezaValor] => D
            [PoderOrgao] => 10131
            [FinanceiroPermanente] => 
            [DividaConsolidada] => 
            [FonteRecurso] => 1.211.0000
            [ComplementoFonteRecurso] => 
            [NaturezaReceita] => 
            [NaturezaDespesa] => 3.3.90.40.04
            [FuncaoSubfuncao] => 10.301
            [AnoInscricaoRestosAPagar] => 
            [DespesasMDEeASPS] => 
        )

    [1663] => Array
        (
            [ContaContabil] => 6.2.2.1.3.03.00
            [Valor] => 2035.8
            [ValorF] => 2.035,80
            [TipoValor] => period_change
            [NaturezaValor] => C
            [PoderOrgao] => 10131
            [FinanceiroPermanente] => 
            [DividaConsolidada] => 
            [FonteRecurso] => 1.211.0000
            [ComplementoFonteRecurso] => 
            [NaturezaReceita] => 
            [NaturezaDespesa] => 3.3.90.40.04
            [FuncaoSubfuncao] => 10.301
            [AnoInscricaoRestosAPagar] => 
            [DespesasMDEeASPS] => 
        )

    [1664] => Array
        (
            [ContaContabil] => 6.2.2.1.3.03.00
            [Valor] => 2035.8
            [ValorF] => 2.035,80
            [TipoValor] => period_change
            [NaturezaValor] => D
            [PoderOrgao] => 10131
            [FinanceiroPermanente] => 
            [DividaConsolidada] => 
            [FonteRecurso] => 1.211.0000
            [ComplementoFonteRecurso] => 
            [NaturezaReceita] => 
            [NaturezaDespesa] => 3.3.90.40.04
            [FuncaoSubfuncao] => 10.301
            [AnoInscricaoRestosAPagar] => 
            [DespesasMDEeASPS] => 
        )

    [1665] => Array
        (
            [ContaContabil] => 6.2.2.1.3.03.00
            [Valor] => 150
            [ValorF] => 150,00
            [TipoValor] => beginning_balance
            [NaturezaValor] => C
            [PoderOrgao] => 10131
            [FinanceiroPermanente] => 
            [DividaConsolidada] => 
            [FonteRecurso] => 1.211.0000
            [ComplementoFonteRecurso] => 
            [NaturezaReceita] => 
            [NaturezaDespesa] => 3.3.90.40.04
            [FuncaoSubfuncao] => 10.302
            [AnoInscricaoRestosAPagar] => 
            [DespesasMDEeASPS] => 
        )

    [1666] => Array
        (
            [ContaContabil] => 6.2.2.1.3.03.00
            [Valor] => 150
            [ValorF] => 150,00
            [TipoValor] => beginning_balance
            [NaturezaValor] => D
            [PoderOrgao] => 10131
            [FinanceiroPermanente] => 
            [DividaConsolidada] => 
            [FonteRecurso] => 1.211.0000
            [ComplementoFonteRecurso] => 
            [NaturezaReceita] => 
            [NaturezaDespesa] => 3.3.90.40.04
            [FuncaoSubfuncao] => 10.302
            [AnoInscricaoRestosAPagar] => 
            [DespesasMDEeASPS] => 
        )

    [1667] => Array
        (
            [ContaContabil] => 6.2.2.1.3.03.00
            [Valor] => 150
            [ValorF] => 150,00
            [TipoValor] => ending_balance
            [NaturezaValor] => C
            [PoderOrgao] => 10131
            [FinanceiroPermanente] => 
            [DividaConsolidada] => 
            [FonteRecurso] => 1.211.0000
            [ComplementoFonteRecurso] => 
            [NaturezaReceita] => 
            [NaturezaDespesa] => 3.3.90.40.04
            [FuncaoSubfuncao] => 10.302
            [AnoInscricaoRestosAPagar] => 
            [DespesasMDEeASPS] => 
        )

    [1668] => Array
        (
            [ContaContabil] => 6.2.2.1.3.03.00
            [Valor] => 150
            [ValorF] => 150,00
            [TipoValor] => ending_balance
            [NaturezaValor] => D
            [PoderOrgao] => 10131
            [FinanceiroPermanente] => 
            [DividaConsolidada] => 
            [FonteRecurso] => 1.211.0000
            [ComplementoFonteRecurso] => 
            [NaturezaReceita] => 
            [NaturezaDespesa] => 3.3.90.40.04
            [FuncaoSubfuncao] => 10.302
            [AnoInscricaoRestosAPagar] => 
            [DespesasMDEeASPS] => 
        )

    [1669] => Array
        (
            [ContaContabil] => 6.2.2.1.3.03.00
            [Valor] => 192030.3
            [ValorF] => 192.030,30
            [TipoValor] => beginning_balance
            [NaturezaValor] => C
            [PoderOrgao] => 10131
            [FinanceiroPermanente] => 
            [DividaConsolidada] => 
            [FonteRecurso] => 1.211.0000
            [ComplementoFonteRecurso] => 
            [NaturezaReceita] => 
            [NaturezaDespesa] => 3.3.90.46.04
            [FuncaoSubfuncao] => 10.331
            [AnoInscricaoRestosAPagar] => 
            [DespesasMDEeASPS] => 
        )

    [1670] => Array
        (
            [ContaContabil] => 6.2.2.1.3.03.00
            [Valor] => 165067.35
            [ValorF] => 165.067,35
            [TipoValor] => beginning_balance
            [NaturezaValor] => D
            [PoderOrgao] => 10131
            [FinanceiroPermanente] => 
            [DividaConsolidada] => 
            [FonteRecurso] => 1.211.0000
            [ComplementoFonteRecurso] => 
            [NaturezaReceita] => 
            [NaturezaDespesa] => 3.3.90.46.04
            [FuncaoSubfuncao] => 10.331
            [AnoInscricaoRestosAPagar] => 
            [DespesasMDEeASPS] => 
        )

    [1671] => Array
        (
            [ContaContabil] => 6.2.2.1.3.03.00
            [Valor] => 217398.3
            [ValorF] => 217.398,30
            [TipoValor] => ending_balance
            [NaturezaValor] => C
            [PoderOrgao] => 10131
            [FinanceiroPermanente] => 
            [DividaConsolidada] => 
            [FonteRecurso] => 1.211.0000
            [ComplementoFonteRecurso] => 
            [NaturezaReceita] => 
            [NaturezaDespesa] => 3.3.90.46.04
            [FuncaoSubfuncao] => 10.331
            [AnoInscricaoRestosAPagar] => 
            [DespesasMDEeASPS] => 
        )

    [1672] => Array
        (
            [ContaContabil] => 6.2.2.1.3.03.00
            [Valor] => 192030.3
            [ValorF] => 192.030,30
            [TipoValor] => ending_balance
            [NaturezaValor] => D
            [PoderOrgao] => 10131
            [FinanceiroPermanente] => 
            [DividaConsolidada] => 
            [FonteRecurso] => 1.211.0000
            [ComplementoFonteRecurso] => 
            [NaturezaReceita] => 
            [NaturezaDespesa] => 3.3.90.46.04
            [FuncaoSubfuncao] => 10.331
            [AnoInscricaoRestosAPagar] => 
            [DespesasMDEeASPS] => 
        )

    [1673] => Array
        (
            [ContaContabil] => 6.2.2.1.3.03.00
            [Valor] => 25368
            [ValorF] => 25.368,00
            [TipoValor] => period_change
            [NaturezaValor] => C
            [PoderOrgao] => 10131
            [FinanceiroPermanente] => 
            [DividaConsolidada] => 
            [FonteRecurso] => 1.211.0000
            [ComplementoFonteRecurso] => 
            [NaturezaReceita] => 
            [NaturezaDespesa] => 3.3.90.46.04
            [FuncaoSubfuncao] => 10.331
            [AnoInscricaoRestosAPagar] => 
            [DespesasMDEeASPS] => 
        )

    [1674] => Array
        (
            [ContaContabil] => 6.2.2.1.3.03.00
            [Valor] => 26962.95
            [ValorF] => 26.962,95
            [TipoValor] => period_change
            [NaturezaValor] => D
            [PoderOrgao] => 10131
            [FinanceiroPermanente] => 
            [DividaConsolidada] => 
            [FonteRecurso] => 1.211.0000
            [ComplementoFonteRecurso] => 
            [NaturezaReceita] => 
            [NaturezaDespesa] => 3.3.90.46.04
            [FuncaoSubfuncao] => 10.331
            [AnoInscricaoRestosAPagar] => 
            [DespesasMDEeASPS] => 
        )

    [1675] => Array
        (
            [ContaContabil] => 6.2.2.1.3.03.00
            [Valor] => 6960
            [ValorF] => 6.960,00
            [TipoValor] => beginning_balance
            [NaturezaValor] => C
            [PoderOrgao] => 10131
            [FinanceiroPermanente] => 
            [DividaConsolidada] => 
            [FonteRecurso] => 1.211.0000
            [ComplementoFonteRecurso] => 
            [NaturezaReceita] => 
            [NaturezaDespesa] => 3.3.90.93.09
            [FuncaoSubfuncao] => 10.302
            [AnoInscricaoRestosAPagar] => 
            [DespesasMDEeASPS] => 
        )

    [1676] => Array
        (
            [ContaContabil] => 6.2.2.1.3.03.00
            [Valor] => 6810
            [ValorF] => 6.810,00
            [TipoValor] => beginning_balance
            [NaturezaValor] => D
            [PoderOrgao] => 10131
            [FinanceiroPermanente] => 
            [DividaConsolidada] => 
            [FonteRecurso] => 1.211.0000
            [ComplementoFonteRecurso] => 
            [NaturezaReceita] => 
            [NaturezaDespesa] => 3.3.90.93.09
            [FuncaoSubfuncao] => 10.302
            [AnoInscricaoRestosAPagar] => 
            [DespesasMDEeASPS] => 
        )

    [1677] => Array
        (
            [ContaContabil] => 6.2.2.1.3.03.00
            [Valor] => 8190
            [ValorF] => 8.190,00
            [TipoValor] => ending_balance
            [NaturezaValor] => C
            [PoderOrgao] => 10131
            [FinanceiroPermanente] => 
            [DividaConsolidada] => 
            [FonteRecurso] => 1.211.0000
            [ComplementoFonteRecurso] => 
            [NaturezaReceita] => 
            [NaturezaDespesa] => 3.3.90.93.09
            [FuncaoSubfuncao] => 10.302
            [AnoInscricaoRestosAPagar] => 
            [DespesasMDEeASPS] => 
        )

    [1678] => Array
        (
            [ContaContabil] => 6.2.2.1.3.03.00
            [Valor] => 8190
            [ValorF] => 8.190,00
            [TipoValor] => ending_balance
            [NaturezaValor] => D
            [PoderOrgao] => 10131
            [FinanceiroPermanente] => 
            [DividaConsolidada] => 
            [FonteRecurso] => 1.211.0000
            [ComplementoFonteRecurso] => 
            [NaturezaReceita] => 
            [NaturezaDespesa] => 3.3.90.93.09
            [FuncaoSubfuncao] => 10.302
            [AnoInscricaoRestosAPagar] => 
            [DespesasMDEeASPS] => 
        )

    [1679] => Array
        (
            [ContaContabil] => 6.2.2.1.3.03.00
            [Valor] => 1230
            [ValorF] => 1.230,00
            [TipoValor] => period_change
            [NaturezaValor] => C
            [PoderOrgao] => 10131
            [FinanceiroPermanente] => 
            [DividaConsolidada] => 
            [FonteRecurso] => 1.211.0000
            [ComplementoFonteRecurso] => 
            [NaturezaReceita] => 
            [NaturezaDespesa] => 3.3.90.93.09
            [FuncaoSubfuncao] => 10.302
            [AnoInscricaoRestosAPagar] => 
            [DespesasMDEeASPS] => 
        )

    [1680] => Array
        (
            [ContaContabil] => 6.2.2.1.3.03.00
            [Valor] => 1380
            [ValorF] => 1.380,00
            [TipoValor] => period_change
            [NaturezaValor] => D
            [PoderOrgao] => 10131
            [FinanceiroPermanente] => 
            [DividaConsolidada] => 
            [FonteRecurso] => 1.211.0000
            [ComplementoFonteRecurso] => 
            [NaturezaReceita] => 
            [NaturezaDespesa] => 3.3.90.93.09
            [FuncaoSubfuncao] => 10.302
            [AnoInscricaoRestosAPagar] => 
            [DespesasMDEeASPS] => 
        )

    [1681] => Array
        (
            [ContaContabil] => 6.2.2.1.3.03.00
            [Valor] => 8050
            [ValorF] => 8.050,00
            [TipoValor] => beginning_balance
            [NaturezaValor] => C
            [PoderOrgao] => 10131
            [FinanceiroPermanente] => 
            [DividaConsolidada] => 
            [FonteRecurso] => 1.211.0000
            [ComplementoFonteRecurso] => 
            [NaturezaReceita] => 
            [NaturezaDespesa] => 3.3.90.93.09
            [FuncaoSubfuncao] => 10.303
            [AnoInscricaoRestosAPagar] => 
            [DespesasMDEeASPS] => 
        )

    [1682] => Array
        (
            [ContaContabil] => 6.2.2.1.3.03.00
            [Valor] => 8050
            [ValorF] => 8.050,00
            [TipoValor] => beginning_balance
            [NaturezaValor] => D
            [PoderOrgao] => 10131
            [FinanceiroPermanente] => 
            [DividaConsolidada] => 
            [FonteRecurso] => 1.211.0000
            [ComplementoFonteRecurso] => 
            [NaturezaReceita] => 
            [NaturezaDespesa] => 3.3.90.93.09
            [FuncaoSubfuncao] => 10.303
            [AnoInscricaoRestosAPagar] => 
            [DespesasMDEeASPS] => 
        )

    [1683] => Array
        (
            [ContaContabil] => 6.2.2.1.3.03.00
            [Valor] => 9200
            [ValorF] => 9.200,00
            [TipoValor] => ending_balance
            [NaturezaValor] => C
            [PoderOrgao] => 10131
            [FinanceiroPermanente] => 
            [DividaConsolidada] => 
            [FonteRecurso] => 1.211.0000
            [ComplementoFonteRecurso] => 
            [NaturezaReceita] => 
            [NaturezaDespesa] => 3.3.90.93.09
            [FuncaoSubfuncao] => 10.303
            [AnoInscricaoRestosAPagar] => 
            [DespesasMDEeASPS] => 
        )

    [1684] => Array
        (
            [ContaContabil] => 6.2.2.1.3.03.00
            [Valor] => 9200
            [ValorF] => 9.200,00
            [TipoValor] => ending_balance
            [NaturezaValor] => D
            [PoderOrgao] => 10131
            [FinanceiroPermanente] => 
            [DividaConsolidada] => 
            [FonteRecurso] => 1.211.0000
            [ComplementoFonteRecurso] => 
            [NaturezaReceita] => 
            [NaturezaDespesa] => 3.3.90.93.09
            [FuncaoSubfuncao] => 10.303
            [AnoInscricaoRestosAPagar] => 
            [DespesasMDEeASPS] => 
        )

    [1685] => Array
        (
            [ContaContabil] => 6.2.2.1.3.03.00
            [Valor] => 1150
            [ValorF] => 1.150,00
            [TipoValor] => period_change
            [NaturezaValor] => C
            [PoderOrgao] => 10131
            [FinanceiroPermanente] => 
            [DividaConsolidada] => 
            [FonteRecurso] => 1.211.0000
            [ComplementoFonteRecurso] => 
            [NaturezaReceita] => 
            [NaturezaDespesa] => 3.3.90.93.09
            [FuncaoSubfuncao] => 10.303
            [AnoInscricaoRestosAPagar] => 
            [DespesasMDEeASPS] => 
        )

    [1686] => Array
        (
            [ContaContabil] => 6.2.2.1.3.03.00
            [Valor] => 1150
            [ValorF] => 1.150,00
            [TipoValor] => period_change
            [NaturezaValor] => D
            [PoderOrgao] => 10131
            [FinanceiroPermanente] => 
            [DividaConsolidada] => 
            [FonteRecurso] => 1.211.0000
            [ComplementoFonteRecurso] => 
            [NaturezaReceita] => 
            [NaturezaDespesa] => 3.3.90.93.09
            [FuncaoSubfuncao] => 10.303
            [AnoInscricaoRestosAPagar] => 
            [DespesasMDEeASPS] => 
        )

    [1687] => Array
        (
            [ContaContabil] => 6.2.2.1.3.03.00
            [Valor] => 445
            [ValorF] => 445,00
            [TipoValor] => beginning_balance
            [NaturezaValor] => C
            [PoderOrgao] => 10131
            [FinanceiroPermanente] => 
            [DividaConsolidada] => 
            [FonteRecurso] => 1.211.0000
            [ComplementoFonteRecurso] => 
            [NaturezaReceita] => 
            [NaturezaDespesa] => 3.3.90.93.09
            [FuncaoSubfuncao] => 10.785
            [AnoInscricaoRestosAPagar] => 
            [DespesasMDEeASPS] => 
        )

    [1688] => Array
        (
            [ContaContabil] => 6.2.2.1.3.03.00
            [Valor] => 445
            [ValorF] => 445,00
            [TipoValor] => beginning_balance
            [NaturezaValor] => D
            [PoderOrgao] => 10131
            [FinanceiroPermanente] => 
            [DividaConsolidada] => 
            [FonteRecurso] => 1.211.0000
            [ComplementoFonteRecurso] => 
            [NaturezaReceita] => 
            [NaturezaDespesa] => 3.3.90.93.09
            [FuncaoSubfuncao] => 10.785
            [AnoInscricaoRestosAPagar] => 
            [DespesasMDEeASPS] => 
        )

    [1689] => Array
        (
            [ContaContabil] => 6.2.2.1.3.03.00
            [Valor] => 445
            [ValorF] => 445,00
            [TipoValor] => ending_balance
            [NaturezaValor] => C
            [PoderOrgao] => 10131
            [FinanceiroPermanente] => 
            [DividaConsolidada] => 
            [FonteRecurso] => 1.211.0000
            [ComplementoFonteRecurso] => 
            [NaturezaReceita] => 
            [NaturezaDespesa] => 3.3.90.93.09
            [FuncaoSubfuncao] => 10.785
            [AnoInscricaoRestosAPagar] => 
            [DespesasMDEeASPS] => 
        )

    [1690] => Array
        (
            [ContaContabil] => 6.2.2.1.3.03.00
            [Valor] => 445
            [ValorF] => 445,00
            [TipoValor] => ending_balance
            [NaturezaValor] => D
            [PoderOrgao] => 10131
            [FinanceiroPermanente] => 
            [DividaConsolidada] => 
            [FonteRecurso] => 1.211.0000
            [ComplementoFonteRecurso] => 
            [NaturezaReceita] => 
            [NaturezaDespesa] => 3.3.90.93.09
            [FuncaoSubfuncao] => 10.785
            [AnoInscricaoRestosAPagar] => 
            [DespesasMDEeASPS] => 
        )

    [1691] => Array
        (
            [ContaContabil] => 6.2.2.1.3.03.00
            [Valor] => 45777.78
            [ValorF] => 45.777,78
            [TipoValor] => beginning_balance
            [NaturezaValor] => C
            [PoderOrgao] => 10131
            [FinanceiroPermanente] => 
            [DividaConsolidada] => 
            [FonteRecurso] => 1.211.0000
            [ComplementoFonteRecurso] => 
            [NaturezaReceita] => 
            [NaturezaDespesa] => 3.3.93.39.03
            [FuncaoSubfuncao] => 10.301
            [AnoInscricaoRestosAPagar] => 
            [DespesasMDEeASPS] => 
        )

    [1692] => Array
        (
            [ContaContabil] => 6.2.2.1.3.03.00
            [Valor] => 45777.78
            [ValorF] => 45.777,78
            [TipoValor] => beginning_balance
            [NaturezaValor] => D
            [PoderOrgao] => 10131
            [FinanceiroPermanente] => 
            [DividaConsolidada] => 
            [FonteRecurso] => 1.211.0000
            [ComplementoFonteRecurso] => 
            [NaturezaReceita] => 
            [NaturezaDespesa] => 3.3.93.39.03
            [FuncaoSubfuncao] => 10.301
            [AnoInscricaoRestosAPagar] => 
            [DespesasMDEeASPS] => 
        )

    [1693] => Array
        (
            [ContaContabil] => 6.2.2.1.3.03.00
            [Valor] => 45777.78
            [ValorF] => 45.777,78
            [TipoValor] => ending_balance
            [NaturezaValor] => C
            [PoderOrgao] => 10131
            [FinanceiroPermanente] => 
            [DividaConsolidada] => 
            [FonteRecurso] => 1.211.0000
            [ComplementoFonteRecurso] => 
            [NaturezaReceita] => 
            [NaturezaDespesa] => 3.3.93.39.03
            [FuncaoSubfuncao] => 10.301
            [AnoInscricaoRestosAPagar] => 
            [DespesasMDEeASPS] => 
        )

    [1694] => Array
        (
            [ContaContabil] => 6.2.2.1.3.03.00
            [Valor] => 45777.78
            [ValorF] => 45.777,78
            [TipoValor] => ending_balance
            [NaturezaValor] => D
            [PoderOrgao] => 10131
            [FinanceiroPermanente] => 
            [DividaConsolidada] => 
            [FonteRecurso] => 1.211.0000
            [ComplementoFonteRecurso] => 
            [NaturezaReceita] => 
            [NaturezaDespesa] => 3.3.93.39.03
            [FuncaoSubfuncao] => 10.301
            [AnoInscricaoRestosAPagar] => 
            [DespesasMDEeASPS] => 
        )

    [1695] => Array
        (
            [ContaContabil] => 6.2.2.1.3.03.00
            [Valor] => 52794.28
            [ValorF] => 52.794,28
            [TipoValor] => beginning_balance
            [NaturezaValor] => C
            [PoderOrgao] => 10131
            [FinanceiroPermanente] => 
            [DividaConsolidada] => 
            [FonteRecurso] => 1.211.0000
            [ComplementoFonteRecurso] => 
            [NaturezaReceita] => 
            [NaturezaDespesa] => 3.3.93.39.03
            [FuncaoSubfuncao] => 10.302
            [AnoInscricaoRestosAPagar] => 
            [DespesasMDEeASPS] => 
        )

    [1696] => Array
        (
            [ContaContabil] => 6.2.2.1.3.03.00
            [Valor] => 52794.28
            [ValorF] => 52.794,28
            [TipoValor] => beginning_balance
            [NaturezaValor] => D
            [PoderOrgao] => 10131
            [FinanceiroPermanente] => 
            [DividaConsolidada] => 
            [FonteRecurso] => 1.211.0000
            [ComplementoFonteRecurso] => 
            [NaturezaReceita] => 
            [NaturezaDespesa] => 3.3.93.39.03
            [FuncaoSubfuncao] => 10.302
            [AnoInscricaoRestosAPagar] => 
            [DespesasMDEeASPS] => 
        )

    [1697] => Array
        (
            [ContaContabil] => 6.2.2.1.3.03.00
            [Valor] => 66862.74
            [ValorF] => 66.862,74
            [TipoValor] => ending_balance
            [NaturezaValor] => C
            [PoderOrgao] => 10131
            [FinanceiroPermanente] => 
            [DividaConsolidada] => 
            [FonteRecurso] => 1.211.0000
            [ComplementoFonteRecurso] => 
            [NaturezaReceita] => 
            [NaturezaDespesa] => 3.3.93.39.03
            [FuncaoSubfuncao] => 10.302
            [AnoInscricaoRestosAPagar] => 
            [DespesasMDEeASPS] => 
        )

    [1698] => Array
        (
            [ContaContabil] => 6.2.2.1.3.03.00
            [Valor] => 66862.74
            [ValorF] => 66.862,74
            [TipoValor] => ending_balance
            [NaturezaValor] => D
            [PoderOrgao] => 10131
            [FinanceiroPermanente] => 
            [DividaConsolidada] => 
            [FonteRecurso] => 1.211.0000
            [ComplementoFonteRecurso] => 
            [NaturezaReceita] => 
            [NaturezaDespesa] => 3.3.93.39.03
            [FuncaoSubfuncao] => 10.302
            [AnoInscricaoRestosAPagar] => 
            [DespesasMDEeASPS] => 
        )

    [1699] => Array
        (
            [ContaContabil] => 6.2.2.1.3.03.00
            [Valor] => 14068.46
            [ValorF] => 14.068,46
            [TipoValor] => period_change
            [NaturezaValor] => C
            [PoderOrgao] => 10131
            [FinanceiroPermanente] => 
            [DividaConsolidada] => 
            [FonteRecurso] => 1.211.0000
            [ComplementoFonteRecurso] => 
            [NaturezaReceita] => 
            [NaturezaDespesa] => 3.3.93.39.03
            [FuncaoSubfuncao] => 10.302
            [AnoInscricaoRestosAPagar] => 
            [DespesasMDEeASPS] => 
        )

    [1700] => Array
        (
            [ContaContabil] => 6.2.2.1.3.03.00
            [Valor] => 14068.46
            [ValorF] => 14.068,46
            [TipoValor] => period_change
            [NaturezaValor] => D
            [PoderOrgao] => 10131
            [FinanceiroPermanente] => 
            [DividaConsolidada] => 
            [FonteRecurso] => 1.211.0000
            [ComplementoFonteRecurso] => 
            [NaturezaReceita] => 
            [NaturezaDespesa] => 3.3.93.39.03
            [FuncaoSubfuncao] => 10.302
            [AnoInscricaoRestosAPagar] => 
            [DespesasMDEeASPS] => 
        )

    [1701] => Array
        (
            [ContaContabil] => 6.2.2.1.3.03.00
            [Valor] => 27490
            [ValorF] => 27.490,00
            [TipoValor] => beginning_balance
            [NaturezaValor] => C
            [PoderOrgao] => 10131
            [FinanceiroPermanente] => 
            [DividaConsolidada] => 
            [FonteRecurso] => 1.211.0000
            [ComplementoFonteRecurso] => 
            [NaturezaReceita] => 
            [NaturezaDespesa] => 4.4.90.51.05
            [FuncaoSubfuncao] => 10.304
            [AnoInscricaoRestosAPagar] => 
            [DespesasMDEeASPS] => 
        )

    [1702] => Array
        (
            [ContaContabil] => 6.2.2.1.3.03.00
            [Valor] => 27490
            [ValorF] => 27.490,00
            [TipoValor] => beginning_balance
            [NaturezaValor] => D
            [PoderOrgao] => 10131
            [FinanceiroPermanente] => 
            [DividaConsolidada] => 
            [FonteRecurso] => 1.211.0000
            [ComplementoFonteRecurso] => 
            [NaturezaReceita] => 
            [NaturezaDespesa] => 4.4.90.51.05
            [FuncaoSubfuncao] => 10.304
            [AnoInscricaoRestosAPagar] => 
            [DespesasMDEeASPS] => 
        )

    [1703] => Array
        (
            [ContaContabil] => 6.2.2.1.3.03.00
            [Valor] => 27490
            [ValorF] => 27.490,00
            [TipoValor] => ending_balance
            [NaturezaValor] => C
            [PoderOrgao] => 10131
            [FinanceiroPermanente] => 
            [DividaConsolidada] => 
            [FonteRecurso] => 1.211.0000
            [ComplementoFonteRecurso] => 
            [NaturezaReceita] => 
            [NaturezaDespesa] => 4.4.90.51.05
            [FuncaoSubfuncao] => 10.304
            [AnoInscricaoRestosAPagar] => 
            [DespesasMDEeASPS] => 
        )

    [1704] => Array
        (
            [ContaContabil] => 6.2.2.1.3.03.00
            [Valor] => 27490
            [ValorF] => 27.490,00
            [TipoValor] => ending_balance
            [NaturezaValor] => D
            [PoderOrgao] => 10131
            [FinanceiroPermanente] => 
            [DividaConsolidada] => 
            [FonteRecurso] => 1.211.0000
            [ComplementoFonteRecurso] => 
            [NaturezaReceita] => 
            [NaturezaDespesa] => 4.4.90.51.05
            [FuncaoSubfuncao] => 10.304
            [AnoInscricaoRestosAPagar] => 
            [DespesasMDEeASPS] => 
        )

    [1705] => Array
        (
            [ContaContabil] => 6.2.2.1.3.03.00
            [Valor] => 851.67
            [ValorF] => 851,67
            [TipoValor] => beginning_balance
            [NaturezaValor] => C
            [PoderOrgao] => 10131
            [FinanceiroPermanente] => 
            [DividaConsolidada] => 
            [FonteRecurso] => 1.211.0000
            [ComplementoFonteRecurso] => 
            [NaturezaReceita] => 
            [NaturezaDespesa] => 4.4.90.51.05
            [FuncaoSubfuncao] => 10.785
            [AnoInscricaoRestosAPagar] => 
            [DespesasMDEeASPS] => 
        )

    [1706] => Array
        (
            [ContaContabil] => 6.2.2.1.3.03.00
            [Valor] => 851.67
            [ValorF] => 851,67
            [TipoValor] => beginning_balance
            [NaturezaValor] => D
            [PoderOrgao] => 10131
            [FinanceiroPermanente] => 
            [DividaConsolidada] => 
            [FonteRecurso] => 1.211.0000
            [ComplementoFonteRecurso] => 
            [NaturezaReceita] => 
            [NaturezaDespesa] => 4.4.90.51.05
            [FuncaoSubfuncao] => 10.785
            [AnoInscricaoRestosAPagar] => 
            [DespesasMDEeASPS] => 
        )

    [1707] => Array
        (
            [ContaContabil] => 6.2.2.1.3.03.00
            [Valor] => 851.67
            [ValorF] => 851,67
            [TipoValor] => ending_balance
            [NaturezaValor] => C
            [PoderOrgao] => 10131
            [FinanceiroPermanente] => 
            [DividaConsolidada] => 
            [FonteRecurso] => 1.211.0000
            [ComplementoFonteRecurso] => 
            [NaturezaReceita] => 
            [NaturezaDespesa] => 4.4.90.51.05
            [FuncaoSubfuncao] => 10.785
            [AnoInscricaoRestosAPagar] => 
            [DespesasMDEeASPS] => 
        )

    [1708] => Array
        (
            [ContaContabil] => 6.2.2.1.3.03.00
            [Valor] => 851.67
            [ValorF] => 851,67
            [TipoValor] => ending_balance
            [NaturezaValor] => D
            [PoderOrgao] => 10131
            [FinanceiroPermanente] => 
            [DividaConsolidada] => 
            [FonteRecurso] => 1.211.0000
            [ComplementoFonteRecurso] => 
            [NaturezaReceita] => 
            [NaturezaDespesa] => 4.4.90.51.05
            [FuncaoSubfuncao] => 10.785
            [AnoInscricaoRestosAPagar] => 
            [DespesasMDEeASPS] => 
        )

    [1709] => Array
        (
            [ContaContabil] => 6.2.2.1.3.03.00
            [Valor] => 1958
            [ValorF] => 1.958,00
            [TipoValor] => beginning_balance
            [NaturezaValor] => C
            [PoderOrgao] => 10131
            [FinanceiroPermanente] => 
            [DividaConsolidada] => 
            [FonteRecurso] => 1.211.0000
            [ComplementoFonteRecurso] => 
            [NaturezaReceita] => 
            [NaturezaDespesa] => 4.4.90.52.05
            [FuncaoSubfuncao] => 10.122
            [AnoInscricaoRestosAPagar] => 
            [DespesasMDEeASPS] => 
        )

    [1710] => Array
        (
            [ContaContabil] => 6.2.2.1.3.03.00
            [Valor] => 1958
            [ValorF] => 1.958,00
            [TipoValor] => beginning_balance
            [NaturezaValor] => D
            [PoderOrgao] => 10131
            [FinanceiroPermanente] => 
            [DividaConsolidada] => 
            [FonteRecurso] => 1.211.0000
            [ComplementoFonteRecurso] => 
            [NaturezaReceita] => 
            [NaturezaDespesa] => 4.4.90.52.05
            [FuncaoSubfuncao] => 10.122
            [AnoInscricaoRestosAPagar] => 
            [DespesasMDEeASPS] => 
        )

    [1711] => Array
        (
            [ContaContabil] => 6.2.2.1.3.03.00
            [Valor] => 1958
            [ValorF] => 1.958,00
            [TipoValor] => ending_balance
            [NaturezaValor] => C
            [PoderOrgao] => 10131
            [FinanceiroPermanente] => 
            [DividaConsolidada] => 
            [FonteRecurso] => 1.211.0000
            [ComplementoFonteRecurso] => 
            [NaturezaReceita] => 
            [NaturezaDespesa] => 4.4.90.52.05
            [FuncaoSubfuncao] => 10.122
            [AnoInscricaoRestosAPagar] => 
            [DespesasMDEeASPS] => 
        )

    [1712] => Array
        (
            [ContaContabil] => 6.2.2.1.3.03.00
            [Valor] => 1958
            [ValorF] => 1.958,00
            [TipoValor] => ending_balance
            [NaturezaValor] => D
            [PoderOrgao] => 10131
            [FinanceiroPermanente] => 
            [DividaConsolidada] => 
            [FonteRecurso] => 1.211.0000
            [ComplementoFonteRecurso] => 
            [NaturezaReceita] => 
            [NaturezaDespesa] => 4.4.90.52.05
            [FuncaoSubfuncao] => 10.122
            [AnoInscricaoRestosAPagar] => 
            [DespesasMDEeASPS] => 
        )

    [1713] => Array
        (
            [ContaContabil] => 6.2.2.1.3.03.00
            [Valor] => 5447
            [ValorF] => 5.447,00
            [TipoValor] => beginning_balance
            [NaturezaValor] => C
            [PoderOrgao] => 10131
            [FinanceiroPermanente] => 
            [DividaConsolidada] => 
            [FonteRecurso] => 1.211.0000
            [ComplementoFonteRecurso] => 
            [NaturezaReceita] => 
            [NaturezaDespesa] => 4.4.90.52.05
            [FuncaoSubfuncao] => 10.301
            [AnoInscricaoRestosAPagar] => 
            [DespesasMDEeASPS] => 
        )

    [1714] => Array
        (
            [ContaContabil] => 6.2.2.1.3.03.00
            [Valor] => 5310
            [ValorF] => 5.310,00
            [TipoValor] => beginning_balance
            [NaturezaValor] => D
            [PoderOrgao] => 10131
            [FinanceiroPermanente] => 
            [DividaConsolidada] => 
            [FonteRecurso] => 1.211.0000
            [ComplementoFonteRecurso] => 
            [NaturezaReceita] => 
            [NaturezaDespesa] => 4.4.90.52.05
            [FuncaoSubfuncao] => 10.301
            [AnoInscricaoRestosAPagar] => 
            [DespesasMDEeASPS] => 
        )

    [1715] => Array
        (
            [ContaContabil] => 6.2.2.1.3.03.00
            [Valor] => 19037
            [ValorF] => 19.037,00
            [TipoValor] => ending_balance
            [NaturezaValor] => C
            [PoderOrgao] => 10131
            [FinanceiroPermanente] => 
            [DividaConsolidada] => 
            [FonteRecurso] => 1.211.0000
            [ComplementoFonteRecurso] => 
            [NaturezaReceita] => 
            [NaturezaDespesa] => 4.4.90.52.05
            [FuncaoSubfuncao] => 10.301
            [AnoInscricaoRestosAPagar] => 
            [DespesasMDEeASPS] => 
        )

    [1716] => Array
        (
            [ContaContabil] => 6.2.2.1.3.03.00
            [Valor] => 17907
            [ValorF] => 17.907,00
            [TipoValor] => ending_balance
            [NaturezaValor] => D
            [PoderOrgao] => 10131
            [FinanceiroPermanente] => 
            [DividaConsolidada] => 
            [FonteRecurso] => 1.211.0000
            [ComplementoFonteRecurso] => 
            [NaturezaReceita] => 
            [NaturezaDespesa] => 4.4.90.52.05
            [FuncaoSubfuncao] => 10.301
            [AnoInscricaoRestosAPagar] => 
            [DespesasMDEeASPS] => 
        )

    [1717] => Array
        (
            [ContaContabil] => 6.2.2.1.3.03.00
            [Valor] => 13590
            [ValorF] => 13.590,00
            [TipoValor] => period_change
            [NaturezaValor] => C
            [PoderOrgao] => 10131
            [FinanceiroPermanente] => 
            [DividaConsolidada] => 
            [FonteRecurso] => 1.211.0000
            [ComplementoFonteRecurso] => 
            [NaturezaReceita] => 
            [NaturezaDespesa] => 4.4.90.52.05
            [FuncaoSubfuncao] => 10.301
            [AnoInscricaoRestosAPagar] => 
            [DespesasMDEeASPS] => 
        )

    [1718] => Array
        (
            [ContaContabil] => 6.2.2.1.3.03.00
            [Valor] => 12597
            [ValorF] => 12.597,00
            [TipoValor] => period_change
            [NaturezaValor] => D
            [PoderOrgao] => 10131
            [FinanceiroPermanente] => 
            [DividaConsolidada] => 
            [FonteRecurso] => 1.211.0000
            [ComplementoFonteRecurso] => 
            [NaturezaReceita] => 
            [NaturezaDespesa] => 4.4.90.52.05
            [FuncaoSubfuncao] => 10.301
            [AnoInscricaoRestosAPagar] => 
            [DespesasMDEeASPS] => 
        )

    [1719] => Array
        (
            [ContaContabil] => 6.2.2.1.3.03.00
            [Valor] => 5500
            [ValorF] => 5.500,00
            [TipoValor] => beginning_balance
            [NaturezaValor] => C
            [PoderOrgao] => 10131
            [FinanceiroPermanente] => 
            [DividaConsolidada] => 
            [FonteRecurso] => 1.211.0000
            [ComplementoFonteRecurso] => 
            [NaturezaReceita] => 
            [NaturezaDespesa] => 4.4.90.52.05
            [FuncaoSubfuncao] => 10.302
            [AnoInscricaoRestosAPagar] => 
            [DespesasMDEeASPS] => 
        )

    [1720] => Array
        (
            [ContaContabil] => 6.2.2.1.3.03.00
            [Valor] => 5500
            [ValorF] => 5.500,00
            [TipoValor] => beginning_balance
            [NaturezaValor] => D
            [PoderOrgao] => 10131
            [FinanceiroPermanente] => 
            [DividaConsolidada] => 
            [FonteRecurso] => 1.211.0000
            [ComplementoFonteRecurso] => 
            [NaturezaReceita] => 
            [NaturezaDespesa] => 4.4.90.52.05
            [FuncaoSubfuncao] => 10.302
            [AnoInscricaoRestosAPagar] => 
            [DespesasMDEeASPS] => 
        )

    [1721] => Array
        (
            [ContaContabil] => 6.2.2.1.3.03.00
            [Valor] => 5500
            [ValorF] => 5.500,00
            [TipoValor] => ending_balance
            [NaturezaValor] => C
            [PoderOrgao] => 10131
            [FinanceiroPermanente] => 
            [DividaConsolidada] => 
            [FonteRecurso] => 1.211.0000
            [ComplementoFonteRecurso] => 
            [NaturezaReceita] => 
            [NaturezaDespesa] => 4.4.90.52.05
            [FuncaoSubfuncao] => 10.302
            [AnoInscricaoRestosAPagar] => 
            [DespesasMDEeASPS] => 
        )

    [1722] => Array
        (
            [ContaContabil] => 6.2.2.1.3.03.00
            [Valor] => 5500
            [ValorF] => 5.500,00
            [TipoValor] => ending_balance
            [NaturezaValor] => D
            [PoderOrgao] => 10131
            [FinanceiroPermanente] => 
            [DividaConsolidada] => 
            [FonteRecurso] => 1.211.0000
            [ComplementoFonteRecurso] => 
            [NaturezaReceita] => 
            [NaturezaDespesa] => 4.4.90.52.05
            [FuncaoSubfuncao] => 10.302
            [AnoInscricaoRestosAPagar] => 
            [DespesasMDEeASPS] => 
        )

    [1723] => Array
        (
            [ContaContabil] => 6.2.2.1.3.03.00
            [Valor] => 118.12
            [ValorF] => 118,12
            [TipoValor] => beginning_balance
            [NaturezaValor] => C
            [PoderOrgao] => 10131
            [FinanceiroPermanente] => 
            [DividaConsolidada] => 
            [FonteRecurso] => 1.211.0000
            [ComplementoFonteRecurso] => 
            [NaturezaReceita] => 
            [NaturezaDespesa] => 4.4.90.52.05
            [FuncaoSubfuncao] => 10.304
            [AnoInscricaoRestosAPagar] => 
            [DespesasMDEeASPS] => 
        )

    [1724] => Array
        (
            [ContaContabil] => 6.2.2.1.3.03.00
            [Valor] => 118.12
            [ValorF] => 118,12
            [TipoValor] => beginning_balance
            [NaturezaValor] => D
            [PoderOrgao] => 10131
            [FinanceiroPermanente] => 
            [DividaConsolidada] => 
            [FonteRecurso] => 1.211.0000
            [ComplementoFonteRecurso] => 
            [NaturezaReceita] => 
            [NaturezaDespesa] => 4.4.90.52.05
            [FuncaoSubfuncao] => 10.304
            [AnoInscricaoRestosAPagar] => 
            [DespesasMDEeASPS] => 
        )

    [1725] => Array
        (
            [ContaContabil] => 6.2.2.1.3.03.00
            [Valor] => 118.12
            [ValorF] => 118,12
            [TipoValor] => ending_balance
            [NaturezaValor] => C
            [PoderOrgao] => 10131
            [FinanceiroPermanente] => 
            [DividaConsolidada] => 
            [FonteRecurso] => 1.211.0000
            [ComplementoFonteRecurso] => 
            [NaturezaReceita] => 
            [NaturezaDespesa] => 4.4.90.52.05
            [FuncaoSubfuncao] => 10.304
            [AnoInscricaoRestosAPagar] => 
            [DespesasMDEeASPS] => 
        )

    [1726] => Array
        (
            [ContaContabil] => 6.2.2.1.3.03.00
            [Valor] => 118.12
            [ValorF] => 118,12
            [TipoValor] => ending_balance
            [NaturezaValor] => D
            [PoderOrgao] => 10131
            [FinanceiroPermanente] => 
            [DividaConsolidada] => 
            [FonteRecurso] => 1.211.0000
            [ComplementoFonteRecurso] => 
            [NaturezaReceita] => 
            [NaturezaDespesa] => 4.4.90.52.05
            [FuncaoSubfuncao] => 10.304
            [AnoInscricaoRestosAPagar] => 
            [DespesasMDEeASPS] => 
        )

    [1727] => Array
        (
            [ContaContabil] => 6.2.2.1.3.03.00
            [Valor] => 255
            [ValorF] => 255,00
            [TipoValor] => beginning_balance
            [NaturezaValor] => C
            [PoderOrgao] => 10131
            [FinanceiroPermanente] => 
            [DividaConsolidada] => 
            [FonteRecurso] => 1.211.0000
            [ComplementoFonteRecurso] => 
            [NaturezaReceita] => 
            [NaturezaDespesa] => 4.4.90.52.05
            [FuncaoSubfuncao] => 10.305
            [AnoInscricaoRestosAPagar] => 
            [DespesasMDEeASPS] => 
        )

    [1728] => Array
        (
            [ContaContabil] => 6.2.2.1.3.03.00
            [Valor] => 255
            [ValorF] => 255,00
            [TipoValor] => beginning_balance
            [NaturezaValor] => D
            [PoderOrgao] => 10131
            [FinanceiroPermanente] => 
            [DividaConsolidada] => 
            [FonteRecurso] => 1.211.0000
            [ComplementoFonteRecurso] => 
            [NaturezaReceita] => 
            [NaturezaDespesa] => 4.4.90.52.05
            [FuncaoSubfuncao] => 10.305
            [AnoInscricaoRestosAPagar] => 
            [DespesasMDEeASPS] => 
        )

    [1729] => Array
        (
            [ContaContabil] => 6.2.2.1.3.03.00
            [Valor] => 451.15
            [ValorF] => 451,15
            [TipoValor] => ending_balance
            [NaturezaValor] => C
            [PoderOrgao] => 10131
            [FinanceiroPermanente] => 
            [DividaConsolidada] => 
            [FonteRecurso] => 1.211.0000
            [ComplementoFonteRecurso] => 
            [NaturezaReceita] => 
            [NaturezaDespesa] => 4.4.90.52.05
            [FuncaoSubfuncao] => 10.305
            [AnoInscricaoRestosAPagar] => 
            [DespesasMDEeASPS] => 
        )

    [1730] => Array
        (
            [ContaContabil] => 6.2.2.1.3.03.00
            [Valor] => 255
            [ValorF] => 255,00
            [TipoValor] => ending_balance
            [NaturezaValor] => D
            [PoderOrgao] => 10131
            [FinanceiroPermanente] => 
            [DividaConsolidada] => 
            [FonteRecurso] => 1.211.0000
            [ComplementoFonteRecurso] => 
            [NaturezaReceita] => 
            [NaturezaDespesa] => 4.4.90.52.05
            [FuncaoSubfuncao] => 10.305
            [AnoInscricaoRestosAPagar] => 
            [DespesasMDEeASPS] => 
        )

    [1731] => Array
        (
            [ContaContabil] => 6.2.2.1.3.03.00
            [Valor] => 196.15
            [ValorF] => 196,15
            [TipoValor] => period_change
            [NaturezaValor] => C
            [PoderOrgao] => 10131
            [FinanceiroPermanente] => 
            [DividaConsolidada] => 
            [FonteRecurso] => 1.211.0000
            [ComplementoFonteRecurso] => 
            [NaturezaReceita] => 
            [NaturezaDespesa] => 4.4.90.52.05
            [FuncaoSubfuncao] => 10.305
            [AnoInscricaoRestosAPagar] => 
            [DespesasMDEeASPS] => 
        )

    [1732] => Array
        (
            [ContaContabil] => 6.2.2.1.3.03.00
            [Valor] => 17247
            [ValorF] => 17.247,00
            [TipoValor] => beginning_balance
            [NaturezaValor] => C
            [PoderOrgao] => 10131
            [FinanceiroPermanente] => 
            [DividaConsolidada] => 
            [FonteRecurso] => 1.290.0000
            [ComplementoFonteRecurso] => 
            [NaturezaReceita] => 
            [NaturezaDespesa] => 4.4.90.52.05
            [FuncaoSubfuncao] => 10.305
            [AnoInscricaoRestosAPagar] => 
            [DespesasMDEeASPS] => 
        )

    [1733] => Array
        (
            [ContaContabil] => 6.2.2.1.3.03.00
            [Valor] => 17247
            [ValorF] => 17.247,00
            [TipoValor] => beginning_balance
            [NaturezaValor] => D
            [PoderOrgao] => 10131
            [FinanceiroPermanente] => 
            [DividaConsolidada] => 
            [FonteRecurso] => 1.290.0000
            [ComplementoFonteRecurso] => 
            [NaturezaReceita] => 
            [NaturezaDespesa] => 4.4.90.52.05
            [FuncaoSubfuncao] => 10.305
            [AnoInscricaoRestosAPagar] => 
            [DespesasMDEeASPS] => 
        )

    [1734] => Array
        (
            [ContaContabil] => 6.2.2.1.3.03.00
            [Valor] => 17770.85
            [ValorF] => 17.770,85
            [TipoValor] => ending_balance
            [NaturezaValor] => C
            [PoderOrgao] => 10131
            [FinanceiroPermanente] => 
            [DividaConsolidada] => 
            [FonteRecurso] => 1.290.0000
            [ComplementoFonteRecurso] => 
            [NaturezaReceita] => 
            [NaturezaDespesa] => 4.4.90.52.05
            [FuncaoSubfuncao] => 10.305
            [AnoInscricaoRestosAPagar] => 
            [DespesasMDEeASPS] => 
        )

    [1735] => Array
        (
            [ContaContabil] => 6.2.2.1.3.03.00
            [Valor] => 17247
            [ValorF] => 17.247,00
            [TipoValor] => ending_balance
            [NaturezaValor] => D
            [PoderOrgao] => 10131
            [FinanceiroPermanente] => 
            [DividaConsolidada] => 
            [FonteRecurso] => 1.290.0000
            [ComplementoFonteRecurso] => 
            [NaturezaReceita] => 
            [NaturezaDespesa] => 4.4.90.52.05
            [FuncaoSubfuncao] => 10.305
            [AnoInscricaoRestosAPagar] => 
            [DespesasMDEeASPS] => 
        )

    [1736] => Array
        (
            [ContaContabil] => 6.2.2.1.3.03.00
            [Valor] => 523.85
            [ValorF] => 523,85
            [TipoValor] => period_change
            [NaturezaValor] => C
            [PoderOrgao] => 10131
            [FinanceiroPermanente] => 
            [DividaConsolidada] => 
            [FonteRecurso] => 1.290.0000
            [ComplementoFonteRecurso] => 
            [NaturezaReceita] => 
            [NaturezaDespesa] => 4.4.90.52.05
            [FuncaoSubfuncao] => 10.305
            [AnoInscricaoRestosAPagar] => 
            [DespesasMDEeASPS] => 
        )

    [1737] => Array
        (
            [ContaContabil] => 6.2.2.1.3.03.00
            [Valor] => 2550
            [ValorF] => 2.550,00
            [TipoValor] => beginning_balance
            [NaturezaValor] => C
            [PoderOrgao] => 10131
            [FinanceiroPermanente] => 
            [DividaConsolidada] => 
            [FonteRecurso] => 1.930.0000
            [ComplementoFonteRecurso] => 
            [NaturezaReceita] => 
            [NaturezaDespesa] => 4.4.90.52.05
            [FuncaoSubfuncao] => 10.301
            [AnoInscricaoRestosAPagar] => 
            [DespesasMDEeASPS] => 
        )

    [1738] => Array
        (
            [ContaContabil] => 6.2.2.1.3.03.00
            [Valor] => 2550
            [ValorF] => 2.550,00
            [TipoValor] => beginning_balance
            [NaturezaValor] => D
            [PoderOrgao] => 10131
            [FinanceiroPermanente] => 
            [DividaConsolidada] => 
            [FonteRecurso] => 1.930.0000
            [ComplementoFonteRecurso] => 
            [NaturezaReceita] => 
            [NaturezaDespesa] => 4.4.90.52.05
            [FuncaoSubfuncao] => 10.301
            [AnoInscricaoRestosAPagar] => 
            [DespesasMDEeASPS] => 
        )

    [1739] => Array
        (
            [ContaContabil] => 6.2.2.1.3.03.00
            [Valor] => 2550
            [ValorF] => 2.550,00
            [TipoValor] => ending_balance
            [NaturezaValor] => C
            [PoderOrgao] => 10131
            [FinanceiroPermanente] => 
            [DividaConsolidada] => 
            [FonteRecurso] => 1.930.0000
            [ComplementoFonteRecurso] => 
            [NaturezaReceita] => 
            [NaturezaDespesa] => 4.4.90.52.05
            [FuncaoSubfuncao] => 10.301
            [AnoInscricaoRestosAPagar] => 
            [DespesasMDEeASPS] => 
        )

    [1740] => Array
        (
            [ContaContabil] => 6.2.2.1.3.03.00
            [Valor] => 2550
            [ValorF] => 2.550,00
            [TipoValor] => ending_balance
            [NaturezaValor] => D
            [PoderOrgao] => 10131
            [FinanceiroPermanente] => 
            [DividaConsolidada] => 
            [FonteRecurso] => 1.930.0000
            [ComplementoFonteRecurso] => 
            [NaturezaReceita] => 
            [NaturezaDespesa] => 4.4.90.52.05
            [FuncaoSubfuncao] => 10.301
            [AnoInscricaoRestosAPagar] => 
            [DespesasMDEeASPS] => 
        )

    [1741] => Array
        (
            [ContaContabil] => 6.2.2.1.3.03.00
            [Valor] => 2889.52
            [ValorF] => 2.889,52
            [TipoValor] => beginning_balance
            [NaturezaValor] => C
            [PoderOrgao] => 10131
            [FinanceiroPermanente] => 
            [DividaConsolidada] => 
            [FonteRecurso] => 1.213.0000
            [ComplementoFonteRecurso] => 
            [NaturezaReceita] => 
            [NaturezaDespesa] => 4.4.90.52.05
            [FuncaoSubfuncao] => 10.301
            [AnoInscricaoRestosAPagar] => 
            [DespesasMDEeASPS] => 
        )

    [1742] => Array
        (
            [ContaContabil] => 6.2.2.1.3.03.00
            [Valor] => 2889.52
            [ValorF] => 2.889,52
            [TipoValor] => beginning_balance
            [NaturezaValor] => D
            [PoderOrgao] => 10131
            [FinanceiroPermanente] => 
            [DividaConsolidada] => 
            [FonteRecurso] => 1.213.0000
            [ComplementoFonteRecurso] => 
            [NaturezaReceita] => 
            [NaturezaDespesa] => 4.4.90.52.05
            [FuncaoSubfuncao] => 10.301
            [AnoInscricaoRestosAPagar] => 
            [DespesasMDEeASPS] => 
        )

    [1743] => Array
        (
            [ContaContabil] => 6.2.2.1.3.03.00
            [Valor] => 2889.52
            [ValorF] => 2.889,52
            [TipoValor] => ending_balance
            [NaturezaValor] => C
            [PoderOrgao] => 10131
            [FinanceiroPermanente] => 
            [DividaConsolidada] => 
            [FonteRecurso] => 1.213.0000
            [ComplementoFonteRecurso] => 
            [NaturezaReceita] => 
            [NaturezaDespesa] => 4.4.90.52.05
            [FuncaoSubfuncao] => 10.301
            [AnoInscricaoRestosAPagar] => 
            [DespesasMDEeASPS] => 
        )

    [1744] => Array
        (
            [ContaContabil] => 6.2.2.1.3.03.00
            [Valor] => 2889.52
            [ValorF] => 2.889,52
            [TipoValor] => ending_balance
            [NaturezaValor] => D
            [PoderOrgao] => 10131
            [FinanceiroPermanente] => 
            [DividaConsolidada] => 
            [FonteRecurso] => 1.213.0000
            [ComplementoFonteRecurso] => 
            [NaturezaReceita] => 
            [NaturezaDespesa] => 4.4.90.52.05
            [FuncaoSubfuncao] => 10.301
            [AnoInscricaoRestosAPagar] => 
            [DespesasMDEeASPS] => 
        )

    [1745] => Array
        (
            [ContaContabil] => 6.2.2.1.3.03.00
            [Valor] => 266
            [ValorF] => 266,00
            [TipoValor] => beginning_balance
            [NaturezaValor] => C
            [PoderOrgao] => 10131
            [FinanceiroPermanente] => 
            [DividaConsolidada] => 
            [FonteRecurso] => 1.215.0000
            [ComplementoFonteRecurso] => 
            [NaturezaReceita] => 
            [NaturezaDespesa] => 4.4.90.52.05
            [FuncaoSubfuncao] => 10.303
            [AnoInscricaoRestosAPagar] => 
            [DespesasMDEeASPS] => 
        )

    [1746] => Array
        (
            [ContaContabil] => 6.2.2.1.3.03.00
            [Valor] => 266
            [ValorF] => 266,00
            [TipoValor] => beginning_balance
            [NaturezaValor] => D
            [PoderOrgao] => 10131
            [FinanceiroPermanente] => 
            [DividaConsolidada] => 
            [FonteRecurso] => 1.215.0000
            [ComplementoFonteRecurso] => 
            [NaturezaReceita] => 
            [NaturezaDespesa] => 4.4.90.52.05
            [FuncaoSubfuncao] => 10.303
            [AnoInscricaoRestosAPagar] => 
            [DespesasMDEeASPS] => 
        )

    [1747] => Array
        (
            [ContaContabil] => 6.2.2.1.3.03.00
            [Valor] => 266
            [ValorF] => 266,00
            [TipoValor] => ending_balance
            [NaturezaValor] => C
            [PoderOrgao] => 10131
            [FinanceiroPermanente] => 
            [DividaConsolidada] => 
            [FonteRecurso] => 1.215.0000
            [ComplementoFonteRecurso] => 
            [NaturezaReceita] => 
            [NaturezaDespesa] => 4.4.90.52.05
            [FuncaoSubfuncao] => 10.303
            [AnoInscricaoRestosAPagar] => 
            [DespesasMDEeASPS] => 
        )

    [1748] => Array
        (
            [ContaContabil] => 6.2.2.1.3.03.00
            [Valor] => 266
            [ValorF] => 266,00
            [TipoValor] => ending_balance
            [NaturezaValor] => D
            [PoderOrgao] => 10131
            [FinanceiroPermanente] => 
            [DividaConsolidada] => 
            [FonteRecurso] => 1.215.0000
            [ComplementoFonteRecurso] => 
            [NaturezaReceita] => 
            [NaturezaDespesa] => 4.4.90.52.05
            [FuncaoSubfuncao] => 10.303
            [AnoInscricaoRestosAPagar] => 
            [DespesasMDEeASPS] => 
        )

    [1749] => Array
        (
            [ContaContabil] => 6.2.2.1.3.03.00
            [Valor] => 2517.96
            [ValorF] => 2.517,96
            [TipoValor] => beginning_balance
            [NaturezaValor] => C
            [PoderOrgao] => 10131
            [FinanceiroPermanente] => 
            [DividaConsolidada] => 
            [FonteRecurso] => 1.214.0000
            [ComplementoFonteRecurso] => 
            [NaturezaReceita] => 
            [NaturezaDespesa] => 4.4.90.52.05
            [FuncaoSubfuncao] => 10.305
            [AnoInscricaoRestosAPagar] => 
            [DespesasMDEeASPS] => 
        )

    [1750] => Array
        (
            [ContaContabil] => 6.2.2.1.3.03.00
            [Valor] => 2517.96
            [ValorF] => 2.517,96
            [TipoValor] => beginning_balance
            [NaturezaValor] => D
            [PoderOrgao] => 10131
            [FinanceiroPermanente] => 
            [DividaConsolidada] => 
            [FonteRecurso] => 1.214.0000
            [ComplementoFonteRecurso] => 
            [NaturezaReceita] => 
            [NaturezaDespesa] => 4.4.90.52.05
            [FuncaoSubfuncao] => 10.305
            [AnoInscricaoRestosAPagar] => 
            [DespesasMDEeASPS] => 
        )

    [1751] => Array
        (
            [ContaContabil] => 6.2.2.1.3.03.00
            [Valor] => 7117.96
            [ValorF] => 7.117,96
            [TipoValor] => ending_balance
            [NaturezaValor] => C
            [PoderOrgao] => 10131
            [FinanceiroPermanente] => 
            [DividaConsolidada] => 
            [FonteRecurso] => 1.214.0000
            [ComplementoFonteRecurso] => 
            [NaturezaReceita] => 
            [NaturezaDespesa] => 4.4.90.52.05
            [FuncaoSubfuncao] => 10.305
            [AnoInscricaoRestosAPagar] => 
            [DespesasMDEeASPS] => 
        )

    [1752] => Array
        (
            [ContaContabil] => 6.2.2.1.3.03.00
            [Valor] => 7117.96
            [ValorF] => 7.117,96
            [TipoValor] => ending_balance
            [NaturezaValor] => D
            [PoderOrgao] => 10131
            [FinanceiroPermanente] => 
            [DividaConsolidada] => 
            [FonteRecurso] => 1.214.0000
            [ComplementoFonteRecurso] => 
            [NaturezaReceita] => 
            [NaturezaDespesa] => 4.4.90.52.05
            [FuncaoSubfuncao] => 10.305
            [AnoInscricaoRestosAPagar] => 
            [DespesasMDEeASPS] => 
        )

    [1753] => Array
        (
            [ContaContabil] => 6.2.2.1.3.03.00
            [Valor] => 4600
            [ValorF] => 4.600,00
            [TipoValor] => period_change
            [NaturezaValor] => C
            [PoderOrgao] => 10131
            [FinanceiroPermanente] => 
            [DividaConsolidada] => 
            [FonteRecurso] => 1.214.0000
            [ComplementoFonteRecurso] => 
            [NaturezaReceita] => 
            [NaturezaDespesa] => 4.4.90.52.05
            [FuncaoSubfuncao] => 10.305
            [AnoInscricaoRestosAPagar] => 
            [DespesasMDEeASPS] => 
        )

    [1754] => Array
        (
            [ContaContabil] => 6.2.2.1.3.03.00
            [Valor] => 4600
            [ValorF] => 4.600,00
            [TipoValor] => period_change
            [NaturezaValor] => D
            [PoderOrgao] => 10131
            [FinanceiroPermanente] => 
            [DividaConsolidada] => 
            [FonteRecurso] => 1.214.0000
            [ComplementoFonteRecurso] => 
            [NaturezaReceita] => 
            [NaturezaDespesa] => 4.4.90.52.05
            [FuncaoSubfuncao] => 10.305
            [AnoInscricaoRestosAPagar] => 
            [DespesasMDEeASPS] => 
        )

    [1755] => Array
        (
            [ContaContabil] => 6.2.2.1.3.03.00
            [Valor] => 3008
            [ValorF] => 3.008,00
            [TipoValor] => beginning_balance
            [NaturezaValor] => C
            [PoderOrgao] => 10131
            [FinanceiroPermanente] => 
            [DividaConsolidada] => 
            [FonteRecurso] => 1.215.0000
            [ComplementoFonteRecurso] => 
            [NaturezaReceita] => 
            [NaturezaDespesa] => 4.4.90.52.05
            [FuncaoSubfuncao] => 10.301
            [AnoInscricaoRestosAPagar] => 
            [DespesasMDEeASPS] => 
        )

    [1756] => Array
        (
            [ContaContabil] => 6.2.2.1.3.03.00
            [Valor] => 3008
            [ValorF] => 3.008,00
            [TipoValor] => beginning_balance
            [NaturezaValor] => D
            [PoderOrgao] => 10131
            [FinanceiroPermanente] => 
            [DividaConsolidada] => 
            [FonteRecurso] => 1.215.0000
            [ComplementoFonteRecurso] => 
            [NaturezaReceita] => 
            [NaturezaDespesa] => 4.4.90.52.05
            [FuncaoSubfuncao] => 10.301
            [AnoInscricaoRestosAPagar] => 
            [DespesasMDEeASPS] => 
        )

    [1757] => Array
        (
            [ContaContabil] => 6.2.2.1.3.03.00
            [Valor] => 3008
            [ValorF] => 3.008,00
            [TipoValor] => ending_balance
            [NaturezaValor] => C
            [PoderOrgao] => 10131
            [FinanceiroPermanente] => 
            [DividaConsolidada] => 
            [FonteRecurso] => 1.215.0000
            [ComplementoFonteRecurso] => 
            [NaturezaReceita] => 
            [NaturezaDespesa] => 4.4.90.52.05
            [FuncaoSubfuncao] => 10.301
            [AnoInscricaoRestosAPagar] => 
            [DespesasMDEeASPS] => 
        )

    [1758] => Array
        (
            [ContaContabil] => 6.2.2.1.3.03.00
            [Valor] => 3008
            [ValorF] => 3.008,00
            [TipoValor] => ending_balance
            [NaturezaValor] => D
            [PoderOrgao] => 10131
            [FinanceiroPermanente] => 
            [DividaConsolidada] => 
            [FonteRecurso] => 1.215.0000
            [ComplementoFonteRecurso] => 
            [NaturezaReceita] => 
            [NaturezaDespesa] => 4.4.90.52.05
            [FuncaoSubfuncao] => 10.301
            [AnoInscricaoRestosAPagar] => 
            [DespesasMDEeASPS] => 
        )

    [1759] => Array
        (
            [ContaContabil] => 6.2.2.1.3.04.00
            [Valor] => 102607.36
            [ValorF] => 102.607,36
            [TipoValor] => beginning_balance
            [NaturezaValor] => C
            [PoderOrgao] => 10131
            [FinanceiroPermanente] => 
            [DividaConsolidada] => 
            [FonteRecurso] => 1.211.0000
            [ComplementoFonteRecurso] => 
            [NaturezaReceita] => 
            [NaturezaDespesa] => 3.1.90.04.00
            [FuncaoSubfuncao] => 10.301
            [AnoInscricaoRestosAPagar] => 
            [DespesasMDEeASPS] => 
        )

    [1760] => Array
        (
            [ContaContabil] => 6.2.2.1.3.04.00
            [Valor] => 105349.61
            [ValorF] => 105.349,61
            [TipoValor] => ending_balance
            [NaturezaValor] => C
            [PoderOrgao] => 10131
            [FinanceiroPermanente] => 
            [DividaConsolidada] => 
            [FonteRecurso] => 1.211.0000
            [ComplementoFonteRecurso] => 
            [NaturezaReceita] => 
            [NaturezaDespesa] => 3.1.90.04.00
            [FuncaoSubfuncao] => 10.301
            [AnoInscricaoRestosAPagar] => 
            [DespesasMDEeASPS] => 
        )

    [1761] => Array
        (
            [ContaContabil] => 6.2.2.1.3.04.00
            [Valor] => 2742.25
            [ValorF] => 2.742,25
            [TipoValor] => period_change
            [NaturezaValor] => C
            [PoderOrgao] => 10131
            [FinanceiroPermanente] => 
            [DividaConsolidada] => 
            [FonteRecurso] => 1.211.0000
            [ComplementoFonteRecurso] => 
            [NaturezaReceita] => 
            [NaturezaDespesa] => 3.1.90.04.00
            [FuncaoSubfuncao] => 10.301
            [AnoInscricaoRestosAPagar] => 
            [DespesasMDEeASPS] => 
        )

    [1762] => Array
        (
            [ContaContabil] => 6.2.2.1.3.04.00
            [Valor] => 99627.62
            [ValorF] => 99.627,62
            [TipoValor] => beginning_balance
            [NaturezaValor] => C
            [PoderOrgao] => 10131
            [FinanceiroPermanente] => 
            [DividaConsolidada] => 
            [FonteRecurso] => 1.211.0000
            [ComplementoFonteRecurso] => 
            [NaturezaReceita] => 
            [NaturezaDespesa] => 3.1.90.04.00
            [FuncaoSubfuncao] => 10.302
            [AnoInscricaoRestosAPagar] => 
            [DespesasMDEeASPS] => 
        )

    [1763] => Array
        (
            [ContaContabil] => 6.2.2.1.3.04.00
            [Valor] => 120454.47
            [ValorF] => 120.454,47
            [TipoValor] => ending_balance
            [NaturezaValor] => C
            [PoderOrgao] => 10131
            [FinanceiroPermanente] => 
            [DividaConsolidada] => 
            [FonteRecurso] => 1.211.0000
            [ComplementoFonteRecurso] => 
            [NaturezaReceita] => 
            [NaturezaDespesa] => 3.1.90.04.00
            [FuncaoSubfuncao] => 10.302
            [AnoInscricaoRestosAPagar] => 
            [DespesasMDEeASPS] => 
        )

    [1764] => Array
        (
            [ContaContabil] => 6.2.2.1.3.04.00
            [Valor] => 20826.85
            [ValorF] => 20.826,85
            [TipoValor] => period_change
            [NaturezaValor] => C
            [PoderOrgao] => 10131
            [FinanceiroPermanente] => 
            [DividaConsolidada] => 
            [FonteRecurso] => 1.211.0000
            [ComplementoFonteRecurso] => 
            [NaturezaReceita] => 
            [NaturezaDespesa] => 3.1.90.04.00
            [FuncaoSubfuncao] => 10.302
            [AnoInscricaoRestosAPagar] => 
            [DespesasMDEeASPS] => 
        )

    [1765] => Array
        (
            [ContaContabil] => 6.2.2.1.3.04.00
            [Valor] => 5871.63
            [ValorF] => 5.871,63
            [TipoValor] => beginning_balance
            [NaturezaValor] => C
            [PoderOrgao] => 10131
            [FinanceiroPermanente] => 
            [DividaConsolidada] => 
            [FonteRecurso] => 1.214.0000
            [ComplementoFonteRecurso] => 
            [NaturezaReceita] => 
            [NaturezaDespesa] => 3.1.90.04.00
            [FuncaoSubfuncao] => 10.301
            [AnoInscricaoRestosAPagar] => 
            [DespesasMDEeASPS] => 
        )

    [1766] => Array
        (
            [ContaContabil] => 6.2.2.1.3.04.00
            [Valor] => 10275.35
            [ValorF] => 10.275,35
            [TipoValor] => ending_balance
            [NaturezaValor] => C
            [PoderOrgao] => 10131
            [FinanceiroPermanente] => 
            [DividaConsolidada] => 
            [FonteRecurso] => 1.214.0000
            [ComplementoFonteRecurso] => 
            [NaturezaReceita] => 
            [NaturezaDespesa] => 3.1.90.04.00
            [FuncaoSubfuncao] => 10.301
            [AnoInscricaoRestosAPagar] => 
            [DespesasMDEeASPS] => 
        )

    [1767] => Array
        (
            [ContaContabil] => 6.2.2.1.3.04.00
            [Valor] => 4403.72
            [ValorF] => 4.403,72
            [TipoValor] => period_change
            [NaturezaValor] => C
            [PoderOrgao] => 10131
            [FinanceiroPermanente] => 
            [DividaConsolidada] => 
            [FonteRecurso] => 1.214.0000
            [ComplementoFonteRecurso] => 
            [NaturezaReceita] => 
            [NaturezaDespesa] => 3.1.90.04.00
            [FuncaoSubfuncao] => 10.301
            [AnoInscricaoRestosAPagar] => 
            [DespesasMDEeASPS] => 
        )

    [1768] => Array
        (
            [ContaContabil] => 6.2.2.1.3.04.00
            [Valor] => 219271.03
            [ValorF] => 219.271,03
            [TipoValor] => beginning_balance
            [NaturezaValor] => C
            [PoderOrgao] => 10131
            [FinanceiroPermanente] => 
            [DividaConsolidada] => 
            [FonteRecurso] => 1.211.0000
            [ComplementoFonteRecurso] => 
            [NaturezaReceita] => 
            [NaturezaDespesa] => 3.1.90.11.01
            [FuncaoSubfuncao] => 10.122
            [AnoInscricaoRestosAPagar] => 
            [DespesasMDEeASPS] => 
        )

    [1769] => Array
        (
            [ContaContabil] => 6.2.2.1.3.04.00
            [Valor] => 246193.51
            [ValorF] => 246.193,51
            [TipoValor] => ending_balance
            [NaturezaValor] => C
            [PoderOrgao] => 10131
            [FinanceiroPermanente] => 
            [DividaConsolidada] => 
            [FonteRecurso] => 1.211.0000
            [ComplementoFonteRecurso] => 
            [NaturezaReceita] => 
            [NaturezaDespesa] => 3.1.90.11.01
            [FuncaoSubfuncao] => 10.122
            [AnoInscricaoRestosAPagar] => 
            [DespesasMDEeASPS] => 
        )

    [1770] => Array
        (
            [ContaContabil] => 6.2.2.1.3.04.00
            [Valor] => 26922.48
            [ValorF] => 26.922,48
            [TipoValor] => period_change
            [NaturezaValor] => C
            [PoderOrgao] => 10131
            [FinanceiroPermanente] => 
            [DividaConsolidada] => 
            [FonteRecurso] => 1.211.0000
            [ComplementoFonteRecurso] => 
            [NaturezaReceita] => 
            [NaturezaDespesa] => 3.1.90.11.01
            [FuncaoSubfuncao] => 10.122
            [AnoInscricaoRestosAPagar] => 
            [DespesasMDEeASPS] => 
        )

    [1771] => Array
        (
            [ContaContabil] => 6.2.2.1.3.04.00
            [Valor] => 98130
            [ValorF] => 98.130,00
            [TipoValor] => beginning_balance
            [NaturezaValor] => C
            [PoderOrgao] => 10131
            [FinanceiroPermanente] => 
            [DividaConsolidada] => 
            [FonteRecurso] => 1.211.0000
            [ComplementoFonteRecurso] => 
            [NaturezaReceita] => 
            [NaturezaDespesa] => 3.1.90.11.01
            [FuncaoSubfuncao] => 10.272
            [AnoInscricaoRestosAPagar] => 
            [DespesasMDEeASPS] => 
        )

    [1772] => Array
        (
            [ContaContabil] => 6.2.2.1.3.04.00
            [Valor] => 106702.78
            [ValorF] => 106.702,78
            [TipoValor] => ending_balance
            [NaturezaValor] => C
            [PoderOrgao] => 10131
            [FinanceiroPermanente] => 
            [DividaConsolidada] => 
            [FonteRecurso] => 1.211.0000
            [ComplementoFonteRecurso] => 
            [NaturezaReceita] => 
            [NaturezaDespesa] => 3.1.90.11.01
            [FuncaoSubfuncao] => 10.272
            [AnoInscricaoRestosAPagar] => 
            [DespesasMDEeASPS] => 
        )

    [1773] => Array
        (
            [ContaContabil] => 6.2.2.1.3.04.00
            [Valor] => 8572.78
            [ValorF] => 8.572,78
            [TipoValor] => period_change
            [NaturezaValor] => C
            [PoderOrgao] => 10131
            [FinanceiroPermanente] => 
            [DividaConsolidada] => 
            [FonteRecurso] => 1.211.0000
            [ComplementoFonteRecurso] => 
            [NaturezaReceita] => 
            [NaturezaDespesa] => 3.1.90.11.01
            [FuncaoSubfuncao] => 10.272
            [AnoInscricaoRestosAPagar] => 
            [DespesasMDEeASPS] => 
        )

    [1774] => Array
        (
            [ContaContabil] => 6.2.2.1.3.04.00
            [Valor] => 85448.91
            [ValorF] => 85.448,91
            [TipoValor] => beginning_balance
            [NaturezaValor] => C
            [PoderOrgao] => 10131
            [FinanceiroPermanente] => 
            [DividaConsolidada] => 
            [FonteRecurso] => 1.211.0000
            [ComplementoFonteRecurso] => 
            [NaturezaReceita] => 
            [NaturezaDespesa] => 3.1.90.11.01
            [FuncaoSubfuncao] => 10.301
            [AnoInscricaoRestosAPagar] => 
            [DespesasMDEeASPS] => 
        )

    [1775] => Array
        (
            [ContaContabil] => 6.2.2.1.3.04.00
            [Valor] => 89871.58
            [ValorF] => 89.871,58
            [TipoValor] => ending_balance
            [NaturezaValor] => C
            [PoderOrgao] => 10131
            [FinanceiroPermanente] => 
            [DividaConsolidada] => 
            [FonteRecurso] => 1.211.0000
            [ComplementoFonteRecurso] => 
            [NaturezaReceita] => 
            [NaturezaDespesa] => 3.1.90.11.01
            [FuncaoSubfuncao] => 10.301
            [AnoInscricaoRestosAPagar] => 
            [DespesasMDEeASPS] => 
        )

    [1776] => Array
        (
            [ContaContabil] => 6.2.2.1.3.04.00
            [Valor] => 4422.67
            [ValorF] => 4.422,67
            [TipoValor] => period_change
            [NaturezaValor] => C
            [PoderOrgao] => 10131
            [FinanceiroPermanente] => 
            [DividaConsolidada] => 
            [FonteRecurso] => 1.211.0000
            [ComplementoFonteRecurso] => 
            [NaturezaReceita] => 
            [NaturezaDespesa] => 3.1.90.11.01
            [FuncaoSubfuncao] => 10.301
            [AnoInscricaoRestosAPagar] => 
            [DespesasMDEeASPS] => 
        )

    [1777] => Array
        (
            [ContaContabil] => 6.2.2.1.3.04.00
            [Valor] => 279952.13
            [ValorF] => 279.952,13
            [TipoValor] => beginning_balance
            [NaturezaValor] => C
            [PoderOrgao] => 10131
            [FinanceiroPermanente] => 
            [DividaConsolidada] => 
            [FonteRecurso] => 1.211.0000
            [ComplementoFonteRecurso] => 
            [NaturezaReceita] => 
            [NaturezaDespesa] => 3.1.90.11.01
            [FuncaoSubfuncao] => 10.302
            [AnoInscricaoRestosAPagar] => 
            [DespesasMDEeASPS] => 
        )

    [1778] => Array
        (
            [ContaContabil] => 6.2.2.1.3.04.00
            [Valor] => 284002.54
            [ValorF] => 284.002,54
            [TipoValor] => ending_balance
            [NaturezaValor] => C
            [PoderOrgao] => 10131
            [FinanceiroPermanente] => 
            [DividaConsolidada] => 
            [FonteRecurso] => 1.211.0000
            [ComplementoFonteRecurso] => 
            [NaturezaReceita] => 
            [NaturezaDespesa] => 3.1.90.11.01
            [FuncaoSubfuncao] => 10.302
            [AnoInscricaoRestosAPagar] => 
            [DespesasMDEeASPS] => 
        )

    [1779] => Array
        (
            [ContaContabil] => 6.2.2.1.3.04.00
            [Valor] => 4050.41
            [ValorF] => 4.050,41
            [TipoValor] => period_change
            [NaturezaValor] => C
            [PoderOrgao] => 10131
            [FinanceiroPermanente] => 
            [DividaConsolidada] => 
            [FonteRecurso] => 1.211.0000
            [ComplementoFonteRecurso] => 
            [NaturezaReceita] => 
            [NaturezaDespesa] => 3.1.90.11.01
            [FuncaoSubfuncao] => 10.302
            [AnoInscricaoRestosAPagar] => 
            [DespesasMDEeASPS] => 
        )

    [1780] => Array
        (
            [ContaContabil] => 6.2.2.1.3.04.00
            [Valor] => 66929.38
            [ValorF] => 66.929,38
            [TipoValor] => beginning_balance
            [NaturezaValor] => C
            [PoderOrgao] => 10131
            [FinanceiroPermanente] => 
            [DividaConsolidada] => 
            [FonteRecurso] => 1.211.0000
            [ComplementoFonteRecurso] => 
            [NaturezaReceita] => 
            [NaturezaDespesa] => 3.1.90.11.01
            [FuncaoSubfuncao] => 10.305
            [AnoInscricaoRestosAPagar] => 
            [DespesasMDEeASPS] => 
        )

    [1781] => Array
        (
            [ContaContabil] => 6.2.2.1.3.04.00
            [Valor] => 72080.12
            [ValorF] => 72.080,12
            [TipoValor] => ending_balance
            [NaturezaValor] => C
            [PoderOrgao] => 10131
            [FinanceiroPermanente] => 
            [DividaConsolidada] => 
            [FonteRecurso] => 1.211.0000
            [ComplementoFonteRecurso] => 
            [NaturezaReceita] => 
            [NaturezaDespesa] => 3.1.90.11.01
            [FuncaoSubfuncao] => 10.305
            [AnoInscricaoRestosAPagar] => 
            [DespesasMDEeASPS] => 
        )

    [1782] => Array
        (
            [ContaContabil] => 6.2.2.1.3.04.00
            [Valor] => 5150.74
            [ValorF] => 5.150,74
            [TipoValor] => period_change
            [NaturezaValor] => C
            [PoderOrgao] => 10131
            [FinanceiroPermanente] => 
            [DividaConsolidada] => 
            [FonteRecurso] => 1.211.0000
            [ComplementoFonteRecurso] => 
            [NaturezaReceita] => 
            [NaturezaDespesa] => 3.1.90.11.01
            [FuncaoSubfuncao] => 10.305
            [AnoInscricaoRestosAPagar] => 
            [DespesasMDEeASPS] => 
        )

    [1783] => Array
        (
            [ContaContabil] => 6.2.2.1.3.04.00
            [Valor] => 124471.48
            [ValorF] => 124.471,48
            [TipoValor] => beginning_balance
            [NaturezaValor] => C
            [PoderOrgao] => 10131
            [FinanceiroPermanente] => 
            [DividaConsolidada] => 
            [FonteRecurso] => 1.211.0000
            [ComplementoFonteRecurso] => 
            [NaturezaReceita] => 
            [NaturezaDespesa] => 3.1.90.11.01
            [FuncaoSubfuncao] => 10.785
            [AnoInscricaoRestosAPagar] => 
            [DespesasMDEeASPS] => 
        )

    [1784] => Array
        (
            [ContaContabil] => 6.2.2.1.3.04.00
            [Valor] => 139137.88
            [ValorF] => 139.137,88
            [TipoValor] => ending_balance
            [NaturezaValor] => C
            [PoderOrgao] => 10131
            [FinanceiroPermanente] => 
            [DividaConsolidada] => 
            [FonteRecurso] => 1.211.0000
            [ComplementoFonteRecurso] => 
            [NaturezaReceita] => 
            [NaturezaDespesa] => 3.1.90.11.01
            [FuncaoSubfuncao] => 10.785
            [AnoInscricaoRestosAPagar] => 
            [DespesasMDEeASPS] => 
        )

    [1785] => Array
        (
            [ContaContabil] => 6.2.2.1.3.04.00
            [Valor] => 14666.4
            [ValorF] => 14.666,40
            [TipoValor] => period_change
            [NaturezaValor] => C
            [PoderOrgao] => 10131
            [FinanceiroPermanente] => 
            [DividaConsolidada] => 
            [FonteRecurso] => 1.211.0000
            [ComplementoFonteRecurso] => 
            [NaturezaReceita] => 
            [NaturezaDespesa] => 3.1.90.11.01
            [FuncaoSubfuncao] => 10.785
            [AnoInscricaoRestosAPagar] => 
            [DespesasMDEeASPS] => 
        )

    [1786] => Array
        (
            [ContaContabil] => 6.2.2.1.3.04.00
            [Valor] => 66994.76
            [ValorF] => 66.994,76
            [TipoValor] => beginning_balance
            [NaturezaValor] => C
            [PoderOrgao] => 10131
            [FinanceiroPermanente] => 
            [DividaConsolidada] => 
            [FonteRecurso] => 1.290.0000
            [ComplementoFonteRecurso] => 
            [NaturezaReceita] => 
            [NaturezaDespesa] => 3.1.90.11.01
            [FuncaoSubfuncao] => 10.302
            [AnoInscricaoRestosAPagar] => 
            [DespesasMDEeASPS] => 
        )

    [1787] => Array
        (
            [ContaContabil] => 6.2.2.1.3.04.00
            [Valor] => 88948.46
            [ValorF] => 88.948,46
            [TipoValor] => ending_balance
            [NaturezaValor] => C
            [PoderOrgao] => 10131
            [FinanceiroPermanente] => 
            [DividaConsolidada] => 
            [FonteRecurso] => 1.290.0000
            [ComplementoFonteRecurso] => 
            [NaturezaReceita] => 
            [NaturezaDespesa] => 3.1.90.11.01
            [FuncaoSubfuncao] => 10.302
            [AnoInscricaoRestosAPagar] => 
            [DespesasMDEeASPS] => 
        )

    [1788] => Array
        (
            [ContaContabil] => 6.2.2.1.3.04.00
            [Valor] => 21953.7
            [ValorF] => 21.953,70
            [TipoValor] => period_change
            [NaturezaValor] => C
            [PoderOrgao] => 10131
            [FinanceiroPermanente] => 
            [DividaConsolidada] => 
            [FonteRecurso] => 1.290.0000
            [ComplementoFonteRecurso] => 
            [NaturezaReceita] => 
            [NaturezaDespesa] => 3.1.90.11.01
            [FuncaoSubfuncao] => 10.302
            [AnoInscricaoRestosAPagar] => 
            [DespesasMDEeASPS] => 
        )

    [1789] => Array
        (
            [ContaContabil] => 6.2.2.1.3.04.00
            [Valor] => 49479.42
            [ValorF] => 49.479,42
            [TipoValor] => beginning_balance
            [NaturezaValor] => C
            [PoderOrgao] => 10131
            [FinanceiroPermanente] => 
            [DividaConsolidada] => 
            [FonteRecurso] => 1.213.0000
            [ComplementoFonteRecurso] => 
            [NaturezaReceita] => 
            [NaturezaDespesa] => 3.1.90.11.01
            [FuncaoSubfuncao] => 10.301
            [AnoInscricaoRestosAPagar] => 
            [DespesasMDEeASPS] => 
        )

    [1790] => Array
        (
            [ContaContabil] => 6.2.2.1.3.04.00
            [Valor] => 6226.25
            [ValorF] => 6.226,25
            [TipoValor] => beginning_balance
            [NaturezaValor] => D
            [PoderOrgao] => 10131
            [FinanceiroPermanente] => 
            [DividaConsolidada] => 
            [FonteRecurso] => 1.213.0000
            [ComplementoFonteRecurso] => 
            [NaturezaReceita] => 
            [NaturezaDespesa] => 3.1.90.11.01
            [FuncaoSubfuncao] => 10.301
            [AnoInscricaoRestosAPagar] => 
            [DespesasMDEeASPS] => 
        )

    [1791] => Array
        (
            [ContaContabil] => 6.2.2.1.3.04.00
            [Valor] => 49659.42
            [ValorF] => 49.659,42
            [TipoValor] => ending_balance
            [NaturezaValor] => C
            [PoderOrgao] => 10131
            [FinanceiroPermanente] => 
            [DividaConsolidada] => 
            [FonteRecurso] => 1.213.0000
            [ComplementoFonteRecurso] => 
            [NaturezaReceita] => 
            [NaturezaDespesa] => 3.1.90.11.01
            [FuncaoSubfuncao] => 10.301
            [AnoInscricaoRestosAPagar] => 
            [DespesasMDEeASPS] => 
        )

    [1792] => Array
        (
            [ContaContabil] => 6.2.2.1.3.04.00
            [Valor] => 6226.25
            [ValorF] => 6.226,25
            [TipoValor] => ending_balance
            [NaturezaValor] => D
            [PoderOrgao] => 10131
            [FinanceiroPermanente] => 
            [DividaConsolidada] => 
            [FonteRecurso] => 1.213.0000
            [ComplementoFonteRecurso] => 
            [NaturezaReceita] => 
            [NaturezaDespesa] => 3.1.90.11.01
            [FuncaoSubfuncao] => 10.301
            [AnoInscricaoRestosAPagar] => 
            [DespesasMDEeASPS] => 
        )

    [1793] => Array
        (
            [ContaContabil] => 6.2.2.1.3.04.00
            [Valor] => 180
            [ValorF] => 180,00
            [TipoValor] => period_change
            [NaturezaValor] => C
            [PoderOrgao] => 10131
            [FinanceiroPermanente] => 
            [DividaConsolidada] => 
            [FonteRecurso] => 1.213.0000
            [ComplementoFonteRecurso] => 
            [NaturezaReceita] => 
            [NaturezaDespesa] => 3.1.90.11.01
            [FuncaoSubfuncao] => 10.301
            [AnoInscricaoRestosAPagar] => 
            [DespesasMDEeASPS] => 
        )

    [1794] => Array
        (
            [ContaContabil] => 6.2.2.1.3.04.00
            [Valor] => 60062.37
            [ValorF] => 60.062,37
            [TipoValor] => beginning_balance
            [NaturezaValor] => C
            [PoderOrgao] => 10131
            [FinanceiroPermanente] => 
            [DividaConsolidada] => 
            [FonteRecurso] => 1.213.0000
            [ComplementoFonteRecurso] => 
            [NaturezaReceita] => 
            [NaturezaDespesa] => 3.1.90.11.01
            [FuncaoSubfuncao] => 10.301
            [AnoInscricaoRestosAPagar] => 
            [DespesasMDEeASPS] => 
        )

    [1795] => Array
        (
            [ContaContabil] => 6.2.2.1.3.04.00
            [Valor] => 60062.37
            [ValorF] => 60.062,37
            [TipoValor] => ending_balance
            [NaturezaValor] => C
            [PoderOrgao] => 10131
            [FinanceiroPermanente] => 
            [DividaConsolidada] => 
            [FonteRecurso] => 1.213.0000
            [ComplementoFonteRecurso] => 
            [NaturezaReceita] => 
            [NaturezaDespesa] => 3.1.90.11.01
            [FuncaoSubfuncao] => 10.301
            [AnoInscricaoRestosAPagar] => 
            [DespesasMDEeASPS] => 
        )

    [1796] => Array
        (
            [ContaContabil] => 6.2.2.1.3.04.00
            [Valor] => 12019.18
            [ValorF] => 12.019,18
            [TipoValor] => beginning_balance
            [NaturezaValor] => C
            [PoderOrgao] => 10131
            [FinanceiroPermanente] => 
            [DividaConsolidada] => 
            [FonteRecurso] => 1.213.0000
            [ComplementoFonteRecurso] => 
            [NaturezaReceita] => 
            [NaturezaDespesa] => 3.1.90.11.01
            [FuncaoSubfuncao] => 10.301
            [AnoInscricaoRestosAPagar] => 
            [DespesasMDEeASPS] => 
        )

    [1797] => Array
        (
            [ContaContabil] => 6.2.2.1.3.04.00
            [Valor] => 12019.18
            [ValorF] => 12.019,18
            [TipoValor] => ending_balance
            [NaturezaValor] => C
            [PoderOrgao] => 10131
            [FinanceiroPermanente] => 
            [DividaConsolidada] => 
            [FonteRecurso] => 1.213.0000
            [ComplementoFonteRecurso] => 
            [NaturezaReceita] => 
            [NaturezaDespesa] => 3.1.90.11.01
            [FuncaoSubfuncao] => 10.301
            [AnoInscricaoRestosAPagar] => 
            [DespesasMDEeASPS] => 
        )

    [1798] => Array
        (
            [ContaContabil] => 6.2.2.1.3.04.00
            [Valor] => 492039.28
            [ValorF] => 492.039,28
            [TipoValor] => beginning_balance
            [NaturezaValor] => C
            [PoderOrgao] => 10131
            [FinanceiroPermanente] => 
            [DividaConsolidada] => 
            [FonteRecurso] => 1.214.0000
            [ComplementoFonteRecurso] => 
            [NaturezaReceita] => 
            [NaturezaDespesa] => 3.1.90.11.01
            [FuncaoSubfuncao] => 10.301
            [AnoInscricaoRestosAPagar] => 
            [DespesasMDEeASPS] => 
        )

    [1799] => Array
        (
            [ContaContabil] => 6.2.2.1.3.04.00
            [Valor] => 537177.99
            [ValorF] => 537.177,99
            [TipoValor] => ending_balance
            [NaturezaValor] => C
            [PoderOrgao] => 10131
            [FinanceiroPermanente] => 
            [DividaConsolidada] => 
            [FonteRecurso] => 1.214.0000
            [ComplementoFonteRecurso] => 
            [NaturezaReceita] => 
            [NaturezaDespesa] => 3.1.90.11.01
            [FuncaoSubfuncao] => 10.301
            [AnoInscricaoRestosAPagar] => 
            [DespesasMDEeASPS] => 
        )

    [1800] => Array
        (
            [ContaContabil] => 6.2.2.1.3.04.00
            [Valor] => 45138.71
            [ValorF] => 45.138,71
            [TipoValor] => period_change
            [NaturezaValor] => C
            [PoderOrgao] => 10131
            [FinanceiroPermanente] => 
            [DividaConsolidada] => 
            [FonteRecurso] => 1.214.0000
            [ComplementoFonteRecurso] => 
            [NaturezaReceita] => 
            [NaturezaDespesa] => 3.1.90.11.01
            [FuncaoSubfuncao] => 10.301
            [AnoInscricaoRestosAPagar] => 
            [DespesasMDEeASPS] => 
        )

    [1801] => Array
        (
            [ContaContabil] => 6.2.2.1.3.04.00
            [Valor] => 49391.76
            [ValorF] => 49.391,76
            [TipoValor] => beginning_balance
            [NaturezaValor] => C
            [PoderOrgao] => 10131
            [FinanceiroPermanente] => 
            [DividaConsolidada] => 
            [FonteRecurso] => 1.214.0000
            [ComplementoFonteRecurso] => 
            [NaturezaReceita] => 
            [NaturezaDespesa] => 3.1.90.11.01
            [FuncaoSubfuncao] => 10.305
            [AnoInscricaoRestosAPagar] => 
            [DespesasMDEeASPS] => 
        )

    [1802] => Array
        (
            [ContaContabil] => 6.2.2.1.3.04.00
            [Valor] => 57718.49
            [ValorF] => 57.718,49
            [TipoValor] => ending_balance
            [NaturezaValor] => C
            [PoderOrgao] => 10131
            [FinanceiroPermanente] => 
            [DividaConsolidada] => 
            [FonteRecurso] => 1.214.0000
            [ComplementoFonteRecurso] => 
            [NaturezaReceita] => 
            [NaturezaDespesa] => 3.1.90.11.01
            [FuncaoSubfuncao] => 10.305
            [AnoInscricaoRestosAPagar] => 
            [DespesasMDEeASPS] => 
        )

    [1803] => Array
        (
            [ContaContabil] => 6.2.2.1.3.04.00
            [Valor] => 8326.73
            [ValorF] => 8.326,73
            [TipoValor] => period_change
            [NaturezaValor] => C
            [PoderOrgao] => 10131
            [FinanceiroPermanente] => 
            [DividaConsolidada] => 
            [FonteRecurso] => 1.214.0000
            [ComplementoFonteRecurso] => 
            [NaturezaReceita] => 
            [NaturezaDespesa] => 3.1.90.11.01
            [FuncaoSubfuncao] => 10.305
            [AnoInscricaoRestosAPagar] => 
            [DespesasMDEeASPS] => 
        )

    [1804] => Array
        (
            [ContaContabil] => 6.2.2.1.3.04.00
            [Valor] => 24014.71
            [ValorF] => 24.014,71
            [TipoValor] => beginning_balance
            [NaturezaValor] => C
            [PoderOrgao] => 10131
            [FinanceiroPermanente] => 
            [DividaConsolidada] => 
            [FonteRecurso] => 1.214.0000
            [ComplementoFonteRecurso] => 
            [NaturezaReceita] => 
            [NaturezaDespesa] => 3.1.90.11.01
            [FuncaoSubfuncao] => 10.301
            [AnoInscricaoRestosAPagar] => 
            [DespesasMDEeASPS] => 
        )

    [1805] => Array
        (
            [ContaContabil] => 6.2.2.1.3.04.00
            [Valor] => 64341
            [ValorF] => 64.341,00
            [TipoValor] => ending_balance
            [NaturezaValor] => C
            [PoderOrgao] => 10131
            [FinanceiroPermanente] => 
            [DividaConsolidada] => 
            [FonteRecurso] => 1.214.0000
            [ComplementoFonteRecurso] => 
            [NaturezaReceita] => 
            [NaturezaDespesa] => 3.1.90.11.01
            [FuncaoSubfuncao] => 10.301
            [AnoInscricaoRestosAPagar] => 
            [DespesasMDEeASPS] => 
        )

    [1806] => Array
        (
            [ContaContabil] => 6.2.2.1.3.04.00
            [Valor] => 40326.29
            [ValorF] => 40.326,29
            [TipoValor] => period_change
            [NaturezaValor] => C
            [PoderOrgao] => 10131
            [FinanceiroPermanente] => 
            [DividaConsolidada] => 
            [FonteRecurso] => 1.214.0000
            [ComplementoFonteRecurso] => 
            [NaturezaReceita] => 
            [NaturezaDespesa] => 3.1.90.11.01
            [FuncaoSubfuncao] => 10.301
            [AnoInscricaoRestosAPagar] => 
            [DespesasMDEeASPS] => 
        )

    [1807] => Array
        (
            [ContaContabil] => 6.2.2.1.3.04.00
            [Valor] => 31436.68
            [ValorF] => 31.436,68
            [TipoValor] => beginning_balance
            [NaturezaValor] => C
            [PoderOrgao] => 10131
            [FinanceiroPermanente] => 
            [DividaConsolidada] => 
            [FonteRecurso] => 1.214.0000
            [ComplementoFonteRecurso] => 
            [NaturezaReceita] => 
            [NaturezaDespesa] => 3.1.90.11.01
            [FuncaoSubfuncao] => 10.305
            [AnoInscricaoRestosAPagar] => 
            [DespesasMDEeASPS] => 
        )

    [1808] => Array
        (
            [ContaContabil] => 6.2.2.1.3.04.00
            [Valor] => 40299.67
            [ValorF] => 40.299,67
            [TipoValor] => ending_balance
            [NaturezaValor] => C
            [PoderOrgao] => 10131
            [FinanceiroPermanente] => 
            [DividaConsolidada] => 
            [FonteRecurso] => 1.214.0000
            [ComplementoFonteRecurso] => 
            [NaturezaReceita] => 
            [NaturezaDespesa] => 3.1.90.11.01
            [FuncaoSubfuncao] => 10.305
            [AnoInscricaoRestosAPagar] => 
            [DespesasMDEeASPS] => 
        )

    [1809] => Array
        (
            [ContaContabil] => 6.2.2.1.3.04.00
            [Valor] => 8862.99
            [ValorF] => 8.862,99
            [TipoValor] => period_change
            [NaturezaValor] => C
            [PoderOrgao] => 10131
            [FinanceiroPermanente] => 
            [DividaConsolidada] => 
            [FonteRecurso] => 1.214.0000
            [ComplementoFonteRecurso] => 
            [NaturezaReceita] => 
            [NaturezaDespesa] => 3.1.90.11.01
            [FuncaoSubfuncao] => 10.305
            [AnoInscricaoRestosAPagar] => 
            [DespesasMDEeASPS] => 
        )

    [1810] => Array
        (
            [ContaContabil] => 6.2.2.1.3.04.00
            [Valor] => 20680.84
            [ValorF] => 20.680,84
            [TipoValor] => beginning_balance
            [NaturezaValor] => C
            [PoderOrgao] => 10131
            [FinanceiroPermanente] => 
            [DividaConsolidada] => 
            [FonteRecurso] => 1.211.0000
            [ComplementoFonteRecurso] => 
            [NaturezaReceita] => 
            [NaturezaDespesa] => 3.1.90.13.01
            [FuncaoSubfuncao] => 10.122
            [AnoInscricaoRestosAPagar] => 
            [DespesasMDEeASPS] => 
        )

    [1811] => Array
        (
            [ContaContabil] => 6.2.2.1.3.04.00
            [Valor] => 24192.55
            [ValorF] => 24.192,55
            [TipoValor] => ending_balance
            [NaturezaValor] => C
            [PoderOrgao] => 10131
            [FinanceiroPermanente] => 
            [DividaConsolidada] => 
            [FonteRecurso] => 1.211.0000
            [ComplementoFonteRecurso] => 
            [NaturezaReceita] => 
            [NaturezaDespesa] => 3.1.90.13.01
            [FuncaoSubfuncao] => 10.122
            [AnoInscricaoRestosAPagar] => 
            [DespesasMDEeASPS] => 
        )

    [1812] => Array
        (
            [ContaContabil] => 6.2.2.1.3.04.00
            [Valor] => 3511.71
            [ValorF] => 3.511,71
            [TipoValor] => period_change
            [NaturezaValor] => C
            [PoderOrgao] => 10131
            [FinanceiroPermanente] => 
            [DividaConsolidada] => 
            [FonteRecurso] => 1.211.0000
            [ComplementoFonteRecurso] => 
            [NaturezaReceita] => 
            [NaturezaDespesa] => 3.1.90.13.01
            [FuncaoSubfuncao] => 10.122
            [AnoInscricaoRestosAPagar] => 
            [DespesasMDEeASPS] => 
        )

    [1813] => Array
        (
            [ContaContabil] => 6.2.2.1.3.04.00
            [Valor] => 59607.37
            [ValorF] => 59.607,37
            [TipoValor] => beginning_balance
            [NaturezaValor] => C
            [PoderOrgao] => 10131
            [FinanceiroPermanente] => 
            [DividaConsolidada] => 
            [FonteRecurso] => 1.211.0000
            [ComplementoFonteRecurso] => 
            [NaturezaReceita] => 
            [NaturezaDespesa] => 3.1.90.13.01
            [FuncaoSubfuncao] => 10.301
            [AnoInscricaoRestosAPagar] => 
            [DespesasMDEeASPS] => 
        )

    [1814] => Array
        (
            [ContaContabil] => 6.2.2.1.3.04.00
            [Valor] => 67189.76
            [ValorF] => 67.189,76
            [TipoValor] => ending_balance
            [NaturezaValor] => C
            [PoderOrgao] => 10131
            [FinanceiroPermanente] => 
            [DividaConsolidada] => 
            [FonteRecurso] => 1.211.0000
            [ComplementoFonteRecurso] => 
            [NaturezaReceita] => 
            [NaturezaDespesa] => 3.1.90.13.01
            [FuncaoSubfuncao] => 10.301
            [AnoInscricaoRestosAPagar] => 
            [DespesasMDEeASPS] => 
        )

    [1815] => Array
        (
            [ContaContabil] => 6.2.2.1.3.04.00
            [Valor] => 7582.39
            [ValorF] => 7.582,39
            [TipoValor] => period_change
            [NaturezaValor] => C
            [PoderOrgao] => 10131
            [FinanceiroPermanente] => 
            [DividaConsolidada] => 
            [FonteRecurso] => 1.211.0000
            [ComplementoFonteRecurso] => 
            [NaturezaReceita] => 
            [NaturezaDespesa] => 3.1.90.13.01
            [FuncaoSubfuncao] => 10.301
            [AnoInscricaoRestosAPagar] => 
            [DespesasMDEeASPS] => 
        )

    [1816] => Array
        (
            [ContaContabil] => 6.2.2.1.3.04.00
            [Valor] => 12244.71
            [ValorF] => 12.244,71
            [TipoValor] => beginning_balance
            [NaturezaValor] => C
            [PoderOrgao] => 10131
            [FinanceiroPermanente] => 
            [DividaConsolidada] => 
            [FonteRecurso] => 1.211.0000
            [ComplementoFonteRecurso] => 
            [NaturezaReceita] => 
            [NaturezaDespesa] => 3.1.90.13.01
            [FuncaoSubfuncao] => 10.305
            [AnoInscricaoRestosAPagar] => 
            [DespesasMDEeASPS] => 
        )

    [1817] => Array
        (
            [ContaContabil] => 6.2.2.1.3.04.00
            [Valor] => 13758.59
            [ValorF] => 13.758,59
            [TipoValor] => ending_balance
            [NaturezaValor] => C
            [PoderOrgao] => 10131
            [FinanceiroPermanente] => 
            [DividaConsolidada] => 
            [FonteRecurso] => 1.211.0000
            [ComplementoFonteRecurso] => 
            [NaturezaReceita] => 
            [NaturezaDespesa] => 3.1.90.13.01
            [FuncaoSubfuncao] => 10.305
            [AnoInscricaoRestosAPagar] => 
            [DespesasMDEeASPS] => 
        )

    [1818] => Array
        (
            [ContaContabil] => 6.2.2.1.3.04.00
            [Valor] => 1513.88
            [ValorF] => 1.513,88
            [TipoValor] => period_change
            [NaturezaValor] => C
            [PoderOrgao] => 10131
            [FinanceiroPermanente] => 
            [DividaConsolidada] => 
            [FonteRecurso] => 1.211.0000
            [ComplementoFonteRecurso] => 
            [NaturezaReceita] => 
            [NaturezaDespesa] => 3.1.90.13.01
            [FuncaoSubfuncao] => 10.305
            [AnoInscricaoRestosAPagar] => 
            [DespesasMDEeASPS] => 
        )

    [1819] => Array
        (
            [ContaContabil] => 6.2.2.1.3.04.00
            [Valor] => 17177.11
            [ValorF] => 17.177,11
            [TipoValor] => beginning_balance
            [NaturezaValor] => C
            [PoderOrgao] => 10131
            [FinanceiroPermanente] => 
            [DividaConsolidada] => 
            [FonteRecurso] => 1.211.0000
            [ComplementoFonteRecurso] => 
            [NaturezaReceita] => 
            [NaturezaDespesa] => 3.1.90.16.01
            [FuncaoSubfuncao] => 10.301
            [AnoInscricaoRestosAPagar] => 
            [DespesasMDEeASPS] => 
        )

    [1820] => Array
        (
            [ContaContabil] => 6.2.2.1.3.04.00
            [Valor] => 20045.64
            [ValorF] => 20.045,64
            [TipoValor] => ending_balance
            [NaturezaValor] => C
            [PoderOrgao] => 10131
            [FinanceiroPermanente] => 
            [DividaConsolidada] => 
            [FonteRecurso] => 1.211.0000
            [ComplementoFonteRecurso] => 
            [NaturezaReceita] => 
            [NaturezaDespesa] => 3.1.90.16.01
            [FuncaoSubfuncao] => 10.301
            [AnoInscricaoRestosAPagar] => 
            [DespesasMDEeASPS] => 
        )

    [1821] => Array
        (
            [ContaContabil] => 6.2.2.1.3.04.00
            [Valor] => 2868.53
            [ValorF] => 2.868,53
            [TipoValor] => period_change
            [NaturezaValor] => C
            [PoderOrgao] => 10131
            [FinanceiroPermanente] => 
            [DividaConsolidada] => 
            [FonteRecurso] => 1.211.0000
            [ComplementoFonteRecurso] => 
            [NaturezaReceita] => 
            [NaturezaDespesa] => 3.1.90.16.01
            [FuncaoSubfuncao] => 10.301
            [AnoInscricaoRestosAPagar] => 
            [DespesasMDEeASPS] => 
        )

    [1822] => Array
        (
            [ContaContabil] => 6.2.2.1.3.04.00
            [Valor] => 2189.51
            [ValorF] => 2.189,51
            [TipoValor] => beginning_balance
            [NaturezaValor] => C
            [PoderOrgao] => 10131
            [FinanceiroPermanente] => 
            [DividaConsolidada] => 
            [FonteRecurso] => 1.211.0000
            [ComplementoFonteRecurso] => 
            [NaturezaReceita] => 
            [NaturezaDespesa] => 3.1.90.16.01
            [FuncaoSubfuncao] => 10.302
            [AnoInscricaoRestosAPagar] => 
            [DespesasMDEeASPS] => 
        )

    [1823] => Array
        (
            [ContaContabil] => 6.2.2.1.3.04.00
            [Valor] => 2363.42
            [ValorF] => 2.363,42
            [TipoValor] => ending_balance
            [NaturezaValor] => C
            [PoderOrgao] => 10131
            [FinanceiroPermanente] => 
            [DividaConsolidada] => 
            [FonteRecurso] => 1.211.0000
            [ComplementoFonteRecurso] => 
            [NaturezaReceita] => 
            [NaturezaDespesa] => 3.1.90.16.01
            [FuncaoSubfuncao] => 10.302
            [AnoInscricaoRestosAPagar] => 
            [DespesasMDEeASPS] => 
        )

    [1824] => Array
        (
            [ContaContabil] => 6.2.2.1.3.04.00
            [Valor] => 173.91
            [ValorF] => 173,91
            [TipoValor] => period_change
            [NaturezaValor] => C
            [PoderOrgao] => 10131
            [FinanceiroPermanente] => 
            [DividaConsolidada] => 
            [FonteRecurso] => 1.211.0000
            [ComplementoFonteRecurso] => 
            [NaturezaReceita] => 
            [NaturezaDespesa] => 3.1.90.16.01
            [FuncaoSubfuncao] => 10.302
            [AnoInscricaoRestosAPagar] => 
            [DespesasMDEeASPS] => 
        )

    [1825] => Array
        (
            [ContaContabil] => 6.2.2.1.3.04.00
            [Valor] => 203.17
            [ValorF] => 203,17
            [TipoValor] => beginning_balance
            [NaturezaValor] => C
            [PoderOrgao] => 10131
            [FinanceiroPermanente] => 
            [DividaConsolidada] => 
            [FonteRecurso] => 1.211.0000
            [ComplementoFonteRecurso] => 
            [NaturezaReceita] => 
            [NaturezaDespesa] => 3.1.90.16.01
            [FuncaoSubfuncao] => 10.305
            [AnoInscricaoRestosAPagar] => 
            [DespesasMDEeASPS] => 
        )

    [1826] => Array
        (
            [ContaContabil] => 6.2.2.1.3.04.00
            [Valor] => 203.17
            [ValorF] => 203,17
            [TipoValor] => ending_balance
            [NaturezaValor] => C
            [PoderOrgao] => 10131
            [FinanceiroPermanente] => 
            [DividaConsolidada] => 
            [FonteRecurso] => 1.211.0000
            [ComplementoFonteRecurso] => 
            [NaturezaReceita] => 
            [NaturezaDespesa] => 3.1.90.16.01
            [FuncaoSubfuncao] => 10.305
            [AnoInscricaoRestosAPagar] => 
            [DespesasMDEeASPS] => 
        )

    [1827] => Array
        (
            [ContaContabil] => 6.2.2.1.3.04.00
            [Valor] => 37596.91
            [ValorF] => 37.596,91
            [TipoValor] => beginning_balance
            [NaturezaValor] => C
            [PoderOrgao] => 10131
            [FinanceiroPermanente] => 
            [DividaConsolidada] => 
            [FonteRecurso] => 1.211.0000
            [ComplementoFonteRecurso] => 
            [NaturezaReceita] => 
            [NaturezaDespesa] => 3.1.90.16.01
            [FuncaoSubfuncao] => 10.785
            [AnoInscricaoRestosAPagar] => 
            [DespesasMDEeASPS] => 
        )

    [1828] => Array
        (
            [ContaContabil] => 6.2.2.1.3.04.00
            [Valor] => 42383.47
            [ValorF] => 42.383,47
            [TipoValor] => ending_balance
            [NaturezaValor] => C
            [PoderOrgao] => 10131
            [FinanceiroPermanente] => 
            [DividaConsolidada] => 
            [FonteRecurso] => 1.211.0000
            [ComplementoFonteRecurso] => 
            [NaturezaReceita] => 
            [NaturezaDespesa] => 3.1.90.16.01
            [FuncaoSubfuncao] => 10.785
            [AnoInscricaoRestosAPagar] => 
            [DespesasMDEeASPS] => 
        )

    [1829] => Array
        (
            [ContaContabil] => 6.2.2.1.3.04.00
            [Valor] => 4786.56
            [ValorF] => 4.786,56
            [TipoValor] => period_change
            [NaturezaValor] => C
            [PoderOrgao] => 10131
            [FinanceiroPermanente] => 
            [DividaConsolidada] => 
            [FonteRecurso] => 1.211.0000
            [ComplementoFonteRecurso] => 
            [NaturezaReceita] => 
            [NaturezaDespesa] => 3.1.90.16.01
            [FuncaoSubfuncao] => 10.785
            [AnoInscricaoRestosAPagar] => 
            [DespesasMDEeASPS] => 
        )

    [1830] => Array
        (
            [ContaContabil] => 6.2.2.1.3.04.00
            [Valor] => 2706.17
            [ValorF] => 2.706,17
            [TipoValor] => beginning_balance
            [NaturezaValor] => C
            [PoderOrgao] => 10131
            [FinanceiroPermanente] => 
            [DividaConsolidada] => 
            [FonteRecurso] => 1.214.0000
            [ComplementoFonteRecurso] => 
            [NaturezaReceita] => 
            [NaturezaDespesa] => 3.1.90.16.01
            [FuncaoSubfuncao] => 10.301
            [AnoInscricaoRestosAPagar] => 
            [DespesasMDEeASPS] => 
        )

    [1831] => Array
        (
            [ContaContabil] => 6.2.2.1.3.04.00
            [Valor] => 2706.17
            [ValorF] => 2.706,17
            [TipoValor] => ending_balance
            [NaturezaValor] => C
            [PoderOrgao] => 10131
            [FinanceiroPermanente] => 
            [DividaConsolidada] => 
            [FonteRecurso] => 1.214.0000
            [ComplementoFonteRecurso] => 
            [NaturezaReceita] => 
            [NaturezaDespesa] => 3.1.90.16.01
            [FuncaoSubfuncao] => 10.301
            [AnoInscricaoRestosAPagar] => 
            [DespesasMDEeASPS] => 
        )

    [1832] => Array
        (
            [ContaContabil] => 6.2.2.1.3.04.00
            [Valor] => 8360.32
            [ValorF] => 8.360,32
            [TipoValor] => beginning_balance
            [NaturezaValor] => C
            [PoderOrgao] => 10131
            [FinanceiroPermanente] => 
            [DividaConsolidada] => 
            [FonteRecurso] => 1.211.0000
            [ComplementoFonteRecurso] => 
            [NaturezaReceita] => 
            [NaturezaDespesa] => 3.1.90.94.09
            [FuncaoSubfuncao] => 10.122
            [AnoInscricaoRestosAPagar] => 
            [DespesasMDEeASPS] => 
        )

    [1833] => Array
        (
            [ContaContabil] => 6.2.2.1.3.04.00
            [Valor] => 8360.32
            [ValorF] => 8.360,32
            [TipoValor] => ending_balance
            [NaturezaValor] => C
            [PoderOrgao] => 10131
            [FinanceiroPermanente] => 
            [DividaConsolidada] => 
            [FonteRecurso] => 1.211.0000
            [ComplementoFonteRecurso] => 
            [NaturezaReceita] => 
            [NaturezaDespesa] => 3.1.90.94.09
            [FuncaoSubfuncao] => 10.122
            [AnoInscricaoRestosAPagar] => 
            [DespesasMDEeASPS] => 
        )

    [1834] => Array
        (
            [ContaContabil] => 6.2.2.1.3.04.00
            [Valor] => 5084.15
            [ValorF] => 5.084,15
            [TipoValor] => beginning_balance
            [NaturezaValor] => C
            [PoderOrgao] => 10131
            [FinanceiroPermanente] => 
            [DividaConsolidada] => 
            [FonteRecurso] => 1.211.0000
            [ComplementoFonteRecurso] => 
            [NaturezaReceita] => 
            [NaturezaDespesa] => 3.1.90.94.09
            [FuncaoSubfuncao] => 10.301
            [AnoInscricaoRestosAPagar] => 
            [DespesasMDEeASPS] => 
        )

    [1835] => Array
        (
            [ContaContabil] => 6.2.2.1.3.04.00
            [Valor] => 5084.15
            [ValorF] => 5.084,15
            [TipoValor] => ending_balance
            [NaturezaValor] => C
            [PoderOrgao] => 10131
            [FinanceiroPermanente] => 
            [DividaConsolidada] => 
            [FonteRecurso] => 1.211.0000
            [ComplementoFonteRecurso] => 
            [NaturezaReceita] => 
            [NaturezaDespesa] => 3.1.90.94.09
            [FuncaoSubfuncao] => 10.301
            [AnoInscricaoRestosAPagar] => 
            [DespesasMDEeASPS] => 
        )

    [1836] => Array
        (
            [ContaContabil] => 6.2.2.1.3.04.00
            [Valor] => 13547.12
            [ValorF] => 13.547,12
            [TipoValor] => beginning_balance
            [NaturezaValor] => C
            [PoderOrgao] => 10131
            [FinanceiroPermanente] => 
            [DividaConsolidada] => 
            [FonteRecurso] => 1.211.0000
            [ComplementoFonteRecurso] => 
            [NaturezaReceita] => 
            [NaturezaDespesa] => 3.1.90.94.09
            [FuncaoSubfuncao] => 10.302
            [AnoInscricaoRestosAPagar] => 
            [DespesasMDEeASPS] => 
        )

    [1837] => Array
        (
            [ContaContabil] => 6.2.2.1.3.04.00
            [Valor] => 13547.12
            [ValorF] => 13.547,12
            [TipoValor] => ending_balance
            [NaturezaValor] => C
            [PoderOrgao] => 10131
            [FinanceiroPermanente] => 
            [DividaConsolidada] => 
            [FonteRecurso] => 1.211.0000
            [ComplementoFonteRecurso] => 
            [NaturezaReceita] => 
            [NaturezaDespesa] => 3.1.90.94.09
            [FuncaoSubfuncao] => 10.302
            [AnoInscricaoRestosAPagar] => 
            [DespesasMDEeASPS] => 
        )

    [1838] => Array
        (
            [ContaContabil] => 6.2.2.1.3.04.00
            [Valor] => 12202.4
            [ValorF] => 12.202,40
            [TipoValor] => beginning_balance
            [NaturezaValor] => C
            [PoderOrgao] => 10131
            [FinanceiroPermanente] => 
            [DividaConsolidada] => 
            [FonteRecurso] => 1.211.0000
            [ComplementoFonteRecurso] => 
            [NaturezaReceita] => 
            [NaturezaDespesa] => 3.1.91.13.01
            [FuncaoSubfuncao] => 10.122
            [AnoInscricaoRestosAPagar] => 
            [DespesasMDEeASPS] => 
        )

    [1839] => Array
        (
            [ContaContabil] => 6.2.2.1.3.04.00
            [Valor] => 14424.7
            [ValorF] => 14.424,70
            [TipoValor] => ending_balance
            [NaturezaValor] => C
            [PoderOrgao] => 10131
            [FinanceiroPermanente] => 
            [DividaConsolidada] => 
            [FonteRecurso] => 1.211.0000
            [ComplementoFonteRecurso] => 
            [NaturezaReceita] => 
            [NaturezaDespesa] => 3.1.91.13.01
            [FuncaoSubfuncao] => 10.122
            [AnoInscricaoRestosAPagar] => 
            [DespesasMDEeASPS] => 
        )

    [1840] => Array
        (
            [ContaContabil] => 6.2.2.1.3.04.00
            [Valor] => 2222.3
            [ValorF] => 2.222,30
            [TipoValor] => period_change
            [NaturezaValor] => C
            [PoderOrgao] => 10131
            [FinanceiroPermanente] => 
            [DividaConsolidada] => 
            [FonteRecurso] => 1.211.0000
            [ComplementoFonteRecurso] => 
            [NaturezaReceita] => 
            [NaturezaDespesa] => 3.1.91.13.01
            [FuncaoSubfuncao] => 10.122
            [AnoInscricaoRestosAPagar] => 
            [DespesasMDEeASPS] => 
        )

    [1841] => Array
        (
            [ContaContabil] => 6.2.2.1.3.04.00
            [Valor] => 55496.61
            [ValorF] => 55.496,61
            [TipoValor] => beginning_balance
            [NaturezaValor] => C
            [PoderOrgao] => 10131
            [FinanceiroPermanente] => 
            [DividaConsolidada] => 
            [FonteRecurso] => 1.211.0000
            [ComplementoFonteRecurso] => 
            [NaturezaReceita] => 
            [NaturezaDespesa] => 3.1.91.13.01
            [FuncaoSubfuncao] => 10.301
            [AnoInscricaoRestosAPagar] => 
            [DespesasMDEeASPS] => 
        )

    [1842] => Array
        (
            [ContaContabil] => 6.2.2.1.3.04.00
            [Valor] => 63483.47
            [ValorF] => 63.483,47
            [TipoValor] => ending_balance
            [NaturezaValor] => C
            [PoderOrgao] => 10131
            [FinanceiroPermanente] => 
            [DividaConsolidada] => 
            [FonteRecurso] => 1.211.0000
            [ComplementoFonteRecurso] => 
            [NaturezaReceita] => 
            [NaturezaDespesa] => 3.1.91.13.01
            [FuncaoSubfuncao] => 10.301
            [AnoInscricaoRestosAPagar] => 
            [DespesasMDEeASPS] => 
        )

    [1843] => Array
        (
            [ContaContabil] => 6.2.2.1.3.04.00
            [Valor] => 7986.86
            [ValorF] => 7.986,86
            [TipoValor] => period_change
            [NaturezaValor] => C
            [PoderOrgao] => 10131
            [FinanceiroPermanente] => 
            [DividaConsolidada] => 
            [FonteRecurso] => 1.211.0000
            [ComplementoFonteRecurso] => 
            [NaturezaReceita] => 
            [NaturezaDespesa] => 3.1.91.13.01
            [FuncaoSubfuncao] => 10.301
            [AnoInscricaoRestosAPagar] => 
            [DespesasMDEeASPS] => 
        )

    [1844] => Array
        (
            [ContaContabil] => 6.2.2.1.3.04.00
            [Valor] => 52766.61
            [ValorF] => 52.766,61
            [TipoValor] => beginning_balance
            [NaturezaValor] => C
            [PoderOrgao] => 10131
            [FinanceiroPermanente] => 
            [DividaConsolidada] => 
            [FonteRecurso] => 1.211.0000
            [ComplementoFonteRecurso] => 
            [NaturezaReceita] => 
            [NaturezaDespesa] => 3.1.91.13.01
            [FuncaoSubfuncao] => 10.302
            [AnoInscricaoRestosAPagar] => 
            [DespesasMDEeASPS] => 
        )

    [1845] => Array
        (
            [ContaContabil] => 6.2.2.1.3.04.00
            [Valor] => 66701.65
            [ValorF] => 66.701,65
            [TipoValor] => ending_balance
            [NaturezaValor] => C
            [PoderOrgao] => 10131
            [FinanceiroPermanente] => 
            [DividaConsolidada] => 
            [FonteRecurso] => 1.211.0000
            [ComplementoFonteRecurso] => 
            [NaturezaReceita] => 
            [NaturezaDespesa] => 3.1.91.13.01
            [FuncaoSubfuncao] => 10.302
            [AnoInscricaoRestosAPagar] => 
            [DespesasMDEeASPS] => 
        )

    [1846] => Array
        (
            [ContaContabil] => 6.2.2.1.3.04.00
            [Valor] => 13935.04
            [ValorF] => 13.935,04
            [TipoValor] => period_change
            [NaturezaValor] => C
            [PoderOrgao] => 10131
            [FinanceiroPermanente] => 
            [DividaConsolidada] => 
            [FonteRecurso] => 1.211.0000
            [ComplementoFonteRecurso] => 
            [NaturezaReceita] => 
            [NaturezaDespesa] => 3.1.91.13.01
            [FuncaoSubfuncao] => 10.302
            [AnoInscricaoRestosAPagar] => 
            [DespesasMDEeASPS] => 
        )

    [1847] => Array
        (
            [ContaContabil] => 6.2.2.1.3.04.00
            [Valor] => 7449.55
            [ValorF] => 7.449,55
            [TipoValor] => beginning_balance
            [NaturezaValor] => C
            [PoderOrgao] => 10131
            [FinanceiroPermanente] => 
            [DividaConsolidada] => 
            [FonteRecurso] => 1.211.0000
            [ComplementoFonteRecurso] => 
            [NaturezaReceita] => 
            [NaturezaDespesa] => 3.1.91.13.01
            [FuncaoSubfuncao] => 10.305
            [AnoInscricaoRestosAPagar] => 
            [DespesasMDEeASPS] => 
        )

    [1848] => Array
        (
            [ContaContabil] => 6.2.2.1.3.04.00
            [Valor] => 8601.86
            [ValorF] => 8.601,86
            [TipoValor] => ending_balance
            [NaturezaValor] => C
            [PoderOrgao] => 10131
            [FinanceiroPermanente] => 
            [DividaConsolidada] => 
            [FonteRecurso] => 1.211.0000
            [ComplementoFonteRecurso] => 
            [NaturezaReceita] => 
            [NaturezaDespesa] => 3.1.91.13.01
            [FuncaoSubfuncao] => 10.305
            [AnoInscricaoRestosAPagar] => 
            [DespesasMDEeASPS] => 
        )

    [1849] => Array
        (
            [ContaContabil] => 6.2.2.1.3.04.00
            [Valor] => 1152.31
            [ValorF] => 1.152,31
            [TipoValor] => period_change
            [NaturezaValor] => C
            [PoderOrgao] => 10131
            [FinanceiroPermanente] => 
            [DividaConsolidada] => 
            [FonteRecurso] => 1.211.0000
            [ComplementoFonteRecurso] => 
            [NaturezaReceita] => 
            [NaturezaDespesa] => 3.1.91.13.01
            [FuncaoSubfuncao] => 10.305
            [AnoInscricaoRestosAPagar] => 
            [DespesasMDEeASPS] => 
        )

    [1850] => Array
        (
            [ContaContabil] => 6.2.2.1.3.04.00
            [Valor] => 15870.68
            [ValorF] => 15.870,68
            [TipoValor] => beginning_balance
            [NaturezaValor] => C
            [PoderOrgao] => 10131
            [FinanceiroPermanente] => 
            [DividaConsolidada] => 
            [FonteRecurso] => 1.211.0000
            [ComplementoFonteRecurso] => 
            [NaturezaReceita] => 
            [NaturezaDespesa] => 3.1.91.13.01
            [FuncaoSubfuncao] => 10.785
            [AnoInscricaoRestosAPagar] => 
            [DespesasMDEeASPS] => 
        )

    [1851] => Array
        (
            [ContaContabil] => 6.2.2.1.3.04.00
            [Valor] => 18376.41
            [ValorF] => 18.376,41
            [TipoValor] => ending_balance
            [NaturezaValor] => C
            [PoderOrgao] => 10131
            [FinanceiroPermanente] => 
            [DividaConsolidada] => 
            [FonteRecurso] => 1.211.0000
            [ComplementoFonteRecurso] => 
            [NaturezaReceita] => 
            [NaturezaDespesa] => 3.1.91.13.01
            [FuncaoSubfuncao] => 10.785
            [AnoInscricaoRestosAPagar] => 
            [DespesasMDEeASPS] => 
        )

    [1852] => Array
        (
            [ContaContabil] => 6.2.2.1.3.04.00
            [Valor] => 2505.73
            [ValorF] => 2.505,73
            [TipoValor] => period_change
            [NaturezaValor] => C
            [PoderOrgao] => 10131
            [FinanceiroPermanente] => 
            [DividaConsolidada] => 
            [FonteRecurso] => 1.211.0000
            [ComplementoFonteRecurso] => 
            [NaturezaReceita] => 
            [NaturezaDespesa] => 3.1.91.13.01
            [FuncaoSubfuncao] => 10.785
            [AnoInscricaoRestosAPagar] => 
            [DespesasMDEeASPS] => 
        )

    [1853] => Array
        (
            [ContaContabil] => 6.2.2.1.3.04.00
            [Valor] => 31086.37
            [ValorF] => 31.086,37
            [TipoValor] => beginning_balance
            [NaturezaValor] => C
            [PoderOrgao] => 10131
            [FinanceiroPermanente] => 
            [DividaConsolidada] => 
            [FonteRecurso] => 1.211.0000
            [ComplementoFonteRecurso] => 
            [NaturezaReceita] => 
            [NaturezaDespesa] => 3.3.71.00.00
            [FuncaoSubfuncao] => 10.302
            [AnoInscricaoRestosAPagar] => 
            [DespesasMDEeASPS] => 
        )

    [1854] => Array
        (
            [ContaContabil] => 6.2.2.1.3.04.00
            [Valor] => 35527.28
            [ValorF] => 35.527,28
            [TipoValor] => ending_balance
            [NaturezaValor] => C
            [PoderOrgao] => 10131
            [FinanceiroPermanente] => 
            [DividaConsolidada] => 
            [FonteRecurso] => 1.211.0000
            [ComplementoFonteRecurso] => 
            [NaturezaReceita] => 
            [NaturezaDespesa] => 3.3.71.00.00
            [FuncaoSubfuncao] => 10.302
            [AnoInscricaoRestosAPagar] => 
            [DespesasMDEeASPS] => 
        )

    [1855] => Array
        (
            [ContaContabil] => 6.2.2.1.3.04.00
            [Valor] => 4440.91
            [ValorF] => 4.440,91
            [TipoValor] => period_change
            [NaturezaValor] => C
            [PoderOrgao] => 10131
            [FinanceiroPermanente] => 
            [DividaConsolidada] => 
            [FonteRecurso] => 1.211.0000
            [ComplementoFonteRecurso] => 
            [NaturezaReceita] => 
            [NaturezaDespesa] => 3.3.71.00.00
            [FuncaoSubfuncao] => 10.302
            [AnoInscricaoRestosAPagar] => 
            [DespesasMDEeASPS] => 
        )

    [1856] => Array
        (
            [ContaContabil] => 6.2.2.1.3.04.00
            [Valor] => 5105.1
            [ValorF] => 5.105,10
            [TipoValor] => beginning_balance
            [NaturezaValor] => C
            [PoderOrgao] => 10131
            [FinanceiroPermanente] => 
            [DividaConsolidada] => 
            [FonteRecurso] => 1.211.0000
            [ComplementoFonteRecurso] => 
            [NaturezaReceita] => 
            [NaturezaDespesa] => 3.3.71.00.00
            [FuncaoSubfuncao] => 10.303
            [AnoInscricaoRestosAPagar] => 
            [DespesasMDEeASPS] => 
        )

    [1857] => Array
        (
            [ContaContabil] => 6.2.2.1.3.04.00
            [Valor] => 5834.4
            [ValorF] => 5.834,40
            [TipoValor] => ending_balance
            [NaturezaValor] => C
            [PoderOrgao] => 10131
            [FinanceiroPermanente] => 
            [DividaConsolidada] => 
            [FonteRecurso] => 1.211.0000
            [ComplementoFonteRecurso] => 
            [NaturezaReceita] => 
            [NaturezaDespesa] => 3.3.71.00.00
            [FuncaoSubfuncao] => 10.303
            [AnoInscricaoRestosAPagar] => 
            [DespesasMDEeASPS] => 
        )

    [1858] => Array
        (
            [ContaContabil] => 6.2.2.1.3.04.00
            [Valor] => 729.3
            [ValorF] => 729,30
            [TipoValor] => period_change
            [NaturezaValor] => C
            [PoderOrgao] => 10131
            [FinanceiroPermanente] => 
            [DividaConsolidada] => 
            [FonteRecurso] => 1.211.0000
            [ComplementoFonteRecurso] => 
            [NaturezaReceita] => 
            [NaturezaDespesa] => 3.3.71.00.00
            [FuncaoSubfuncao] => 10.303
            [AnoInscricaoRestosAPagar] => 
            [DespesasMDEeASPS] => 
        )

    [1859] => Array
        (
            [ContaContabil] => 6.2.2.1.3.04.00
            [Valor] => 4103.15
            [ValorF] => 4.103,15
            [TipoValor] => beginning_balance
            [NaturezaValor] => C
            [PoderOrgao] => 10131
            [FinanceiroPermanente] => 
            [DividaConsolidada] => 
            [FonteRecurso] => 1.214.0000
            [ComplementoFonteRecurso] => 
            [NaturezaReceita] => 
            [NaturezaDespesa] => 3.3.71.00.00
            [FuncaoSubfuncao] => 10.302
            [AnoInscricaoRestosAPagar] => 
            [DespesasMDEeASPS] => 
        )

    [1860] => Array
        (
            [ContaContabil] => 6.2.2.1.3.04.00
            [Valor] => 8206.3
            [ValorF] => 8.206,30
            [TipoValor] => ending_balance
            [NaturezaValor] => C
            [PoderOrgao] => 10131
            [FinanceiroPermanente] => 
            [DividaConsolidada] => 
            [FonteRecurso] => 1.214.0000
            [ComplementoFonteRecurso] => 
            [NaturezaReceita] => 
            [NaturezaDespesa] => 3.3.71.00.00
            [FuncaoSubfuncao] => 10.302
            [AnoInscricaoRestosAPagar] => 
            [DespesasMDEeASPS] => 
        )

    [1861] => Array
        (
            [ContaContabil] => 6.2.2.1.3.04.00
            [Valor] => 4103.15
            [ValorF] => 4.103,15
            [TipoValor] => period_change
            [NaturezaValor] => C
            [PoderOrgao] => 10131
            [FinanceiroPermanente] => 
            [DividaConsolidada] => 
            [FonteRecurso] => 1.214.0000
            [ComplementoFonteRecurso] => 
            [NaturezaReceita] => 
            [NaturezaDespesa] => 3.3.71.00.00
            [FuncaoSubfuncao] => 10.302
            [AnoInscricaoRestosAPagar] => 
            [DespesasMDEeASPS] => 
        )

    [1862] => Array
        (
            [ContaContabil] => 6.2.2.1.3.04.00
            [Valor] => 132.42
            [ValorF] => 132,42
            [TipoValor] => beginning_balance
            [NaturezaValor] => C
            [PoderOrgao] => 10131
            [FinanceiroPermanente] => 
            [DividaConsolidada] => 
            [FonteRecurso] => 1.211.0000
            [ComplementoFonteRecurso] => 
            [NaturezaReceita] => 
            [NaturezaDespesa] => 3.3.90.14.01
            [FuncaoSubfuncao] => 10.122
            [AnoInscricaoRestosAPagar] => 
            [DespesasMDEeASPS] => 
        )

    [1863] => Array
        (
            [ContaContabil] => 6.2.2.1.3.04.00
            [Valor] => 132.42
            [ValorF] => 132,42
            [TipoValor] => ending_balance
            [NaturezaValor] => C
            [PoderOrgao] => 10131
            [FinanceiroPermanente] => 
            [DividaConsolidada] => 
            [FonteRecurso] => 1.211.0000
            [ComplementoFonteRecurso] => 
            [NaturezaReceita] => 
            [NaturezaDespesa] => 3.3.90.14.01
            [FuncaoSubfuncao] => 10.122
            [AnoInscricaoRestosAPagar] => 
            [DespesasMDEeASPS] => 
        )

    [1864] => Array
        (
            [ContaContabil] => 6.2.2.1.3.04.00
            [Valor] => 41.82
            [ValorF] => 41,82
            [TipoValor] => beginning_balance
            [NaturezaValor] => C
            [PoderOrgao] => 10131
            [FinanceiroPermanente] => 
            [DividaConsolidada] => 
            [FonteRecurso] => 1.211.0000
            [ComplementoFonteRecurso] => 
            [NaturezaReceita] => 
            [NaturezaDespesa] => 3.3.90.14.01
            [FuncaoSubfuncao] => 10.305
            [AnoInscricaoRestosAPagar] => 
            [DespesasMDEeASPS] => 
        )

    [1865] => Array
        (
            [ContaContabil] => 6.2.2.1.3.04.00
            [Valor] => 41.82
            [ValorF] => 41,82
            [TipoValor] => ending_balance
            [NaturezaValor] => C
            [PoderOrgao] => 10131
            [FinanceiroPermanente] => 
            [DividaConsolidada] => 
            [FonteRecurso] => 1.211.0000
            [ComplementoFonteRecurso] => 
            [NaturezaReceita] => 
            [NaturezaDespesa] => 3.3.90.14.01
            [FuncaoSubfuncao] => 10.305
            [AnoInscricaoRestosAPagar] => 
            [DespesasMDEeASPS] => 
        )

    [1866] => Array
        (
            [ContaContabil] => 6.2.2.1.3.04.00
            [Valor] => 32329.33
            [ValorF] => 32.329,33
            [TipoValor] => beginning_balance
            [NaturezaValor] => C
            [PoderOrgao] => 10131
            [FinanceiroPermanente] => 
            [DividaConsolidada] => 
            [FonteRecurso] => 1.211.0000
            [ComplementoFonteRecurso] => 
            [NaturezaReceita] => 
            [NaturezaDespesa] => 3.3.90.14.01
            [FuncaoSubfuncao] => 10.785
            [AnoInscricaoRestosAPagar] => 
            [DespesasMDEeASPS] => 
        )

    [1867] => Array
        (
            [ContaContabil] => 6.2.2.1.3.04.00
            [Valor] => 139.33
            [ValorF] => 139,33
            [TipoValor] => beginning_balance
            [NaturezaValor] => D
            [PoderOrgao] => 10131
            [FinanceiroPermanente] => 
            [DividaConsolidada] => 
            [FonteRecurso] => 1.211.0000
            [ComplementoFonteRecurso] => 
            [NaturezaReceita] => 
            [NaturezaDespesa] => 3.3.90.14.01
            [FuncaoSubfuncao] => 10.785
            [AnoInscricaoRestosAPagar] => 
            [DespesasMDEeASPS] => 
        )

    [1868] => Array
        (
            [ContaContabil] => 6.2.2.1.3.04.00
            [Valor] => 36705.93
            [ValorF] => 36.705,93
            [TipoValor] => ending_balance
            [NaturezaValor] => C
            [PoderOrgao] => 10131
            [FinanceiroPermanente] => 
            [DividaConsolidada] => 
            [FonteRecurso] => 1.211.0000
            [ComplementoFonteRecurso] => 
            [NaturezaReceita] => 
            [NaturezaDespesa] => 3.3.90.14.01
            [FuncaoSubfuncao] => 10.785
            [AnoInscricaoRestosAPagar] => 
            [DespesasMDEeASPS] => 
        )

    [1869] => Array
        (
            [ContaContabil] => 6.2.2.1.3.04.00
            [Valor] => 181.15
            [ValorF] => 181,15
            [TipoValor] => ending_balance
            [NaturezaValor] => D
            [PoderOrgao] => 10131
            [FinanceiroPermanente] => 
            [DividaConsolidada] => 
            [FonteRecurso] => 1.211.0000
            [ComplementoFonteRecurso] => 
            [NaturezaReceita] => 
            [NaturezaDespesa] => 3.3.90.14.01
            [FuncaoSubfuncao] => 10.785
            [AnoInscricaoRestosAPagar] => 
            [DespesasMDEeASPS] => 
        )

    [1870] => Array
        (
            [ContaContabil] => 6.2.2.1.3.04.00
            [Valor] => 4376.6
            [ValorF] => 4.376,60
            [TipoValor] => period_change
            [NaturezaValor] => C
            [PoderOrgao] => 10131
            [FinanceiroPermanente] => 
            [DividaConsolidada] => 
            [FonteRecurso] => 1.211.0000
            [ComplementoFonteRecurso] => 
            [NaturezaReceita] => 
            [NaturezaDespesa] => 3.3.90.14.01
            [FuncaoSubfuncao] => 10.785
            [AnoInscricaoRestosAPagar] => 
            [DespesasMDEeASPS] => 
        )

    [1871] => Array
        (
            [ContaContabil] => 6.2.2.1.3.04.00
            [Valor] => 41.82
            [ValorF] => 41,82
            [TipoValor] => period_change
            [NaturezaValor] => D
            [PoderOrgao] => 10131
            [FinanceiroPermanente] => 
            [DividaConsolidada] => 
            [FonteRecurso] => 1.211.0000
            [ComplementoFonteRecurso] => 
            [NaturezaReceita] => 
            [NaturezaDespesa] => 3.3.90.14.01
            [FuncaoSubfuncao] => 10.785
            [AnoInscricaoRestosAPagar] => 
            [DespesasMDEeASPS] => 
        )

    [1872] => Array
        (
            [ContaContabil] => 6.2.2.1.3.04.00
            [Valor] => 11838.71
            [ValorF] => 11.838,71
            [TipoValor] => beginning_balance
            [NaturezaValor] => C
            [PoderOrgao] => 10131
            [FinanceiroPermanente] => 
            [DividaConsolidada] => 
            [FonteRecurso] => 1.211.0000
            [ComplementoFonteRecurso] => 
            [NaturezaReceita] => 
            [NaturezaDespesa] => 3.3.90.30.03
            [FuncaoSubfuncao] => 10.122
            [AnoInscricaoRestosAPagar] => 
            [DespesasMDEeASPS] => 
        )

    [1873] => Array
        (
            [ContaContabil] => 6.2.2.1.3.04.00
            [Valor] => 12202.71
            [ValorF] => 12.202,71
            [TipoValor] => ending_balance
            [NaturezaValor] => C
            [PoderOrgao] => 10131
            [FinanceiroPermanente] => 
            [DividaConsolidada] => 
            [FonteRecurso] => 1.211.0000
            [ComplementoFonteRecurso] => 
            [NaturezaReceita] => 
            [NaturezaDespesa] => 3.3.90.30.03
            [FuncaoSubfuncao] => 10.122
            [AnoInscricaoRestosAPagar] => 
            [DespesasMDEeASPS] => 
        )

    [1874] => Array
        (
            [ContaContabil] => 6.2.2.1.3.04.00
            [Valor] => 364
            [ValorF] => 364,00
            [TipoValor] => period_change
            [NaturezaValor] => C
            [PoderOrgao] => 10131
            [FinanceiroPermanente] => 
            [DividaConsolidada] => 
            [FonteRecurso] => 1.211.0000
            [ComplementoFonteRecurso] => 
            [NaturezaReceita] => 
            [NaturezaDespesa] => 3.3.90.30.03
            [FuncaoSubfuncao] => 10.122
            [AnoInscricaoRestosAPagar] => 
            [DespesasMDEeASPS] => 
        )

    [1875] => Array
        (
            [ContaContabil] => 6.2.2.1.3.04.00
            [Valor] => 9594.17
            [ValorF] => 9.594,17
            [TipoValor] => beginning_balance
            [NaturezaValor] => C
            [PoderOrgao] => 10131
            [FinanceiroPermanente] => 
            [DividaConsolidada] => 
            [FonteRecurso] => 1.211.0000
            [ComplementoFonteRecurso] => 
            [NaturezaReceita] => 
            [NaturezaDespesa] => 3.3.90.30.03
            [FuncaoSubfuncao] => 10.301
            [AnoInscricaoRestosAPagar] => 
            [DespesasMDEeASPS] => 
        )

    [1876] => Array
        (
            [ContaContabil] => 6.2.2.1.3.04.00
            [Valor] => 13526.49
            [ValorF] => 13.526,49
            [TipoValor] => ending_balance
            [NaturezaValor] => C
            [PoderOrgao] => 10131
            [FinanceiroPermanente] => 
            [DividaConsolidada] => 
            [FonteRecurso] => 1.211.0000
            [ComplementoFonteRecurso] => 
            [NaturezaReceita] => 
            [NaturezaDespesa] => 3.3.90.30.03
            [FuncaoSubfuncao] => 10.301
            [AnoInscricaoRestosAPagar] => 
            [DespesasMDEeASPS] => 
        )

    [1877] => Array
        (
            [ContaContabil] => 6.2.2.1.3.04.00
            [Valor] => 3932.32
            [ValorF] => 3.932,32
            [TipoValor] => period_change
            [NaturezaValor] => C
            [PoderOrgao] => 10131
            [FinanceiroPermanente] => 
            [DividaConsolidada] => 
            [FonteRecurso] => 1.211.0000
            [ComplementoFonteRecurso] => 
            [NaturezaReceita] => 
            [NaturezaDespesa] => 3.3.90.30.03
            [FuncaoSubfuncao] => 10.301
            [AnoInscricaoRestosAPagar] => 
            [DespesasMDEeASPS] => 
        )

    [1878] => Array
        (
            [ContaContabil] => 6.2.2.1.3.04.00
            [Valor] => 30166.87
            [ValorF] => 30.166,87
            [TipoValor] => beginning_balance
            [NaturezaValor] => C
            [PoderOrgao] => 10131
            [FinanceiroPermanente] => 
            [DividaConsolidada] => 
            [FonteRecurso] => 1.211.0000
            [ComplementoFonteRecurso] => 
            [NaturezaReceita] => 
            [NaturezaDespesa] => 3.3.90.30.03
            [FuncaoSubfuncao] => 10.302
            [AnoInscricaoRestosAPagar] => 
            [DespesasMDEeASPS] => 
        )

    [1879] => Array
        (
            [ContaContabil] => 6.2.2.1.3.04.00
            [Valor] => 30640.07
            [ValorF] => 30.640,07
            [TipoValor] => ending_balance
            [NaturezaValor] => C
            [PoderOrgao] => 10131
            [FinanceiroPermanente] => 
            [DividaConsolidada] => 
            [FonteRecurso] => 1.211.0000
            [ComplementoFonteRecurso] => 
            [NaturezaReceita] => 
            [NaturezaDespesa] => 3.3.90.30.03
            [FuncaoSubfuncao] => 10.302
            [AnoInscricaoRestosAPagar] => 
            [DespesasMDEeASPS] => 
        )

    [1880] => Array
        (
            [ContaContabil] => 6.2.2.1.3.04.00
            [Valor] => 473.2
            [ValorF] => 473,20
            [TipoValor] => period_change
            [NaturezaValor] => C
            [PoderOrgao] => 10131
            [FinanceiroPermanente] => 
            [DividaConsolidada] => 
            [FonteRecurso] => 1.211.0000
            [ComplementoFonteRecurso] => 
            [NaturezaReceita] => 
            [NaturezaDespesa] => 3.3.90.30.03
            [FuncaoSubfuncao] => 10.302
            [AnoInscricaoRestosAPagar] => 
            [DespesasMDEeASPS] => 
        )

    [1881] => Array
        (
            [ContaContabil] => 6.2.2.1.3.04.00
            [Valor] => 108298.51
            [ValorF] => 108.298,51
            [TipoValor] => beginning_balance
            [NaturezaValor] => C
            [PoderOrgao] => 10131
            [FinanceiroPermanente] => 
            [DividaConsolidada] => 
            [FonteRecurso] => 1.211.0000
            [ComplementoFonteRecurso] => 
            [NaturezaReceita] => 
            [NaturezaDespesa] => 3.3.90.30.03
            [FuncaoSubfuncao] => 10.303
            [AnoInscricaoRestosAPagar] => 
            [DespesasMDEeASPS] => 
        )

    [1882] => Array
        (
            [ContaContabil] => 6.2.2.1.3.04.00
            [Valor] => 170439.51
            [ValorF] => 170.439,51
            [TipoValor] => ending_balance
            [NaturezaValor] => C
            [PoderOrgao] => 10131
            [FinanceiroPermanente] => 
            [DividaConsolidada] => 
            [FonteRecurso] => 1.211.0000
            [ComplementoFonteRecurso] => 
            [NaturezaReceita] => 
            [NaturezaDespesa] => 3.3.90.30.03
            [FuncaoSubfuncao] => 10.303
            [AnoInscricaoRestosAPagar] => 
            [DespesasMDEeASPS] => 
        )

    [1883] => Array
        (
            [ContaContabil] => 6.2.2.1.3.04.00
            [Valor] => 62141
            [ValorF] => 62.141,00
            [TipoValor] => period_change
            [NaturezaValor] => C
            [PoderOrgao] => 10131
            [FinanceiroPermanente] => 
            [DividaConsolidada] => 
            [FonteRecurso] => 1.211.0000
            [ComplementoFonteRecurso] => 
            [NaturezaReceita] => 
            [NaturezaDespesa] => 3.3.90.30.03
            [FuncaoSubfuncao] => 10.303
            [AnoInscricaoRestosAPagar] => 
            [DespesasMDEeASPS] => 
        )

    [1884] => Array
        (
            [ContaContabil] => 6.2.2.1.3.04.00
            [Valor] => 966
            [ValorF] => 966,00
            [TipoValor] => beginning_balance
            [NaturezaValor] => C
            [PoderOrgao] => 10131
            [FinanceiroPermanente] => 
            [DividaConsolidada] => 
            [FonteRecurso] => 1.211.0000
            [ComplementoFonteRecurso] => 
            [NaturezaReceita] => 
            [NaturezaDespesa] => 3.3.90.30.03
            [FuncaoSubfuncao] => 10.304
            [AnoInscricaoRestosAPagar] => 
            [DespesasMDEeASPS] => 
        )

    [1885] => Array
        (
            [ContaContabil] => 6.2.2.1.3.04.00
            [Valor] => 966
            [ValorF] => 966,00
            [TipoValor] => ending_balance
            [NaturezaValor] => C
            [PoderOrgao] => 10131
            [FinanceiroPermanente] => 
            [DividaConsolidada] => 
            [FonteRecurso] => 1.211.0000
            [ComplementoFonteRecurso] => 
            [NaturezaReceita] => 
            [NaturezaDespesa] => 3.3.90.30.03
            [FuncaoSubfuncao] => 10.304
            [AnoInscricaoRestosAPagar] => 
            [DespesasMDEeASPS] => 
        )

    [1886] => Array
        (
            [ContaContabil] => 6.2.2.1.3.04.00
            [Valor] => 28686.09
            [ValorF] => 28.686,09
            [TipoValor] => beginning_balance
            [NaturezaValor] => C
            [PoderOrgao] => 10131
            [FinanceiroPermanente] => 
            [DividaConsolidada] => 
            [FonteRecurso] => 1.211.0000
            [ComplementoFonteRecurso] => 
            [NaturezaReceita] => 
            [NaturezaDespesa] => 3.3.90.30.03
            [FuncaoSubfuncao] => 10.305
            [AnoInscricaoRestosAPagar] => 
            [DespesasMDEeASPS] => 
        )

    [1887] => Array
        (
            [ContaContabil] => 6.2.2.1.3.04.00
            [Valor] => 28686.09
            [ValorF] => 28.686,09
            [TipoValor] => ending_balance
            [NaturezaValor] => C
            [PoderOrgao] => 10131
            [FinanceiroPermanente] => 
            [DividaConsolidada] => 
            [FonteRecurso] => 1.211.0000
            [ComplementoFonteRecurso] => 
            [NaturezaReceita] => 
            [NaturezaDespesa] => 3.3.90.30.03
            [FuncaoSubfuncao] => 10.305
            [AnoInscricaoRestosAPagar] => 
            [DespesasMDEeASPS] => 
        )

    [1888] => Array
        (
            [ContaContabil] => 6.2.2.1.3.04.00
            [Valor] => 67035.39
            [ValorF] => 67.035,39
            [TipoValor] => beginning_balance
            [NaturezaValor] => C
            [PoderOrgao] => 10131
            [FinanceiroPermanente] => 
            [DividaConsolidada] => 
            [FonteRecurso] => 1.211.0000
            [ComplementoFonteRecurso] => 
            [NaturezaReceita] => 
            [NaturezaDespesa] => 3.3.90.30.03
            [FuncaoSubfuncao] => 10.785
            [AnoInscricaoRestosAPagar] => 
            [DespesasMDEeASPS] => 
        )

    [1889] => Array
        (
            [ContaContabil] => 6.2.2.1.3.04.00
            [Valor] => 76329.03
            [ValorF] => 76.329,03
            [TipoValor] => ending_balance
            [NaturezaValor] => C
            [PoderOrgao] => 10131
            [FinanceiroPermanente] => 
            [DividaConsolidada] => 
            [FonteRecurso] => 1.211.0000
            [ComplementoFonteRecurso] => 
            [NaturezaReceita] => 
            [NaturezaDespesa] => 3.3.90.30.03
            [FuncaoSubfuncao] => 10.785
            [AnoInscricaoRestosAPagar] => 
            [DespesasMDEeASPS] => 
        )

    [1890] => Array
        (
            [ContaContabil] => 6.2.2.1.3.04.00
            [Valor] => 9293.64
            [ValorF] => 9.293,64
            [TipoValor] => period_change
            [NaturezaValor] => C
            [PoderOrgao] => 10131
            [FinanceiroPermanente] => 
            [DividaConsolidada] => 
            [FonteRecurso] => 1.211.0000
            [ComplementoFonteRecurso] => 
            [NaturezaReceita] => 
            [NaturezaDespesa] => 3.3.90.30.03
            [FuncaoSubfuncao] => 10.785
            [AnoInscricaoRestosAPagar] => 
            [DespesasMDEeASPS] => 
        )

    [1891] => Array
        (
            [ContaContabil] => 6.2.2.1.3.04.00
            [Valor] => 2718.8
            [ValorF] => 2.718,80
            [TipoValor] => beginning_balance
            [NaturezaValor] => C
            [PoderOrgao] => 10131
            [FinanceiroPermanente] => 
            [DividaConsolidada] => 
            [FonteRecurso] => 1.290.0000
            [ComplementoFonteRecurso] => 
            [NaturezaReceita] => 
            [NaturezaDespesa] => 3.3.90.30.03
            [FuncaoSubfuncao] => 10.305
            [AnoInscricaoRestosAPagar] => 
            [DespesasMDEeASPS] => 
        )

    [1892] => Array
        (
            [ContaContabil] => 6.2.2.1.3.04.00
            [Valor] => 2718.8
            [ValorF] => 2.718,80
            [TipoValor] => ending_balance
            [NaturezaValor] => C
            [PoderOrgao] => 10131
            [FinanceiroPermanente] => 
            [DividaConsolidada] => 
            [FonteRecurso] => 1.290.0000
            [ComplementoFonteRecurso] => 
            [NaturezaReceita] => 
            [NaturezaDespesa] => 3.3.90.30.03
            [FuncaoSubfuncao] => 10.305
            [AnoInscricaoRestosAPagar] => 
            [DespesasMDEeASPS] => 
        )

    [1893] => Array
        (
            [ContaContabil] => 6.2.2.1.3.04.00
            [Valor] => 43275.37
            [ValorF] => 43.275,37
            [TipoValor] => beginning_balance
            [NaturezaValor] => C
            [PoderOrgao] => 10131
            [FinanceiroPermanente] => 
            [DividaConsolidada] => 
            [FonteRecurso] => 1.213.0000
            [ComplementoFonteRecurso] => 
            [NaturezaReceita] => 
            [NaturezaDespesa] => 3.3.90.30.03
            [FuncaoSubfuncao] => 10.301
            [AnoInscricaoRestosAPagar] => 
            [DespesasMDEeASPS] => 
        )

    [1894] => Array
        (
            [ContaContabil] => 6.2.2.1.3.04.00
            [Valor] => 43275.37
            [ValorF] => 43.275,37
            [TipoValor] => ending_balance
            [NaturezaValor] => C
            [PoderOrgao] => 10131
            [FinanceiroPermanente] => 
            [DividaConsolidada] => 
            [FonteRecurso] => 1.213.0000
            [ComplementoFonteRecurso] => 
            [NaturezaReceita] => 
            [NaturezaDespesa] => 3.3.90.30.03
            [FuncaoSubfuncao] => 10.301
            [AnoInscricaoRestosAPagar] => 
            [DespesasMDEeASPS] => 
        )

    [1895] => Array
        (
            [ContaContabil] => 6.2.2.1.3.04.00
            [Valor] => 2076.8
            [ValorF] => 2.076,80
            [TipoValor] => beginning_balance
            [NaturezaValor] => C
            [PoderOrgao] => 10131
            [FinanceiroPermanente] => 
            [DividaConsolidada] => 
            [FonteRecurso] => 1.214.0000
            [ComplementoFonteRecurso] => 
            [NaturezaReceita] => 
            [NaturezaDespesa] => 3.3.90.30.03
            [FuncaoSubfuncao] => 10.305
            [AnoInscricaoRestosAPagar] => 
            [DespesasMDEeASPS] => 
        )

    [1896] => Array
        (
            [ContaContabil] => 6.2.2.1.3.04.00
            [Valor] => 2076.8
            [ValorF] => 2.076,80
            [TipoValor] => ending_balance
            [NaturezaValor] => C
            [PoderOrgao] => 10131
            [FinanceiroPermanente] => 
            [DividaConsolidada] => 
            [FonteRecurso] => 1.214.0000
            [ComplementoFonteRecurso] => 
            [NaturezaReceita] => 
            [NaturezaDespesa] => 3.3.90.30.03
            [FuncaoSubfuncao] => 10.305
            [AnoInscricaoRestosAPagar] => 
            [DespesasMDEeASPS] => 
        )

    [1897] => Array
        (
            [ContaContabil] => 6.2.2.1.3.04.00
            [Valor] => 8510.9
            [ValorF] => 8.510,90
            [TipoValor] => beginning_balance
            [NaturezaValor] => C
            [PoderOrgao] => 10131
            [FinanceiroPermanente] => 
            [DividaConsolidada] => 
            [FonteRecurso] => 1.214.0000
            [ComplementoFonteRecurso] => 
            [NaturezaReceita] => 
            [NaturezaDespesa] => 3.3.90.30.03
            [FuncaoSubfuncao] => 10.305
            [AnoInscricaoRestosAPagar] => 
            [DespesasMDEeASPS] => 
        )

    [1898] => Array
        (
            [ContaContabil] => 6.2.2.1.3.04.00
            [Valor] => 20056.9
            [ValorF] => 20.056,90
            [TipoValor] => ending_balance
            [NaturezaValor] => C
            [PoderOrgao] => 10131
            [FinanceiroPermanente] => 
            [DividaConsolidada] => 
            [FonteRecurso] => 1.214.0000
            [ComplementoFonteRecurso] => 
            [NaturezaReceita] => 
            [NaturezaDespesa] => 3.3.90.30.03
            [FuncaoSubfuncao] => 10.305
            [AnoInscricaoRestosAPagar] => 
            [DespesasMDEeASPS] => 
        )

    [1899] => Array
        (
            [ContaContabil] => 6.2.2.1.3.04.00
            [Valor] => 11546
            [ValorF] => 11.546,00
            [TipoValor] => period_change
            [NaturezaValor] => C
            [PoderOrgao] => 10131
            [FinanceiroPermanente] => 
            [DividaConsolidada] => 
            [FonteRecurso] => 1.214.0000
            [ComplementoFonteRecurso] => 
            [NaturezaReceita] => 
            [NaturezaDespesa] => 3.3.90.30.03
            [FuncaoSubfuncao] => 10.305
            [AnoInscricaoRestosAPagar] => 
            [DespesasMDEeASPS] => 
        )

    [1900] => Array
        (
            [ContaContabil] => 6.2.2.1.3.04.00
            [Valor] => 2184.06
            [ValorF] => 2.184,06
            [TipoValor] => beginning_balance
            [NaturezaValor] => C
            [PoderOrgao] => 10131
            [FinanceiroPermanente] => 
            [DividaConsolidada] => 
            [FonteRecurso] => 1.214.0000
            [ComplementoFonteRecurso] => 
            [NaturezaReceita] => 
            [NaturezaDespesa] => 3.3.90.30.03
            [FuncaoSubfuncao] => 10.301
            [AnoInscricaoRestosAPagar] => 
            [DespesasMDEeASPS] => 
        )

    [1901] => Array
        (
            [ContaContabil] => 6.2.2.1.3.04.00
            [Valor] => 2184.06
            [ValorF] => 2.184,06
            [TipoValor] => ending_balance
            [NaturezaValor] => C
            [PoderOrgao] => 10131
            [FinanceiroPermanente] => 
            [DividaConsolidada] => 
            [FonteRecurso] => 1.214.0000
            [ComplementoFonteRecurso] => 
            [NaturezaReceita] => 
            [NaturezaDespesa] => 3.3.90.30.03
            [FuncaoSubfuncao] => 10.301
            [AnoInscricaoRestosAPagar] => 
            [DespesasMDEeASPS] => 
        )

    [1902] => Array
        (
            [ContaContabil] => 6.2.2.1.3.04.00
            [Valor] => 16012.01
            [ValorF] => 16.012,01
            [TipoValor] => beginning_balance
            [NaturezaValor] => C
            [PoderOrgao] => 10131
            [FinanceiroPermanente] => 
            [DividaConsolidada] => 
            [FonteRecurso] => 1.211.0000
            [ComplementoFonteRecurso] => 
            [NaturezaReceita] => 
            [NaturezaDespesa] => 3.3.90.32.03
            [FuncaoSubfuncao] => 10.303
            [AnoInscricaoRestosAPagar] => 
            [DespesasMDEeASPS] => 
        )

    [1903] => Array
        (
            [ContaContabil] => 6.2.2.1.3.04.00
            [Valor] => 20489.27
            [ValorF] => 20.489,27
            [TipoValor] => ending_balance
            [NaturezaValor] => C
            [PoderOrgao] => 10131
            [FinanceiroPermanente] => 
            [DividaConsolidada] => 
            [FonteRecurso] => 1.211.0000
            [ComplementoFonteRecurso] => 
            [NaturezaReceita] => 
            [NaturezaDespesa] => 3.3.90.32.03
            [FuncaoSubfuncao] => 10.303
            [AnoInscricaoRestosAPagar] => 
            [DespesasMDEeASPS] => 
        )

    [1904] => Array
        (
            [ContaContabil] => 6.2.2.1.3.04.00
            [Valor] => 4477.26
            [ValorF] => 4.477,26
            [TipoValor] => period_change
            [NaturezaValor] => C
            [PoderOrgao] => 10131
            [FinanceiroPermanente] => 
            [DividaConsolidada] => 
            [FonteRecurso] => 1.211.0000
            [ComplementoFonteRecurso] => 
            [NaturezaReceita] => 
            [NaturezaDespesa] => 3.3.90.32.03
            [FuncaoSubfuncao] => 10.303
            [AnoInscricaoRestosAPagar] => 
            [DespesasMDEeASPS] => 
        )

    [1905] => Array
        (
            [ContaContabil] => 6.2.2.1.3.04.00
            [Valor] => 3310
            [ValorF] => 3.310,00
            [TipoValor] => beginning_balance
            [NaturezaValor] => C
            [PoderOrgao] => 10131
            [FinanceiroPermanente] => 
            [DividaConsolidada] => 
            [FonteRecurso] => 1.211.0000
            [ComplementoFonteRecurso] => 
            [NaturezaReceita] => 
            [NaturezaDespesa] => 3.3.90.32.03
            [FuncaoSubfuncao] => 10.305
            [AnoInscricaoRestosAPagar] => 
            [DespesasMDEeASPS] => 
        )

    [1906] => Array
        (
            [ContaContabil] => 6.2.2.1.3.04.00
            [Valor] => 3310
            [ValorF] => 3.310,00
            [TipoValor] => ending_balance
            [NaturezaValor] => C
            [PoderOrgao] => 10131
            [FinanceiroPermanente] => 
            [DividaConsolidada] => 
            [FonteRecurso] => 1.211.0000
            [ComplementoFonteRecurso] => 
            [NaturezaReceita] => 
            [NaturezaDespesa] => 3.3.90.32.03
            [FuncaoSubfuncao] => 10.305
            [AnoInscricaoRestosAPagar] => 
            [DespesasMDEeASPS] => 
        )

    [1907] => Array
        (
            [ContaContabil] => 6.2.2.1.3.04.00
            [Valor] => 46548.28
            [ValorF] => 46.548,28
            [TipoValor] => beginning_balance
            [NaturezaValor] => C
            [PoderOrgao] => 10131
            [FinanceiroPermanente] => 
            [DividaConsolidada] => 
            [FonteRecurso] => 1.213.0000
            [ComplementoFonteRecurso] => 
            [NaturezaReceita] => 
            [NaturezaDespesa] => 3.3.90.32.03
            [FuncaoSubfuncao] => 10.303
            [AnoInscricaoRestosAPagar] => 
            [DespesasMDEeASPS] => 
        )

    [1908] => Array
        (
            [ContaContabil] => 6.2.2.1.3.04.00
            [Valor] => 53910.19
            [ValorF] => 53.910,19
            [TipoValor] => ending_balance
            [NaturezaValor] => C
            [PoderOrgao] => 10131
            [FinanceiroPermanente] => 
            [DividaConsolidada] => 
            [FonteRecurso] => 1.213.0000
            [ComplementoFonteRecurso] => 
            [NaturezaReceita] => 
            [NaturezaDespesa] => 3.3.90.32.03
            [FuncaoSubfuncao] => 10.303
            [AnoInscricaoRestosAPagar] => 
            [DespesasMDEeASPS] => 
        )

    [1909] => Array
        (
            [ContaContabil] => 6.2.2.1.3.04.00
            [Valor] => 7361.91
            [ValorF] => 7.361,91
            [TipoValor] => period_change
            [NaturezaValor] => C
            [PoderOrgao] => 10131
            [FinanceiroPermanente] => 
            [DividaConsolidada] => 
            [FonteRecurso] => 1.213.0000
            [ComplementoFonteRecurso] => 
            [NaturezaReceita] => 
            [NaturezaDespesa] => 3.3.90.32.03
            [FuncaoSubfuncao] => 10.303
            [AnoInscricaoRestosAPagar] => 
            [DespesasMDEeASPS] => 
        )

    [1910] => Array
        (
            [ContaContabil] => 6.2.2.1.3.04.00
            [Valor] => 380
            [ValorF] => 380,00
            [TipoValor] => beginning_balance
            [NaturezaValor] => C
            [PoderOrgao] => 10131
            [FinanceiroPermanente] => 
            [DividaConsolidada] => 
            [FonteRecurso] => 1.214.0000
            [ComplementoFonteRecurso] => 
            [NaturezaReceita] => 
            [NaturezaDespesa] => 3.3.90.32.03
            [FuncaoSubfuncao] => 10.303
            [AnoInscricaoRestosAPagar] => 
            [DespesasMDEeASPS] => 
        )

    [1911] => Array
        (
            [ContaContabil] => 6.2.2.1.3.04.00
            [Valor] => 380
            [ValorF] => 380,00
            [TipoValor] => ending_balance
            [NaturezaValor] => C
            [PoderOrgao] => 10131
            [FinanceiroPermanente] => 
            [DividaConsolidada] => 
            [FonteRecurso] => 1.214.0000
            [ComplementoFonteRecurso] => 
            [NaturezaReceita] => 
            [NaturezaDespesa] => 3.3.90.32.03
            [FuncaoSubfuncao] => 10.303
            [AnoInscricaoRestosAPagar] => 
            [DespesasMDEeASPS] => 
        )

    [1912] => Array
        (
            [ContaContabil] => 6.2.2.1.3.04.00
            [Valor] => 26649.72
            [ValorF] => 26.649,72
            [TipoValor] => beginning_balance
            [NaturezaValor] => C
            [PoderOrgao] => 10131
            [FinanceiroPermanente] => 
            [DividaConsolidada] => 
            [FonteRecurso] => 1.214.0000
            [ComplementoFonteRecurso] => 
            [NaturezaReceita] => 
            [NaturezaDespesa] => 3.3.90.32.03
            [FuncaoSubfuncao] => 10.303
            [AnoInscricaoRestosAPagar] => 
            [DespesasMDEeASPS] => 
        )

    [1913] => Array
        (
            [ContaContabil] => 6.2.2.1.3.04.00
            [Valor] => 29765.47
            [ValorF] => 29.765,47
            [TipoValor] => ending_balance
            [NaturezaValor] => C
            [PoderOrgao] => 10131
            [FinanceiroPermanente] => 
            [DividaConsolidada] => 
            [FonteRecurso] => 1.214.0000
            [ComplementoFonteRecurso] => 
            [NaturezaReceita] => 
            [NaturezaDespesa] => 3.3.90.32.03
            [FuncaoSubfuncao] => 10.303
            [AnoInscricaoRestosAPagar] => 
            [DespesasMDEeASPS] => 
        )

    [1914] => Array
        (
            [ContaContabil] => 6.2.2.1.3.04.00
            [Valor] => 3115.75
            [ValorF] => 3.115,75
            [TipoValor] => period_change
            [NaturezaValor] => C
            [PoderOrgao] => 10131
            [FinanceiroPermanente] => 
            [DividaConsolidada] => 
            [FonteRecurso] => 1.214.0000
            [ComplementoFonteRecurso] => 
            [NaturezaReceita] => 
            [NaturezaDespesa] => 3.3.90.32.03
            [FuncaoSubfuncao] => 10.303
            [AnoInscricaoRestosAPagar] => 
            [DespesasMDEeASPS] => 
        )

    [1915] => Array
        (
            [ContaContabil] => 6.2.2.1.3.04.00
            [Valor] => 32691.8
            [ValorF] => 32.691,80
            [TipoValor] => beginning_balance
            [NaturezaValor] => C
            [PoderOrgao] => 10131
            [FinanceiroPermanente] => 
            [DividaConsolidada] => 
            [FonteRecurso] => 1.211.0000
            [ComplementoFonteRecurso] => 
            [NaturezaReceita] => 
            [NaturezaDespesa] => 3.3.90.33.03
            [FuncaoSubfuncao] => 10.785
            [AnoInscricaoRestosAPagar] => 
            [DespesasMDEeASPS] => 
        )

    [1916] => Array
        (
            [ContaContabil] => 6.2.2.1.3.04.00
            [Valor] => 2197.13
            [ValorF] => 2.197,13
            [TipoValor] => beginning_balance
            [NaturezaValor] => D
            [PoderOrgao] => 10131
            [FinanceiroPermanente] => 
            [DividaConsolidada] => 
            [FonteRecurso] => 1.211.0000
            [ComplementoFonteRecurso] => 
            [NaturezaReceita] => 
            [NaturezaDespesa] => 3.3.90.33.03
            [FuncaoSubfuncao] => 10.785
            [AnoInscricaoRestosAPagar] => 
            [DespesasMDEeASPS] => 
        )

    [1917] => Array
        (
            [ContaContabil] => 6.2.2.1.3.04.00
            [Valor] => 32691.8
            [ValorF] => 32.691,80
            [TipoValor] => ending_balance
            [NaturezaValor] => C
            [PoderOrgao] => 10131
            [FinanceiroPermanente] => 
            [DividaConsolidada] => 
            [FonteRecurso] => 1.211.0000
            [ComplementoFonteRecurso] => 
            [NaturezaReceita] => 
            [NaturezaDespesa] => 3.3.90.33.03
            [FuncaoSubfuncao] => 10.785
            [AnoInscricaoRestosAPagar] => 
            [DespesasMDEeASPS] => 
        )

    [1918] => Array
        (
            [ContaContabil] => 6.2.2.1.3.04.00
            [Valor] => 2197.13
            [ValorF] => 2.197,13
            [TipoValor] => ending_balance
            [NaturezaValor] => D
            [PoderOrgao] => 10131
            [FinanceiroPermanente] => 
            [DividaConsolidada] => 
            [FonteRecurso] => 1.211.0000
            [ComplementoFonteRecurso] => 
            [NaturezaReceita] => 
            [NaturezaDespesa] => 3.3.90.33.03
            [FuncaoSubfuncao] => 10.785
            [AnoInscricaoRestosAPagar] => 
            [DespesasMDEeASPS] => 
        )

    [1919] => Array
        (
            [ContaContabil] => 6.2.2.1.3.04.00
            [Valor] => 4750
            [ValorF] => 4.750,00
            [TipoValor] => beginning_balance
            [NaturezaValor] => C
            [PoderOrgao] => 10131
            [FinanceiroPermanente] => 
            [DividaConsolidada] => 
            [FonteRecurso] => 1.211.0000
            [ComplementoFonteRecurso] => 
            [NaturezaReceita] => 
            [NaturezaDespesa] => 3.3.90.36.03
            [FuncaoSubfuncao] => 10.302
            [AnoInscricaoRestosAPagar] => 
            [DespesasMDEeASPS] => 
        )

    [1920] => Array
        (
            [ContaContabil] => 6.2.2.1.3.04.00
            [Valor] => 6250
            [ValorF] => 6.250,00
            [TipoValor] => ending_balance
            [NaturezaValor] => C
            [PoderOrgao] => 10131
            [FinanceiroPermanente] => 
            [DividaConsolidada] => 
            [FonteRecurso] => 1.211.0000
            [ComplementoFonteRecurso] => 
            [NaturezaReceita] => 
            [NaturezaDespesa] => 3.3.90.36.03
            [FuncaoSubfuncao] => 10.302
            [AnoInscricaoRestosAPagar] => 
            [DespesasMDEeASPS] => 
        )

    [1921] => Array
        (
            [ContaContabil] => 6.2.2.1.3.04.00
            [Valor] => 1500
            [ValorF] => 1.500,00
            [TipoValor] => period_change
            [NaturezaValor] => C
            [PoderOrgao] => 10131
            [FinanceiroPermanente] => 
            [DividaConsolidada] => 
            [FonteRecurso] => 1.211.0000
            [ComplementoFonteRecurso] => 
            [NaturezaReceita] => 
            [NaturezaDespesa] => 3.3.90.36.03
            [FuncaoSubfuncao] => 10.302
            [AnoInscricaoRestosAPagar] => 
            [DespesasMDEeASPS] => 
        )

    [1922] => Array
        (
            [ContaContabil] => 6.2.2.1.3.04.00
            [Valor] => 300
            [ValorF] => 300,00
            [TipoValor] => beginning_balance
            [NaturezaValor] => C
            [PoderOrgao] => 10131
            [FinanceiroPermanente] => 
            [DividaConsolidada] => 
            [FonteRecurso] => 1.211.0000
            [ComplementoFonteRecurso] => 
            [NaturezaReceita] => 
            [NaturezaDespesa] => 3.3.90.36.03
            [FuncaoSubfuncao] => 10.303
            [AnoInscricaoRestosAPagar] => 
            [DespesasMDEeASPS] => 
        )

    [1923] => Array
        (
            [ContaContabil] => 6.2.2.1.3.04.00
            [Valor] => 5300
            [ValorF] => 5.300,00
            [TipoValor] => ending_balance
            [NaturezaValor] => C
            [PoderOrgao] => 10131
            [FinanceiroPermanente] => 
            [DividaConsolidada] => 
            [FonteRecurso] => 1.211.0000
            [ComplementoFonteRecurso] => 
            [NaturezaReceita] => 
            [NaturezaDespesa] => 3.3.90.36.03
            [FuncaoSubfuncao] => 10.303
            [AnoInscricaoRestosAPagar] => 
            [DespesasMDEeASPS] => 
        )

    [1924] => Array
        (
            [ContaContabil] => 6.2.2.1.3.04.00
            [Valor] => 5000
            [ValorF] => 5.000,00
            [TipoValor] => period_change
            [NaturezaValor] => C
            [PoderOrgao] => 10131
            [FinanceiroPermanente] => 
            [DividaConsolidada] => 
            [FonteRecurso] => 1.211.0000
            [ComplementoFonteRecurso] => 
            [NaturezaReceita] => 
            [NaturezaDespesa] => 3.3.90.36.03
            [FuncaoSubfuncao] => 10.303
            [AnoInscricaoRestosAPagar] => 
            [DespesasMDEeASPS] => 
        )

    [1925] => Array
        (
            [ContaContabil] => 6.2.2.1.3.04.00
            [Valor] => 10193.22
            [ValorF] => 10.193,22
            [TipoValor] => beginning_balance
            [NaturezaValor] => C
            [PoderOrgao] => 10131
            [FinanceiroPermanente] => 
            [DividaConsolidada] => 
            [FonteRecurso] => 1.211.0000
            [ComplementoFonteRecurso] => 
            [NaturezaReceita] => 
            [NaturezaDespesa] => 3.3.90.39.03
            [FuncaoSubfuncao] => 10.122
            [AnoInscricaoRestosAPagar] => 
            [DespesasMDEeASPS] => 
        )

    [1926] => Array
        (
            [ContaContabil] => 6.2.2.1.3.04.00
            [Valor] => 12477.26
            [ValorF] => 12.477,26
            [TipoValor] => ending_balance
            [NaturezaValor] => C
            [PoderOrgao] => 10131
            [FinanceiroPermanente] => 
            [DividaConsolidada] => 
            [FonteRecurso] => 1.211.0000
            [ComplementoFonteRecurso] => 
            [NaturezaReceita] => 
            [NaturezaDespesa] => 3.3.90.39.03
            [FuncaoSubfuncao] => 10.122
            [AnoInscricaoRestosAPagar] => 
            [DespesasMDEeASPS] => 
        )

    [1927] => Array
        (
            [ContaContabil] => 6.2.2.1.3.04.00
            [Valor] => 2284.04
            [ValorF] => 2.284,04
            [TipoValor] => period_change
            [NaturezaValor] => C
            [PoderOrgao] => 10131
            [FinanceiroPermanente] => 
            [DividaConsolidada] => 
            [FonteRecurso] => 1.211.0000
            [ComplementoFonteRecurso] => 
            [NaturezaReceita] => 
            [NaturezaDespesa] => 3.3.90.39.03
            [FuncaoSubfuncao] => 10.122
            [AnoInscricaoRestosAPagar] => 
            [DespesasMDEeASPS] => 
        )

    [1928] => Array
        (
            [ContaContabil] => 6.2.2.1.3.04.00
            [Valor] => 268989.74
            [ValorF] => 268.989,74
            [TipoValor] => beginning_balance
            [NaturezaValor] => C
            [PoderOrgao] => 10131
            [FinanceiroPermanente] => 
            [DividaConsolidada] => 
            [FonteRecurso] => 1.211.0000
            [ComplementoFonteRecurso] => 
            [NaturezaReceita] => 
            [NaturezaDespesa] => 3.3.90.39.03
            [FuncaoSubfuncao] => 10.301
            [AnoInscricaoRestosAPagar] => 
            [DespesasMDEeASPS] => 
        )

    [1929] => Array
        (
            [ContaContabil] => 6.2.2.1.3.04.00
            [Valor] => 347657.49
            [ValorF] => 347.657,49
            [TipoValor] => ending_balance
            [NaturezaValor] => C
            [PoderOrgao] => 10131
            [FinanceiroPermanente] => 
            [DividaConsolidada] => 
            [FonteRecurso] => 1.211.0000
            [ComplementoFonteRecurso] => 
            [NaturezaReceita] => 
            [NaturezaDespesa] => 3.3.90.39.03
            [FuncaoSubfuncao] => 10.301
            [AnoInscricaoRestosAPagar] => 
            [DespesasMDEeASPS] => 
        )

    [1930] => Array
        (
            [ContaContabil] => 6.2.2.1.3.04.00
            [Valor] => 78667.75
            [ValorF] => 78.667,75
            [TipoValor] => period_change
            [NaturezaValor] => C
            [PoderOrgao] => 10131
            [FinanceiroPermanente] => 
            [DividaConsolidada] => 
            [FonteRecurso] => 1.211.0000
            [ComplementoFonteRecurso] => 
            [NaturezaReceita] => 
            [NaturezaDespesa] => 3.3.90.39.03
            [FuncaoSubfuncao] => 10.301
            [AnoInscricaoRestosAPagar] => 
            [DespesasMDEeASPS] => 
        )

    [1931] => Array
        (
            [ContaContabil] => 6.2.2.1.3.04.00
            [Valor] => 245498.32
            [ValorF] => 245.498,32
            [TipoValor] => beginning_balance
            [NaturezaValor] => C
            [PoderOrgao] => 10131
            [FinanceiroPermanente] => 
            [DividaConsolidada] => 
            [FonteRecurso] => 1.211.0000
            [ComplementoFonteRecurso] => 
            [NaturezaReceita] => 
            [NaturezaDespesa] => 3.3.90.39.03
            [FuncaoSubfuncao] => 10.302
            [AnoInscricaoRestosAPagar] => 
            [DespesasMDEeASPS] => 
        )

    [1932] => Array
        (
            [ContaContabil] => 6.2.2.1.3.04.00
            [Valor] => 277615.49
            [ValorF] => 277.615,49
            [TipoValor] => ending_balance
            [NaturezaValor] => C
            [PoderOrgao] => 10131
            [FinanceiroPermanente] => 
            [DividaConsolidada] => 
            [FonteRecurso] => 1.211.0000
            [ComplementoFonteRecurso] => 
            [NaturezaReceita] => 
            [NaturezaDespesa] => 3.3.90.39.03
            [FuncaoSubfuncao] => 10.302
            [AnoInscricaoRestosAPagar] => 
            [DespesasMDEeASPS] => 
        )

    [1933] => Array
        (
            [ContaContabil] => 6.2.2.1.3.04.00
            [Valor] => 32117.17
            [ValorF] => 32.117,17
            [TipoValor] => period_change
            [NaturezaValor] => C
            [PoderOrgao] => 10131
            [FinanceiroPermanente] => 
            [DividaConsolidada] => 
            [FonteRecurso] => 1.211.0000
            [ComplementoFonteRecurso] => 
            [NaturezaReceita] => 
            [NaturezaDespesa] => 3.3.90.39.03
            [FuncaoSubfuncao] => 10.302
            [AnoInscricaoRestosAPagar] => 
            [DespesasMDEeASPS] => 
        )

    [1934] => Array
        (
            [ContaContabil] => 6.2.2.1.3.04.00
            [Valor] => 139838.28
            [ValorF] => 139.838,28
            [TipoValor] => beginning_balance
            [NaturezaValor] => C
            [PoderOrgao] => 10131
            [FinanceiroPermanente] => 
            [DividaConsolidada] => 
            [FonteRecurso] => 1.211.0000
            [ComplementoFonteRecurso] => 
            [NaturezaReceita] => 
            [NaturezaDespesa] => 3.3.90.39.03
            [FuncaoSubfuncao] => 10.303
            [AnoInscricaoRestosAPagar] => 
            [DespesasMDEeASPS] => 
        )

    [1935] => Array
        (
            [ContaContabil] => 6.2.2.1.3.04.00
            [Valor] => 160388.28
            [ValorF] => 160.388,28
            [TipoValor] => ending_balance
            [NaturezaValor] => C
            [PoderOrgao] => 10131
            [FinanceiroPermanente] => 
            [DividaConsolidada] => 
            [FonteRecurso] => 1.211.0000
            [ComplementoFonteRecurso] => 
            [NaturezaReceita] => 
            [NaturezaDespesa] => 3.3.90.39.03
            [FuncaoSubfuncao] => 10.303
            [AnoInscricaoRestosAPagar] => 
            [DespesasMDEeASPS] => 
        )

    [1936] => Array
        (
            [ContaContabil] => 6.2.2.1.3.04.00
            [Valor] => 20550
            [ValorF] => 20.550,00
            [TipoValor] => period_change
            [NaturezaValor] => C
            [PoderOrgao] => 10131
            [FinanceiroPermanente] => 
            [DividaConsolidada] => 
            [FonteRecurso] => 1.211.0000
            [ComplementoFonteRecurso] => 
            [NaturezaReceita] => 
            [NaturezaDespesa] => 3.3.90.39.03
            [FuncaoSubfuncao] => 10.303
            [AnoInscricaoRestosAPagar] => 
            [DespesasMDEeASPS] => 
        )

    [1937] => Array
        (
            [ContaContabil] => 6.2.2.1.3.04.00
            [Valor] => 21438.62
            [ValorF] => 21.438,62
            [TipoValor] => beginning_balance
            [NaturezaValor] => C
            [PoderOrgao] => 10131
            [FinanceiroPermanente] => 
            [DividaConsolidada] => 
            [FonteRecurso] => 1.211.0000
            [ComplementoFonteRecurso] => 
            [NaturezaReceita] => 
            [NaturezaDespesa] => 3.3.90.39.03
            [FuncaoSubfuncao] => 10.305
            [AnoInscricaoRestosAPagar] => 
            [DespesasMDEeASPS] => 
        )

    [1938] => Array
        (
            [ContaContabil] => 6.2.2.1.3.04.00
            [Valor] => 27137.64
            [ValorF] => 27.137,64
            [TipoValor] => ending_balance
            [NaturezaValor] => C
            [PoderOrgao] => 10131
            [FinanceiroPermanente] => 
            [DividaConsolidada] => 
            [FonteRecurso] => 1.211.0000
            [ComplementoFonteRecurso] => 
            [NaturezaReceita] => 
            [NaturezaDespesa] => 3.3.90.39.03
            [FuncaoSubfuncao] => 10.305
            [AnoInscricaoRestosAPagar] => 
            [DespesasMDEeASPS] => 
        )

    [1939] => Array
        (
            [ContaContabil] => 6.2.2.1.3.04.00
            [Valor] => 5699.02
            [ValorF] => 5.699,02
            [TipoValor] => period_change
            [NaturezaValor] => C
            [PoderOrgao] => 10131
            [FinanceiroPermanente] => 
            [DividaConsolidada] => 
            [FonteRecurso] => 1.211.0000
            [ComplementoFonteRecurso] => 
            [NaturezaReceita] => 
            [NaturezaDespesa] => 3.3.90.39.03
            [FuncaoSubfuncao] => 10.305
            [AnoInscricaoRestosAPagar] => 
            [DespesasMDEeASPS] => 
        )

    [1940] => Array
        (
            [ContaContabil] => 6.2.2.1.3.04.00
            [Valor] => 20636.71
            [ValorF] => 20.636,71
            [TipoValor] => beginning_balance
            [NaturezaValor] => C
            [PoderOrgao] => 10131
            [FinanceiroPermanente] => 
            [DividaConsolidada] => 
            [FonteRecurso] => 1.211.0000
            [ComplementoFonteRecurso] => 
            [NaturezaReceita] => 
            [NaturezaDespesa] => 3.3.90.39.03
            [FuncaoSubfuncao] => 10.785
            [AnoInscricaoRestosAPagar] => 
            [DespesasMDEeASPS] => 
        )

    [1941] => Array
        (
            [ContaContabil] => 6.2.2.1.3.04.00
            [Valor] => 28257.24
            [ValorF] => 28.257,24
            [TipoValor] => ending_balance
            [NaturezaValor] => C
            [PoderOrgao] => 10131
            [FinanceiroPermanente] => 
            [DividaConsolidada] => 
            [FonteRecurso] => 1.211.0000
            [ComplementoFonteRecurso] => 
            [NaturezaReceita] => 
            [NaturezaDespesa] => 3.3.90.39.03
            [FuncaoSubfuncao] => 10.785
            [AnoInscricaoRestosAPagar] => 
            [DespesasMDEeASPS] => 
        )

    [1942] => Array
        (
            [ContaContabil] => 6.2.2.1.3.04.00
            [Valor] => 7620.53
            [ValorF] => 7.620,53
            [TipoValor] => period_change
            [NaturezaValor] => C
            [PoderOrgao] => 10131
            [FinanceiroPermanente] => 
            [DividaConsolidada] => 
            [FonteRecurso] => 1.211.0000
            [ComplementoFonteRecurso] => 
            [NaturezaReceita] => 
            [NaturezaDespesa] => 3.3.90.39.03
            [FuncaoSubfuncao] => 10.785
            [AnoInscricaoRestosAPagar] => 
            [DespesasMDEeASPS] => 
        )

    [1943] => Array
        (
            [ContaContabil] => 6.2.2.1.3.04.00
            [Valor] => 97805
            [ValorF] => 97.805,00
            [TipoValor] => beginning_balance
            [NaturezaValor] => C
            [PoderOrgao] => 10131
            [FinanceiroPermanente] => 
            [DividaConsolidada] => 
            [FonteRecurso] => 1.214.0000
            [ComplementoFonteRecurso] => 
            [NaturezaReceita] => 
            [NaturezaDespesa] => 3.3.90.39.03
            [FuncaoSubfuncao] => 10.301
            [AnoInscricaoRestosAPagar] => 
            [DespesasMDEeASPS] => 
        )

    [1944] => Array
        (
            [ContaContabil] => 6.2.2.1.3.04.00
            [Valor] => 101405
            [ValorF] => 101.405,00
            [TipoValor] => ending_balance
            [NaturezaValor] => C
            [PoderOrgao] => 10131
            [FinanceiroPermanente] => 
            [DividaConsolidada] => 
            [FonteRecurso] => 1.214.0000
            [ComplementoFonteRecurso] => 
            [NaturezaReceita] => 
            [NaturezaDespesa] => 3.3.90.39.03
            [FuncaoSubfuncao] => 10.301
            [AnoInscricaoRestosAPagar] => 
            [DespesasMDEeASPS] => 
        )

    [1945] => Array
        (
            [ContaContabil] => 6.2.2.1.3.04.00
            [Valor] => 3600
            [ValorF] => 3.600,00
            [TipoValor] => period_change
            [NaturezaValor] => C
            [PoderOrgao] => 10131
            [FinanceiroPermanente] => 
            [DividaConsolidada] => 
            [FonteRecurso] => 1.214.0000
            [ComplementoFonteRecurso] => 
            [NaturezaReceita] => 
            [NaturezaDespesa] => 3.3.90.39.03
            [FuncaoSubfuncao] => 10.301
            [AnoInscricaoRestosAPagar] => 
            [DespesasMDEeASPS] => 
        )

    [1946] => Array
        (
            [ContaContabil] => 6.2.2.1.3.04.00
            [Valor] => 4635
            [ValorF] => 4.635,00
            [TipoValor] => beginning_balance
            [NaturezaValor] => C
            [PoderOrgao] => 10131
            [FinanceiroPermanente] => 
            [DividaConsolidada] => 
            [FonteRecurso] => 1.214.0000
            [ComplementoFonteRecurso] => 
            [NaturezaReceita] => 
            [NaturezaDespesa] => 3.3.90.39.03
            [FuncaoSubfuncao] => 10.302
            [AnoInscricaoRestosAPagar] => 
            [DespesasMDEeASPS] => 
        )

    [1947] => Array
        (
            [ContaContabil] => 6.2.2.1.3.04.00
            [Valor] => 5315
            [ValorF] => 5.315,00
            [TipoValor] => ending_balance
            [NaturezaValor] => C
            [PoderOrgao] => 10131
            [FinanceiroPermanente] => 
            [DividaConsolidada] => 
            [FonteRecurso] => 1.214.0000
            [ComplementoFonteRecurso] => 
            [NaturezaReceita] => 
            [NaturezaDespesa] => 3.3.90.39.03
            [FuncaoSubfuncao] => 10.302
            [AnoInscricaoRestosAPagar] => 
            [DespesasMDEeASPS] => 
        )

    [1948] => Array
        (
            [ContaContabil] => 6.2.2.1.3.04.00
            [Valor] => 680
            [ValorF] => 680,00
            [TipoValor] => period_change
            [NaturezaValor] => C
            [PoderOrgao] => 10131
            [FinanceiroPermanente] => 
            [DividaConsolidada] => 
            [FonteRecurso] => 1.214.0000
            [ComplementoFonteRecurso] => 
            [NaturezaReceita] => 
            [NaturezaDespesa] => 3.3.90.39.03
            [FuncaoSubfuncao] => 10.302
            [AnoInscricaoRestosAPagar] => 
            [DespesasMDEeASPS] => 
        )

    [1949] => Array
        (
            [ContaContabil] => 6.2.2.1.3.04.00
            [Valor] => 2365
            [ValorF] => 2.365,00
            [TipoValor] => beginning_balance
            [NaturezaValor] => C
            [PoderOrgao] => 10131
            [FinanceiroPermanente] => 
            [DividaConsolidada] => 
            [FonteRecurso] => 1.214.0000
            [ComplementoFonteRecurso] => 
            [NaturezaReceita] => 
            [NaturezaDespesa] => 3.3.90.39.03
            [FuncaoSubfuncao] => 10.305
            [AnoInscricaoRestosAPagar] => 
            [DespesasMDEeASPS] => 
        )

    [1950] => Array
        (
            [ContaContabil] => 6.2.2.1.3.04.00
            [Valor] => 2430
            [ValorF] => 2.430,00
            [TipoValor] => ending_balance
            [NaturezaValor] => C
            [PoderOrgao] => 10131
            [FinanceiroPermanente] => 
            [DividaConsolidada] => 
            [FonteRecurso] => 1.214.0000
            [ComplementoFonteRecurso] => 
            [NaturezaReceita] => 
            [NaturezaDespesa] => 3.3.90.39.03
            [FuncaoSubfuncao] => 10.305
            [AnoInscricaoRestosAPagar] => 
            [DespesasMDEeASPS] => 
        )

    [1951] => Array
        (
            [ContaContabil] => 6.2.2.1.3.04.00
            [Valor] => 65
            [ValorF] => 65,00
            [TipoValor] => period_change
            [NaturezaValor] => C
            [PoderOrgao] => 10131
            [FinanceiroPermanente] => 
            [DividaConsolidada] => 
            [FonteRecurso] => 1.214.0000
            [ComplementoFonteRecurso] => 
            [NaturezaReceita] => 
            [NaturezaDespesa] => 3.3.90.39.03
            [FuncaoSubfuncao] => 10.305
            [AnoInscricaoRestosAPagar] => 
            [DespesasMDEeASPS] => 
        )

    [1952] => Array
        (
            [ContaContabil] => 6.2.2.1.3.04.00
            [Valor] => 5010.73
            [ValorF] => 5.010,73
            [TipoValor] => beginning_balance
            [NaturezaValor] => C
            [PoderOrgao] => 10131
            [FinanceiroPermanente] => 
            [DividaConsolidada] => 
            [FonteRecurso] => 1.211.0000
            [ComplementoFonteRecurso] => 
            [NaturezaReceita] => 
            [NaturezaDespesa] => 3.3.90.40.04
            [FuncaoSubfuncao] => 10.122
            [AnoInscricaoRestosAPagar] => 
            [DespesasMDEeASPS] => 
        )

    [1953] => Array
        (
            [ContaContabil] => 6.2.2.1.3.04.00
            [Valor] => 6139.88
            [ValorF] => 6.139,88
            [TipoValor] => ending_balance
            [NaturezaValor] => C
            [PoderOrgao] => 10131
            [FinanceiroPermanente] => 
            [DividaConsolidada] => 
            [FonteRecurso] => 1.211.0000
            [ComplementoFonteRecurso] => 
            [NaturezaReceita] => 
            [NaturezaDespesa] => 3.3.90.40.04
            [FuncaoSubfuncao] => 10.122
            [AnoInscricaoRestosAPagar] => 
            [DespesasMDEeASPS] => 
        )

    [1954] => Array
        (
            [ContaContabil] => 6.2.2.1.3.04.00
            [Valor] => 1129.15
            [ValorF] => 1.129,15
            [TipoValor] => period_change
            [NaturezaValor] => C
            [PoderOrgao] => 10131
            [FinanceiroPermanente] => 
            [DividaConsolidada] => 
            [FonteRecurso] => 1.211.0000
            [ComplementoFonteRecurso] => 
            [NaturezaReceita] => 
            [NaturezaDespesa] => 3.3.90.40.04
            [FuncaoSubfuncao] => 10.122
            [AnoInscricaoRestosAPagar] => 
            [DespesasMDEeASPS] => 
        )

    [1955] => Array
        (
            [ContaContabil] => 6.2.2.1.3.04.00
            [Valor] => 10557.73
            [ValorF] => 10.557,73
            [TipoValor] => beginning_balance
            [NaturezaValor] => C
            [PoderOrgao] => 10131
            [FinanceiroPermanente] => 
            [DividaConsolidada] => 
            [FonteRecurso] => 1.211.0000
            [ComplementoFonteRecurso] => 
            [NaturezaReceita] => 
            [NaturezaDespesa] => 3.3.90.40.04
            [FuncaoSubfuncao] => 10.301
            [AnoInscricaoRestosAPagar] => 
            [DespesasMDEeASPS] => 
        )

    [1956] => Array
        (
            [ContaContabil] => 6.2.2.1.3.04.00
            [Valor] => 12593.53
            [ValorF] => 12.593,53
            [TipoValor] => ending_balance
            [NaturezaValor] => C
            [PoderOrgao] => 10131
            [FinanceiroPermanente] => 
            [DividaConsolidada] => 
            [FonteRecurso] => 1.211.0000
            [ComplementoFonteRecurso] => 
            [NaturezaReceita] => 
            [NaturezaDespesa] => 3.3.90.40.04
            [FuncaoSubfuncao] => 10.301
            [AnoInscricaoRestosAPagar] => 
            [DespesasMDEeASPS] => 
        )

    [1957] => Array
        (
            [ContaContabil] => 6.2.2.1.3.04.00
            [Valor] => 2035.8
            [ValorF] => 2.035,80
            [TipoValor] => period_change
            [NaturezaValor] => C
            [PoderOrgao] => 10131
            [FinanceiroPermanente] => 
            [DividaConsolidada] => 
            [FonteRecurso] => 1.211.0000
            [ComplementoFonteRecurso] => 
            [NaturezaReceita] => 
            [NaturezaDespesa] => 3.3.90.40.04
            [FuncaoSubfuncao] => 10.301
            [AnoInscricaoRestosAPagar] => 
            [DespesasMDEeASPS] => 
        )

    [1958] => Array
        (
            [ContaContabil] => 6.2.2.1.3.04.00
            [Valor] => 150
            [ValorF] => 150,00
            [TipoValor] => beginning_balance
            [NaturezaValor] => C
            [PoderOrgao] => 10131
            [FinanceiroPermanente] => 
            [DividaConsolidada] => 
            [FonteRecurso] => 1.211.0000
            [ComplementoFonteRecurso] => 
            [NaturezaReceita] => 
            [NaturezaDespesa] => 3.3.90.40.04
            [FuncaoSubfuncao] => 10.302
            [AnoInscricaoRestosAPagar] => 
            [DespesasMDEeASPS] => 
        )

    [1959] => Array
        (
            [ContaContabil] => 6.2.2.1.3.04.00
            [Valor] => 150
            [ValorF] => 150,00
            [TipoValor] => ending_balance
            [NaturezaValor] => C
            [PoderOrgao] => 10131
            [FinanceiroPermanente] => 
            [DividaConsolidada] => 
            [FonteRecurso] => 1.211.0000
            [ComplementoFonteRecurso] => 
            [NaturezaReceita] => 
            [NaturezaDespesa] => 3.3.90.40.04
            [FuncaoSubfuncao] => 10.302
            [AnoInscricaoRestosAPagar] => 
            [DespesasMDEeASPS] => 
        )

    [1960] => Array
        (
            [ContaContabil] => 6.2.2.1.3.04.00
            [Valor] => 165067.35
            [ValorF] => 165.067,35
            [TipoValor] => beginning_balance
            [NaturezaValor] => C
            [PoderOrgao] => 10131
            [FinanceiroPermanente] => 
            [DividaConsolidada] => 
            [FonteRecurso] => 1.211.0000
            [ComplementoFonteRecurso] => 
            [NaturezaReceita] => 
            [NaturezaDespesa] => 3.3.90.46.04
            [FuncaoSubfuncao] => 10.331
            [AnoInscricaoRestosAPagar] => 
            [DespesasMDEeASPS] => 
        )

    [1961] => Array
        (
            [ContaContabil] => 6.2.2.1.3.04.00
            [Valor] => 192030.3
            [ValorF] => 192.030,30
            [TipoValor] => ending_balance
            [NaturezaValor] => C
            [PoderOrgao] => 10131
            [FinanceiroPermanente] => 
            [DividaConsolidada] => 
            [FonteRecurso] => 1.211.0000
            [ComplementoFonteRecurso] => 
            [NaturezaReceita] => 
            [NaturezaDespesa] => 3.3.90.46.04
            [FuncaoSubfuncao] => 10.331
            [AnoInscricaoRestosAPagar] => 
            [DespesasMDEeASPS] => 
        )

    [1962] => Array
        (
            [ContaContabil] => 6.2.2.1.3.04.00
            [Valor] => 26962.95
            [ValorF] => 26.962,95
            [TipoValor] => period_change
            [NaturezaValor] => C
            [PoderOrgao] => 10131
            [FinanceiroPermanente] => 
            [DividaConsolidada] => 
            [FonteRecurso] => 1.211.0000
            [ComplementoFonteRecurso] => 
            [NaturezaReceita] => 
            [NaturezaDespesa] => 3.3.90.46.04
            [FuncaoSubfuncao] => 10.331
            [AnoInscricaoRestosAPagar] => 
            [DespesasMDEeASPS] => 
        )

    [1963] => Array
        (
            [ContaContabil] => 6.2.2.1.3.04.00
            [Valor] => 6810
            [ValorF] => 6.810,00
            [TipoValor] => beginning_balance
            [NaturezaValor] => C
            [PoderOrgao] => 10131
            [FinanceiroPermanente] => 
            [DividaConsolidada] => 
            [FonteRecurso] => 1.211.0000
            [ComplementoFonteRecurso] => 
            [NaturezaReceita] => 
            [NaturezaDespesa] => 3.3.90.93.09
            [FuncaoSubfuncao] => 10.302
            [AnoInscricaoRestosAPagar] => 
            [DespesasMDEeASPS] => 
        )

    [1964] => Array
        (
            [ContaContabil] => 6.2.2.1.3.04.00
            [Valor] => 8190
            [ValorF] => 8.190,00
            [TipoValor] => ending_balance
            [NaturezaValor] => C
            [PoderOrgao] => 10131
            [FinanceiroPermanente] => 
            [DividaConsolidada] => 
            [FonteRecurso] => 1.211.0000
            [ComplementoFonteRecurso] => 
            [NaturezaReceita] => 
            [NaturezaDespesa] => 3.3.90.93.09
            [FuncaoSubfuncao] => 10.302
            [AnoInscricaoRestosAPagar] => 
            [DespesasMDEeASPS] => 
        )

    [1965] => Array
        (
            [ContaContabil] => 6.2.2.1.3.04.00
            [Valor] => 1380
            [ValorF] => 1.380,00
            [TipoValor] => period_change
            [NaturezaValor] => C
            [PoderOrgao] => 10131
            [FinanceiroPermanente] => 
            [DividaConsolidada] => 
            [FonteRecurso] => 1.211.0000
            [ComplementoFonteRecurso] => 
            [NaturezaReceita] => 
            [NaturezaDespesa] => 3.3.90.93.09
            [FuncaoSubfuncao] => 10.302
            [AnoInscricaoRestosAPagar] => 
            [DespesasMDEeASPS] => 
        )

    [1966] => Array
        (
            [ContaContabil] => 6.2.2.1.3.04.00
            [Valor] => 8050
            [ValorF] => 8.050,00
            [TipoValor] => beginning_balance
            [NaturezaValor] => C
            [PoderOrgao] => 10131
            [FinanceiroPermanente] => 
            [DividaConsolidada] => 
            [FonteRecurso] => 1.211.0000
            [ComplementoFonteRecurso] => 
            [NaturezaReceita] => 
            [NaturezaDespesa] => 3.3.90.93.09
            [FuncaoSubfuncao] => 10.303
            [AnoInscricaoRestosAPagar] => 
            [DespesasMDEeASPS] => 
        )

    [1967] => Array
        (
            [ContaContabil] => 6.2.2.1.3.04.00
            [Valor] => 9200
            [ValorF] => 9.200,00
            [TipoValor] => ending_balance
            [NaturezaValor] => C
            [PoderOrgao] => 10131
            [FinanceiroPermanente] => 
            [DividaConsolidada] => 
            [FonteRecurso] => 1.211.0000
            [ComplementoFonteRecurso] => 
            [NaturezaReceita] => 
            [NaturezaDespesa] => 3.3.90.93.09
            [FuncaoSubfuncao] => 10.303
            [AnoInscricaoRestosAPagar] => 
            [DespesasMDEeASPS] => 
        )

    [1968] => Array
        (
            [ContaContabil] => 6.2.2.1.3.04.00
            [Valor] => 1150
            [ValorF] => 1.150,00
            [TipoValor] => period_change
            [NaturezaValor] => C
            [PoderOrgao] => 10131
            [FinanceiroPermanente] => 
            [DividaConsolidada] => 
            [FonteRecurso] => 1.211.0000
            [ComplementoFonteRecurso] => 
            [NaturezaReceita] => 
            [NaturezaDespesa] => 3.3.90.93.09
            [FuncaoSubfuncao] => 10.303
            [AnoInscricaoRestosAPagar] => 
            [DespesasMDEeASPS] => 
        )

    [1969] => Array
        (
            [ContaContabil] => 6.2.2.1.3.04.00
            [Valor] => 445
            [ValorF] => 445,00
            [TipoValor] => beginning_balance
            [NaturezaValor] => C
            [PoderOrgao] => 10131
            [FinanceiroPermanente] => 
            [DividaConsolidada] => 
            [FonteRecurso] => 1.211.0000
            [ComplementoFonteRecurso] => 
            [NaturezaReceita] => 
            [NaturezaDespesa] => 3.3.90.93.09
            [FuncaoSubfuncao] => 10.785
            [AnoInscricaoRestosAPagar] => 
            [DespesasMDEeASPS] => 
        )

    [1970] => Array
        (
            [ContaContabil] => 6.2.2.1.3.04.00
            [Valor] => 445
            [ValorF] => 445,00
            [TipoValor] => ending_balance
            [NaturezaValor] => C
            [PoderOrgao] => 10131
            [FinanceiroPermanente] => 
            [DividaConsolidada] => 
            [FonteRecurso] => 1.211.0000
            [ComplementoFonteRecurso] => 
            [NaturezaReceita] => 
            [NaturezaDespesa] => 3.3.90.93.09
            [FuncaoSubfuncao] => 10.785
            [AnoInscricaoRestosAPagar] => 
            [DespesasMDEeASPS] => 
        )

    [1971] => Array
        (
            [ContaContabil] => 6.2.2.1.3.04.00
            [Valor] => 45777.78
            [ValorF] => 45.777,78
            [TipoValor] => beginning_balance
            [NaturezaValor] => C
            [PoderOrgao] => 10131
            [FinanceiroPermanente] => 
            [DividaConsolidada] => 
            [FonteRecurso] => 1.211.0000
            [ComplementoFonteRecurso] => 
            [NaturezaReceita] => 
            [NaturezaDespesa] => 3.3.93.39.03
            [FuncaoSubfuncao] => 10.301
            [AnoInscricaoRestosAPagar] => 
            [DespesasMDEeASPS] => 
        )

    [1972] => Array
        (
            [ContaContabil] => 6.2.2.1.3.04.00
            [Valor] => 45777.78
            [ValorF] => 45.777,78
            [TipoValor] => ending_balance
            [NaturezaValor] => C
            [PoderOrgao] => 10131
            [FinanceiroPermanente] => 
            [DividaConsolidada] => 
            [FonteRecurso] => 1.211.0000
            [ComplementoFonteRecurso] => 
            [NaturezaReceita] => 
            [NaturezaDespesa] => 3.3.93.39.03
            [FuncaoSubfuncao] => 10.301
            [AnoInscricaoRestosAPagar] => 
            [DespesasMDEeASPS] => 
        )

    [1973] => Array
        (
            [ContaContabil] => 6.2.2.1.3.04.00
            [Valor] => 52794.28
            [ValorF] => 52.794,28
            [TipoValor] => beginning_balance
            [NaturezaValor] => C
            [PoderOrgao] => 10131
            [FinanceiroPermanente] => 
            [DividaConsolidada] => 
            [FonteRecurso] => 1.211.0000
            [ComplementoFonteRecurso] => 
            [NaturezaReceita] => 
            [NaturezaDespesa] => 3.3.93.39.03
            [FuncaoSubfuncao] => 10.302
            [AnoInscricaoRestosAPagar] => 
            [DespesasMDEeASPS] => 
        )

    [1974] => Array
        (
            [ContaContabil] => 6.2.2.1.3.04.00
            [Valor] => 66862.74
            [ValorF] => 66.862,74
            [TipoValor] => ending_balance
            [NaturezaValor] => C
            [PoderOrgao] => 10131
            [FinanceiroPermanente] => 
            [DividaConsolidada] => 
            [FonteRecurso] => 1.211.0000
            [ComplementoFonteRecurso] => 
            [NaturezaReceita] => 
            [NaturezaDespesa] => 3.3.93.39.03
            [FuncaoSubfuncao] => 10.302
            [AnoInscricaoRestosAPagar] => 
            [DespesasMDEeASPS] => 
        )

    [1975] => Array
        (
            [ContaContabil] => 6.2.2.1.3.04.00
            [Valor] => 14068.46
            [ValorF] => 14.068,46
            [TipoValor] => period_change
            [NaturezaValor] => C
            [PoderOrgao] => 10131
            [FinanceiroPermanente] => 
            [DividaConsolidada] => 
            [FonteRecurso] => 1.211.0000
            [ComplementoFonteRecurso] => 
            [NaturezaReceita] => 
            [NaturezaDespesa] => 3.3.93.39.03
            [FuncaoSubfuncao] => 10.302
            [AnoInscricaoRestosAPagar] => 
            [DespesasMDEeASPS] => 
        )

    [1976] => Array
        (
            [ContaContabil] => 6.2.2.1.3.04.00
            [Valor] => 27490
            [ValorF] => 27.490,00
            [TipoValor] => beginning_balance
            [NaturezaValor] => C
            [PoderOrgao] => 10131
            [FinanceiroPermanente] => 
            [DividaConsolidada] => 
            [FonteRecurso] => 1.211.0000
            [ComplementoFonteRecurso] => 
            [NaturezaReceita] => 
            [NaturezaDespesa] => 4.4.90.51.05
            [FuncaoSubfuncao] => 10.304
            [AnoInscricaoRestosAPagar] => 
            [DespesasMDEeASPS] => 
        )

    [1977] => Array
        (
            [ContaContabil] => 6.2.2.1.3.04.00
            [Valor] => 27490
            [ValorF] => 27.490,00
            [TipoValor] => ending_balance
            [NaturezaValor] => C
            [PoderOrgao] => 10131
            [FinanceiroPermanente] => 
            [DividaConsolidada] => 
            [FonteRecurso] => 1.211.0000
            [ComplementoFonteRecurso] => 
            [NaturezaReceita] => 
            [NaturezaDespesa] => 4.4.90.51.05
            [FuncaoSubfuncao] => 10.304
            [AnoInscricaoRestosAPagar] => 
            [DespesasMDEeASPS] => 
        )

    [1978] => Array
        (
            [ContaContabil] => 6.2.2.1.3.04.00
            [Valor] => 851.67
            [ValorF] => 851,67
            [TipoValor] => beginning_balance
            [NaturezaValor] => C
            [PoderOrgao] => 10131
            [FinanceiroPermanente] => 
            [DividaConsolidada] => 
            [FonteRecurso] => 1.211.0000
            [ComplementoFonteRecurso] => 
            [NaturezaReceita] => 
            [NaturezaDespesa] => 4.4.90.51.05
            [FuncaoSubfuncao] => 10.785
            [AnoInscricaoRestosAPagar] => 
            [DespesasMDEeASPS] => 
        )

    [1979] => Array
        (
            [ContaContabil] => 6.2.2.1.3.04.00
            [Valor] => 851.67
            [ValorF] => 851,67
            [TipoValor] => ending_balance
            [NaturezaValor] => C
            [PoderOrgao] => 10131
            [FinanceiroPermanente] => 
            [DividaConsolidada] => 
            [FonteRecurso] => 1.211.0000
            [ComplementoFonteRecurso] => 
            [NaturezaReceita] => 
            [NaturezaDespesa] => 4.4.90.51.05
            [FuncaoSubfuncao] => 10.785
            [AnoInscricaoRestosAPagar] => 
            [DespesasMDEeASPS] => 
        )

    [1980] => Array
        (
            [ContaContabil] => 6.2.2.1.3.04.00
            [Valor] => 1958
            [ValorF] => 1.958,00
            [TipoValor] => beginning_balance
            [NaturezaValor] => C
            [PoderOrgao] => 10131
            [FinanceiroPermanente] => 
            [DividaConsolidada] => 
            [FonteRecurso] => 1.211.0000
            [ComplementoFonteRecurso] => 
            [NaturezaReceita] => 
            [NaturezaDespesa] => 4.4.90.52.05
            [FuncaoSubfuncao] => 10.122
            [AnoInscricaoRestosAPagar] => 
            [DespesasMDEeASPS] => 
        )

    [1981] => Array
        (
            [ContaContabil] => 6.2.2.1.3.04.00
            [Valor] => 1958
            [ValorF] => 1.958,00
            [TipoValor] => ending_balance
            [NaturezaValor] => C
            [PoderOrgao] => 10131
            [FinanceiroPermanente] => 
            [DividaConsolidada] => 
            [FonteRecurso] => 1.211.0000
            [ComplementoFonteRecurso] => 
            [NaturezaReceita] => 
            [NaturezaDespesa] => 4.4.90.52.05
            [FuncaoSubfuncao] => 10.122
            [AnoInscricaoRestosAPagar] => 
            [DespesasMDEeASPS] => 
        )

    [1982] => Array
        (
            [ContaContabil] => 6.2.2.1.3.04.00
            [Valor] => 5310
            [ValorF] => 5.310,00
            [TipoValor] => beginning_balance
            [NaturezaValor] => C
            [PoderOrgao] => 10131
            [FinanceiroPermanente] => 
            [DividaConsolidada] => 
            [FonteRecurso] => 1.211.0000
            [ComplementoFonteRecurso] => 
            [NaturezaReceita] => 
            [NaturezaDespesa] => 4.4.90.52.05
            [FuncaoSubfuncao] => 10.301
            [AnoInscricaoRestosAPagar] => 
            [DespesasMDEeASPS] => 
        )

    [1983] => Array
        (
            [ContaContabil] => 6.2.2.1.3.04.00
            [Valor] => 17907
            [ValorF] => 17.907,00
            [TipoValor] => ending_balance
            [NaturezaValor] => C
            [PoderOrgao] => 10131
            [FinanceiroPermanente] => 
            [DividaConsolidada] => 
            [FonteRecurso] => 1.211.0000
            [ComplementoFonteRecurso] => 
            [NaturezaReceita] => 
            [NaturezaDespesa] => 4.4.90.52.05
            [FuncaoSubfuncao] => 10.301
            [AnoInscricaoRestosAPagar] => 
            [DespesasMDEeASPS] => 
        )

    [1984] => Array
        (
            [ContaContabil] => 6.2.2.1.3.04.00
            [Valor] => 12597
            [ValorF] => 12.597,00
            [TipoValor] => period_change
            [NaturezaValor] => C
            [PoderOrgao] => 10131
            [FinanceiroPermanente] => 
            [DividaConsolidada] => 
            [FonteRecurso] => 1.211.0000
            [ComplementoFonteRecurso] => 
            [NaturezaReceita] => 
            [NaturezaDespesa] => 4.4.90.52.05
            [FuncaoSubfuncao] => 10.301
            [AnoInscricaoRestosAPagar] => 
            [DespesasMDEeASPS] => 
        )

    [1985] => Array
        (
            [ContaContabil] => 6.2.2.1.3.04.00
            [Valor] => 5500
            [ValorF] => 5.500,00
            [TipoValor] => beginning_balance
            [NaturezaValor] => C
            [PoderOrgao] => 10131
            [FinanceiroPermanente] => 
            [DividaConsolidada] => 
            [FonteRecurso] => 1.211.0000
            [ComplementoFonteRecurso] => 
            [NaturezaReceita] => 
            [NaturezaDespesa] => 4.4.90.52.05
            [FuncaoSubfuncao] => 10.302
            [AnoInscricaoRestosAPagar] => 
            [DespesasMDEeASPS] => 
        )

    [1986] => Array
        (
            [ContaContabil] => 6.2.2.1.3.04.00
            [Valor] => 5500
            [ValorF] => 5.500,00
            [TipoValor] => ending_balance
            [NaturezaValor] => C
            [PoderOrgao] => 10131
            [FinanceiroPermanente] => 
            [DividaConsolidada] => 
            [FonteRecurso] => 1.211.0000
            [ComplementoFonteRecurso] => 
            [NaturezaReceita] => 
            [NaturezaDespesa] => 4.4.90.52.05
            [FuncaoSubfuncao] => 10.302
            [AnoInscricaoRestosAPagar] => 
            [DespesasMDEeASPS] => 
        )

    [1987] => Array
        (
            [ContaContabil] => 6.2.2.1.3.04.00
            [Valor] => 100.3
            [ValorF] => 100,30
            [TipoValor] => beginning_balance
            [NaturezaValor] => C
            [PoderOrgao] => 10131
            [FinanceiroPermanente] => 
            [DividaConsolidada] => 
            [FonteRecurso] => 1.211.0000
            [ComplementoFonteRecurso] => 
            [NaturezaReceita] => 
            [NaturezaDespesa] => 4.4.90.52.05
            [FuncaoSubfuncao] => 10.304
            [AnoInscricaoRestosAPagar] => 
            [DespesasMDEeASPS] => 
        )

    [1988] => Array
        (
            [ContaContabil] => 6.2.2.1.3.04.00
            [Valor] => 17.82
            [ValorF] => 17,82
            [TipoValor] => beginning_balance
            [NaturezaValor] => D
            [PoderOrgao] => 10131
            [FinanceiroPermanente] => 
            [DividaConsolidada] => 
            [FonteRecurso] => 1.211.0000
            [ComplementoFonteRecurso] => 
            [NaturezaReceita] => 
            [NaturezaDespesa] => 4.4.90.52.05
            [FuncaoSubfuncao] => 10.304
            [AnoInscricaoRestosAPagar] => 
            [DespesasMDEeASPS] => 
        )

    [1989] => Array
        (
            [ContaContabil] => 6.2.2.1.3.04.00
            [Valor] => 100.3
            [ValorF] => 100,30
            [TipoValor] => ending_balance
            [NaturezaValor] => C
            [PoderOrgao] => 10131
            [FinanceiroPermanente] => 
            [DividaConsolidada] => 
            [FonteRecurso] => 1.211.0000
            [ComplementoFonteRecurso] => 
            [NaturezaReceita] => 
            [NaturezaDespesa] => 4.4.90.52.05
            [FuncaoSubfuncao] => 10.304
            [AnoInscricaoRestosAPagar] => 
            [DespesasMDEeASPS] => 
        )

    [1990] => Array
        (
            [ContaContabil] => 6.2.2.1.3.04.00
            [Valor] => 17.82
            [ValorF] => 17,82
            [TipoValor] => ending_balance
            [NaturezaValor] => D
            [PoderOrgao] => 10131
            [FinanceiroPermanente] => 
            [DividaConsolidada] => 
            [FonteRecurso] => 1.211.0000
            [ComplementoFonteRecurso] => 
            [NaturezaReceita] => 
            [NaturezaDespesa] => 4.4.90.52.05
            [FuncaoSubfuncao] => 10.304
            [AnoInscricaoRestosAPagar] => 
            [DespesasMDEeASPS] => 
        )

    [1991] => Array
        (
            [ContaContabil] => 6.2.2.1.3.04.00
            [Valor] => 255
            [ValorF] => 255,00
            [TipoValor] => beginning_balance
            [NaturezaValor] => C
            [PoderOrgao] => 10131
            [FinanceiroPermanente] => 
            [DividaConsolidada] => 
            [FonteRecurso] => 1.211.0000
            [ComplementoFonteRecurso] => 
            [NaturezaReceita] => 
            [NaturezaDespesa] => 4.4.90.52.05
            [FuncaoSubfuncao] => 10.305
            [AnoInscricaoRestosAPagar] => 
            [DespesasMDEeASPS] => 
        )

    [1992] => Array
        (
            [ContaContabil] => 6.2.2.1.3.04.00
            [Valor] => 255
            [ValorF] => 255,00
            [TipoValor] => ending_balance
            [NaturezaValor] => C
            [PoderOrgao] => 10131
            [FinanceiroPermanente] => 
            [DividaConsolidada] => 
            [FonteRecurso] => 1.211.0000
            [ComplementoFonteRecurso] => 
            [NaturezaReceita] => 
            [NaturezaDespesa] => 4.4.90.52.05
            [FuncaoSubfuncao] => 10.305
            [AnoInscricaoRestosAPagar] => 
            [DespesasMDEeASPS] => 
        )

    [1993] => Array
        (
            [ContaContabil] => 6.2.2.1.3.04.00
            [Valor] => 17247
            [ValorF] => 17.247,00
            [TipoValor] => beginning_balance
            [NaturezaValor] => C
            [PoderOrgao] => 10131
            [FinanceiroPermanente] => 
            [DividaConsolidada] => 
            [FonteRecurso] => 1.290.0000
            [ComplementoFonteRecurso] => 
            [NaturezaReceita] => 
            [NaturezaDespesa] => 4.4.90.52.05
            [FuncaoSubfuncao] => 10.305
            [AnoInscricaoRestosAPagar] => 
            [DespesasMDEeASPS] => 
        )

    [1994] => Array
        (
            [ContaContabil] => 6.2.2.1.3.04.00
            [Valor] => 17247
            [ValorF] => 17.247,00
            [TipoValor] => ending_balance
            [NaturezaValor] => C
            [PoderOrgao] => 10131
            [FinanceiroPermanente] => 
            [DividaConsolidada] => 
            [FonteRecurso] => 1.290.0000
            [ComplementoFonteRecurso] => 
            [NaturezaReceita] => 
            [NaturezaDespesa] => 4.4.90.52.05
            [FuncaoSubfuncao] => 10.305
            [AnoInscricaoRestosAPagar] => 
            [DespesasMDEeASPS] => 
        )

    [1995] => Array
        (
            [ContaContabil] => 6.2.2.1.3.04.00
            [Valor] => 2550
            [ValorF] => 2.550,00
            [TipoValor] => beginning_balance
            [NaturezaValor] => C
            [PoderOrgao] => 10131
            [FinanceiroPermanente] => 
            [DividaConsolidada] => 
            [FonteRecurso] => 1.930.0000
            [ComplementoFonteRecurso] => 
            [NaturezaReceita] => 
            [NaturezaDespesa] => 4.4.90.52.05
            [FuncaoSubfuncao] => 10.301
            [AnoInscricaoRestosAPagar] => 
            [DespesasMDEeASPS] => 
        )

    [1996] => Array
        (
            [ContaContabil] => 6.2.2.1.3.04.00
            [Valor] => 2550
            [ValorF] => 2.550,00
            [TipoValor] => ending_balance
            [NaturezaValor] => C
            [PoderOrgao] => 10131
            [FinanceiroPermanente] => 
            [DividaConsolidada] => 
            [FonteRecurso] => 1.930.0000
            [ComplementoFonteRecurso] => 
            [NaturezaReceita] => 
            [NaturezaDespesa] => 4.4.90.52.05
            [FuncaoSubfuncao] => 10.301
            [AnoInscricaoRestosAPagar] => 
            [DespesasMDEeASPS] => 
        )

    [1997] => Array
        (
            [ContaContabil] => 6.2.2.1.3.04.00
            [Valor] => 2889.52
            [ValorF] => 2.889,52
            [TipoValor] => beginning_balance
            [NaturezaValor] => C
            [PoderOrgao] => 10131
            [FinanceiroPermanente] => 
            [DividaConsolidada] => 
            [FonteRecurso] => 1.213.0000
            [ComplementoFonteRecurso] => 
            [NaturezaReceita] => 
            [NaturezaDespesa] => 4.4.90.52.05
            [FuncaoSubfuncao] => 10.301
            [AnoInscricaoRestosAPagar] => 
            [DespesasMDEeASPS] => 
        )

    [1998] => Array
        (
            [ContaContabil] => 6.2.2.1.3.04.00
            [Valor] => 2889.52
            [ValorF] => 2.889,52
            [TipoValor] => ending_balance
            [NaturezaValor] => C
            [PoderOrgao] => 10131
            [FinanceiroPermanente] => 
            [DividaConsolidada] => 
            [FonteRecurso] => 1.213.0000
            [ComplementoFonteRecurso] => 
            [NaturezaReceita] => 
            [NaturezaDespesa] => 4.4.90.52.05
            [FuncaoSubfuncao] => 10.301
            [AnoInscricaoRestosAPagar] => 
            [DespesasMDEeASPS] => 
        )

    [1999] => Array
        (
            [ContaContabil] => 6.2.2.1.3.04.00
            [Valor] => 266
            [ValorF] => 266,00
            [TipoValor] => beginning_balance
            [NaturezaValor] => C
            [PoderOrgao] => 10131
            [FinanceiroPermanente] => 
            [DividaConsolidada] => 
            [FonteRecurso] => 1.215.0000
            [ComplementoFonteRecurso] => 
            [NaturezaReceita] => 
            [NaturezaDespesa] => 4.4.90.52.05
            [FuncaoSubfuncao] => 10.303
            [AnoInscricaoRestosAPagar] => 
            [DespesasMDEeASPS] => 
        )

    [2000] => Array
        (
            [ContaContabil] => 6.2.2.1.3.04.00
            [Valor] => 266
            [ValorF] => 266,00
            [TipoValor] => ending_balance
            [NaturezaValor] => C
            [PoderOrgao] => 10131
            [FinanceiroPermanente] => 
            [DividaConsolidada] => 
            [FonteRecurso] => 1.215.0000
            [ComplementoFonteRecurso] => 
            [NaturezaReceita] => 
            [NaturezaDespesa] => 4.4.90.52.05
            [FuncaoSubfuncao] => 10.303
            [AnoInscricaoRestosAPagar] => 
            [DespesasMDEeASPS] => 
        )

    [2001] => Array
        (
            [ContaContabil] => 6.2.2.1.3.04.00
            [Valor] => 2517.96
            [ValorF] => 2.517,96
            [TipoValor] => beginning_balance
            [NaturezaValor] => C
            [PoderOrgao] => 10131
            [FinanceiroPermanente] => 
            [DividaConsolidada] => 
            [FonteRecurso] => 1.214.0000
            [ComplementoFonteRecurso] => 
            [NaturezaReceita] => 
            [NaturezaDespesa] => 4.4.90.52.05
            [FuncaoSubfuncao] => 10.305
            [AnoInscricaoRestosAPagar] => 
            [DespesasMDEeASPS] => 
        )

    [2002] => Array
        (
            [ContaContabil] => 6.2.2.1.3.04.00
            [Valor] => 7117.96
            [ValorF] => 7.117,96
            [TipoValor] => ending_balance
            [NaturezaValor] => C
            [PoderOrgao] => 10131
            [FinanceiroPermanente] => 
            [DividaConsolidada] => 
            [FonteRecurso] => 1.214.0000
            [ComplementoFonteRecurso] => 
            [NaturezaReceita] => 
            [NaturezaDespesa] => 4.4.90.52.05
            [FuncaoSubfuncao] => 10.305
            [AnoInscricaoRestosAPagar] => 
            [DespesasMDEeASPS] => 
        )

    [2003] => Array
        (
            [ContaContabil] => 6.2.2.1.3.04.00
            [Valor] => 4600
            [ValorF] => 4.600,00
            [TipoValor] => period_change
            [NaturezaValor] => C
            [PoderOrgao] => 10131
            [FinanceiroPermanente] => 
            [DividaConsolidada] => 
            [FonteRecurso] => 1.214.0000
            [ComplementoFonteRecurso] => 
            [NaturezaReceita] => 
            [NaturezaDespesa] => 4.4.90.52.05
            [FuncaoSubfuncao] => 10.305
            [AnoInscricaoRestosAPagar] => 
            [DespesasMDEeASPS] => 
        )

    [2004] => Array
        (
            [ContaContabil] => 6.2.2.1.3.04.00
            [Valor] => 3008
            [ValorF] => 3.008,00
            [TipoValor] => beginning_balance
            [NaturezaValor] => C
            [PoderOrgao] => 10131
            [FinanceiroPermanente] => 
            [DividaConsolidada] => 
            [FonteRecurso] => 1.215.0000
            [ComplementoFonteRecurso] => 
            [NaturezaReceita] => 
            [NaturezaDespesa] => 4.4.90.52.05
            [FuncaoSubfuncao] => 10.301
            [AnoInscricaoRestosAPagar] => 
            [DespesasMDEeASPS] => 
        )

    [2005] => Array
        (
            [ContaContabil] => 6.2.2.1.3.04.00
            [Valor] => 3008
            [ValorF] => 3.008,00
            [TipoValor] => ending_balance
            [NaturezaValor] => C
            [PoderOrgao] => 10131
            [FinanceiroPermanente] => 
            [DividaConsolidada] => 
            [FonteRecurso] => 1.215.0000
            [ComplementoFonteRecurso] => 
            [NaturezaReceita] => 
            [NaturezaDespesa] => 4.4.90.52.05
            [FuncaoSubfuncao] => 10.301
            [AnoInscricaoRestosAPagar] => 
            [DespesasMDEeASPS] => 
        )

)
	linhas criadas: 10893
